HEAP DUMP BEGIN (1741 objects, 221816 bytes) Tue Mar 27 22:49:18 2018
ROOT 0 (kind=<thread>, id=200000, trace=300000)
ROOT 500006c7 (kind=<thread>, id=200003, trace=300001)
ROOT 500006c7 (kind=<thread block>, thread=200003)
ROOT 500006ce (kind=<thread>, id=200004, trace=300000)
ROOT 500006ce (kind=<thread block>, thread=200004)
ROOT 500006ce (kind=<JNI local ref>, thread=200000, frame=0)
ROOT 500006cf (kind=<thread>, id=200005, trace=300000)
ROOT 500006cf (kind=<thread block>, thread=200005)
ROOT 500006d0 (kind=<thread>, id=200006, trace=300000)
ROOT 500006d0 (kind=<thread block>, thread=200006)
ROOT 500006d1 (kind=<Java stack>, thread=200000, frame=1)
ROOT 500006d2 (kind=<Java stack>, thread=200000, frame=1)
ROOT 500006d1 (kind=<Java stack>, thread=200000, frame=2)
ROOT 500006d0 (kind=<Java stack>, thread=200000, frame=3)
ROOT 500006d3 (kind=<Java stack>, thread=200000, frame=3)
ROOT 500006d4 (kind=<thread>, id=200007, trace=300000)
ROOT 500006d4 (kind=<thread block>, thread=200007)
ROOT 500006d5 (kind=<Java stack>, thread=200000, frame=1)
ROOT 500006d5 (kind=<Java stack>, thread=200000, frame=2)
ROOT 500006d4 (kind=<Java stack>, thread=200000, frame=3)
ROOT 500006d6 (kind=<JNI global ref>, id=1, trace=300000)
ROOT 50000165 (kind=<JNI global ref>, id=2, trace=300000)
ROOT 50000001 (kind=<JNI global ref>, id=3, trace=300000)
ROOT 50000169 (kind=<JNI global ref>, id=4, trace=300000)
ROOT 50000002 (kind=<JNI global ref>, id=5, trace=300000)
ROOT 50000003 (kind=<JNI global ref>, id=6, trace=300000)
ROOT 50000010 (kind=<JNI global ref>, id=7, trace=300000)
ROOT 50000004 (kind=<JNI global ref>, id=8, trace=300000)
ROOT 50000005 (kind=<JNI global ref>, id=9, trace=300000)
ROOT 500000d2 (kind=<JNI global ref>, id=a, trace=300000)
ROOT 50000006 (kind=<JNI global ref>, id=b, trace=300000)
ROOT 50000007 (kind=<JNI global ref>, id=c, trace=300000)
ROOT 50000008 (kind=<JNI global ref>, id=d, trace=300000)
ROOT 50000009 (kind=<JNI global ref>, id=e, trace=300000)
ROOT 5000000a (kind=<JNI global ref>, id=f, trace=300000)
ROOT 5000000b (kind=<JNI global ref>, id=10, trace=300000)
ROOT 5000000c (kind=<JNI global ref>, id=11, trace=300000)
ROOT 5000000d (kind=<JNI global ref>, id=12, trace=300000)
ROOT 5000000e (kind=<JNI global ref>, id=13, trace=300000)
ROOT 5000004c (kind=<JNI global ref>, id=14, trace=300000)
ROOT 5000000f (kind=<JNI global ref>, id=15, trace=300000)
ROOT 50000011 (kind=<JNI global ref>, id=16, trace=300000)
ROOT 50000012 (kind=<JNI global ref>, id=17, trace=300000)
ROOT 50000013 (kind=<JNI global ref>, id=18, trace=300000)
ROOT 50000014 (kind=<JNI global ref>, id=19, trace=300000)
ROOT 50000015 (kind=<JNI global ref>, id=1a, trace=300000)
ROOT 50000016 (kind=<JNI global ref>, id=1b, trace=300000)
ROOT 50000149 (kind=<JNI global ref>, id=1c, trace=300000)
ROOT 50000017 (kind=<JNI global ref>, id=1d, trace=300000)
ROOT 50000018 (kind=<JNI global ref>, id=1e, trace=300000)
ROOT 5000002b (kind=<JNI global ref>, id=1f, trace=300000)
ROOT 50000019 (kind=<JNI global ref>, id=20, trace=300000)
ROOT 5000001a (kind=<JNI global ref>, id=21, trace=300000)
ROOT 5000001d (kind=<JNI global ref>, id=22, trace=300000)
ROOT 5000001b (kind=<JNI global ref>, id=23, trace=300000)
ROOT 5000001c (kind=<JNI global ref>, id=24, trace=300000)
ROOT 5000001e (kind=<JNI global ref>, id=25, trace=300000)
ROOT 5000001f (kind=<JNI global ref>, id=26, trace=300000)
ROOT 50000020 (kind=<JNI global ref>, id=27, trace=300000)
ROOT 50000021 (kind=<JNI global ref>, id=28, trace=300000)
ROOT 50000022 (kind=<JNI global ref>, id=29, trace=300000)
ROOT 50000023 (kind=<JNI global ref>, id=2a, trace=300000)
ROOT 50000024 (kind=<JNI global ref>, id=2b, trace=300000)
ROOT 50000025 (kind=<JNI global ref>, id=2c, trace=300000)
ROOT 50000026 (kind=<JNI global ref>, id=2d, trace=300000)
ROOT 50000027 (kind=<JNI global ref>, id=2e, trace=300000)
ROOT 50000028 (kind=<JNI global ref>, id=2f, trace=300000)
ROOT 500000cf (kind=<JNI global ref>, id=30, trace=300000)
ROOT 50000029 (kind=<JNI global ref>, id=31, trace=300000)
ROOT 5000002a (kind=<JNI global ref>, id=32, trace=300000)
ROOT 5000002c (kind=<JNI global ref>, id=33, trace=300000)
ROOT 5000002d (kind=<JNI global ref>, id=34, trace=300000)
ROOT 5000002e (kind=<JNI global ref>, id=35, trace=300000)
ROOT 5000002f (kind=<JNI global ref>, id=36, trace=300000)
ROOT 50000030 (kind=<JNI global ref>, id=37, trace=300000)
ROOT 50000031 (kind=<JNI global ref>, id=38, trace=300000)
ROOT 50000032 (kind=<JNI global ref>, id=39, trace=300000)
ROOT 50000033 (kind=<JNI global ref>, id=3a, trace=300000)
ROOT 50000034 (kind=<JNI global ref>, id=3b, trace=300000)
ROOT 50000035 (kind=<JNI global ref>, id=3c, trace=300000)
ROOT 50000036 (kind=<JNI global ref>, id=3d, trace=300000)
ROOT 50000037 (kind=<JNI global ref>, id=3e, trace=300000)
ROOT 50000038 (kind=<JNI global ref>, id=3f, trace=300000)
ROOT 50000148 (kind=<JNI global ref>, id=40, trace=300000)
ROOT 50000039 (kind=<JNI global ref>, id=41, trace=300000)
ROOT 5000003a (kind=<JNI global ref>, id=42, trace=300000)
ROOT 5000003b (kind=<JNI global ref>, id=43, trace=300000)
ROOT 5000003c (kind=<JNI global ref>, id=44, trace=300000)
ROOT 5000003d (kind=<JNI global ref>, id=45, trace=300000)
ROOT 5000003e (kind=<JNI global ref>, id=46, trace=300000)
ROOT 5000003f (kind=<JNI global ref>, id=47, trace=300000)
ROOT 50000159 (kind=<JNI global ref>, id=48, trace=300000)
ROOT 50000040 (kind=<JNI global ref>, id=49, trace=300000)
ROOT 50000041 (kind=<JNI global ref>, id=4a, trace=300000)
ROOT 50000042 (kind=<JNI global ref>, id=4b, trace=300000)
ROOT 50000043 (kind=<JNI global ref>, id=4c, trace=300000)
ROOT 50000044 (kind=<JNI global ref>, id=4d, trace=300000)
ROOT 50000045 (kind=<JNI global ref>, id=4e, trace=300000)
ROOT 50000046 (kind=<JNI global ref>, id=4f, trace=300000)
ROOT 50000047 (kind=<JNI global ref>, id=50, trace=300000)
ROOT 50000048 (kind=<JNI global ref>, id=51, trace=300000)
ROOT 50000049 (kind=<JNI global ref>, id=52, trace=300000)
ROOT 5000004a (kind=<JNI global ref>, id=53, trace=300000)
ROOT 5000004b (kind=<JNI global ref>, id=54, trace=300000)
ROOT 500000bb (kind=<JNI global ref>, id=55, trace=300000)
ROOT 5000004d (kind=<JNI global ref>, id=56, trace=300000)
ROOT 5000004e (kind=<JNI global ref>, id=57, trace=300000)
ROOT 5000004f (kind=<JNI global ref>, id=58, trace=300000)
ROOT 50000050 (kind=<JNI global ref>, id=59, trace=300000)
ROOT 50000051 (kind=<JNI global ref>, id=5a, trace=300000)
ROOT 50000052 (kind=<JNI global ref>, id=5b, trace=300000)
ROOT 50000053 (kind=<JNI global ref>, id=5c, trace=300000)
ROOT 50000054 (kind=<JNI global ref>, id=5d, trace=300000)
ROOT 50000055 (kind=<JNI global ref>, id=5e, trace=300000)
ROOT 50000056 (kind=<JNI global ref>, id=5f, trace=300000)
ROOT 50000057 (kind=<JNI global ref>, id=60, trace=300000)
ROOT 500000bd (kind=<JNI global ref>, id=61, trace=300000)
ROOT 50000058 (kind=<JNI global ref>, id=62, trace=300000)
ROOT 50000059 (kind=<JNI global ref>, id=63, trace=300000)
ROOT 5000005a (kind=<JNI global ref>, id=64, trace=300000)
ROOT 5000005b (kind=<JNI global ref>, id=65, trace=300000)
ROOT 5000005c (kind=<JNI global ref>, id=66, trace=300000)
ROOT 5000006a (kind=<JNI global ref>, id=67, trace=300000)
ROOT 5000005d (kind=<JNI global ref>, id=68, trace=300000)
ROOT 5000005e (kind=<JNI global ref>, id=69, trace=300000)
ROOT 5000005f (kind=<JNI global ref>, id=6a, trace=300000)
ROOT 50000107 (kind=<JNI global ref>, id=6b, trace=300000)
ROOT 50000060 (kind=<JNI global ref>, id=6c, trace=300000)
ROOT 50000061 (kind=<JNI global ref>, id=6d, trace=300000)
ROOT 50000062 (kind=<JNI global ref>, id=6e, trace=300000)
ROOT 50000063 (kind=<JNI global ref>, id=6f, trace=300000)
ROOT 5000010a (kind=<JNI global ref>, id=70, trace=300000)
ROOT 50000064 (kind=<JNI global ref>, id=71, trace=300000)
ROOT 50000065 (kind=<JNI global ref>, id=72, trace=300000)
ROOT 50000066 (kind=<JNI global ref>, id=73, trace=300000)
ROOT 50000067 (kind=<JNI global ref>, id=74, trace=300000)
ROOT 50000068 (kind=<JNI global ref>, id=75, trace=300000)
ROOT 50000069 (kind=<JNI global ref>, id=76, trace=300000)
ROOT 5000006b (kind=<JNI global ref>, id=77, trace=300000)
ROOT 5000006d (kind=<JNI global ref>, id=78, trace=300000)
ROOT 5000006c (kind=<JNI global ref>, id=79, trace=300000)
ROOT 50000076 (kind=<JNI global ref>, id=7a, trace=300000)
ROOT 5000006e (kind=<JNI global ref>, id=7b, trace=300000)
ROOT 5000006f (kind=<JNI global ref>, id=7c, trace=300000)
ROOT 50000070 (kind=<JNI global ref>, id=7d, trace=300000)
ROOT 50000071 (kind=<JNI global ref>, id=7e, trace=300000)
ROOT 50000072 (kind=<JNI global ref>, id=7f, trace=300000)
ROOT 50000073 (kind=<JNI global ref>, id=80, trace=300000)
ROOT 50000074 (kind=<JNI global ref>, id=81, trace=300000)
ROOT 50000115 (kind=<JNI global ref>, id=82, trace=300000)
ROOT 50000075 (kind=<JNI global ref>, id=83, trace=300000)
ROOT 50000077 (kind=<JNI global ref>, id=84, trace=300000)
ROOT 50000078 (kind=<JNI global ref>, id=85, trace=300000)
ROOT 50000079 (kind=<JNI global ref>, id=86, trace=300000)
ROOT 5000007a (kind=<JNI global ref>, id=87, trace=300000)
ROOT 5000007b (kind=<JNI global ref>, id=88, trace=300000)
ROOT 5000007c (kind=<JNI global ref>, id=89, trace=300000)
ROOT 5000007d (kind=<JNI global ref>, id=8a, trace=300000)
ROOT 5000007e (kind=<JNI global ref>, id=8b, trace=300000)
ROOT 5000007f (kind=<JNI global ref>, id=8c, trace=300000)
ROOT 50000080 (kind=<JNI global ref>, id=8d, trace=300000)
ROOT 50000081 (kind=<JNI global ref>, id=8e, trace=300000)
ROOT 50000082 (kind=<JNI global ref>, id=8f, trace=300000)
ROOT 50000083 (kind=<JNI global ref>, id=90, trace=300000)
ROOT 50000084 (kind=<JNI global ref>, id=91, trace=300000)
ROOT 50000085 (kind=<JNI global ref>, id=92, trace=300000)
ROOT 50000086 (kind=<JNI global ref>, id=93, trace=300000)
ROOT 50000087 (kind=<JNI global ref>, id=94, trace=300000)
ROOT 50000088 (kind=<JNI global ref>, id=95, trace=300000)
ROOT 50000089 (kind=<JNI global ref>, id=96, trace=300000)
ROOT 5000008a (kind=<JNI global ref>, id=97, trace=300000)
ROOT 5000008b (kind=<JNI global ref>, id=98, trace=300000)
ROOT 5000008c (kind=<JNI global ref>, id=99, trace=300000)
ROOT 5000008d (kind=<JNI global ref>, id=9a, trace=300000)
ROOT 5000008e (kind=<JNI global ref>, id=9b, trace=300000)
ROOT 5000008f (kind=<JNI global ref>, id=9c, trace=300000)
ROOT 50000090 (kind=<JNI global ref>, id=9d, trace=300000)
ROOT 50000130 (kind=<JNI global ref>, id=9e, trace=300000)
ROOT 50000091 (kind=<JNI global ref>, id=9f, trace=300000)
ROOT 50000092 (kind=<JNI global ref>, id=a0, trace=300000)
ROOT 50000093 (kind=<JNI global ref>, id=a1, trace=300000)
ROOT 50000094 (kind=<JNI global ref>, id=a2, trace=300000)
ROOT 50000095 (kind=<JNI global ref>, id=a3, trace=300000)
ROOT 50000096 (kind=<JNI global ref>, id=a4, trace=300000)
ROOT 50000097 (kind=<JNI global ref>, id=a5, trace=300000)
ROOT 500000b3 (kind=<JNI global ref>, id=a6, trace=300000)
ROOT 50000098 (kind=<JNI global ref>, id=a7, trace=300000)
ROOT 50000099 (kind=<JNI global ref>, id=a8, trace=300000)
ROOT 5000009a (kind=<JNI global ref>, id=a9, trace=300000)
ROOT 5000009b (kind=<JNI global ref>, id=aa, trace=300000)
ROOT 5000009c (kind=<JNI global ref>, id=ab, trace=300000)
ROOT 5000009d (kind=<JNI global ref>, id=ac, trace=300000)
ROOT 5000009e (kind=<JNI global ref>, id=ad, trace=300000)
ROOT 5000009f (kind=<JNI global ref>, id=ae, trace=300000)
ROOT 500000a0 (kind=<JNI global ref>, id=af, trace=300000)
ROOT 500000a1 (kind=<JNI global ref>, id=b0, trace=300000)
ROOT 500000a2 (kind=<JNI global ref>, id=b1, trace=300000)
ROOT 500000a3 (kind=<JNI global ref>, id=b2, trace=300000)
ROOT 500000a4 (kind=<JNI global ref>, id=b3, trace=300000)
ROOT 500000a5 (kind=<JNI global ref>, id=b4, trace=300000)
ROOT 500000a6 (kind=<JNI global ref>, id=b5, trace=300000)
ROOT 500000a7 (kind=<JNI global ref>, id=b6, trace=300000)
ROOT 500000a8 (kind=<JNI global ref>, id=b7, trace=300000)
ROOT 500000a9 (kind=<JNI global ref>, id=b8, trace=300000)
ROOT 500000aa (kind=<JNI global ref>, id=b9, trace=300000)
ROOT 500000ab (kind=<JNI global ref>, id=ba, trace=300000)
ROOT 500000ac (kind=<JNI global ref>, id=bb, trace=300000)
ROOT 500000af (kind=<JNI global ref>, id=bc, trace=300000)
ROOT 500000ad (kind=<JNI global ref>, id=bd, trace=300000)
ROOT 500000ae (kind=<JNI global ref>, id=be, trace=300000)
ROOT 500000b0 (kind=<JNI global ref>, id=bf, trace=300000)
ROOT 500000b1 (kind=<JNI global ref>, id=c0, trace=300000)
ROOT 500000b2 (kind=<JNI global ref>, id=c1, trace=300000)
ROOT 500000b4 (kind=<JNI global ref>, id=c2, trace=300000)
ROOT 50000142 (kind=<JNI global ref>, id=c3, trace=300000)
ROOT 500000b5 (kind=<JNI global ref>, id=c4, trace=300000)
ROOT 500000b6 (kind=<JNI global ref>, id=c5, trace=300000)
ROOT 500000b7 (kind=<JNI global ref>, id=c6, trace=300000)
ROOT 500000b8 (kind=<JNI global ref>, id=c7, trace=300000)
ROOT 500000b9 (kind=<JNI global ref>, id=c8, trace=300000)
ROOT 500000ba (kind=<JNI global ref>, id=c9, trace=300000)
ROOT 500000bc (kind=<JNI global ref>, id=ca, trace=300000)
ROOT 500000be (kind=<JNI global ref>, id=cb, trace=300000)
ROOT 500000bf (kind=<JNI global ref>, id=cc, trace=300000)
ROOT 500000c0 (kind=<JNI global ref>, id=cd, trace=300000)
ROOT 500000c1 (kind=<JNI global ref>, id=ce, trace=300000)
ROOT 500000c2 (kind=<JNI global ref>, id=cf, trace=300000)
ROOT 50000152 (kind=<JNI global ref>, id=d0, trace=300000)
ROOT 500000c3 (kind=<JNI global ref>, id=d1, trace=300000)
ROOT 500000c4 (kind=<JNI global ref>, id=d2, trace=300000)
ROOT 500000c5 (kind=<JNI global ref>, id=d3, trace=300000)
ROOT 500000c6 (kind=<JNI global ref>, id=d4, trace=300000)
ROOT 500000c7 (kind=<JNI global ref>, id=d5, trace=300000)
ROOT 500000c8 (kind=<JNI global ref>, id=d6, trace=300000)
ROOT 500000c9 (kind=<JNI global ref>, id=d7, trace=300000)
ROOT 500000ca (kind=<JNI global ref>, id=d8, trace=300000)
ROOT 500000cb (kind=<JNI global ref>, id=d9, trace=300000)
ROOT 500000cc (kind=<JNI global ref>, id=da, trace=300000)
ROOT 500000cd (kind=<JNI global ref>, id=db, trace=300000)
ROOT 500000ce (kind=<JNI global ref>, id=dc, trace=300000)
ROOT 500000d0 (kind=<JNI global ref>, id=dd, trace=300000)
ROOT 500000dc (kind=<JNI global ref>, id=de, trace=300000)
ROOT 500000d1 (kind=<JNI global ref>, id=df, trace=300000)
ROOT 500000dd (kind=<JNI global ref>, id=e0, trace=300000)
ROOT 500000d3 (kind=<JNI global ref>, id=e1, trace=300000)
ROOT 500000d4 (kind=<JNI global ref>, id=e2, trace=300000)
ROOT 500000d5 (kind=<JNI global ref>, id=e3, trace=300000)
ROOT 500000d6 (kind=<JNI global ref>, id=e4, trace=300000)
ROOT 5000015a (kind=<JNI global ref>, id=e5, trace=300000)
ROOT 500000d7 (kind=<JNI global ref>, id=e6, trace=300000)
ROOT 500000d8 (kind=<JNI global ref>, id=e7, trace=300000)
ROOT 500000d9 (kind=<JNI global ref>, id=e8, trace=300000)
ROOT 500000da (kind=<JNI global ref>, id=e9, trace=300000)
ROOT 500000db (kind=<JNI global ref>, id=ea, trace=300000)
ROOT 500000de (kind=<JNI global ref>, id=eb, trace=300000)
ROOT 500000df (kind=<JNI global ref>, id=ec, trace=300000)
ROOT 500000e0 (kind=<JNI global ref>, id=ed, trace=300000)
ROOT 500000e1 (kind=<JNI global ref>, id=ee, trace=300000)
ROOT 500000e2 (kind=<JNI global ref>, id=ef, trace=300000)
ROOT 500000e3 (kind=<JNI global ref>, id=f0, trace=300000)
ROOT 500000e4 (kind=<JNI global ref>, id=f1, trace=300000)
ROOT 500000e5 (kind=<JNI global ref>, id=f2, trace=300000)
ROOT 500000e6 (kind=<JNI global ref>, id=f3, trace=300000)
ROOT 500000e9 (kind=<JNI global ref>, id=f4, trace=300000)
ROOT 500000e7 (kind=<JNI global ref>, id=f5, trace=300000)
ROOT 500000e8 (kind=<JNI global ref>, id=f6, trace=300000)
ROOT 500000ea (kind=<JNI global ref>, id=f7, trace=300000)
ROOT 500000eb (kind=<JNI global ref>, id=f8, trace=300000)
ROOT 500000ec (kind=<JNI global ref>, id=f9, trace=300000)
ROOT 500000ed (kind=<JNI global ref>, id=fa, trace=300000)
ROOT 500000ee (kind=<JNI global ref>, id=fb, trace=300000)
ROOT 500000ef (kind=<JNI global ref>, id=fc, trace=300000)
ROOT 500000f0 (kind=<JNI global ref>, id=fd, trace=300000)
ROOT 500000f1 (kind=<JNI global ref>, id=fe, trace=300000)
ROOT 500000f2 (kind=<JNI global ref>, id=ff, trace=300000)
ROOT 500000f3 (kind=<JNI global ref>, id=100, trace=300000)
ROOT 500000f4 (kind=<JNI global ref>, id=101, trace=300000)
ROOT 500000f5 (kind=<JNI global ref>, id=102, trace=300000)
ROOT 500000f6 (kind=<JNI global ref>, id=103, trace=300000)
ROOT 500000f7 (kind=<JNI global ref>, id=104, trace=300000)
ROOT 500000f8 (kind=<JNI global ref>, id=105, trace=300000)
ROOT 500000f9 (kind=<JNI global ref>, id=106, trace=300000)
ROOT 500000fa (kind=<JNI global ref>, id=107, trace=300000)
ROOT 500000fb (kind=<JNI global ref>, id=108, trace=300000)
ROOT 500000fc (kind=<JNI global ref>, id=109, trace=300000)
ROOT 500000fd (kind=<JNI global ref>, id=10a, trace=300000)
ROOT 500000fe (kind=<JNI global ref>, id=10b, trace=300000)
ROOT 500000ff (kind=<JNI global ref>, id=10c, trace=300000)
ROOT 50000100 (kind=<JNI global ref>, id=10d, trace=300000)
ROOT 50000101 (kind=<JNI global ref>, id=10e, trace=300000)
ROOT 50000102 (kind=<JNI global ref>, id=10f, trace=300000)
ROOT 50000103 (kind=<JNI global ref>, id=110, trace=300000)
ROOT 50000104 (kind=<JNI global ref>, id=111, trace=300000)
ROOT 50000105 (kind=<JNI global ref>, id=112, trace=300000)
ROOT 50000106 (kind=<JNI global ref>, id=113, trace=300000)
ROOT 50000108 (kind=<JNI global ref>, id=114, trace=300000)
ROOT 50000109 (kind=<JNI global ref>, id=115, trace=300000)
ROOT 5000010b (kind=<JNI global ref>, id=116, trace=300000)
ROOT 5000010c (kind=<JNI global ref>, id=117, trace=300000)
ROOT 5000010d (kind=<JNI global ref>, id=118, trace=300000)
ROOT 50000112 (kind=<JNI global ref>, id=119, trace=300000)
ROOT 5000010e (kind=<JNI global ref>, id=11a, trace=300000)
ROOT 5000010f (kind=<JNI global ref>, id=11b, trace=300000)
ROOT 50000110 (kind=<JNI global ref>, id=11c, trace=300000)
ROOT 50000111 (kind=<JNI global ref>, id=11d, trace=300000)
ROOT 50000155 (kind=<JNI global ref>, id=11e, trace=300000)
ROOT 50000113 (kind=<JNI global ref>, id=11f, trace=300000)
ROOT 50000114 (kind=<JNI global ref>, id=120, trace=300000)
ROOT 50000116 (kind=<JNI global ref>, id=121, trace=300000)
ROOT 50000117 (kind=<JNI global ref>, id=122, trace=300000)
ROOT 50000118 (kind=<JNI global ref>, id=123, trace=300000)
ROOT 50000119 (kind=<JNI global ref>, id=124, trace=300000)
ROOT 5000011b (kind=<JNI global ref>, id=125, trace=300000)
ROOT 5000011a (kind=<JNI global ref>, id=126, trace=300000)
ROOT 5000011c (kind=<JNI global ref>, id=127, trace=300000)
ROOT 5000011d (kind=<JNI global ref>, id=128, trace=300000)
ROOT 50000120 (kind=<JNI global ref>, id=129, trace=300000)
ROOT 5000011e (kind=<JNI global ref>, id=12a, trace=300000)
ROOT 5000011f (kind=<JNI global ref>, id=12b, trace=300000)
ROOT 50000121 (kind=<JNI global ref>, id=12c, trace=300000)
ROOT 50000122 (kind=<JNI global ref>, id=12d, trace=300000)
ROOT 50000123 (kind=<JNI global ref>, id=12e, trace=300000)
ROOT 50000124 (kind=<JNI global ref>, id=12f, trace=300000)
ROOT 50000125 (kind=<JNI global ref>, id=130, trace=300000)
ROOT 50000126 (kind=<JNI global ref>, id=131, trace=300000)
ROOT 50000127 (kind=<JNI global ref>, id=132, trace=300000)
ROOT 50000128 (kind=<JNI global ref>, id=133, trace=300000)
ROOT 50000129 (kind=<JNI global ref>, id=134, trace=300000)
ROOT 5000012a (kind=<JNI global ref>, id=135, trace=300000)
ROOT 5000012b (kind=<JNI global ref>, id=136, trace=300000)
ROOT 5000012c (kind=<JNI global ref>, id=137, trace=300000)
ROOT 50000134 (kind=<JNI global ref>, id=138, trace=300000)
ROOT 5000012d (kind=<JNI global ref>, id=139, trace=300000)
ROOT 5000012e (kind=<JNI global ref>, id=13a, trace=300000)
ROOT 5000012f (kind=<JNI global ref>, id=13b, trace=300000)
ROOT 5000015f (kind=<JNI global ref>, id=13c, trace=300000)
ROOT 50000131 (kind=<JNI global ref>, id=13d, trace=300000)
ROOT 50000132 (kind=<JNI global ref>, id=13e, trace=300000)
ROOT 50000133 (kind=<JNI global ref>, id=13f, trace=300000)
ROOT 50000135 (kind=<JNI global ref>, id=140, trace=300000)
ROOT 50000137 (kind=<JNI global ref>, id=141, trace=300000)
ROOT 50000136 (kind=<JNI global ref>, id=142, trace=300000)
ROOT 5000013b (kind=<JNI global ref>, id=143, trace=300000)
ROOT 50000138 (kind=<JNI global ref>, id=144, trace=300000)
ROOT 50000139 (kind=<JNI global ref>, id=145, trace=300000)
ROOT 5000013a (kind=<JNI global ref>, id=146, trace=300000)
ROOT 5000013c (kind=<JNI global ref>, id=147, trace=300000)
ROOT 5000013d (kind=<JNI global ref>, id=148, trace=300000)
ROOT 5000013e (kind=<JNI global ref>, id=149, trace=300000)
ROOT 5000013f (kind=<JNI global ref>, id=14a, trace=300000)
ROOT 50000140 (kind=<JNI global ref>, id=14b, trace=300000)
ROOT 50000141 (kind=<JNI global ref>, id=14c, trace=300000)
ROOT 50000143 (kind=<JNI global ref>, id=14d, trace=300000)
ROOT 50000144 (kind=<JNI global ref>, id=14e, trace=300000)
ROOT 50000147 (kind=<JNI global ref>, id=14f, trace=300000)
ROOT 50000145 (kind=<JNI global ref>, id=150, trace=300000)
ROOT 50000146 (kind=<JNI global ref>, id=151, trace=300000)
ROOT 5000014a (kind=<JNI global ref>, id=152, trace=300000)
ROOT 5000014b (kind=<JNI global ref>, id=153, trace=300000)
ROOT 5000014c (kind=<JNI global ref>, id=154, trace=300000)
ROOT 5000014e (kind=<JNI global ref>, id=155, trace=300000)
ROOT 5000014d (kind=<JNI global ref>, id=156, trace=300000)
ROOT 5000015c (kind=<JNI global ref>, id=157, trace=300000)
ROOT 5000014f (kind=<JNI global ref>, id=158, trace=300000)
ROOT 50000150 (kind=<JNI global ref>, id=159, trace=300000)
ROOT 50000151 (kind=<JNI global ref>, id=15a, trace=300000)
ROOT 50000153 (kind=<JNI global ref>, id=15b, trace=300000)
ROOT 50000154 (kind=<JNI global ref>, id=15c, trace=300000)
ROOT 50000156 (kind=<JNI global ref>, id=15d, trace=300000)
ROOT 50000157 (kind=<JNI global ref>, id=15e, trace=300000)
ROOT 50000158 (kind=<JNI global ref>, id=15f, trace=300000)
ROOT 5000015d (kind=<JNI global ref>, id=160, trace=300000)
ROOT 5000015b (kind=<JNI global ref>, id=161, trace=300000)
ROOT 5000015e (kind=<JNI global ref>, id=162, trace=300000)
ROOT 50000160 (kind=<JNI global ref>, id=163, trace=300000)
ROOT 50000161 (kind=<JNI global ref>, id=164, trace=300000)
ROOT 50000162 (kind=<JNI global ref>, id=165, trace=300000)
ROOT 50000163 (kind=<JNI global ref>, id=166, trace=300000)
ROOT 50000164 (kind=<JNI global ref>, id=167, trace=300000)
ROOT 50000165 (kind=<JNI global ref>, id=168, trace=300000)
ROOT 50000166 (kind=<JNI global ref>, id=169, trace=300000)
ROOT 50000167 (kind=<JNI global ref>, id=16a, trace=300000)
ROOT 50000168 (kind=<JNI global ref>, id=16b, trace=300000)
ROOT 5000016a (kind=<JNI global ref>, id=16c, trace=300000)
ROOT 5000016b (kind=<JNI global ref>, id=16d, trace=300000)
ROOT 5000016c (kind=<JNI global ref>, id=16e, trace=300000)
ROOT 5000016d (kind=<JNI global ref>, id=16f, trace=300000)
ROOT 5000016e (kind=<JNI global ref>, id=170, trace=300000)
ROOT 5000016f (kind=<JNI global ref>, id=171, trace=300000)
ROOT 50000170 (kind=<JNI global ref>, id=172, trace=300000)
ROOT 50000171 (kind=<JNI global ref>, id=173, trace=300000)
ROOT 5000017b (kind=<JNI global ref>, id=174, trace=300003)
ROOT 5000017e (kind=<JNI global ref>, id=175, trace=300006)
ROOT 50000187 (kind=<JNI global ref>, id=176, trace=300014)
ROOT 50000188 (kind=<JNI global ref>, id=177, trace=300014)
ROOT 5000018a (kind=<JNI global ref>, id=178, trace=300016)
ROOT 5000018c (kind=<JNI global ref>, id=179, trace=300018)
ROOT 50000190 (kind=<JNI global ref>, id=17a, trace=300021)
ROOT 50000191 (kind=<JNI global ref>, id=17b, trace=300021)
ROOT 50000192 (kind=<JNI global ref>, id=17c, trace=300022)
ROOT 50000193 (kind=<JNI global ref>, id=17d, trace=300023)
ROOT 50000198 (kind=<JNI global ref>, id=17e, trace=300027)
ROOT 5000019a (kind=<JNI global ref>, id=17f, trace=300029)
ROOT 5000019e (kind=<JNI global ref>, id=180, trace=300033)
ROOT 500001a0 (kind=<JNI global ref>, id=181, trace=300035)
ROOT 500001a2 (kind=<JNI global ref>, id=182, trace=300037)
ROOT 500001aa (kind=<JNI global ref>, id=183, trace=300000)
ROOT 500001ac (kind=<JNI global ref>, id=184, trace=300043)
ROOT 500001b8 (kind=<JNI global ref>, id=185, trace=300052)
ROOT 500001bc (kind=<JNI global ref>, id=186, trace=300056)
ROOT 500001c2 (kind=<JNI global ref>, id=187, trace=300061)
ROOT 500001c4 (kind=<JNI global ref>, id=188, trace=300063)
ROOT 500001c5 (kind=<JNI global ref>, id=189, trace=300063)
ROOT 500001c6 (kind=<JNI global ref>, id=18a, trace=300064)
ROOT 500001c7 (kind=<JNI global ref>, id=18b, trace=300064)
ROOT 500001c8 (kind=<JNI global ref>, id=18c, trace=300065)
ROOT 500001c9 (kind=<JNI global ref>, id=18d, trace=300065)
ROOT 500001ea (kind=<JNI global ref>, id=18e, trace=300088)
ROOT 500001ec (kind=<JNI global ref>, id=18f, trace=300090)
ROOT 500001f3 (kind=<JNI global ref>, id=190, trace=300097)
ROOT 500001f4 (kind=<JNI global ref>, id=191, trace=300098)
ROOT 500001f5 (kind=<JNI global ref>, id=192, trace=300098)
ROOT 500001fb (kind=<JNI global ref>, id=193, trace=300104)
ROOT 500001ff (kind=<JNI global ref>, id=194, trace=300108)
ROOT 5000020b (kind=<JNI global ref>, id=195, trace=300116)
ROOT 50000221 (kind=<JNI global ref>, id=196, trace=300116)
ROOT 50000233 (kind=<JNI global ref>, id=197, trace=300116)
ROOT 50000245 (kind=<JNI global ref>, id=198, trace=300116)
ROOT 50000255 (kind=<JNI global ref>, id=199, trace=300133)
ROOT 50000256 (kind=<JNI global ref>, id=19a, trace=300133)
ROOT 50000257 (kind=<JNI global ref>, id=19b, trace=300133)
ROOT 5000025a (kind=<JNI global ref>, id=19c, trace=300136)
ROOT 50000260 (kind=<JNI global ref>, id=19d, trace=300140)
ROOT 50000261 (kind=<JNI global ref>, id=19e, trace=300141)
ROOT 50000263 (kind=<JNI global ref>, id=19f, trace=300143)
ROOT 50000265 (kind=<JNI global ref>, id=1a0, trace=300145)
ROOT 50000267 (kind=<JNI global ref>, id=1a1, trace=300147)
ROOT 50000268 (kind=<JNI global ref>, id=1a2, trace=300147)
ROOT 50000269 (kind=<JNI global ref>, id=1a3, trace=300147)
ROOT 5000010a (kind=<JNI global ref>, id=1a4, trace=300000)
ROOT 50000267 (kind=<JNI global ref>, id=1a5, trace=300147)
ROOT 50000269 (kind=<JNI global ref>, id=1a6, trace=300147)
ROOT 5000026c (kind=<JNI global ref>, id=1a7, trace=300150)
ROOT 5000026d (kind=<JNI global ref>, id=1a8, trace=300150)
ROOT 5000027e (kind=<JNI global ref>, id=1a9, trace=300157)
ROOT 50000286 (kind=<JNI global ref>, id=1aa, trace=300165)
ROOT 500002b7 (kind=<JNI global ref>, id=1ab, trace=300208)
ROOT 500002bd (kind=<JNI global ref>, id=1ac, trace=300214)
ROOT 500002be (kind=<JNI global ref>, id=1ad, trace=300214)
ROOT 500002c3 (kind=<JNI global ref>, id=1ae, trace=300219)
ROOT 500002c6 (kind=<JNI global ref>, id=1af, trace=300221)
ROOT 500002ca (kind=<JNI global ref>, id=1b0, trace=300224)
ROOT 500002cc (kind=<JNI global ref>, id=1b1, trace=300226)
ROOT 500002cd (kind=<JNI global ref>, id=1b2, trace=300226)
ROOT 500002d4 (kind=<JNI global ref>, id=1b3, trace=300232)
ROOT 5000052f (kind=<JNI global ref>, id=1b4, trace=300241)
ROOT 50000535 (kind=<JNI global ref>, id=1b5, trace=300247)
ROOT 50000536 (kind=<JNI global ref>, id=1b6, trace=300247)
ROOT 50000537 (kind=<JNI global ref>, id=1b7, trace=300248)
ROOT 5000053a (kind=<JNI global ref>, id=1b8, trace=300251)
ROOT 5000053b (kind=<JNI global ref>, id=1b9, trace=300252)
ROOT 5000053c (kind=<JNI global ref>, id=1ba, trace=300252)
ROOT 5000053f (kind=<JNI global ref>, id=1bb, trace=300255)
ROOT 5000054b (kind=<JNI global ref>, id=1bc, trace=300262)
ROOT 5000054f (kind=<JNI global ref>, id=1bd, trace=300266)
ROOT 50000550 (kind=<JNI global ref>, id=1be, trace=300266)
ROOT 50000552 (kind=<JNI global ref>, id=1bf, trace=300268)
ROOT 5000058b (kind=<JNI global ref>, id=1c0, trace=300307)
ROOT 5000058c (kind=<JNI global ref>, id=1c1, trace=300307)
ROOT 50000594 (kind=<JNI global ref>, id=1c2, trace=300313)
ROOT 50000599 (kind=<JNI global ref>, id=1c3, trace=300317)
ROOT 5000059c (kind=<JNI global ref>, id=1c4, trace=300320)
ROOT 5000059d (kind=<JNI global ref>, id=1c5, trace=300320)
ROOT 500005cf (kind=<JNI global ref>, id=1c6, trace=300338)
ROOT 500005d0 (kind=<JNI global ref>, id=1c7, trace=300338)
ROOT 500005d1 (kind=<JNI global ref>, id=1c8, trace=300338)
ROOT 500005d6 (kind=<JNI global ref>, id=1c9, trace=300343)
ROOT 500005e6 (kind=<JNI global ref>, id=1ca, trace=300352)
ROOT 500005e8 (kind=<JNI global ref>, id=1cb, trace=300354)
ROOT 50000602 (kind=<JNI global ref>, id=1cc, trace=300366)
ROOT 50000616 (kind=<JNI global ref>, id=1cd, trace=300372)
ROOT 50000617 (kind=<JNI global ref>, id=1ce, trace=300373)
ROOT 50000619 (kind=<JNI global ref>, id=1cf, trace=300375)
ROOT 50000650 (kind=<JNI global ref>, id=1d0, trace=300390)
ROOT 50000651 (kind=<JNI global ref>, id=1d1, trace=300391)
ROOT 50000653 (kind=<JNI global ref>, id=1d2, trace=300393)
ROOT 50000655 (kind=<JNI global ref>, id=1d3, trace=300395)
ROOT 500006ba (kind=<JNI global ref>, id=1d4, trace=300390)
ROOT 500006c0 (kind=<JNI global ref>, id=1d5, trace=300398)
ROOT 500006c9 (kind=<JNI global ref>, id=1d6, trace=300000)
ROOT 500006cb (kind=<JNI global ref>, id=1d7, trace=300404)
ROOT 500006d7 (kind=<unknown>)
ROOT 500006d8 (kind=<unknown>)
ROOT 500006d9 (kind=<unknown>)
ROOT 500006da (kind=<unknown>)
ROOT 500006db (kind=<unknown>)
ROOT 500006dc (kind=<unknown>)
ROOT 500006dd (kind=<unknown>)
ROOT 500006de (kind=<unknown>)
ROOT 500006df (kind=<unknown>)
ROOT 500006e0 (kind=<unknown>)
ROOT 500006e1 (kind=<unknown>)
ROOT 500006e2 (kind=<unknown>)
ROOT 500006e3 (kind=<unknown>)
ROOT 500006e4 (kind=<unknown>)
ROOT 500006e5 (kind=<unknown>)
ROOT 500006e6 (kind=<unknown>)
ROOT 500006e7 (kind=<unknown>)
ROOT 500006e8 (kind=<unknown>)
ROOT 500006e9 (kind=<unknown>)
ROOT 500006ea (kind=<unknown>)
ROOT 500006eb (kind=<unknown>)
ROOT 500006ec (kind=<unknown>)
ROOT 500006ed (kind=<unknown>)
ROOT 500006ee (kind=<unknown>)
ROOT 500006ef (kind=<unknown>)
ROOT 500006f0 (kind=<unknown>)
ROOT 500006f1 (kind=<unknown>)
ROOT 500006f2 (kind=<unknown>)
ROOT 500006f3 (kind=<unknown>)
ROOT 500006f4 (kind=<unknown>)
ROOT 500006f5 (kind=<unknown>)
ROOT 500006f6 (kind=<unknown>)
ROOT 500006f7 (kind=<unknown>)
ROOT 500006f8 (kind=<unknown>)
ROOT 500006f9 (kind=<unknown>)
ROOT 500006fa (kind=<unknown>)
ROOT 500006fb (kind=<unknown>)
ROOT 500006fc (kind=<unknown>)
ROOT 500006fd (kind=<unknown>)
ROOT 500006fe (kind=<unknown>)
ROOT 500006ff (kind=<unknown>)
ROOT 50000700 (kind=<unknown>)
ROOT 50000701 (kind=<unknown>)
ROOT 50000702 (kind=<unknown>)
ROOT 50000703 (kind=<unknown>)
ROOT 50000704 (kind=<unknown>)
ROOT 50000705 (kind=<unknown>)
ROOT 50000706 (kind=<unknown>)
ROOT 50000707 (kind=<unknown>)
ROOT 50000708 (kind=<unknown>)
ROOT 50000709 (kind=<unknown>)
ROOT 5000070a (kind=<unknown>)
ROOT 5000070b (kind=<unknown>)
ROOT 5000070c (kind=<unknown>)
ROOT 5000070d (kind=<unknown>)
ROOT 5000070e (kind=<unknown>)
ROOT 5000070f (kind=<unknown>)
ROOT 50000710 (kind=<unknown>)
ROOT 50000711 (kind=<unknown>)
ROOT 50000712 (kind=<unknown>)
ROOT 50000713 (kind=<unknown>)
ROOT 50000714 (kind=<unknown>)
ROOT 50000715 (kind=<unknown>)
ROOT 50000716 (kind=<unknown>)
ROOT 50000717 (kind=<unknown>)
ROOT 50000718 (kind=<unknown>)
ROOT 50000719 (kind=<unknown>)
ROOT 5000071a (kind=<unknown>)
ROOT 5000071b (kind=<unknown>)
ROOT 5000071c (kind=<unknown>)
ROOT 5000071d (kind=<unknown>)
ROOT 5000071e (kind=<unknown>)
ROOT 5000071f (kind=<unknown>)
ROOT 50000720 (kind=<unknown>)
ROOT 50000721 (kind=<unknown>)
ROOT 50000722 (kind=<unknown>)
ROOT 50000723 (kind=<unknown>)
ROOT 50000724 (kind=<unknown>)
ROOT 50000725 (kind=<unknown>)
ROOT 50000726 (kind=<unknown>)
ROOT 50000727 (kind=<unknown>)
ROOT 50000728 (kind=<unknown>)
ROOT 50000729 (kind=<unknown>)
ROOT 5000072a (kind=<unknown>)
ROOT 5000072b (kind=<unknown>)
ROOT 5000072c (kind=<unknown>)
ROOT 5000072d (kind=<unknown>)
ROOT 5000072e (kind=<unknown>)
ROOT 5000072f (kind=<unknown>)
ROOT 50000730 (kind=<unknown>)
ROOT 50000731 (kind=<unknown>)
ROOT 50000732 (kind=<unknown>)
ROOT 50000733 (kind=<unknown>)
ROOT 50000734 (kind=<unknown>)
ROOT 50000735 (kind=<unknown>)
ROOT 50000736 (kind=<unknown>)
ROOT 50000737 (kind=<unknown>)
ROOT 50000738 (kind=<unknown>)
ROOT 50000739 (kind=<unknown>)
ROOT 5000073a (kind=<unknown>)
ROOT 5000073b (kind=<unknown>)
ROOT 5000073c (kind=<unknown>)
ROOT 5000073d (kind=<unknown>)
ROOT 5000073e (kind=<unknown>)
ROOT 5000073f (kind=<unknown>)
ROOT 50000740 (kind=<unknown>)
ROOT 50000741 (kind=<unknown>)
ROOT 50000742 (kind=<unknown>)
ROOT 50000743 (kind=<unknown>)
ROOT 50000744 (kind=<unknown>)
ROOT 50000745 (kind=<unknown>)
ROOT 50000746 (kind=<unknown>)
ROOT 50000747 (kind=<unknown>)
ROOT 50000748 (kind=<unknown>)
ROOT 50000749 (kind=<unknown>)
ROOT 5000074a (kind=<unknown>)
ROOT 5000074b (kind=<unknown>)
ROOT 5000074c (kind=<unknown>)
ROOT 5000074d (kind=<unknown>)
ROOT 5000074e (kind=<unknown>)
ROOT 5000074f (kind=<unknown>)
ROOT 50000750 (kind=<unknown>)
ROOT 50000751 (kind=<unknown>)
ROOT 50000752 (kind=<unknown>)
ROOT 50000753 (kind=<unknown>)
ROOT 50000754 (kind=<unknown>)
ROOT 50000755 (kind=<unknown>)
ROOT 50000756 (kind=<unknown>)
ROOT 50000757 (kind=<unknown>)
ROOT 50000758 (kind=<unknown>)
ROOT 50000759 (kind=<unknown>)
ROOT 5000075a (kind=<unknown>)
ROOT 5000075b (kind=<unknown>)
ROOT 5000075c (kind=<unknown>)
ROOT 5000075d (kind=<unknown>)
ROOT 5000075e (kind=<unknown>)
ROOT 5000075f (kind=<unknown>)
ROOT 50000760 (kind=<unknown>)
ROOT 50000761 (kind=<unknown>)
ROOT 50000762 (kind=<unknown>)
ROOT 50000763 (kind=<unknown>)
ROOT 50000764 (kind=<unknown>)
ROOT 50000765 (kind=<unknown>)
ROOT 50000766 (kind=<unknown>)
ROOT 50000767 (kind=<unknown>)
ROOT 50000768 (kind=<unknown>)
ROOT 50000769 (kind=<unknown>)
ROOT 5000076a (kind=<unknown>)
ROOT 5000076b (kind=<unknown>)
ROOT 5000076c (kind=<unknown>)
ROOT 5000076d (kind=<unknown>)
ROOT 5000076e (kind=<unknown>)
ROOT 5000076f (kind=<unknown>)
ROOT 50000770 (kind=<unknown>)
ROOT 50000771 (kind=<unknown>)
ROOT 50000772 (kind=<unknown>)
ROOT 50000773 (kind=<unknown>)
ROOT 50000774 (kind=<unknown>)
ROOT 50000775 (kind=<unknown>)
ROOT 50000776 (kind=<unknown>)
ROOT 50000777 (kind=<unknown>)
ROOT 50000778 (kind=<unknown>)
ROOT 50000779 (kind=<unknown>)
ROOT 5000077a (kind=<unknown>)
ROOT 5000077b (kind=<unknown>)
ROOT 5000077c (kind=<unknown>)
ROOT 5000077d (kind=<unknown>)
ROOT 5000077e (kind=<unknown>)
ROOT 5000077f (kind=<unknown>)
ROOT 50000780 (kind=<unknown>)
ROOT 50000781 (kind=<unknown>)
ROOT 50000782 (kind=<unknown>)
ROOT 50000783 (kind=<unknown>)
ROOT 50000784 (kind=<unknown>)
ROOT 50000785 (kind=<unknown>)
ROOT 50000786 (kind=<unknown>)
ROOT 50000787 (kind=<unknown>)
ROOT 50000788 (kind=<unknown>)
ROOT 50000789 (kind=<unknown>)
ROOT 5000078a (kind=<unknown>)
ROOT 5000078b (kind=<unknown>)
ROOT 5000078c (kind=<unknown>)
ROOT 5000078d (kind=<unknown>)
ROOT 5000078e (kind=<unknown>)
ROOT 5000078f (kind=<unknown>)
ROOT 50000790 (kind=<unknown>)
ROOT 50000791 (kind=<unknown>)
ROOT 50000792 (kind=<unknown>)
ROOT 50000793 (kind=<unknown>)
ROOT 50000794 (kind=<unknown>)
ROOT 50000795 (kind=<unknown>)
ROOT 50000796 (kind=<unknown>)
ROOT 50000797 (kind=<unknown>)
ROOT 50000798 (kind=<unknown>)
ROOT 50000799 (kind=<unknown>)
ROOT 5000079a (kind=<unknown>)
ROOT 5000079b (kind=<unknown>)
ROOT 500006cb (kind=<system class>, name=java.lang.Shutdown$Lock)
ROOT 500006c9 (kind=<system class>, name=java.lang.Shutdown)
ROOT 500006c0 (kind=<system class>, name=java.lang.Void)
ROOT 50000655 (kind=<system class>, name=java.lang.reflect.Method[])
ROOT 50000136 (kind=<system class>, name=java.lang.reflect.Method)
ROOT 50000653 (kind=<system class>, name=java.lang.Class$MethodArray)
ROOT 50000651 (kind=<system class>, name=sun.launcher.LauncherHelper$FXHelper)
ROOT 50000619 (kind=<system class>, name=java.security.BasicPermissionCollection)
ROOT 50000617 (kind=<system class>, name=java.security.UnresolvedPermission)
ROOT 50000616 (kind=<system class>, name=java.security.AllPermission)
ROOT 50000602 (kind=<system class>, name=java.io.FilePermissionCollection)
ROOT 500005e8 (kind=<system class>, name=java.io.FilePermission$1)
ROOT 500005e6 (kind=<system class>, name=java.io.FilePermission)
ROOT 500005d6 (kind=<system class>, name=sun.net.www.MessageHeader)
ROOT 500005d1 (kind=<system class>, name=sun.net.www.protocol.file.FileURLConnection)
ROOT 500005d0 (kind=<system class>, name=sun.net.www.URLConnection)
ROOT 500005cf (kind=<system class>, name=java.net.URLConnection)
ROOT 5000059d (kind=<system class>, name=java.security.Permissions)
ROOT 5000059c (kind=<system class>, name=java.security.PermissionCollection)
ROOT 50000599 (kind=<system class>, name=java.io.FileInputStream$1)
ROOT 50000594 (kind=<system class>, name=sun.nio.ByteBuffered)
ROOT 5000058c (kind=<system class>, name=sun.misc.URLClassPath$FileLoader$1)
ROOT 5000058b (kind=<system class>, name=sun.misc.Resource)
ROOT 50000552 (kind=<system class>, name=java.nio.charset.CoderResult$2)
ROOT 50000550 (kind=<system class>, name=java.nio.charset.CoderResult$1)
ROOT 5000054f (kind=<system class>, name=java.nio.charset.CoderResult$Cache)
ROOT 5000054b (kind=<system class>, name=java.nio.charset.CoderResult)
ROOT 5000053f (kind=<system class>, name=sun.nio.cs.ThreadLocalCoders$2)
ROOT 5000053c (kind=<system class>, name=sun.nio.cs.ThreadLocalCoders$1)
ROOT 5000053b (kind=<system class>, name=sun.nio.cs.ThreadLocalCoders$Cache)
ROOT 5000053a (kind=<system class>, name=sun.nio.cs.ThreadLocalCoders)
ROOT 50000537 (kind=<system class>, name=java.nio.HeapCharBuffer)
ROOT 50000536 (kind=<system class>, name=java.nio.CharBuffer)
ROOT 50000535 (kind=<system class>, name=java.lang.Readable)
ROOT 5000052f (kind=<system class>, name=sun.misc.URLClassPath$FileLoader)
ROOT 500002d4 (kind=<system class>, name=sun.misc.IOUtils)
ROOT 500002cd (kind=<system class>, name=java.util.zip.ZipFile$ZipFileInflaterInputStream)
ROOT 500002cc (kind=<system class>, name=java.util.zip.InflaterInputStream)
ROOT 500002ca (kind=<system class>, name=java.util.zip.ZStreamRef)
ROOT 500002c6 (kind=<system class>, name=java.util.zip.Inflater)
ROOT 500002c3 (kind=<system class>, name=java.util.zip.ZipFile$ZipFileInputStream)
ROOT 500002be (kind=<system class>, name=java.util.jar.JarFile$JarFileEntry)
ROOT 500002bd (kind=<system class>, name=java.util.jar.JarEntry)
ROOT 500002b7 (kind=<system class>, name=java.util.zip.ZipEntry)
ROOT 50000286 (kind=<system class>, name=sun.misc.ExtensionDependency)
ROOT 5000027e (kind=<system class>, name=sun.misc.JarIndex)
ROOT 5000026d (kind=<system class>, name=java.nio.DirectLongBufferU)
ROOT 5000026c (kind=<system class>, name=java.nio.LongBuffer)
ROOT 50000269 (kind=<system class>, name=java.nio.DirectByteBuffer)
ROOT 50000268 (kind=<system class>, name=java.nio.MappedByteBuffer)
ROOT 50000267 (kind=<system class>, name=sun.nio.ch.DirectBuffer)
ROOT 50000265 (kind=<system class>, name=sun.misc.PerfCounter$CoreCounters)
ROOT 50000263 (kind=<system class>, name=sun.misc.Perf)
ROOT 50000261 (kind=<system class>, name=sun.misc.Perf$GetPerfAction)
ROOT 50000260 (kind=<system class>, name=sun.misc.PerfCounter)
ROOT 5000025a (kind=<system class>, name=java.util.zip.ZipCoder)
ROOT 50000257 (kind=<system class>, name=java.util.ArrayDeque)
ROOT 50000256 (kind=<system class>, name=java.util.Deque)
ROOT 50000255 (kind=<system class>, name=java.util.Queue)
ROOT 50000245 (kind=<system class>, name=sun.nio.cs.UTF_16)
ROOT 50000233 (kind=<system class>, name=sun.nio.cs.UTF_16LE)
ROOT 50000221 (kind=<system class>, name=sun.nio.cs.UTF_16BE)
ROOT 5000020b (kind=<system class>, name=sun.nio.cs.ISO_8859_1)
ROOT 500001ff (kind=<system class>, name=sun.nio.cs.US_ASCII)
ROOT 500001fb (kind=<system class>, name=java.nio.charset.StandardCharsets)
ROOT 500001f5 (kind=<system class>, name=java.util.jar.JavaUtilJarAccessImpl)
ROOT 500001f4 (kind=<system class>, name=sun.misc.JavaUtilJarAccess)
ROOT 500001f3 (kind=<system class>, name=java.util.jar.JarFile)
ROOT 500001ec (kind=<system class>, name=sun.misc.FileURLMapper)
ROOT 500001ea (kind=<system class>, name=sun.misc.URLClassPath$JarLoader$1)
ROOT 500001c9 (kind=<system class>, name=java.util.zip.ZipFile$1)
ROOT 500001c8 (kind=<system class>, name=sun.misc.JavaUtilZipFileAccess)
ROOT 500001c7 (kind=<system class>, name=java.util.zip.ZipFile)
ROOT 500001c6 (kind=<system class>, name=java.util.zip.ZipConstants)
ROOT 500001c5 (kind=<system class>, name=sun.misc.URLClassPath$JarLoader)
ROOT 500001c4 (kind=<system class>, name=sun.misc.URLClassPath$Loader)
ROOT 500001c2 (kind=<system class>, name=sun.misc.URLClassPath$3)
ROOT 500001bc (kind=<system class>, name=sun.net.util.URLUtil)
ROOT 500001b8 (kind=<system class>, name=java.net.URLClassLoader$1)
ROOT 500001ac (kind=<system class>, name=sun.launcher.LauncherHelper[])
ROOT 500001aa (kind=<system class>, name=sun.launcher.LauncherHelper)
ROOT 500001aa (kind=<system class>, name=sun.launcher.LauncherHelper)
ROOT 500001a2 (kind=<system class>, name=java.lang.invoke.MethodHandleStatics$1)
ROOT 500001a0 (kind=<system class>, name=java.lang.invoke.MethodHandleStatics)
ROOT 5000019e (kind=<system class>, name=java.lang.invoke.MemberName$Factory)
ROOT 5000019a (kind=<system class>, name=java.lang.ClassValue$Version)
ROOT 50000198 (kind=<system class>, name=java.lang.ClassValue$Identity)
ROOT 50000193 (kind=<system class>, name=java.lang.ClassValue$Entry[])
ROOT 50000192 (kind=<system class>, name=java.lang.ClassValue$Entry)
ROOT 50000192 (kind=<system class>, name=java.lang.ClassValue$Entry)
ROOT 50000191 (kind=<system class>, name=java.lang.invoke.MethodHandleImpl$4)
ROOT 50000190 (kind=<system class>, name=java.lang.ClassValue)
ROOT 5000018c (kind=<system class>, name=java.lang.invoke.MethodHandle[])
ROOT 50000127 (kind=<system class>, name=java.lang.invoke.MethodHandle)
ROOT 5000018a (kind=<system class>, name=java.lang.invoke.MethodHandleImpl$3)
ROOT 50000188 (kind=<system class>, name=java.lang.invoke.MethodHandleImpl$2)
ROOT 50000187 (kind=<system class>, name=java.util.function.Function)
ROOT 5000017e (kind=<system class>, name=java.lang.invoke.MethodHandleImpl$1)
ROOT 5000017b (kind=<system class>, name=java.lang.invoke.MethodHandleImpl)
ROOT 50000001 (kind=<system class>, name=java.lang.SystemClassLoaderAction)
ROOT 50000002 (kind=<system class>, name=sun.misc.Launcher$AppClassLoader$1)
ROOT 50000003 (kind=<system class>, name=sun.net.www.protocol.jar.Handler)
ROOT 50000004 (kind=<system class>, name=sun.misc.URLClassPath)
ROOT 50000005 (kind=<system class>, name=java.util.HashSet)
ROOT 50000006 (kind=<system class>, name=java.security.Principal[])
ROOT 50000007 (kind=<system class>, name=java.security.Principal)
ROOT 50000007 (kind=<system class>, name=java.security.Principal)
ROOT 50000008 (kind=<system class>, name=java.security.ProtectionDomain$Key)
ROOT 50000009 (kind=<system class>, name=java.security.ProtectionDomain$2)
ROOT 5000000a (kind=<system class>, name=sun.misc.JavaSecurityProtectionDomainAccess)
ROOT 5000000b (kind=<system class>, name=java.security.ProtectionDomain$JavaSecurityAccessImpl)
ROOT 5000000c (kind=<system class>, name=sun.misc.JavaSecurityAccess)
ROOT 5000000d (kind=<system class>, name=java.net.URL[])
ROOT 50000111 (kind=<system class>, name=java.net.URL)
ROOT 5000000e (kind=<system class>, name=java.util.HashMap$TreeNode)
ROOT 5000000f (kind=<system class>, name=sun.net.www.protocol.file.Handler)
ROOT 50000010 (kind=<system class>, name=java.net.URLStreamHandler)
ROOT 50000011 (kind=<system class>, name=java.net.Parts)
ROOT 50000012 (kind=<system class>, name=java.lang.CharacterDataLatin1)
ROOT 50000013 (kind=<system class>, name=java.lang.CharacterData)
ROOT 50000014 (kind=<system class>, name=sun.util.locale.LocaleUtils)
ROOT 50000015 (kind=<system class>, name=java.util.Locale$LocaleKey)
ROOT 50000016 (kind=<system class>, name=sun.util.locale.LocaleObjectCache$CacheEntry)
ROOT 50000017 (kind=<system class>, name=sun.util.locale.BaseLocale$Key)
ROOT 50000018 (kind=<system class>, name=sun.util.locale.BaseLocale$Cache)
ROOT 50000019 (kind=<system class>, name=sun.util.locale.BaseLocale)
ROOT 5000001a (kind=<system class>, name=java.util.concurrent.ConcurrentHashMap$EntrySetView)
ROOT 5000001b (kind=<system class>, name=java.util.concurrent.ConcurrentHashMap$ValuesView)
ROOT 5000001c (kind=<system class>, name=java.util.concurrent.ConcurrentHashMap$KeySetView)
ROOT 5000001d (kind=<system class>, name=java.util.concurrent.ConcurrentHashMap$CollectionView)
ROOT 5000001e (kind=<system class>, name=java.util.concurrent.ConcurrentHashMap$CounterCell[])
ROOT 5000001f (kind=<system class>, name=java.util.concurrent.ConcurrentHashMap$CounterCell)
ROOT 5000001f (kind=<system class>, name=java.util.concurrent.ConcurrentHashMap$CounterCell)
ROOT 50000020 (kind=<system class>, name=java.util.concurrent.ConcurrentHashMap$Node[])
ROOT 50000021 (kind=<system class>, name=java.util.concurrent.ConcurrentHashMap$Node)
ROOT 50000021 (kind=<system class>, name=java.util.concurrent.ConcurrentHashMap$Node)
ROOT 50000022 (kind=<system class>, name=java.util.concurrent.ConcurrentHashMap$Segment[])
ROOT 50000025 (kind=<system class>, name=java.util.concurrent.ConcurrentHashMap$Segment)
ROOT 50000023 (kind=<system class>, name=java.util.concurrent.locks.ReentrantLock[])
ROOT 50000026 (kind=<system class>, name=java.util.concurrent.locks.ReentrantLock)
ROOT 50000024 (kind=<system class>, name=java.util.concurrent.locks.Lock[])
ROOT 50000027 (kind=<system class>, name=java.util.concurrent.locks.Lock)
ROOT 50000025 (kind=<system class>, name=java.util.concurrent.ConcurrentHashMap$Segment)
ROOT 50000026 (kind=<system class>, name=java.util.concurrent.locks.ReentrantLock)
ROOT 50000027 (kind=<system class>, name=java.util.concurrent.locks.Lock)
ROOT 50000028 (kind=<system class>, name=java.util.concurrent.ConcurrentHashMap)
ROOT 50000029 (kind=<system class>, name=java.util.concurrent.ConcurrentMap)
ROOT 5000002a (kind=<system class>, name=java.util.Locale$Cache)
ROOT 5000002b (kind=<system class>, name=sun.util.locale.LocaleObjectCache)
ROOT 5000002c (kind=<system class>, name=java.util.Locale)
ROOT 5000002d (kind=<system class>, name=java.util.BitSet)
ROOT 5000002e (kind=<system class>, name=sun.net.www.ParseUtil)
ROOT 5000002f (kind=<system class>, name=sun.misc.MetaIndex)
ROOT 50000030 (kind=<system class>, name=sun.misc.Launcher$ExtClassLoader$1)
ROOT 50000031 (kind=<system class>, name=java.io.File[])
ROOT 50000113 (kind=<system class>, name=java.io.File)
ROOT 50000032 (kind=<system class>, name=java.util.StringTokenizer)
ROOT 50000033 (kind=<system class>, name=java.net.URLClassLoader$7)
ROOT 50000034 (kind=<system class>, name=sun.misc.JavaNetAccess)
ROOT 50000035 (kind=<system class>, name=java.util.WeakHashMap$KeySet)
ROOT 50000036 (kind=<system class>, name=java.util.Collections$SetFromMap)
ROOT 50000037 (kind=<system class>, name=java.util.WeakHashMap$Entry[])
ROOT 50000038 (kind=<system class>, name=java.util.WeakHashMap$Entry)
ROOT 50000038 (kind=<system class>, name=java.util.WeakHashMap$Entry)
ROOT 50000039 (kind=<system class>, name=java.lang.ClassLoader$ParallelLoaders)
ROOT 5000003a (kind=<system class>, name=sun.security.util.Debug)
ROOT 5000003b (kind=<system class>, name=sun.misc.Launcher$Factory)
ROOT 5000003c (kind=<system class>, name=java.net.URLStreamHandlerFactory)
ROOT 5000003d (kind=<system class>, name=java.lang.Compiler$1)
ROOT 5000003e (kind=<system class>, name=java.lang.Compiler)
ROOT 5000003f (kind=<system class>, name=java.lang.IllegalArgumentException)
ROOT 50000040 (kind=<system class>, name=java.lang.System$2)
ROOT 50000041 (kind=<system class>, name=sun.misc.JavaLangAccess)
ROOT 50000042 (kind=<system class>, name=sun.misc.OSEnvironment)
ROOT 50000043 (kind=<system class>, name=java.lang.Integer[])
ROOT 50000102 (kind=<system class>, name=java.lang.Integer)
ROOT 50000044 (kind=<system class>, name=java.lang.Number[])
ROOT 50000107 (kind=<system class>, name=java.lang.Number)
ROOT 50000045 (kind=<system class>, name=java.lang.Integer$IntegerCache)
ROOT 50000046 (kind=<system class>, name=sun.misc.NativeSignalHandler)
ROOT 50000047 (kind=<system class>, name=sun.misc.Signal)
ROOT 50000048 (kind=<system class>, name=java.lang.Terminator$1)
ROOT 50000049 (kind=<system class>, name=sun.misc.SignalHandler)
ROOT 5000004a (kind=<system class>, name=java.lang.Terminator)
ROOT 5000004b (kind=<system class>, name=java.lang.ClassLoader$NativeLibrary)
ROOT 5000004c (kind=<system class>, name=java.util.LinkedHashMap$Entry)
ROOT 5000004d (kind=<system class>, name=java.io.ExpiringCache$Entry)
ROOT 5000004e (kind=<system class>, name=java.io.File$PathStatus[])
ROOT 50000054 (kind=<system class>, name=java.io.File$PathStatus)
ROOT 5000004f (kind=<system class>, name=java.lang.Enum[])
ROOT 50000055 (kind=<system class>, name=java.lang.Enum)
ROOT 50000050 (kind=<system class>, name=java.lang.ClassLoader$3)
ROOT 50000051 (kind=<system class>, name=java.lang.StringCoding$StringEncoder)
ROOT 50000052 (kind=<system class>, name=java.nio.file.Path)
ROOT 50000053 (kind=<system class>, name=java.nio.file.Watchable)
ROOT 50000054 (kind=<system class>, name=java.io.File$PathStatus)
ROOT 50000055 (kind=<system class>, name=java.lang.Enum)
ROOT 50000056 (kind=<system class>, name=java.io.ExpiringCache$1)
ROOT 50000057 (kind=<system class>, name=java.util.LinkedHashMap)
ROOT 50000058 (kind=<system class>, name=java.io.ExpiringCache)
ROOT 50000059 (kind=<system class>, name=java.io.UnixFileSystem)
ROOT 5000005a (kind=<system class>, name=java.io.FileSystem)
ROOT 5000005b (kind=<system class>, name=java.io.DefaultFileSystem)
ROOT 5000005c (kind=<system class>, name=java.io.BufferedWriter)
ROOT 5000005d (kind=<system class>, name=java.nio.Bits$1)
ROOT 5000005e (kind=<system class>, name=sun.misc.JavaNioAccess)
ROOT 5000005f (kind=<system class>, name=java.util.concurrent.atomic.AtomicLong)
ROOT 50000060 (kind=<system class>, name=java.nio.ByteOrder)
ROOT 50000061 (kind=<system class>, name=java.nio.Bits)
ROOT 50000062 (kind=<system class>, name=java.nio.HeapByteBuffer)
ROOT 50000063 (kind=<system class>, name=java.nio.ByteBuffer)
ROOT 50000064 (kind=<system class>, name=sun.nio.cs.UTF_8$Encoder)
ROOT 50000065 (kind=<system class>, name=java.nio.charset.CharsetEncoder)
ROOT 50000066 (kind=<system class>, name=sun.nio.cs.ArrayEncoder)
ROOT 50000067 (kind=<system class>, name=sun.security.action.GetPropertyAction)
ROOT 50000068 (kind=<system class>, name=sun.nio.cs.StreamEncoder)
ROOT 50000069 (kind=<system class>, name=java.io.OutputStreamWriter)
ROOT 5000006a (kind=<system class>, name=java.io.Writer)
ROOT 5000006b (kind=<system class>, name=java.io.BufferedOutputStream)
ROOT 5000006c (kind=<system class>, name=java.io.PrintStream)
ROOT 5000006d (kind=<system class>, name=java.io.FilterOutputStream)
ROOT 5000006e (kind=<system class>, name=sun.reflect.misc.ReflectUtil)
ROOT 5000006f (kind=<system class>, name=java.util.concurrent.atomic.AtomicReferenceFieldUpdater$AtomicReferenceFieldUpdaterImpl$1)
ROOT 50000070 (kind=<system class>, name=java.security.PrivilegedExceptionAction)
ROOT 50000071 (kind=<system class>, name=java.util.concurrent.atomic.AtomicReferenceFieldUpdater$AtomicReferenceFieldUpdaterImpl)
ROOT 50000072 (kind=<system class>, name=java.util.concurrent.atomic.AtomicReferenceFieldUpdater)
ROOT 50000073 (kind=<system class>, name=java.io.BufferedInputStream)
ROOT 50000074 (kind=<system class>, name=java.io.FilterInputStream)
ROOT 50000075 (kind=<system class>, name=java.io.FileOutputStream)
ROOT 50000076 (kind=<system class>, name=java.io.OutputStream)
ROOT 50000077 (kind=<system class>, name=java.io.Flushable)
ROOT 50000078 (kind=<system class>, name=java.io.FileDescriptor$1)
ROOT 50000079 (kind=<system class>, name=sun.misc.JavaIOFileDescriptorAccess)
ROOT 5000007a (kind=<system class>, name=java.io.FileDescriptor)
ROOT 5000007b (kind=<system class>, name=java.io.FileInputStream)
ROOT 5000007c (kind=<system class>, name=sun.misc.Version)
ROOT 5000007d (kind=<system class>, name=java.lang.Runtime)
ROOT 5000007e (kind=<system class>, name=java.util.Hashtable$Enumerator)
ROOT 5000007f (kind=<system class>, name=java.util.Iterator)
ROOT 50000080 (kind=<system class>, name=java.util.Enumeration)
ROOT 50000081 (kind=<system class>, name=java.util.Objects)
ROOT 50000082 (kind=<system class>, name=java.util.Collections$SynchronizedSet)
ROOT 50000083 (kind=<system class>, name=java.util.Collections$SynchronizedCollection)
ROOT 50000084 (kind=<system class>, name=java.util.Hashtable$EntrySet)
ROOT 50000085 (kind=<system class>, name=java.nio.charset.CodingErrorAction)
ROOT 50000086 (kind=<system class>, name=sun.nio.cs.UTF_8$Decoder)
ROOT 50000087 (kind=<system class>, name=java.nio.charset.CharsetDecoder)
ROOT 50000088 (kind=<system class>, name=sun.nio.cs.ArrayDecoder)
ROOT 50000089 (kind=<system class>, name=java.lang.StringCoding$StringDecoder)
ROOT 5000008a (kind=<system class>, name=java.lang.ThreadLocal$ThreadLocalMap$Entry[])
ROOT 5000008d (kind=<system class>, name=java.lang.ThreadLocal$ThreadLocalMap$Entry)
ROOT 5000008b (kind=<system class>, name=java.lang.ref.WeakReference[])
ROOT 50000148 (kind=<system class>, name=java.lang.ref.WeakReference)
ROOT 5000008c (kind=<system class>, name=java.lang.ref.Reference[])
ROOT 5000014a (kind=<system class>, name=java.lang.ref.Reference)
ROOT 5000008d (kind=<system class>, name=java.lang.ThreadLocal$ThreadLocalMap$Entry)
ROOT 5000008e (kind=<system class>, name=java.lang.ThreadLocal$ThreadLocalMap)
ROOT 5000008f (kind=<system class>, name=java.lang.StringCoding)
ROOT 50000090 (kind=<system class>, name=sun.reflect.DelegatingConstructorAccessorImpl)
ROOT 50000091 (kind=<system class>, name=sun.reflect.NativeConstructorAccessorImpl)
ROOT 50000092 (kind=<system class>, name=sun.reflect.ReflectionFactory$1)
ROOT 50000093 (kind=<system class>, name=java.lang.Class$1)
ROOT 50000094 (kind=<system class>, name=java.lang.reflect.Constructor[])
ROOT 50000135 (kind=<system class>, name=java.lang.reflect.Constructor)
ROOT 50000095 (kind=<system class>, name=java.lang.reflect.Executable[])
ROOT 50000137 (kind=<system class>, name=java.lang.reflect.Executable)
ROOT 50000096 (kind=<system class>, name=sun.nio.cs.UTF_8)
ROOT 50000097 (kind=<system class>, name=sun.nio.cs.Unicode)
ROOT 50000098 (kind=<system class>, name=sun.nio.cs.HistoricallyNamedCharset)
ROOT 50000099 (kind=<system class>, name=java.util.Arrays)
ROOT 5000009a (kind=<system class>, name=java.lang.reflect.ReflectAccess)
ROOT 5000009b (kind=<system class>, name=sun.reflect.LangReflectAccess)
ROOT 5000009c (kind=<system class>, name=java.lang.reflect.Modifier)
ROOT 5000009d (kind=<system class>, name=java.lang.ClassValue$ClassValueMap)
ROOT 5000009e (kind=<system class>, name=java.util.WeakHashMap)
ROOT 5000009f (kind=<system class>, name=sun.reflect.annotation.AnnotationType)
ROOT 500000a0 (kind=<system class>, name=java.lang.Class$AnnotationData)
ROOT 500000a1 (kind=<system class>, name=sun.reflect.generics.repository.ClassRepository)
ROOT 500000a2 (kind=<system class>, name=sun.reflect.generics.repository.GenericDeclRepository)
ROOT 500000a3 (kind=<system class>, name=sun.reflect.generics.repository.AbstractRepository)
ROOT 500000a4 (kind=<system class>, name=java.lang.reflect.Field[])
ROOT 50000139 (kind=<system class>, name=java.lang.reflect.Field)
ROOT 500000a5 (kind=<system class>, name=java.lang.reflect.Member[])
ROOT 5000013a (kind=<system class>, name=java.lang.reflect.Member)
ROOT 500000a6 (kind=<system class>, name=java.lang.reflect.AccessibleObject[])
ROOT 5000013b (kind=<system class>, name=java.lang.reflect.AccessibleObject)
ROOT 500000a7 (kind=<system class>, name=java.lang.Class$Atomic)
ROOT 500000a8 (kind=<system class>, name=java.lang.Class$ReflectionData)
ROOT 500000a9 (kind=<system class>, name=java.lang.Class$3)
ROOT 500000aa (kind=<system class>, name=java.util.concurrent.atomic.AtomicInteger)
ROOT 500000ab (kind=<system class>, name=java.lang.ThreadLocal)
ROOT 500000ac (kind=<system class>, name=sun.nio.cs.StandardCharsets$Cache)
ROOT 500000ad (kind=<system class>, name=sun.nio.cs.StandardCharsets$Classes)
ROOT 500000ae (kind=<system class>, name=sun.nio.cs.StandardCharsets$Aliases)
ROOT 500000af (kind=<system class>, name=sun.util.PreHashedMap)
ROOT 500000b0 (kind=<system class>, name=sun.nio.cs.StandardCharsets)
ROOT 500000b1 (kind=<system class>, name=sun.nio.cs.FastCharsetProvider)
ROOT 500000b2 (kind=<system class>, name=java.nio.charset.spi.CharsetProvider)
ROOT 500000b3 (kind=<system class>, name=java.nio.charset.Charset)
ROOT 500000b4 (kind=<system class>, name=java.lang.ref.Finalizer$FinalizerThread)
ROOT 500000b5 (kind=<system class>, name=java.lang.Math)
ROOT 500000b6 (kind=<system class>, name=java.util.Hashtable$Entry[])
ROOT 500000b7 (kind=<system class>, name=java.util.Hashtable$Entry)
ROOT 500000b7 (kind=<system class>, name=java.util.Hashtable$Entry)
ROOT 500000b8 (kind=<system class>, name=sun.misc.VM)
ROOT 500000b9 (kind=<system class>, name=java.util.HashMap$Node[])
ROOT 500000bb (kind=<system class>, name=java.util.HashMap$Node)
ROOT 500000ba (kind=<system class>, name=java.util.Map$Entry[])
ROOT 500000bc (kind=<system class>, name=java.util.Map$Entry)
ROOT 500000bb (kind=<system class>, name=java.util.HashMap$Node)
ROOT 500000bc (kind=<system class>, name=java.util.Map$Entry)
ROOT 500000bd (kind=<system class>, name=java.util.HashMap)
ROOT 500000be (kind=<system class>, name=sun.reflect.Reflection)
ROOT 500000bf (kind=<system class>, name=java.lang.String[])
ROOT 50000165 (kind=<system class>, name=java.lang.String)
ROOT 500000c0 (kind=<system class>, name=java.lang.CharSequence[])
ROOT 50000166 (kind=<system class>, name=java.lang.CharSequence)
ROOT 500000c1 (kind=<system class>, name=java.lang.NoSuchMethodError)
ROOT 500000c2 (kind=<system class>, name=java.lang.IncompatibleClassChangeError)
ROOT 500000c3 (kind=<system class>, name=sun.misc.SharedSecrets)
ROOT 500000c4 (kind=<system class>, name=java.lang.ref.Reference$1)
ROOT 500000c5 (kind=<system class>, name=sun.misc.JavaLangRefAccess)
ROOT 500000c6 (kind=<system class>, name=java.lang.Thread[])
ROOT 50000142 (kind=<system class>, name=java.lang.Thread)
ROOT 500000c7 (kind=<system class>, name=java.lang.Runnable[])
ROOT 50000143 (kind=<system class>, name=java.lang.Runnable)
ROOT 500000c8 (kind=<system class>, name=java.lang.ref.ReferenceQueue$Lock)
ROOT 500000c9 (kind=<system class>, name=java.lang.ref.ReferenceQueue$Null)
ROOT 500000ca (kind=<system class>, name=java.lang.ref.ReferenceQueue)
ROOT 500000cb (kind=<system class>, name=java.util.Collections$UnmodifiableRandomAccessList)
ROOT 500000cc (kind=<system class>, name=java.util.Collections$UnmodifiableList)
ROOT 500000cd (kind=<system class>, name=java.util.Collections$UnmodifiableCollection)
ROOT 500000ce (kind=<system class>, name=java.util.Collections$EmptyMap)
ROOT 500000cf (kind=<system class>, name=java.util.AbstractMap)
ROOT 500000d0 (kind=<system class>, name=java.util.Collections$EmptyList)
ROOT 500000d1 (kind=<system class>, name=java.util.Collections$EmptySet)
ROOT 500000d2 (kind=<system class>, name=java.util.AbstractSet)
ROOT 500000d3 (kind=<system class>, name=java.util.Set)
ROOT 500000d4 (kind=<system class>, name=java.util.Collections)
ROOT 500000d5 (kind=<system class>, name=java.util.ArrayList)
ROOT 500000d6 (kind=<system class>, name=java.lang.InterruptedException)
ROOT 500000d7 (kind=<system class>, name=java.lang.ref.Reference$ReferenceHandler)
ROOT 500000d8 (kind=<system class>, name=java.lang.ref.Reference$Lock)
ROOT 500000d9 (kind=<system class>, name=sun.reflect.ReflectionFactory)
ROOT 500000da (kind=<system class>, name=java.util.Stack)
ROOT 500000db (kind=<system class>, name=java.util.Vector)
ROOT 500000dc (kind=<system class>, name=java.util.AbstractList)
ROOT 500000dd (kind=<system class>, name=java.util.AbstractCollection)
ROOT 500000de (kind=<system class>, name=java.util.RandomAccess)
ROOT 500000df (kind=<system class>, name=java.util.List)
ROOT 500000e0 (kind=<system class>, name=java.util.Collection)
ROOT 500000e1 (kind=<system class>, name=java.lang.Iterable)
ROOT 500000e2 (kind=<system class>, name=java.security.cert.Certificate[])
ROOT 500000e3 (kind=<system class>, name=java.security.cert.Certificate)
ROOT 500000e3 (kind=<system class>, name=java.security.cert.Certificate)
ROOT 500000e4 (kind=<system class>, name=sun.reflect.ReflectionFactory$GetReflectionFactoryAction)
ROOT 500000e5 (kind=<system class>, name=java.security.PrivilegedAction)
ROOT 500000e6 (kind=<system class>, name=java.lang.reflect.ReflectPermission)
ROOT 500000e7 (kind=<system class>, name=java.security.AccessController)
ROOT 500000e8 (kind=<system class>, name=java.lang.RuntimePermission)
ROOT 500000e9 (kind=<system class>, name=java.security.BasicPermission)
ROOT 500000ea (kind=<system class>, name=java.security.Permission)
ROOT 500000eb (kind=<system class>, name=java.security.Guard)
ROOT 500000ec (kind=<system class>, name=java.lang.StackTraceElement[])
ROOT 5000010b (kind=<system class>, name=java.lang.StackTraceElement)
ROOT 500000ed (kind=<system class>, name=java.lang.ThreadGroup[])
ROOT 50000140 (kind=<system class>, name=java.lang.ThreadGroup)
ROOT 500000ee (kind=<system class>, name=java.lang.Thread$UncaughtExceptionHandler[])
ROOT 50000141 (kind=<system class>, name=java.lang.Thread$UncaughtExceptionHandler)
ROOT 500000ef (kind=<system class>, name=com.sun.demo.jvmti.hprof.Tracker)
ROOT 500000f0 (kind=<system class>, name=java.lang.String$CaseInsensitiveComparator)
ROOT 500000f1 (kind=<system class>, name=java.util.Comparator)
ROOT 500000f2 (kind=<system class>, name=java.io.ObjectStreamField[])
ROOT 500000f4 (kind=<system class>, name=java.io.ObjectStreamField)
ROOT 500000f3 (kind=<system class>, name=java.lang.Comparable[])
ROOT 50000167 (kind=<system class>, name=java.lang.Comparable)
ROOT 500000f4 (kind=<system class>, name=java.io.ObjectStreamField)
ROOT 500000f5 (kind=<system class>, name=java.lang.OutOfMemoryError[])
ROOT 5000014d (kind=<system class>, name=java.lang.OutOfMemoryError)
ROOT 500000f6 (kind=<system class>, name=java.lang.VirtualMachineError[])
ROOT 5000014e (kind=<system class>, name=java.lang.VirtualMachineError)
ROOT 500000f7 (kind=<system class>, name=java.lang.Error[])
ROOT 5000015c (kind=<system class>, name=java.lang.Error)
ROOT 500000f8 (kind=<system class>, name=java.lang.Throwable[])
ROOT 5000015d (kind=<system class>, name=java.lang.Throwable)
ROOT 500000f9 (kind=<system class>, name=java.lang.ArithmeticException)
ROOT 500000fa (kind=<system class>, name=java.lang.NullPointerException)
ROOT 500000fb (kind=<system class>, name=java.lang.Class[])
ROOT 50000161 (kind=<system class>, name=java.lang.Class)
ROOT 500000fc (kind=<system class>, name=java.io.Serializable[])
ROOT 50000168 (kind=<system class>, name=java.io.Serializable)
ROOT 500000fd (kind=<system class>, name=java.lang.reflect.GenericDeclaration[])
ROOT 50000163 (kind=<system class>, name=java.lang.reflect.GenericDeclaration)
ROOT 500000fe (kind=<system class>, name=java.lang.reflect.AnnotatedElement[])
ROOT 50000164 (kind=<system class>, name=java.lang.reflect.AnnotatedElement)
ROOT 500000ff (kind=<system class>, name=java.lang.reflect.Type[])
ROOT 50000162 (kind=<system class>, name=java.lang.reflect.Type)
ROOT 50000100 (kind=<system class>, name=java.lang.Object[])
ROOT 50000169 (kind=<system class>, name=java.lang.Object)
ROOT 50000101 (kind=<system class>, name=java.lang.Long)
ROOT 50000102 (kind=<system class>, name=java.lang.Integer)
ROOT 50000103 (kind=<system class>, name=java.lang.Short)
ROOT 50000104 (kind=<system class>, name=java.lang.Byte)
ROOT 50000105 (kind=<system class>, name=java.lang.Double)
ROOT 50000106 (kind=<system class>, name=java.lang.Float)
ROOT 50000107 (kind=<system class>, name=java.lang.Number)
ROOT 50000108 (kind=<system class>, name=java.lang.Character)
ROOT 50000109 (kind=<system class>, name=java.lang.Boolean)
ROOT 5000010a (kind=<system class>, name=java.nio.Buffer)
ROOT 5000010b (kind=<system class>, name=java.lang.StackTraceElement)
ROOT 5000010c (kind=<system class>, name=java.security.CodeSource)
ROOT 5000010d (kind=<system class>, name=sun.misc.Launcher$ExtClassLoader)
ROOT 5000010e (kind=<system class>, name=sun.misc.Launcher$AppClassLoader)
ROOT 5000010f (kind=<system class>, name=sun.misc.Launcher)
ROOT 50000110 (kind=<system class>, name=java.util.jar.Manifest)
ROOT 50000111 (kind=<system class>, name=java.net.URL)
ROOT 50000112 (kind=<system class>, name=java.net.URLClassLoader)
ROOT 50000113 (kind=<system class>, name=java.io.File)
ROOT 50000114 (kind=<system class>, name=java.io.ByteArrayInputStream)
ROOT 50000115 (kind=<system class>, name=java.io.InputStream)
ROOT 50000116 (kind=<system class>, name=java.io.Closeable)
ROOT 50000117 (kind=<system class>, name=java.lang.AutoCloseable)
ROOT 50000118 (kind=<system class>, name=sun.misc.Unsafe)
ROOT 50000119 (kind=<system class>, name=java.lang.StringBuilder)
ROOT 5000011a (kind=<system class>, name=java.lang.StringBuffer)
ROOT 5000011b (kind=<system class>, name=java.lang.AbstractStringBuilder)
ROOT 5000011c (kind=<system class>, name=java.lang.Appendable)
ROOT 5000011d (kind=<system class>, name=java.lang.invoke.VolatileCallSite)
ROOT 5000011e (kind=<system class>, name=java.lang.invoke.MutableCallSite)
ROOT 5000011f (kind=<system class>, name=java.lang.invoke.ConstantCallSite)
ROOT 50000120 (kind=<system class>, name=java.lang.invoke.CallSite)
ROOT 50000121 (kind=<system class>, name=java.lang.BootstrapMethodError)
ROOT 50000122 (kind=<system class>, name=java.lang.invoke.MethodType)
ROOT 50000123 (kind=<system class>, name=java.lang.invoke.LambdaForm)
ROOT 50000124 (kind=<system class>, name=java.lang.invoke.MethodHandleNatives)
ROOT 50000125 (kind=<system class>, name=java.lang.invoke.MemberName)
ROOT 50000126 (kind=<system class>, name=java.lang.invoke.DirectMethodHandle)
ROOT 50000127 (kind=<system class>, name=java.lang.invoke.MethodHandle)
ROOT 50000128 (kind=<system class>, name=sun.reflect.CallerSensitive)
ROOT 50000129 (kind=<system class>, name=java.lang.annotation.Annotation)
ROOT 5000012a (kind=<system class>, name=sun.reflect.UnsafeStaticFieldAccessorImpl)
ROOT 5000012b (kind=<system class>, name=sun.reflect.UnsafeFieldAccessorImpl)
ROOT 5000012c (kind=<system class>, name=sun.reflect.FieldAccessorImpl)
ROOT 5000012d (kind=<system class>, name=sun.reflect.FieldAccessor)
ROOT 5000012e (kind=<system class>, name=sun.reflect.ConstantPool)
ROOT 5000012f (kind=<system class>, name=sun.reflect.DelegatingClassLoader)
ROOT 50000130 (kind=<system class>, name=sun.reflect.ConstructorAccessorImpl)
ROOT 50000131 (kind=<system class>, name=sun.reflect.ConstructorAccessor)
ROOT 50000132 (kind=<system class>, name=sun.reflect.MethodAccessorImpl)
ROOT 50000133 (kind=<system class>, name=sun.reflect.MethodAccessor)
ROOT 50000134 (kind=<system class>, name=sun.reflect.MagicAccessorImpl)
ROOT 50000135 (kind=<system class>, name=java.lang.reflect.Constructor)
ROOT 50000136 (kind=<system class>, name=java.lang.reflect.Method)
ROOT 50000137 (kind=<system class>, name=java.lang.reflect.Executable)
ROOT 50000138 (kind=<system class>, name=java.lang.reflect.Parameter)
ROOT 50000139 (kind=<system class>, name=java.lang.reflect.Field)
ROOT 5000013a (kind=<system class>, name=java.lang.reflect.Member)
ROOT 5000013b (kind=<system class>, name=java.lang.reflect.AccessibleObject)
ROOT 5000013c (kind=<system class>, name=java.util.Properties)
ROOT 5000013d (kind=<system class>, name=java.util.Hashtable)
ROOT 5000013e (kind=<system class>, name=java.util.Dictionary)
ROOT 5000013f (kind=<system class>, name=java.util.Map)
ROOT 50000140 (kind=<system class>, name=java.lang.ThreadGroup)
ROOT 50000141 (kind=<system class>, name=java.lang.Thread$UncaughtExceptionHandler)
ROOT 50000142 (kind=<system class>, name=java.lang.Thread)
ROOT 50000143 (kind=<system class>, name=java.lang.Runnable)
ROOT 50000144 (kind=<system class>, name=java.lang.ref.Finalizer)
ROOT 50000145 (kind=<system class>, name=sun.misc.Cleaner)
ROOT 50000146 (kind=<system class>, name=java.lang.ref.PhantomReference)
ROOT 50000147 (kind=<system class>, name=java.lang.ref.FinalReference)
ROOT 50000148 (kind=<system class>, name=java.lang.ref.WeakReference)
ROOT 50000149 (kind=<system class>, name=java.lang.ref.SoftReference)
ROOT 5000014a (kind=<system class>, name=java.lang.ref.Reference)
ROOT 5000014b (kind=<system class>, name=java.lang.IllegalMonitorStateException)
ROOT 5000014c (kind=<system class>, name=java.lang.StackOverflowError)
ROOT 5000014d (kind=<system class>, name=java.lang.OutOfMemoryError)
ROOT 5000014e (kind=<system class>, name=java.lang.VirtualMachineError)
ROOT 5000014f (kind=<system class>, name=java.lang.ArrayStoreException)
ROOT 50000150 (kind=<system class>, name=java.lang.ClassCastException)
ROOT 50000151 (kind=<system class>, name=java.lang.NoClassDefFoundError)
ROOT 50000152 (kind=<system class>, name=java.lang.LinkageError)
ROOT 50000153 (kind=<system class>, name=java.lang.ClassNotFoundException)
ROOT 50000154 (kind=<system class>, name=java.lang.ReflectiveOperationException)
ROOT 50000155 (kind=<system class>, name=java.security.SecureClassLoader)
ROOT 50000156 (kind=<system class>, name=java.security.AccessControlContext)
ROOT 50000157 (kind=<system class>, name=java.security.ProtectionDomain)
ROOT 50000158 (kind=<system class>, name=java.lang.SecurityManager)
ROOT 50000159 (kind=<system class>, name=java.lang.RuntimeException)
ROOT 5000015a (kind=<system class>, name=java.lang.Exception)
ROOT 5000015b (kind=<system class>, name=java.lang.ThreadDeath)
ROOT 5000015c (kind=<system class>, name=java.lang.Error)
ROOT 5000015d (kind=<system class>, name=java.lang.Throwable)
ROOT 5000015e (kind=<system class>, name=java.lang.System)
ROOT 5000015f (kind=<system class>, name=java.lang.ClassLoader)
ROOT 50000160 (kind=<system class>, name=java.lang.Cloneable)
ROOT 50000161 (kind=<system class>, name=java.lang.Class)
ROOT 50000162 (kind=<system class>, name=java.lang.reflect.Type)
ROOT 50000163 (kind=<system class>, name=java.lang.reflect.GenericDeclaration)
ROOT 50000164 (kind=<system class>, name=java.lang.reflect.AnnotatedElement)
ROOT 50000165 (kind=<system class>, name=java.lang.String)
ROOT 50000166 (kind=<system class>, name=java.lang.CharSequence)
ROOT 50000167 (kind=<system class>, name=java.lang.Comparable)
ROOT 50000168 (kind=<system class>, name=java.io.Serializable)
ROOT 50000169 (kind=<system class>, name=java.lang.Object)
ROOT 5000016a (kind=<system class>, name=long[])
ROOT 5000079c (kind=<system class>, name=java.lang.Class)
ROOT 5000016b (kind=<system class>, name=int[])
ROOT 5000079d (kind=<system class>, name=java.lang.Class)
ROOT 5000016c (kind=<system class>, name=short[])
ROOT 5000079e (kind=<system class>, name=java.lang.Class)
ROOT 5000016d (kind=<system class>, name=byte[])
ROOT 5000079f (kind=<system class>, name=java.lang.Class)
ROOT 5000016e (kind=<system class>, name=double[])
ROOT 500007a0 (kind=<system class>, name=java.lang.Class)
ROOT 5000016f (kind=<system class>, name=float[])
ROOT 500007a1 (kind=<system class>, name=java.lang.Class)
ROOT 50000170 (kind=<system class>, name=char[])
ROOT 500007a2 (kind=<system class>, name=java.lang.Class)
ROOT 50000171 (kind=<system class>, name=boolean[])
ROOT 500007a3 (kind=<system class>, name=java.lang.Class)
ROOT 500006d5 (kind=<busy monitor>)
ROOT 500006d2 (kind=<busy monitor>)
ROOT 5000079d (kind=<unknown>)
ROOT 500007a1 (kind=<unknown>)
ROOT 500007a0 (kind=<unknown>)
ROOT 5000079f (kind=<unknown>)
ROOT 500007a3 (kind=<unknown>)
ROOT 500007a2 (kind=<unknown>)
ROOT 5000079c (kind=<unknown>)
ROOT 5000079e (kind=<unknown>)
ROOT 500007a4 (kind=<unknown>)
ROOT 500007a3 (kind=<unknown>)
ROOT 500007a2 (kind=<unknown>)
ROOT 500007a1 (kind=<unknown>)
ROOT 500007a0 (kind=<unknown>)
ROOT 5000079f (kind=<unknown>)
ROOT 5000079e (kind=<unknown>)
ROOT 5000079d (kind=<unknown>)
ROOT 5000079c (kind=<unknown>)
ROOT 500007a4 (kind=<unknown>)
ROOT 500007a5 (kind=<unknown>)
ROOT 500007a6 (kind=<unknown>)
ROOT 500007a7 (kind=<unknown>)
ROOT 500007a8 (kind=<unknown>)
ROOT 500007a9 (kind=<unknown>)
ROOT 500007aa (kind=<unknown>)
ROOT 500007ab (kind=<unknown>)
ROOT 500007ac (kind=<unknown>)
ROOT 500007ad (kind=<unknown>)
ROOT 500007ae (kind=<unknown>)
ROOT 500007af (kind=<unknown>)
ROOT 500007b0 (kind=<unknown>)
ROOT 500007b1 (kind=<unknown>)
ROOT 500007b2 (kind=<unknown>)
ROOT 500007b3 (kind=<unknown>)
ROOT 500007b4 (kind=<unknown>)
ROOT 5000015e (kind=<unknown>)
ROOT 500007b5 (kind=<unknown>)
ROOT 500000ef (kind=<unknown>)
ROOT 500000ef (kind=<unknown>)
ROOT 500000ef (kind=<unknown>)
ROOT 500000ef (kind=<unknown>)
ROOT 500007b6 (kind=<unknown>)
ROOT 500000ef (kind=<unknown>)
ROOT 500007b6 (kind=<unknown>)
ROOT 50000142 (kind=<unknown>)
ROOT 500000ef (kind=<unknown>)
ROOT 500007b6 (kind=<unknown>)
ROOT 5000015e (kind=<unknown>)
OBJ 50000172 (sz=376, trace=300000, class=java.lang.Thread@50000142)
OBJ 50000173 (sz=376, trace=300001, class=java.lang.Thread@50000142)
OBJ 50000174 (sz=8, trace=300002, class=java.lang.Object@50000169)
OBJ 50000175 (sz=376, trace=300001, class=java.lang.Thread@50000142)
OBJ 50000176 (sz=8, trace=300002, class=java.lang.Object@50000169)
OBJ 50000177 (sz=376, trace=300001, class=java.lang.Thread@50000142)
OBJ 50000178 (sz=8, trace=300002, class=java.lang.Object@50000169)
OBJ 50000179 (sz=376, trace=300001, class=java.lang.Thread@50000142)
OBJ 5000017a (sz=8, trace=300002, class=java.lang.Object@50000169)
ARR 5000017c (sz=16, trace=300004, nelems=0, elem type=java.lang.Object[]@50000100)
OBJ 5000017d (sz=16, trace=300005, class=java.lang.Integer@50000102)
OBJ 5000017f (sz=16, trace=300007, class=java.lang.invoke.MethodHandleImpl$1@5000017e)
OBJ 50000180 (sz=16, trace=300008, class=java.lang.StringBuilder@50000119)
ARR 50000181 (sz=48, trace=300009, nelems=0, elem type=char[])
ARR 50000182 (sz=80, trace=300010, nelems=0, elem type=char[])
ARR 50000183 (sz=152, trace=300010, nelems=0, elem type=char[])
OBJ 50000184 (sz=16, trace=300011, class=java.lang.String@50000165)
ARR 50000185 (sz=104, trace=300012, nelems=0, elem type=char[])
OBJ 50000186 (sz=16, trace=300013, class=java.lang.Integer@50000102)
OBJ 50000189 (sz=8, trace=300015, class=java.lang.invoke.MethodHandleImpl$2@50000188)
OBJ 5000018b (sz=8, trace=300017, class=java.lang.invoke.MethodHandleImpl$3@5000018a)
ARR 5000018d (sz=24, trace=300018, nelems=0, elem type=java.lang.invoke.MethodHandle[]@5000018c)
ARR 5000018e (sz=16, trace=300019, nelems=0, elem type=java.lang.Object[]@50000100)
ARR 5000018f (sz=1040, trace=300020, nelems=0, elem type=java.lang.invoke.MethodHandle[]@5000018c)
ARR 50000194 (sz=16, trace=300023, nelems=0, elem type=java.lang.ClassValue$Entry[]@50000193)
OBJ 50000195 (sz=16, trace=300024, class=java.util.concurrent.atomic.AtomicInteger@500000aa)
OBJ 50000196 (sz=8, trace=300025, class=java.lang.Object@50000169)
OBJ 50000197 (sz=24, trace=300026, class=java.lang.invoke.MethodHandleImpl$4@50000191)
	identity	50000199
	version		5000019b
OBJ 50000199 (sz=8, trace=300028, class=java.lang.ClassValue$Identity@50000198)
OBJ 5000019b (sz=16, trace=300030, class=java.lang.ClassValue$Version@5000019a)
	classValue	50000197
	promise		5000019d
OBJ 5000019c (sz=32, trace=300031, class=java.lang.ClassValue$Entry@50000192)
	queue		50000835
OBJ 5000019d (sz=32, trace=300032, class=java.lang.ClassValue$Entry@50000192)
	referent	5000019b
	queue		50000835
	value		5000019d
OBJ 5000019f (sz=8, trace=300034, class=java.lang.invoke.MemberName$Factory@5000019e)
ARR 500001a1 (sz=48, trace=300036, nelems=0, elem type=java.lang.Object[]@50000100)
OBJ 500001a3 (sz=16, trace=300038, class=java.lang.invoke.MethodHandleStatics$1@500001a2)
OBJ 500001a4 (sz=48, trace=300039, class=java.lang.Class$ReflectionData@500000a8)
OBJ 500001a5 (sz=32, trace=300040, class=java.lang.ref.SoftReference@50000149)
OBJ 500001a6 (sz=64, trace=300041, class=java.lang.reflect.Field@50000139)
OBJ 500001a7 (sz=376, trace=300001, class=java.lang.Thread@50000142)
OBJ 500001a8 (sz=8, trace=300002, class=java.lang.Object@50000169)
OBJ 500001a9 (sz=376, trace=300000, class=java.lang.Thread@50000142)
OBJ 500001ab (sz=16, trace=300042, class=sun.launcher.LauncherHelper@500001aa)
	name		5000128c
ARR 500001ad (sz=16, trace=300043, nelems=1, elem type=sun.launcher.LauncherHelper[]@500001ac)
	[0]		500001ab
OBJ 500001ae (sz=16, trace=300044, class=java.lang.StringBuilder@50000119)
	value		500001af
ARR 500001af (sz=32, trace=300045, nelems=16, elem type=char[])
OBJ 500001b0 (sz=16, trace=300046, class=java.lang.String@50000165)
	value		500001b1
ARR 500001b1 (sz=8, trace=300047, nelems=4, elem type=char[])
OBJ 500001b2 (sz=8, trace=300048, class=java.lang.Object@50000169)
ARR 500001b3 (sz=80, trace=300049, nelems=15, elem type=java.util.concurrent.ConcurrentHashMap$Node[]@50000020)
	[0]		5000065a
	[3]		500001b4
	[9]		50000662
	[10]		5000064b
	[11]		500006bc
	[14]		5000065e
OBJ 500001b4 (sz=24, trace=300050, class=java.util.concurrent.ConcurrentHashMap$Node@50000021)
	key		500001b0
	val		500001b2
OBJ 500001b5 (sz=8, trace=300051, class=java.lang.Object@50000169)
ARR 500001b6 (sz=80, trace=300049, nelems=15, elem type=java.util.concurrent.ConcurrentHashMap$Node[]@50000020)
	[0]		5000065c
	[3]		500001b7
	[9]		50000664
	[10]		5000064d
	[11]		500006be
	[14]		50000660
OBJ 500001b7 (sz=24, trace=300050, class=java.util.concurrent.ConcurrentHashMap$Node@50000021)
	key		500001b0
	val		500001b5
OBJ 500001b9 (sz=16, trace=300053, class=java.net.URLClassLoader$1@500001b8)
ARR 500001ba (sz=32, trace=300054, nelems=0, elem type=char[])
OBJ 500001bb (sz=16, trace=300055, class=java.lang.String@50000165)
OBJ 500001bd (sz=16, trace=300057, class=java.lang.StringBuilder@50000119)
ARR 500001be (sz=48, trace=300058, nelems=0, elem type=char[])
ARR 500001bf (sz=144, trace=300010, nelems=0, elem type=char[])
OBJ 500001c0 (sz=16, trace=300059, class=java.lang.String@50000165)
	value		500001c1
ARR 500001c1 (sz=126, trace=300060, nelems=63, elem type=char[])
OBJ 500001c3 (sz=16, trace=300062, class=sun.misc.URLClassPath$3@500001c2)
OBJ 500001ca (sz=8, trace=300066, class=java.util.zip.ZipFile$1@500001c9)
OBJ 500001cb (sz=16, trace=300067, class=java.lang.StringBuilder@50000119)
ARR 500001cc (sz=48, trace=300068, nelems=0, elem type=char[])
ARR 500001cd (sz=24, trace=300069, nelems=3, elem type=java.io.ObjectStreamField[]@500000f2)
	[0]		500001ce
	[1]		500001d3
	[2]		500001d8
OBJ 500001ce (sz=32, trace=300070, class=java.io.ObjectStreamField@500000f4)
	name		50000aa1
	signature	500001d1
	type		50000170
OBJ 500001cf (sz=16, trace=300071, class=java.lang.StringBuilder@50000119)
ARR 500001d0 (sz=48, trace=300072, nelems=0, elem type=char[])
OBJ 500001d1 (sz=16, trace=300073, class=java.lang.String@50000165)
	value		500001d2
ARR 500001d2 (sz=4, trace=300074, nelems=2, elem type=char[])
OBJ 500001d3 (sz=32, trace=300075, class=java.io.ObjectStreamField@500000f4)
	name		50000fe8
	signature	50000aa7
	type		5000079d
OBJ 500001d4 (sz=16, trace=300071, class=java.lang.StringBuilder@50000119)
ARR 500001d5 (sz=48, trace=300072, nelems=0, elem type=char[])
OBJ 500001d6 (sz=16, trace=300073, class=java.lang.String@50000165)
ARR 500001d7 (sz=16, trace=300074, nelems=0, elem type=char[])
OBJ 500001d8 (sz=32, trace=300076, class=java.io.ObjectStreamField@500000f4)
	name		50000fe9
	signature	500001db
	type		500007a3
OBJ 500001d9 (sz=16, trace=300071, class=java.lang.StringBuilder@50000119)
ARR 500001da (sz=48, trace=300072, nelems=0, elem type=char[])
OBJ 500001db (sz=16, trace=300073, class=java.lang.String@50000165)
	value		500001dc
ARR 500001dc (sz=2, trace=300074, nelems=1, elem type=char[])
OBJ 500001dd (sz=24, trace=300077, class=java.lang.StringBuffer@5000011a)
ARR 500001de (sz=136, trace=300078, nelems=0, elem type=char[])
ARR 500001df (sz=136, trace=300079, nelems=0, elem type=char[])
OBJ 500001e0 (sz=16, trace=300080, class=java.lang.String@50000165)
ARR 500001e1 (sz=136, trace=300010, nelems=0, elem type=char[])
ARR 500001e2 (sz=264, trace=300010, nelems=0, elem type=char[])
OBJ 500001e3 (sz=16, trace=300081, class=java.lang.String@50000165)
	value		500001e4
ARR 500001e4 (sz=126, trace=300082, nelems=63, elem type=char[])
OBJ 500001e5 (sz=64, trace=300083, class=java.net.URL@50000111)
	protocol	50001015
	host		500007b7
	file		500001e3
	authority	500007b7
	path		500001e3
	handler		50001072
OBJ 500001e6 (sz=24, trace=300084, class=java.net.Parts@50000011)
OBJ 500001e7 (sz=48, trace=300085, class=sun.misc.URLClassPath$JarLoader@500001c5)
	base		500001e5
	jar		5000024f
	csu		50001078
	handler		50001072
	lmap		50001073
	acc		50000a85
OBJ 500001e8 (sz=24, trace=300086, class=java.io.File@50000113)
OBJ 500001e9 (sz=40, trace=300087, class=java.util.HashMap@500000bd)
OBJ 500001eb (sz=16, trace=300089, class=sun.misc.URLClassPath$JarLoader$1@500001ea)
OBJ 500001ed (sz=16, trace=300091, class=sun.misc.FileURLMapper@500001ec)
OBJ 500001ee (sz=24, trace=300092, class=java.io.File@50000113)
ARR 500001ef (sz=184, trace=300093, nelems=0, elem type=byte[])
ARR 500001f0 (sz=72, trace=300094, nelems=0, elem type=byte[])
OBJ 500001f1 (sz=16, trace=300095, class=java.lang.String@50000165)
ARR 500001f2 (sz=40, trace=300096, nelems=0, elem type=char[])
OBJ 500001f6 (sz=8, trace=300099, class=java.util.jar.JavaUtilJarAccessImpl@500001f5)
ARR 500001f7 (sz=20, trace=300100, nelems=10, elem type=char[])
ARR 500001f8 (sz=512, trace=300101, nelems=128, elem type=int[])
ARR 500001f9 (sz=40, trace=300102, nelems=10, elem type=int[])
OBJ 500001fa (sz=24, trace=300103, class=java.io.File@50000113)
ARR 500001fc (sz=32, trace=300105, nelems=0, elem type=char[])
OBJ 500001fd (sz=16, trace=300106, class=java.lang.String@50000165)
ARR 500001fe (sz=32, trace=300107, nelems=0, elem type=char[])
OBJ 50000200 (sz=24, trace=300109, class=sun.nio.cs.US_ASCII@500001ff)
	name		50000ea3
	aliases		50000ea2
OBJ 50000201 (sz=16, trace=300110, class=sun.security.action.GetPropertyAction@50000067)
ARR 50000202 (sz=24, trace=300111, nelems=0, elem type=java.lang.Object[]@50000100)
ARR 50000203 (sz=32, trace=300105, nelems=0, elem type=char[])
OBJ 50000204 (sz=16, trace=300106, class=java.lang.String@50000165)
ARR 50000205 (sz=32, trace=300107, nelems=0, elem type=char[])
OBJ 50000206 (sz=16, trace=300112, class=java.lang.StringBuilder@50000119)
ARR 50000207 (sz=48, trace=300113, nelems=0, elem type=char[])
ARR 50000208 (sz=80, trace=300010, nelems=0, elem type=char[])
OBJ 50000209 (sz=16, trace=300114, class=java.lang.String@50000165)
ARR 5000020a (sz=56, trace=300115, nelems=0, elem type=char[])
ARR 5000020c (sz=16, trace=300117, nelems=0, elem type=java.lang.Class[]@500000fb)
OBJ 5000020d (sz=48, trace=300118, class=java.lang.Class$ReflectionData@500000a8)
OBJ 5000020e (sz=32, trace=300040, class=java.lang.ref.SoftReference@50000149)
OBJ 5000020f (sz=72, trace=300119, class=java.lang.reflect.Constructor@50000135)
OBJ 50000210 (sz=16, trace=300120, class=java.lang.Class$1@50000093)
OBJ 50000211 (sz=24, trace=300121, class=sun.reflect.NativeConstructorAccessorImpl@50000091)
OBJ 50000212 (sz=16, trace=300122, class=sun.reflect.DelegatingConstructorAccessorImpl@50000090)
OBJ 50000213 (sz=24, trace=300123, class=sun.nio.cs.ISO_8859_1@5000020b)
	name		50000f5a
	aliases		50000f09
ARR 50000214 (sz=24, trace=300111, nelems=0, elem type=java.lang.Object[]@50000100)
ARR 50000215 (sz=24, trace=300105, nelems=0, elem type=char[])
OBJ 50000216 (sz=16, trace=300106, class=java.lang.String@50000165)
ARR 50000217 (sz=24, trace=300107, nelems=0, elem type=char[])
ARR 50000218 (sz=24, trace=300111, nelems=0, elem type=java.lang.Object[]@50000100)
ARR 50000219 (sz=32, trace=300105, nelems=0, elem type=char[])
OBJ 5000021a (sz=16, trace=300106, class=java.lang.String@50000165)
ARR 5000021b (sz=32, trace=300107, nelems=0, elem type=char[])
OBJ 5000021c (sz=16, trace=300112, class=java.lang.StringBuilder@50000119)
ARR 5000021d (sz=48, trace=300113, nelems=0, elem type=char[])
ARR 5000021e (sz=80, trace=300010, nelems=0, elem type=char[])
OBJ 5000021f (sz=16, trace=300114, class=java.lang.String@50000165)
ARR 50000220 (sz=56, trace=300115, nelems=0, elem type=char[])
ARR 50000222 (sz=16, trace=300117, nelems=0, elem type=java.lang.Class[]@500000fb)
OBJ 50000223 (sz=48, trace=300118, class=java.lang.Class$ReflectionData@500000a8)
OBJ 50000224 (sz=32, trace=300040, class=java.lang.ref.SoftReference@50000149)
OBJ 50000225 (sz=72, trace=300119, class=java.lang.reflect.Constructor@50000135)
OBJ 50000226 (sz=16, trace=300120, class=java.lang.Class$1@50000093)
OBJ 50000227 (sz=24, trace=300121, class=sun.reflect.NativeConstructorAccessorImpl@50000091)
OBJ 50000228 (sz=16, trace=300122, class=sun.reflect.DelegatingConstructorAccessorImpl@50000090)
OBJ 50000229 (sz=24, trace=300124, class=sun.nio.cs.UTF_16BE@50000221)
	name		50000f5c
	aliases		50000f11
ARR 5000022a (sz=24, trace=300111, nelems=0, elem type=java.lang.Object[]@50000100)
ARR 5000022b (sz=32, trace=300105, nelems=0, elem type=char[])
OBJ 5000022c (sz=16, trace=300106, class=java.lang.String@50000165)
ARR 5000022d (sz=32, trace=300107, nelems=0, elem type=char[])
OBJ 5000022e (sz=16, trace=300112, class=java.lang.StringBuilder@50000119)
ARR 5000022f (sz=48, trace=300113, nelems=0, elem type=char[])
ARR 50000230 (sz=80, trace=300010, nelems=0, elem type=char[])
OBJ 50000231 (sz=16, trace=300114, class=java.lang.String@50000165)
ARR 50000232 (sz=56, trace=300115, nelems=0, elem type=char[])
ARR 50000234 (sz=16, trace=300117, nelems=0, elem type=java.lang.Class[]@500000fb)
OBJ 50000235 (sz=48, trace=300118, class=java.lang.Class$ReflectionData@500000a8)
OBJ 50000236 (sz=32, trace=300040, class=java.lang.ref.SoftReference@50000149)
OBJ 50000237 (sz=72, trace=300119, class=java.lang.reflect.Constructor@50000135)
OBJ 50000238 (sz=16, trace=300120, class=java.lang.Class$1@50000093)
OBJ 50000239 (sz=24, trace=300121, class=sun.reflect.NativeConstructorAccessorImpl@50000091)
OBJ 5000023a (sz=16, trace=300122, class=sun.reflect.DelegatingConstructorAccessorImpl@50000090)
OBJ 5000023b (sz=24, trace=300125, class=sun.nio.cs.UTF_16LE@50000233)
	name		50000f66
	aliases		50000f10
ARR 5000023c (sz=24, trace=300111, nelems=0, elem type=java.lang.Object[]@50000100)
ARR 5000023d (sz=24, trace=300105, nelems=0, elem type=char[])
OBJ 5000023e (sz=16, trace=300106, class=java.lang.String@50000165)
ARR 5000023f (sz=24, trace=300107, nelems=0, elem type=char[])
OBJ 50000240 (sz=16, trace=300112, class=java.lang.StringBuilder@50000119)
ARR 50000241 (sz=48, trace=300113, nelems=0, elem type=char[])
ARR 50000242 (sz=80, trace=300010, nelems=0, elem type=char[])
OBJ 50000243 (sz=16, trace=300114, class=java.lang.String@50000165)
ARR 50000244 (sz=48, trace=300115, nelems=0, elem type=char[])
ARR 50000246 (sz=16, trace=300117, nelems=0, elem type=java.lang.Class[]@500000fb)
OBJ 50000247 (sz=48, trace=300118, class=java.lang.Class$ReflectionData@500000a8)
OBJ 50000248 (sz=32, trace=300040, class=java.lang.ref.SoftReference@50000149)
OBJ 50000249 (sz=72, trace=300119, class=java.lang.reflect.Constructor@50000135)
OBJ 5000024a (sz=16, trace=300120, class=java.lang.Class$1@50000093)
OBJ 5000024b (sz=24, trace=300121, class=sun.reflect.NativeConstructorAccessorImpl@50000091)
OBJ 5000024c (sz=16, trace=300122, class=sun.reflect.DelegatingConstructorAccessorImpl@50000090)
OBJ 5000024d (sz=24, trace=300126, class=sun.nio.cs.UTF_16@50000245)
	name		50000f5f
	aliases		50000f12
ARR 5000024e (sz=24, trace=300111, nelems=2, elem type=java.lang.Object[]@50000100)
	[0]		50000f5f
	[1]		5000024d
OBJ 5000024f (sz=56, trace=300127, class=java.util.jar.JarFile@500001f3)
	name		50001094
	zc		5000025b
	streams		50000251
	inflaterCache	50000258
	manEntry	500002bf
OBJ 50000250 (sz=32, trace=300128, class=java.lang.ref.Finalizer@50000144)
	referent	5000024f
	queue		500006d1
	next		5000124c
	prev		500002c5
OBJ 50000251 (sz=48, trace=300129, class=java.util.WeakHashMap@5000009e)
	table		50000254
	queue		50000252
OBJ 50000252 (sz=24, trace=300130, class=java.lang.ref.ReferenceQueue@500000ca)
	lock		50000253
OBJ 50000253 (sz=8, trace=300131, class=java.lang.ref.ReferenceQueue$Lock@500000c8)
ARR 50000254 (sz=80, trace=300132, nelems=0, elem type=java.util.WeakHashMap$Entry[]@50000037)
OBJ 50000258 (sz=24, trace=300134, class=java.util.ArrayDeque@50000257)
	elements	50000259
ARR 50000259 (sz=80, trace=300135, nelems=1, elem type=java.lang.Object[]@50000100)
	[0]		500002c8
OBJ 5000025b (sz=32, trace=300137, class=java.util.zip.ZipCoder@5000025a)
	cs		50000b51
	dec		500002b9
	enc		50000281
ARR 5000025c (sz=184, trace=300138, nelems=0, elem type=byte[])
ARR 5000025d (sz=72, trace=300094, nelems=0, elem type=byte[])
ARR 5000025e (sz=184, trace=300139, nelems=0, elem type=byte[])
ARR 5000025f (sz=72, trace=300094, nelems=0, elem type=byte[])
OBJ 50000262 (sz=8, trace=300142, class=sun.misc.Perf$GetPerfAction@50000261)
OBJ 50000264 (sz=8, trace=300144, class=sun.misc.Perf@50000263)
OBJ 50000266 (sz=16, trace=300146, class=sun.misc.PerfCounter@50000260)
	name		50000b3b
	lb		5000026e
OBJ 5000026a (sz=16, trace=300148, class=sun.security.action.GetPropertyAction@50000067)
OBJ 5000026b (sz=56, trace=300149, class=java.nio.DirectByteBuffer@50000269)
OBJ 5000026e (sz=48, trace=300151, class=java.nio.DirectLongBufferU@5000026d)
	att		5000026b
OBJ 5000026f (sz=16, trace=300152, class=sun.misc.PerfCounter@50000260)
	name		50000b3c
	lb		50000271
OBJ 50000270 (sz=56, trace=300149, class=java.nio.DirectByteBuffer@50000269)
OBJ 50000271 (sz=48, trace=300151, class=java.nio.DirectLongBufferU@5000026d)
	att		50000270
OBJ 50000272 (sz=16, trace=300153, class=sun.misc.PerfCounter@50000260)
	name		50000b3d
	lb		50000274
OBJ 50000273 (sz=56, trace=300149, class=java.nio.DirectByteBuffer@50000269)
OBJ 50000274 (sz=48, trace=300151, class=java.nio.DirectLongBufferU@5000026d)
	att		50000273
OBJ 50000275 (sz=16, trace=300154, class=sun.misc.PerfCounter@50000260)
	name		50000b3e
	lb		50000277
OBJ 50000276 (sz=56, trace=300149, class=java.nio.DirectByteBuffer@50000269)
OBJ 50000277 (sz=48, trace=300151, class=java.nio.DirectLongBufferU@5000026d)
	att		50000276
OBJ 50000278 (sz=16, trace=300155, class=sun.misc.PerfCounter@50000260)
	name		50000b3f
	lb		5000027a
OBJ 50000279 (sz=56, trace=300149, class=java.nio.DirectByteBuffer@50000269)
OBJ 5000027a (sz=48, trace=300151, class=java.nio.DirectLongBufferU@5000026d)
	att		50000279
OBJ 5000027b (sz=16, trace=300156, class=sun.misc.PerfCounter@50000260)
	name		50000b40
	lb		5000027d
OBJ 5000027c (sz=56, trace=300149, class=java.nio.DirectByteBuffer@50000269)
OBJ 5000027d (sz=48, trace=300151, class=java.nio.DirectLongBufferU@5000026d)
	att		5000027c
OBJ 5000027f (sz=16, trace=300158, class=sun.security.action.GetPropertyAction@50000067)
ARR 50000280 (sz=16, trace=300159, nelems=0, elem type=byte[])
OBJ 50000281 (sz=48, trace=300160, class=sun.nio.cs.UTF_8$Encoder@50000064)
	charset		50000b51
	replacement	50000282
	malformedInputAction	50000b4a
	unmappableCharacterAction	50000b4a
ARR 50000282 (sz=1, trace=300161, nelems=1, elem type=byte[])
ARR 50000283 (sz=56, trace=300162, nelems=0, elem type=char[])
ARR 50000284 (sz=72, trace=300163, nelems=0, elem type=byte[])
ARR 50000285 (sz=32, trace=300164, nelems=0, elem type=byte[])
OBJ 50000287 (sz=16, trace=300166, class=sun.security.action.GetPropertyAction@50000067)
ARR 50000288 (sz=56, trace=300167, nelems=11, elem type=java.lang.String[]@500000bf)
	[0]		5000028b
	[1]		5000028f
	[2]		50000293
	[3]		50000297
	[4]		5000029b
	[5]		5000029f
	[6]		500002a3
	[7]		50000b27
	[8]		500002a8
	[9]		500002ad
	[10]		500002b2
OBJ 50000289 (sz=16, trace=300168, class=java.lang.StringBuilder@50000119)
ARR 5000028a (sz=48, trace=300169, nelems=0, elem type=char[])
OBJ 5000028b (sz=16, trace=300170, class=java.lang.String@50000165)
	value		5000028c
ARR 5000028c (sz=14, trace=300171, nelems=7, elem type=char[])
OBJ 5000028d (sz=16, trace=300172, class=java.lang.StringBuilder@50000119)
ARR 5000028e (sz=48, trace=300173, nelems=0, elem type=char[])
OBJ 5000028f (sz=16, trace=300174, class=java.lang.String@50000165)
	value		50000290
ARR 50000290 (sz=18, trace=300175, nelems=9, elem type=char[])
OBJ 50000291 (sz=16, trace=300176, class=java.lang.StringBuilder@50000119)
ARR 50000292 (sz=48, trace=300177, nelems=0, elem type=char[])
OBJ 50000293 (sz=16, trace=300178, class=java.lang.String@50000165)
	value		50000294
ARR 50000294 (sz=16, trace=300179, nelems=8, elem type=char[])
OBJ 50000295 (sz=16, trace=300180, class=java.lang.StringBuilder@50000119)
ARR 50000296 (sz=48, trace=300181, nelems=0, elem type=char[])
OBJ 50000297 (sz=16, trace=300182, class=java.lang.String@50000165)
	value		50000298
ARR 50000298 (sz=26, trace=300183, nelems=13, elem type=char[])
OBJ 50000299 (sz=16, trace=300184, class=java.lang.StringBuilder@50000119)
ARR 5000029a (sz=48, trace=300185, nelems=0, elem type=char[])
OBJ 5000029b (sz=16, trace=300186, class=java.lang.String@50000165)
	value		5000029c
ARR 5000029c (sz=20, trace=300187, nelems=10, elem type=char[])
OBJ 5000029d (sz=16, trace=300188, class=java.lang.StringBuilder@50000119)
ARR 5000029e (sz=48, trace=300189, nelems=0, elem type=char[])
OBJ 5000029f (sz=16, trace=300190, class=java.lang.String@50000165)
	value		500002a0
ARR 500002a0 (sz=20, trace=300191, nelems=10, elem type=char[])
OBJ 500002a1 (sz=16, trace=300192, class=java.lang.StringBuilder@50000119)
ARR 500002a2 (sz=48, trace=300193, nelems=0, elem type=char[])
OBJ 500002a3 (sz=16, trace=300194, class=java.lang.String@50000165)
	value		500002a4
ARR 500002a4 (sz=30, trace=300195, nelems=15, elem type=char[])
OBJ 500002a5 (sz=16, trace=300196, class=java.lang.StringBuilder@50000119)
ARR 500002a6 (sz=48, trace=300197, nelems=0, elem type=char[])
ARR 500002a7 (sz=80, trace=300010, nelems=0, elem type=char[])
OBJ 500002a8 (sz=16, trace=300198, class=java.lang.String@50000165)
	value		500002a9
ARR 500002a9 (sz=62, trace=300199, nelems=31, elem type=char[])
OBJ 500002aa (sz=16, trace=300200, class=java.lang.StringBuilder@50000119)
ARR 500002ab (sz=48, trace=300201, nelems=0, elem type=char[])
ARR 500002ac (sz=80, trace=300010, nelems=0, elem type=char[])
OBJ 500002ad (sz=16, trace=300202, class=java.lang.String@50000165)
	value		500002ae
ARR 500002ae (sz=50, trace=300203, nelems=25, elem type=char[])
OBJ 500002af (sz=16, trace=300204, class=java.lang.StringBuilder@50000119)
ARR 500002b0 (sz=48, trace=300205, nelems=0, elem type=char[])
ARR 500002b1 (sz=80, trace=300010, nelems=0, elem type=char[])
OBJ 500002b2 (sz=16, trace=300206, class=java.lang.String@50000165)
	value		500002b3
ARR 500002b3 (sz=42, trace=300207, nelems=21, elem type=char[])
ARR 500002b4 (sz=56, trace=300162, nelems=0, elem type=char[])
ARR 500002b5 (sz=72, trace=300163, nelems=0, elem type=byte[])
ARR 500002b6 (sz=32, trace=300164, nelems=0, elem type=byte[])
OBJ 500002b8 (sz=72, trace=300209, class=java.util.zip.ZipEntry@500002b7)
OBJ 500002b9 (sz=40, trace=300210, class=sun.nio.cs.UTF_8$Decoder@50000086)
	charset		50000b51
	replacement	50000b03
	malformedInputAction	50000b4a
	unmappableCharacterAction	50000b4a
ARR 500002ba (sz=56, trace=300211, nelems=0, elem type=char[])
OBJ 500002bb (sz=16, trace=300212, class=java.lang.String@50000165)
	value		500002bc
ARR 500002bc (sz=40, trace=300213, nelems=20, elem type=char[])
OBJ 500002bf (sz=88, trace=300215, class=java.util.jar.JarFile$JarFileEntry@500002be)
	name		500002bb
	this$0		5000024f
ARR 500002c0 (sz=56, trace=300216, nelems=0, elem type=char[])
ARR 500002c1 (sz=72, trace=300217, nelems=0, elem type=byte[])
ARR 500002c2 (sz=32, trace=300218, nelems=0, elem type=byte[])
OBJ 500002c4 (sz=48, trace=300220, class=java.util.zip.ZipFile$ZipFileInputStream@500002c3)
	this$0		5000024f
OBJ 500002c5 (sz=32, trace=300128, class=java.lang.ref.Finalizer@50000144)
	referent	500002c4
	queue		500006d1
	next		50000250
	prev		500002c9
ARR 500002c7 (sz=0, trace=300222, nelems=0, elem type=byte[])
OBJ 500002c8 (sz=48, trace=300223, class=java.util.zip.Inflater@500002c6)
	zsRef		500002cb
	buf		500002c7
OBJ 500002c9 (sz=32, trace=300128, class=java.lang.ref.Finalizer@50000144)
	referent	500002c8
	queue		500006d1
	next		500002c5
	prev		500002cf
OBJ 500002cb (sz=16, trace=300225, class=java.util.zip.ZStreamRef@500002ca)
OBJ 500002ce (sz=48, trace=300227, class=java.util.zip.ZipFile$ZipFileInflaterInputStream@500002cd)
	in		500002c4
	inf		500002c8
	buf		500002d2
	singleByteBuf	500002d0
	b		500002d1
	zfin		500002c4
	this$0		5000024f
OBJ 500002cf (sz=32, trace=300128, class=java.lang.ref.Finalizer@50000144)
	referent	500002ce
	queue		500006d1
	next		500002c9
	prev		500002fa
ARR 500002d0 (sz=1, trace=300228, nelems=1, elem type=byte[])
ARR 500002d1 (sz=512, trace=300229, nelems=512, elem type=byte[])
ARR 500002d2 (sz=297, trace=300230, nelems=297, elem type=byte[])
OBJ 500002d3 (sz=40, trace=300231, class=java.util.WeakHashMap$Entry@50000038)
ARR 500002d5 (sz=16, trace=300233, nelems=0, elem type=byte[])
ARR 500002d6 (sz=312, trace=300234, nelems=0, elem type=byte[])
ARR 500002d7 (sz=56, trace=300235, nelems=10, elem type=java.lang.Object[]@50000100)
	[0]		500001e7
	[1]		500002ef
	[2]		5000033b
	[3]		50000387
	[4]		500003ba
	[5]		500003ed
	[6]		50000420
	[7]		5000046c
	[8]		5000049f
	[9]		500004eb
ARR 500002d8 (sz=80, trace=300236, nelems=14, elem type=java.util.HashMap$Node[]@500000b9)
	[2]		500003a4
	[5]		500004d5
	[6]		50000325
	[7]		50000371
	[9]		50000456
	[10]		50000489
	[12]		500002d9
	[13]		500003d7
OBJ 500002d9 (sz=24, trace=300237, class=java.util.HashMap$Node@500000bb)
	key		500001c0
	value		500001e7
ARR 500002da (sz=32, trace=300162, nelems=0, elem type=char[])
ARR 500002db (sz=48, trace=300163, nelems=0, elem type=byte[])
ARR 500002dc (sz=24, trace=300164, nelems=0, elem type=byte[])
OBJ 500002dd (sz=16, trace=300057, class=java.lang.StringBuilder@50000119)
ARR 500002de (sz=48, trace=300058, nelems=0, elem type=char[])
ARR 500002df (sz=144, trace=300010, nelems=0, elem type=char[])
OBJ 500002e0 (sz=16, trace=300059, class=java.lang.String@50000165)
	value		500002e1
ARR 500002e1 (sz=126, trace=300060, nelems=63, elem type=char[])
OBJ 500002e2 (sz=16, trace=300062, class=sun.misc.URLClassPath$3@500001c2)
OBJ 500002e3 (sz=16, trace=300067, class=java.lang.StringBuilder@50000119)
ARR 500002e4 (sz=48, trace=300068, nelems=0, elem type=char[])
OBJ 500002e5 (sz=24, trace=300077, class=java.lang.StringBuffer@5000011a)
ARR 500002e6 (sz=136, trace=300078, nelems=0, elem type=char[])
ARR 500002e7 (sz=136, trace=300079, nelems=0, elem type=char[])
OBJ 500002e8 (sz=16, trace=300080, class=java.lang.String@50000165)
ARR 500002e9 (sz=136, trace=300010, nelems=0, elem type=char[])
ARR 500002ea (sz=264, trace=300010, nelems=0, elem type=char[])
OBJ 500002eb (sz=16, trace=300081, class=java.lang.String@50000165)
	value		500002ec
ARR 500002ec (sz=126, trace=300082, nelems=63, elem type=char[])
OBJ 500002ed (sz=64, trace=300083, class=java.net.URL@50000111)
	protocol	50001015
	host		500007b7
	file		500002eb
	authority	500007b7
	path		500002eb
	handler		50001072
OBJ 500002ee (sz=24, trace=300084, class=java.net.Parts@50000011)
OBJ 500002ef (sz=48, trace=300085, class=sun.misc.URLClassPath$JarLoader@500001c5)
	base		500002ed
	jar		500002f9
	csu		50001079
	handler		50001072
	lmap		50001073
	acc		50000a85
OBJ 500002f0 (sz=24, trace=300086, class=java.io.File@50000113)
OBJ 500002f1 (sz=16, trace=300089, class=sun.misc.URLClassPath$JarLoader$1@500001ea)
OBJ 500002f2 (sz=16, trace=300091, class=sun.misc.FileURLMapper@500001ec)
OBJ 500002f3 (sz=24, trace=300092, class=java.io.File@50000113)
ARR 500002f4 (sz=184, trace=300093, nelems=0, elem type=byte[])
ARR 500002f5 (sz=72, trace=300094, nelems=0, elem type=byte[])
OBJ 500002f6 (sz=16, trace=300095, class=java.lang.String@50000165)
ARR 500002f7 (sz=40, trace=300096, nelems=0, elem type=char[])
OBJ 500002f8 (sz=24, trace=300103, class=java.io.File@50000113)
OBJ 500002f9 (sz=56, trace=300127, class=java.util.jar.JarFile@500001f3)
	name		50001092
	zc		50000301
	streams		500002fb
	inflaterCache	500002ff
	manEntry	50000314
OBJ 500002fa (sz=32, trace=300128, class=java.lang.ref.Finalizer@50000144)
	referent	500002f9
	queue		500006d1
	next		500002cf
	prev		50000319
OBJ 500002fb (sz=48, trace=300129, class=java.util.WeakHashMap@5000009e)
	table		500002fe
	queue		500002fc
OBJ 500002fc (sz=24, trace=300130, class=java.lang.ref.ReferenceQueue@500000ca)
	lock		500002fd
OBJ 500002fd (sz=8, trace=300131, class=java.lang.ref.ReferenceQueue$Lock@500000c8)
ARR 500002fe (sz=80, trace=300132, nelems=0, elem type=java.util.WeakHashMap$Entry[]@50000037)
OBJ 500002ff (sz=24, trace=300134, class=java.util.ArrayDeque@50000257)
	elements	50000300
ARR 50000300 (sz=80, trace=300135, nelems=1, elem type=java.lang.Object[]@50000100)
	[0]		5000031a
OBJ 50000301 (sz=32, trace=300137, class=java.util.zip.ZipCoder@5000025a)
	cs		50000b51
	dec		50000310
	enc		50000307
ARR 50000302 (sz=184, trace=300138, nelems=0, elem type=byte[])
ARR 50000303 (sz=72, trace=300094, nelems=0, elem type=byte[])
ARR 50000304 (sz=184, trace=300139, nelems=0, elem type=byte[])
ARR 50000305 (sz=72, trace=300094, nelems=0, elem type=byte[])
ARR 50000306 (sz=16, trace=300159, nelems=0, elem type=byte[])
OBJ 50000307 (sz=48, trace=300160, class=sun.nio.cs.UTF_8$Encoder@50000064)
	charset		50000b51
	replacement	50000308
	malformedInputAction	50000b4a
	unmappableCharacterAction	50000b4a
ARR 50000308 (sz=1, trace=300161, nelems=1, elem type=byte[])
ARR 50000309 (sz=56, trace=300162, nelems=0, elem type=char[])
ARR 5000030a (sz=72, trace=300163, nelems=0, elem type=byte[])
ARR 5000030b (sz=32, trace=300164, nelems=0, elem type=byte[])
ARR 5000030c (sz=56, trace=300162, nelems=0, elem type=char[])
ARR 5000030d (sz=72, trace=300163, nelems=0, elem type=byte[])
ARR 5000030e (sz=32, trace=300164, nelems=0, elem type=byte[])
OBJ 5000030f (sz=72, trace=300209, class=java.util.zip.ZipEntry@500002b7)
OBJ 50000310 (sz=40, trace=300210, class=sun.nio.cs.UTF_8$Decoder@50000086)
	charset		50000b51
	replacement	50000b03
	malformedInputAction	50000b4a
	unmappableCharacterAction	50000b4a
ARR 50000311 (sz=56, trace=300211, nelems=0, elem type=char[])
OBJ 50000312 (sz=16, trace=300212, class=java.lang.String@50000165)
	value		50000313
ARR 50000313 (sz=40, trace=300213, nelems=20, elem type=char[])
OBJ 50000314 (sz=88, trace=300215, class=java.util.jar.JarFile$JarFileEntry@500002be)
	name		50000312
	this$0		500002f9
ARR 50000315 (sz=56, trace=300216, nelems=0, elem type=char[])
ARR 50000316 (sz=72, trace=300217, nelems=0, elem type=byte[])
ARR 50000317 (sz=32, trace=300218, nelems=0, elem type=byte[])
OBJ 50000318 (sz=48, trace=300220, class=java.util.zip.ZipFile$ZipFileInputStream@500002c3)
	this$0		500002f9
OBJ 50000319 (sz=32, trace=300128, class=java.lang.ref.Finalizer@50000144)
	referent	50000318
	queue		500006d1
	next		500002fa
	prev		5000031b
OBJ 5000031a (sz=48, trace=300223, class=java.util.zip.Inflater@500002c6)
	zsRef		5000031c
	buf		500002c7
OBJ 5000031b (sz=32, trace=300128, class=java.lang.ref.Finalizer@50000144)
	referent	5000031a
	queue		500006d1
	next		50000319
	prev		5000031e
OBJ 5000031c (sz=16, trace=300225, class=java.util.zip.ZStreamRef@500002ca)
OBJ 5000031d (sz=48, trace=300227, class=java.util.zip.ZipFile$ZipFileInflaterInputStream@500002cd)
	in		50000318
	inf		5000031a
	buf		50000321
	singleByteBuf	5000031f
	b		50000320
	zfin		50000318
	this$0		500002f9
OBJ 5000031e (sz=32, trace=300128, class=java.lang.ref.Finalizer@50000144)
	referent	5000031d
	queue		500006d1
	next		5000031b
	prev		50000346
ARR 5000031f (sz=1, trace=300228, nelems=1, elem type=byte[])
ARR 50000320 (sz=512, trace=300229, nelems=512, elem type=byte[])
ARR 50000321 (sz=71, trace=300230, nelems=71, elem type=byte[])
OBJ 50000322 (sz=40, trace=300231, class=java.util.WeakHashMap$Entry@50000038)
ARR 50000323 (sz=16, trace=300233, nelems=0, elem type=byte[])
ARR 50000324 (sz=88, trace=300234, nelems=0, elem type=byte[])
OBJ 50000325 (sz=24, trace=300237, class=java.util.HashMap$Node@500000bb)
	key		500002e0
	value		500002ef
ARR 50000326 (sz=32, trace=300162, nelems=0, elem type=char[])
ARR 50000327 (sz=48, trace=300163, nelems=0, elem type=byte[])
ARR 50000328 (sz=24, trace=300164, nelems=0, elem type=byte[])
OBJ 50000329 (sz=16, trace=300057, class=java.lang.StringBuilder@50000119)
ARR 5000032a (sz=48, trace=300058, nelems=0, elem type=char[])
ARR 5000032b (sz=160, trace=300010, nelems=0, elem type=char[])
OBJ 5000032c (sz=16, trace=300059, class=java.lang.String@50000165)
	value		5000032d
ARR 5000032d (sz=142, trace=300060, nelems=71, elem type=char[])
OBJ 5000032e (sz=16, trace=300062, class=sun.misc.URLClassPath$3@500001c2)
OBJ 5000032f (sz=16, trace=300067, class=java.lang.StringBuilder@50000119)
ARR 50000330 (sz=48, trace=300068, nelems=0, elem type=char[])
OBJ 50000331 (sz=24, trace=300077, class=java.lang.StringBuffer@5000011a)
ARR 50000332 (sz=152, trace=300078, nelems=0, elem type=char[])
ARR 50000333 (sz=152, trace=300079, nelems=0, elem type=char[])
OBJ 50000334 (sz=16, trace=300080, class=java.lang.String@50000165)
ARR 50000335 (sz=152, trace=300010, nelems=0, elem type=char[])
ARR 50000336 (sz=296, trace=300010, nelems=0, elem type=char[])
OBJ 50000337 (sz=16, trace=300081, class=java.lang.String@50000165)
	value		50000338
ARR 50000338 (sz=142, trace=300082, nelems=71, elem type=char[])
OBJ 50000339 (sz=64, trace=300083, class=java.net.URL@50000111)
	protocol	50001015
	host		500007b7
	file		50000337
	authority	500007b7
	path		50000337
	handler		50001072
OBJ 5000033a (sz=24, trace=300084, class=java.net.Parts@50000011)
OBJ 5000033b (sz=48, trace=300085, class=sun.misc.URLClassPath$JarLoader@500001c5)
	base		50000339
	jar		50000345
	csu		5000107a
	handler		50001072
	lmap		50001073
	acc		50000a85
OBJ 5000033c (sz=24, trace=300086, class=java.io.File@50000113)
OBJ 5000033d (sz=16, trace=300089, class=sun.misc.URLClassPath$JarLoader$1@500001ea)
OBJ 5000033e (sz=16, trace=300091, class=sun.misc.FileURLMapper@500001ec)
OBJ 5000033f (sz=24, trace=300092, class=java.io.File@50000113)
ARR 50000340 (sz=208, trace=300093, nelems=0, elem type=byte[])
ARR 50000341 (sz=80, trace=300094, nelems=0, elem type=byte[])
OBJ 50000342 (sz=16, trace=300095, class=java.lang.String@50000165)
ARR 50000343 (sz=56, trace=300096, nelems=0, elem type=char[])
OBJ 50000344 (sz=24, trace=300103, class=java.io.File@50000113)
OBJ 50000345 (sz=56, trace=300127, class=java.util.jar.JarFile@500001f3)
	name		50001090
	zc		5000034d
	streams		50000347
	inflaterCache	5000034b
	manEntry	50000360
OBJ 50000346 (sz=32, trace=300128, class=java.lang.ref.Finalizer@50000144)
	referent	50000345
	queue		500006d1
	next		5000031e
	prev		50000365
OBJ 50000347 (sz=48, trace=300129, class=java.util.WeakHashMap@5000009e)
	table		5000034a
	queue		50000348
OBJ 50000348 (sz=24, trace=300130, class=java.lang.ref.ReferenceQueue@500000ca)
	lock		50000349
OBJ 50000349 (sz=8, trace=300131, class=java.lang.ref.ReferenceQueue$Lock@500000c8)
ARR 5000034a (sz=80, trace=300132, nelems=0, elem type=java.util.WeakHashMap$Entry[]@50000037)
OBJ 5000034b (sz=24, trace=300134, class=java.util.ArrayDeque@50000257)
	elements	5000034c
ARR 5000034c (sz=80, trace=300135, nelems=1, elem type=java.lang.Object[]@50000100)
	[0]		50000366
OBJ 5000034d (sz=32, trace=300137, class=java.util.zip.ZipCoder@5000025a)
	cs		50000b51
	dec		5000035c
	enc		50000353
ARR 5000034e (sz=208, trace=300138, nelems=0, elem type=byte[])
ARR 5000034f (sz=80, trace=300094, nelems=0, elem type=byte[])
ARR 50000350 (sz=208, trace=300139, nelems=0, elem type=byte[])
ARR 50000351 (sz=80, trace=300094, nelems=0, elem type=byte[])
ARR 50000352 (sz=16, trace=300159, nelems=0, elem type=byte[])
OBJ 50000353 (sz=48, trace=300160, class=sun.nio.cs.UTF_8$Encoder@50000064)
	charset		50000b51
	replacement	50000354
	malformedInputAction	50000b4a
	unmappableCharacterAction	50000b4a
ARR 50000354 (sz=1, trace=300161, nelems=1, elem type=byte[])
ARR 50000355 (sz=56, trace=300162, nelems=0, elem type=char[])
ARR 50000356 (sz=72, trace=300163, nelems=0, elem type=byte[])
ARR 50000357 (sz=32, trace=300164, nelems=0, elem type=byte[])
ARR 50000358 (sz=56, trace=300162, nelems=0, elem type=char[])
ARR 50000359 (sz=72, trace=300163, nelems=0, elem type=byte[])
ARR 5000035a (sz=32, trace=300164, nelems=0, elem type=byte[])
OBJ 5000035b (sz=72, trace=300209, class=java.util.zip.ZipEntry@500002b7)
OBJ 5000035c (sz=40, trace=300210, class=sun.nio.cs.UTF_8$Decoder@50000086)
	charset		50000b51
	replacement	50000b03
	malformedInputAction	50000b4a
	unmappableCharacterAction	50000b4a
ARR 5000035d (sz=56, trace=300211, nelems=0, elem type=char[])
OBJ 5000035e (sz=16, trace=300212, class=java.lang.String@50000165)
	value		5000035f
ARR 5000035f (sz=40, trace=300213, nelems=20, elem type=char[])
OBJ 50000360 (sz=88, trace=300215, class=java.util.jar.JarFile$JarFileEntry@500002be)
	name		5000035e
	this$0		50000345
ARR 50000361 (sz=56, trace=300216, nelems=0, elem type=char[])
ARR 50000362 (sz=72, trace=300217, nelems=0, elem type=byte[])
ARR 50000363 (sz=32, trace=300218, nelems=0, elem type=byte[])
OBJ 50000364 (sz=48, trace=300220, class=java.util.zip.ZipFile$ZipFileInputStream@500002c3)
	this$0		50000345
OBJ 50000365 (sz=32, trace=300128, class=java.lang.ref.Finalizer@50000144)
	referent	50000364
	queue		500006d1
	next		50000346
	prev		50000367
OBJ 50000366 (sz=48, trace=300223, class=java.util.zip.Inflater@500002c6)
	zsRef		50000368
	buf		500002c7
OBJ 50000367 (sz=32, trace=300128, class=java.lang.ref.Finalizer@50000144)
	referent	50000366
	queue		500006d1
	next		50000365
	prev		5000036a
OBJ 50000368 (sz=16, trace=300225, class=java.util.zip.ZStreamRef@500002ca)
OBJ 50000369 (sz=48, trace=300227, class=java.util.zip.ZipFile$ZipFileInflaterInputStream@500002cd)
	in		50000364
	inf		50000366
	buf		5000036d
	singleByteBuf	5000036b
	b		5000036c
	zfin		50000364
	this$0		50000345
OBJ 5000036a (sz=32, trace=300128, class=java.lang.ref.Finalizer@50000144)
	referent	50000369
	queue		500006d1
	next		50000367
	prev		50000392
ARR 5000036b (sz=1, trace=300228, nelems=1, elem type=byte[])
ARR 5000036c (sz=512, trace=300229, nelems=512, elem type=byte[])
ARR 5000036d (sz=371, trace=300230, nelems=371, elem type=byte[])
OBJ 5000036e (sz=40, trace=300231, class=java.util.WeakHashMap$Entry@50000038)
ARR 5000036f (sz=16, trace=300233, nelems=0, elem type=byte[])
ARR 50000370 (sz=384, trace=300234, nelems=0, elem type=byte[])
OBJ 50000371 (sz=24, trace=300237, class=java.util.HashMap$Node@500000bb)
	key		5000032c
	value		5000033b
ARR 50000372 (sz=32, trace=300162, nelems=0, elem type=char[])
ARR 50000373 (sz=48, trace=300163, nelems=0, elem type=byte[])
ARR 50000374 (sz=24, trace=300164, nelems=0, elem type=byte[])
OBJ 50000375 (sz=16, trace=300057, class=java.lang.StringBuilder@50000119)
ARR 50000376 (sz=48, trace=300058, nelems=0, elem type=char[])
ARR 50000377 (sz=144, trace=300010, nelems=0, elem type=char[])
OBJ 50000378 (sz=16, trace=300059, class=java.lang.String@50000165)
	value		50000379
ARR 50000379 (sz=128, trace=300060, nelems=64, elem type=char[])
OBJ 5000037a (sz=16, trace=300062, class=sun.misc.URLClassPath$3@500001c2)
OBJ 5000037b (sz=16, trace=300067, class=java.lang.StringBuilder@50000119)
ARR 5000037c (sz=48, trace=300068, nelems=0, elem type=char[])
OBJ 5000037d (sz=24, trace=300077, class=java.lang.StringBuffer@5000011a)
ARR 5000037e (sz=136, trace=300078, nelems=0, elem type=char[])
ARR 5000037f (sz=136, trace=300079, nelems=0, elem type=char[])
OBJ 50000380 (sz=16, trace=300080, class=java.lang.String@50000165)
ARR 50000381 (sz=136, trace=300010, nelems=0, elem type=char[])
ARR 50000382 (sz=264, trace=300010, nelems=0, elem type=char[])
OBJ 50000383 (sz=16, trace=300081, class=java.lang.String@50000165)
	value		50000384
ARR 50000384 (sz=128, trace=300082, nelems=64, elem type=char[])
OBJ 50000385 (sz=64, trace=300083, class=java.net.URL@50000111)
	protocol	50001015
	host		500007b7
	file		50000383
	authority	500007b7
	path		50000383
	handler		50001072
OBJ 50000386 (sz=24, trace=300084, class=java.net.Parts@50000011)
OBJ 50000387 (sz=48, trace=300085, class=sun.misc.URLClassPath$JarLoader@500001c5)
	base		50000385
	jar		50000391
	csu		5000107b
	handler		50001072
	lmap		50001073
	acc		50000a85
OBJ 50000388 (sz=24, trace=300086, class=java.io.File@50000113)
OBJ 50000389 (sz=16, trace=300089, class=sun.misc.URLClassPath$JarLoader$1@500001ea)
OBJ 5000038a (sz=16, trace=300091, class=sun.misc.FileURLMapper@500001ec)
OBJ 5000038b (sz=24, trace=300092, class=java.io.File@50000113)
ARR 5000038c (sz=184, trace=300093, nelems=0, elem type=byte[])
ARR 5000038d (sz=72, trace=300094, nelems=0, elem type=byte[])
OBJ 5000038e (sz=16, trace=300095, class=java.lang.String@50000165)
ARR 5000038f (sz=40, trace=300096, nelems=0, elem type=char[])
OBJ 50000390 (sz=24, trace=300103, class=java.io.File@50000113)
OBJ 50000391 (sz=56, trace=300127, class=java.util.jar.JarFile@500001f3)
	name		5000108e
	zc		50000399
	streams		50000393
	inflaterCache	50000397
OBJ 50000392 (sz=32, trace=300128, class=java.lang.ref.Finalizer@50000144)
	referent	50000391
	queue		500006d1
	next		5000036a
	prev		500003c5
OBJ 50000393 (sz=48, trace=300129, class=java.util.WeakHashMap@5000009e)
	table		50000396
	queue		50000394
OBJ 50000394 (sz=24, trace=300130, class=java.lang.ref.ReferenceQueue@500000ca)
	lock		50000395
OBJ 50000395 (sz=8, trace=300131, class=java.lang.ref.ReferenceQueue$Lock@500000c8)
ARR 50000396 (sz=80, trace=300132, nelems=0, elem type=java.util.WeakHashMap$Entry[]@50000037)
OBJ 50000397 (sz=24, trace=300134, class=java.util.ArrayDeque@50000257)
	elements	50000398
ARR 50000398 (sz=80, trace=300135, nelems=0, elem type=java.lang.Object[]@50000100)
OBJ 50000399 (sz=32, trace=300137, class=java.util.zip.ZipCoder@5000025a)
	cs		50000b51
	enc		5000039f
ARR 5000039a (sz=184, trace=300138, nelems=0, elem type=byte[])
ARR 5000039b (sz=72, trace=300094, nelems=0, elem type=byte[])
ARR 5000039c (sz=184, trace=300139, nelems=0, elem type=byte[])
ARR 5000039d (sz=72, trace=300094, nelems=0, elem type=byte[])
ARR 5000039e (sz=16, trace=300159, nelems=0, elem type=byte[])
OBJ 5000039f (sz=48, trace=300160, class=sun.nio.cs.UTF_8$Encoder@50000064)
	charset		50000b51
	replacement	500003a0
	malformedInputAction	50000b4a
	unmappableCharacterAction	50000b4a
ARR 500003a0 (sz=1, trace=300161, nelems=1, elem type=byte[])
ARR 500003a1 (sz=56, trace=300162, nelems=0, elem type=char[])
ARR 500003a2 (sz=72, trace=300163, nelems=0, elem type=byte[])
ARR 500003a3 (sz=32, trace=300164, nelems=0, elem type=byte[])
OBJ 500003a4 (sz=24, trace=300237, class=java.util.HashMap$Node@500000bb)
	key		50000378
	value		50000387
	next		5000040a
ARR 500003a5 (sz=32, trace=300162, nelems=0, elem type=char[])
ARR 500003a6 (sz=48, trace=300163, nelems=0, elem type=byte[])
ARR 500003a7 (sz=24, trace=300164, nelems=0, elem type=byte[])
OBJ 500003a8 (sz=16, trace=300057, class=java.lang.StringBuilder@50000119)
ARR 500003a9 (sz=48, trace=300058, nelems=0, elem type=char[])
ARR 500003aa (sz=136, trace=300010, nelems=0, elem type=char[])
OBJ 500003ab (sz=16, trace=300059, class=java.lang.String@50000165)
	value		500003ac
ARR 500003ac (sz=122, trace=300060, nelems=61, elem type=char[])
OBJ 500003ad (sz=16, trace=300062, class=sun.misc.URLClassPath$3@500001c2)
OBJ 500003ae (sz=16, trace=300067, class=java.lang.StringBuilder@50000119)
ARR 500003af (sz=48, trace=300068, nelems=0, elem type=char[])
OBJ 500003b0 (sz=24, trace=300077, class=java.lang.StringBuffer@5000011a)
ARR 500003b1 (sz=136, trace=300078, nelems=0, elem type=char[])
ARR 500003b2 (sz=136, trace=300079, nelems=0, elem type=char[])
OBJ 500003b3 (sz=16, trace=300080, class=java.lang.String@50000165)
ARR 500003b4 (sz=136, trace=300010, nelems=0, elem type=char[])
ARR 500003b5 (sz=256, trace=300010, nelems=0, elem type=char[])
OBJ 500003b6 (sz=16, trace=300081, class=java.lang.String@50000165)
	value		500003b7
ARR 500003b7 (sz=122, trace=300082, nelems=61, elem type=char[])
OBJ 500003b8 (sz=64, trace=300083, class=java.net.URL@50000111)
	protocol	50001015
	host		500007b7
	file		500003b6
	authority	500007b7
	path		500003b6
	handler		50001072
OBJ 500003b9 (sz=24, trace=300084, class=java.net.Parts@50000011)
OBJ 500003ba (sz=48, trace=300085, class=sun.misc.URLClassPath$JarLoader@500001c5)
	base		500003b8
	jar		500003c4
	csu		5000107c
	handler		50001072
	lmap		50001073
	acc		50000a85
OBJ 500003bb (sz=24, trace=300086, class=java.io.File@50000113)
OBJ 500003bc (sz=16, trace=300089, class=sun.misc.URLClassPath$JarLoader$1@500001ea)
OBJ 500003bd (sz=16, trace=300091, class=sun.misc.FileURLMapper@500001ec)
OBJ 500003be (sz=24, trace=300092, class=java.io.File@50000113)
ARR 500003bf (sz=176, trace=300093, nelems=0, elem type=byte[])
ARR 500003c0 (sz=72, trace=300094, nelems=0, elem type=byte[])
OBJ 500003c1 (sz=16, trace=300095, class=java.lang.String@50000165)
ARR 500003c2 (sz=32, trace=300096, nelems=0, elem type=char[])
OBJ 500003c3 (sz=24, trace=300103, class=java.io.File@50000113)
OBJ 500003c4 (sz=56, trace=300127, class=java.util.jar.JarFile@500001f3)
	name		5000108c
	zc		500003cc
	streams		500003c6
	inflaterCache	500003ca
OBJ 500003c5 (sz=32, trace=300128, class=java.lang.ref.Finalizer@50000144)
	referent	500003c4
	queue		500006d1
	next		50000392
	prev		500003f8
OBJ 500003c6 (sz=48, trace=300129, class=java.util.WeakHashMap@5000009e)
	table		500003c9
	queue		500003c7
OBJ 500003c7 (sz=24, trace=300130, class=java.lang.ref.ReferenceQueue@500000ca)
	lock		500003c8
OBJ 500003c8 (sz=8, trace=300131, class=java.lang.ref.ReferenceQueue$Lock@500000c8)
ARR 500003c9 (sz=80, trace=300132, nelems=0, elem type=java.util.WeakHashMap$Entry[]@50000037)
OBJ 500003ca (sz=24, trace=300134, class=java.util.ArrayDeque@50000257)
	elements	500003cb
ARR 500003cb (sz=80, trace=300135, nelems=0, elem type=java.lang.Object[]@50000100)
OBJ 500003cc (sz=32, trace=300137, class=java.util.zip.ZipCoder@5000025a)
	cs		50000b51
	enc		500003d2
ARR 500003cd (sz=176, trace=300138, nelems=0, elem type=byte[])
ARR 500003ce (sz=72, trace=300094, nelems=0, elem type=byte[])
ARR 500003cf (sz=176, trace=300139, nelems=0, elem type=byte[])
ARR 500003d0 (sz=72, trace=300094, nelems=0, elem type=byte[])
ARR 500003d1 (sz=16, trace=300159, nelems=0, elem type=byte[])
OBJ 500003d2 (sz=48, trace=300160, class=sun.nio.cs.UTF_8$Encoder@50000064)
	charset		50000b51
	replacement	500003d3
	malformedInputAction	50000b4a
	unmappableCharacterAction	50000b4a
ARR 500003d3 (sz=1, trace=300161, nelems=1, elem type=byte[])
ARR 500003d4 (sz=56, trace=300162, nelems=0, elem type=char[])
ARR 500003d5 (sz=72, trace=300163, nelems=0, elem type=byte[])
ARR 500003d6 (sz=32, trace=300164, nelems=0, elem type=byte[])
OBJ 500003d7 (sz=24, trace=300237, class=java.util.HashMap$Node@500000bb)
	key		500003ab
	value		500003ba
ARR 500003d8 (sz=32, trace=300162, nelems=0, elem type=char[])
ARR 500003d9 (sz=48, trace=300163, nelems=0, elem type=byte[])
ARR 500003da (sz=24, trace=300164, nelems=0, elem type=byte[])
OBJ 500003db (sz=16, trace=300057, class=java.lang.StringBuilder@50000119)
ARR 500003dc (sz=48, trace=300058, nelems=0, elem type=char[])
ARR 500003dd (sz=136, trace=300010, nelems=0, elem type=char[])
OBJ 500003de (sz=16, trace=300059, class=java.lang.String@50000165)
	value		500003df
ARR 500003df (sz=122, trace=300060, nelems=61, elem type=char[])
OBJ 500003e0 (sz=16, trace=300062, class=sun.misc.URLClassPath$3@500001c2)
OBJ 500003e1 (sz=16, trace=300067, class=java.lang.StringBuilder@50000119)
ARR 500003e2 (sz=48, trace=300068, nelems=0, elem type=char[])
OBJ 500003e3 (sz=24, trace=300077, class=java.lang.StringBuffer@5000011a)
ARR 500003e4 (sz=136, trace=300078, nelems=0, elem type=char[])
ARR 500003e5 (sz=136, trace=300079, nelems=0, elem type=char[])
OBJ 500003e6 (sz=16, trace=300080, class=java.lang.String@50000165)
ARR 500003e7 (sz=136, trace=300010, nelems=0, elem type=char[])
ARR 500003e8 (sz=256, trace=300010, nelems=0, elem type=char[])
OBJ 500003e9 (sz=16, trace=300081, class=java.lang.String@50000165)
	value		500003ea
ARR 500003ea (sz=122, trace=300082, nelems=61, elem type=char[])
OBJ 500003eb (sz=64, trace=300083, class=java.net.URL@50000111)
	protocol	50001015
	host		500007b7
	file		500003e9
	authority	500007b7
	path		500003e9
	handler		50001072
OBJ 500003ec (sz=24, trace=300084, class=java.net.Parts@50000011)
OBJ 500003ed (sz=48, trace=300085, class=sun.misc.URLClassPath$JarLoader@500001c5)
	base		500003eb
	jar		500003f7
	csu		5000107d
	handler		50001072
	lmap		50001073
	acc		50000a85
OBJ 500003ee (sz=24, trace=300086, class=java.io.File@50000113)
OBJ 500003ef (sz=16, trace=300089, class=sun.misc.URLClassPath$JarLoader$1@500001ea)
OBJ 500003f0 (sz=16, trace=300091, class=sun.misc.FileURLMapper@500001ec)
OBJ 500003f1 (sz=24, trace=300092, class=java.io.File@50000113)
ARR 500003f2 (sz=176, trace=300093, nelems=0, elem type=byte[])
ARR 500003f3 (sz=72, trace=300094, nelems=0, elem type=byte[])
OBJ 500003f4 (sz=16, trace=300095, class=java.lang.String@50000165)
ARR 500003f5 (sz=32, trace=300096, nelems=0, elem type=char[])
OBJ 500003f6 (sz=24, trace=300103, class=java.io.File@50000113)
OBJ 500003f7 (sz=56, trace=300127, class=java.util.jar.JarFile@500001f3)
	name		5000108a
	zc		500003ff
	streams		500003f9
	inflaterCache	500003fd
OBJ 500003f8 (sz=32, trace=300128, class=java.lang.ref.Finalizer@50000144)
	referent	500003f7
	queue		500006d1
	next		500003c5
	prev		5000042b
OBJ 500003f9 (sz=48, trace=300129, class=java.util.WeakHashMap@5000009e)
	table		500003fc
	queue		500003fa
OBJ 500003fa (sz=24, trace=300130, class=java.lang.ref.ReferenceQueue@500000ca)
	lock		500003fb
OBJ 500003fb (sz=8, trace=300131, class=java.lang.ref.ReferenceQueue$Lock@500000c8)
ARR 500003fc (sz=80, trace=300132, nelems=0, elem type=java.util.WeakHashMap$Entry[]@50000037)
OBJ 500003fd (sz=24, trace=300134, class=java.util.ArrayDeque@50000257)
	elements	500003fe
ARR 500003fe (sz=80, trace=300135, nelems=0, elem type=java.lang.Object[]@50000100)
OBJ 500003ff (sz=32, trace=300137, class=java.util.zip.ZipCoder@5000025a)
	cs		50000b51
	enc		50000405
ARR 50000400 (sz=176, trace=300138, nelems=0, elem type=byte[])
ARR 50000401 (sz=72, trace=300094, nelems=0, elem type=byte[])
ARR 50000402 (sz=176, trace=300139, nelems=0, elem type=byte[])
ARR 50000403 (sz=72, trace=300094, nelems=0, elem type=byte[])
ARR 50000404 (sz=16, trace=300159, nelems=0, elem type=byte[])
OBJ 50000405 (sz=48, trace=300160, class=sun.nio.cs.UTF_8$Encoder@50000064)
	charset		50000b51
	replacement	50000406
	malformedInputAction	50000b4a
	unmappableCharacterAction	50000b4a
ARR 50000406 (sz=1, trace=300161, nelems=1, elem type=byte[])
ARR 50000407 (sz=56, trace=300162, nelems=0, elem type=char[])
ARR 50000408 (sz=72, trace=300163, nelems=0, elem type=byte[])
ARR 50000409 (sz=32, trace=300164, nelems=0, elem type=byte[])
OBJ 5000040a (sz=24, trace=300238, class=java.util.HashMap$Node@500000bb)
	key		500003de
	value		500003ed
ARR 5000040b (sz=32, trace=300162, nelems=0, elem type=char[])
ARR 5000040c (sz=48, trace=300163, nelems=0, elem type=byte[])
ARR 5000040d (sz=24, trace=300164, nelems=0, elem type=byte[])
OBJ 5000040e (sz=16, trace=300057, class=java.lang.StringBuilder@50000119)
ARR 5000040f (sz=48, trace=300058, nelems=0, elem type=char[])
ARR 50000410 (sz=144, trace=300010, nelems=0, elem type=char[])
OBJ 50000411 (sz=16, trace=300059, class=java.lang.String@50000165)
	value		50000412
ARR 50000412 (sz=130, trace=300060, nelems=65, elem type=char[])
OBJ 50000413 (sz=16, trace=300062, class=sun.misc.URLClassPath$3@500001c2)
OBJ 50000414 (sz=16, trace=300067, class=java.lang.StringBuilder@50000119)
ARR 50000415 (sz=48, trace=300068, nelems=0, elem type=char[])
OBJ 50000416 (sz=24, trace=300077, class=java.lang.StringBuffer@5000011a)
ARR 50000417 (sz=144, trace=300078, nelems=0, elem type=char[])
ARR 50000418 (sz=144, trace=300079, nelems=0, elem type=char[])
OBJ 50000419 (sz=16, trace=300080, class=java.lang.String@50000165)
ARR 5000041a (sz=144, trace=300010, nelems=0, elem type=char[])
ARR 5000041b (sz=272, trace=300010, nelems=0, elem type=char[])
OBJ 5000041c (sz=16, trace=300081, class=java.lang.String@50000165)
	value		5000041d
ARR 5000041d (sz=130, trace=300082, nelems=65, elem type=char[])
OBJ 5000041e (sz=64, trace=300083, class=java.net.URL@50000111)
	protocol	50001015
	host		500007b7
	file		5000041c
	authority	500007b7
	path		5000041c
	handler		50001072
OBJ 5000041f (sz=24, trace=300084, class=java.net.Parts@50000011)
OBJ 50000420 (sz=48, trace=300085, class=sun.misc.URLClassPath$JarLoader@500001c5)
	base		5000041e
	jar		5000042a
	csu		5000107e
	handler		50001072
	lmap		50001073
	acc		50000a85
OBJ 50000421 (sz=24, trace=300086, class=java.io.File@50000113)
OBJ 50000422 (sz=16, trace=300089, class=sun.misc.URLClassPath$JarLoader$1@500001ea)
OBJ 50000423 (sz=16, trace=300091, class=sun.misc.FileURLMapper@500001ec)
OBJ 50000424 (sz=24, trace=300092, class=java.io.File@50000113)
ARR 50000425 (sz=192, trace=300093, nelems=0, elem type=byte[])
ARR 50000426 (sz=72, trace=300094, nelems=0, elem type=byte[])
OBJ 50000427 (sz=16, trace=300095, class=java.lang.String@50000165)
ARR 50000428 (sz=40, trace=300096, nelems=0, elem type=char[])
OBJ 50000429 (sz=24, trace=300103, class=java.io.File@50000113)
OBJ 5000042a (sz=56, trace=300127, class=java.util.jar.JarFile@500001f3)
	name		50001088
	zc		50000432
	streams		5000042c
	inflaterCache	50000430
	manEntry	50000445
OBJ 5000042b (sz=32, trace=300128, class=java.lang.ref.Finalizer@50000144)
	referent	5000042a
	queue		500006d1
	next		500003f8
	prev		5000044a
OBJ 5000042c (sz=48, trace=300129, class=java.util.WeakHashMap@5000009e)
	table		5000042f
	queue		5000042d
OBJ 5000042d (sz=24, trace=300130, class=java.lang.ref.ReferenceQueue@500000ca)
	lock		5000042e
OBJ 5000042e (sz=8, trace=300131, class=java.lang.ref.ReferenceQueue$Lock@500000c8)
ARR 5000042f (sz=80, trace=300132, nelems=0, elem type=java.util.WeakHashMap$Entry[]@50000037)
OBJ 50000430 (sz=24, trace=300134, class=java.util.ArrayDeque@50000257)
	elements	50000431
ARR 50000431 (sz=80, trace=300135, nelems=1, elem type=java.lang.Object[]@50000100)
	[0]		5000044b
OBJ 50000432 (sz=32, trace=300137, class=java.util.zip.ZipCoder@5000025a)
	cs		50000b51
	dec		50000441
	enc		50000438
ARR 50000433 (sz=192, trace=300138, nelems=0, elem type=byte[])
ARR 50000434 (sz=72, trace=300094, nelems=0, elem type=byte[])
ARR 50000435 (sz=192, trace=300139, nelems=0, elem type=byte[])
ARR 50000436 (sz=72, trace=300094, nelems=0, elem type=byte[])
ARR 50000437 (sz=16, trace=300159, nelems=0, elem type=byte[])
OBJ 50000438 (sz=48, trace=300160, class=sun.nio.cs.UTF_8$Encoder@50000064)
	charset		50000b51
	replacement	50000439
	malformedInputAction	50000b4a
	unmappableCharacterAction	50000b4a
ARR 50000439 (sz=1, trace=300161, nelems=1, elem type=byte[])
ARR 5000043a (sz=56, trace=300162, nelems=0, elem type=char[])
ARR 5000043b (sz=72, trace=300163, nelems=0, elem type=byte[])
ARR 5000043c (sz=32, trace=300164, nelems=0, elem type=byte[])
ARR 5000043d (sz=56, trace=300162, nelems=0, elem type=char[])
ARR 5000043e (sz=72, trace=300163, nelems=0, elem type=byte[])
ARR 5000043f (sz=32, trace=300164, nelems=0, elem type=byte[])
OBJ 50000440 (sz=72, trace=300209, class=java.util.zip.ZipEntry@500002b7)
OBJ 50000441 (sz=40, trace=300210, class=sun.nio.cs.UTF_8$Decoder@50000086)
	charset		50000b51
	replacement	50000b03
	malformedInputAction	50000b4a
	unmappableCharacterAction	50000b4a
ARR 50000442 (sz=56, trace=300211, nelems=0, elem type=char[])
OBJ 50000443 (sz=16, trace=300212, class=java.lang.String@50000165)
	value		50000444
ARR 50000444 (sz=40, trace=300213, nelems=20, elem type=char[])
OBJ 50000445 (sz=88, trace=300215, class=java.util.jar.JarFile$JarFileEntry@500002be)
	name		50000443
	this$0		5000042a
ARR 50000446 (sz=56, trace=300216, nelems=0, elem type=char[])
ARR 50000447 (sz=72, trace=300217, nelems=0, elem type=byte[])
ARR 50000448 (sz=32, trace=300218, nelems=0, elem type=byte[])
OBJ 50000449 (sz=48, trace=300220, class=java.util.zip.ZipFile$ZipFileInputStream@500002c3)
	this$0		5000042a
OBJ 5000044a (sz=32, trace=300128, class=java.lang.ref.Finalizer@50000144)
	referent	50000449
	queue		500006d1
	next		5000042b
	prev		5000044c
OBJ 5000044b (sz=48, trace=300223, class=java.util.zip.Inflater@500002c6)
	zsRef		5000044d
	buf		500002c7
OBJ 5000044c (sz=32, trace=300128, class=java.lang.ref.Finalizer@50000144)
	referent	5000044b
	queue		500006d1
	next		5000044a
	prev		5000044f
OBJ 5000044d (sz=16, trace=300225, class=java.util.zip.ZStreamRef@500002ca)
OBJ 5000044e (sz=48, trace=300227, class=java.util.zip.ZipFile$ZipFileInflaterInputStream@500002cd)
	in		50000449
	inf		5000044b
	buf		50000452
	singleByteBuf	50000450
	b		50000451
	zfin		50000449
	this$0		5000042a
OBJ 5000044f (sz=32, trace=300128, class=java.lang.ref.Finalizer@50000144)
	referent	5000044e
	queue		500006d1
	next		5000044c
	prev		50000477
ARR 50000450 (sz=1, trace=300228, nelems=1, elem type=byte[])
ARR 50000451 (sz=512, trace=300229, nelems=512, elem type=byte[])
ARR 50000452 (sz=371, trace=300230, nelems=371, elem type=byte[])
OBJ 50000453 (sz=40, trace=300231, class=java.util.WeakHashMap$Entry@50000038)
ARR 50000454 (sz=16, trace=300233, nelems=0, elem type=byte[])
ARR 50000455 (sz=384, trace=300234, nelems=0, elem type=byte[])
OBJ 50000456 (sz=24, trace=300237, class=java.util.HashMap$Node@500000bb)
	key		50000411
	value		50000420
ARR 50000457 (sz=32, trace=300162, nelems=0, elem type=char[])
ARR 50000458 (sz=48, trace=300163, nelems=0, elem type=byte[])
ARR 50000459 (sz=24, trace=300164, nelems=0, elem type=byte[])
OBJ 5000045a (sz=16, trace=300057, class=java.lang.StringBuilder@50000119)
ARR 5000045b (sz=48, trace=300058, nelems=0, elem type=char[])
ARR 5000045c (sz=144, trace=300010, nelems=0, elem type=char[])
OBJ 5000045d (sz=16, trace=300059, class=java.lang.String@50000165)
	value		5000045e
ARR 5000045e (sz=132, trace=300060, nelems=66, elem type=char[])
OBJ 5000045f (sz=16, trace=300062, class=sun.misc.URLClassPath$3@500001c2)
OBJ 50000460 (sz=16, trace=300067, class=java.lang.StringBuilder@50000119)
ARR 50000461 (sz=48, trace=300068, nelems=0, elem type=char[])
OBJ 50000462 (sz=24, trace=300077, class=java.lang.StringBuffer@5000011a)
ARR 50000463 (sz=144, trace=300078, nelems=0, elem type=char[])
ARR 50000464 (sz=144, trace=300079, nelems=0, elem type=char[])
OBJ 50000465 (sz=16, trace=300080, class=java.lang.String@50000165)
ARR 50000466 (sz=144, trace=300010, nelems=0, elem type=char[])
ARR 50000467 (sz=272, trace=300010, nelems=0, elem type=char[])
OBJ 50000468 (sz=16, trace=300081, class=java.lang.String@50000165)
	value		50000469
ARR 50000469 (sz=132, trace=300082, nelems=66, elem type=char[])
OBJ 5000046a (sz=64, trace=300083, class=java.net.URL@50000111)
	protocol	50001015
	host		500007b7
	file		50000468
	authority	500007b7
	path		50000468
	handler		50001072
OBJ 5000046b (sz=24, trace=300084, class=java.net.Parts@50000011)
OBJ 5000046c (sz=48, trace=300085, class=sun.misc.URLClassPath$JarLoader@500001c5)
	base		5000046a
	jar		50000476
	csu		5000107f
	handler		50001072
	lmap		50001073
	acc		50000a85
OBJ 5000046d (sz=24, trace=300086, class=java.io.File@50000113)
OBJ 5000046e (sz=16, trace=300089, class=sun.misc.URLClassPath$JarLoader$1@500001ea)
OBJ 5000046f (sz=16, trace=300091, class=sun.misc.FileURLMapper@500001ec)
OBJ 50000470 (sz=24, trace=300092, class=java.io.File@50000113)
ARR 50000471 (sz=192, trace=300093, nelems=0, elem type=byte[])
ARR 50000472 (sz=72, trace=300094, nelems=0, elem type=byte[])
OBJ 50000473 (sz=16, trace=300095, class=java.lang.String@50000165)
ARR 50000474 (sz=40, trace=300096, nelems=0, elem type=char[])
OBJ 50000475 (sz=24, trace=300103, class=java.io.File@50000113)
OBJ 50000476 (sz=56, trace=300127, class=java.util.jar.JarFile@500001f3)
	name		50001086
	zc		5000047e
	streams		50000478
	inflaterCache	5000047c
OBJ 50000477 (sz=32, trace=300128, class=java.lang.ref.Finalizer@50000144)
	referent	50000476
	queue		500006d1
	next		5000044f
	prev		500004aa
OBJ 50000478 (sz=48, trace=300129, class=java.util.WeakHashMap@5000009e)
	table		5000047b
	queue		50000479
OBJ 50000479 (sz=24, trace=300130, class=java.lang.ref.ReferenceQueue@500000ca)
	lock		5000047a
OBJ 5000047a (sz=8, trace=300131, class=java.lang.ref.ReferenceQueue$Lock@500000c8)
ARR 5000047b (sz=80, trace=300132, nelems=0, elem type=java.util.WeakHashMap$Entry[]@50000037)
OBJ 5000047c (sz=24, trace=300134, class=java.util.ArrayDeque@50000257)
	elements	5000047d
ARR 5000047d (sz=80, trace=300135, nelems=0, elem type=java.lang.Object[]@50000100)
OBJ 5000047e (sz=32, trace=300137, class=java.util.zip.ZipCoder@5000025a)
	cs		50000b51
	enc		50000484
ARR 5000047f (sz=192, trace=300138, nelems=0, elem type=byte[])
ARR 50000480 (sz=72, trace=300094, nelems=0, elem type=byte[])
ARR 50000481 (sz=192, trace=300139, nelems=0, elem type=byte[])
ARR 50000482 (sz=72, trace=300094, nelems=0, elem type=byte[])
ARR 50000483 (sz=16, trace=300159, nelems=0, elem type=byte[])
OBJ 50000484 (sz=48, trace=300160, class=sun.nio.cs.UTF_8$Encoder@50000064)
	charset		50000b51
	replacement	50000485
	malformedInputAction	50000b4a
	unmappableCharacterAction	50000b4a
ARR 50000485 (sz=1, trace=300161, nelems=1, elem type=byte[])
ARR 50000486 (sz=56, trace=300162, nelems=0, elem type=char[])
ARR 50000487 (sz=72, trace=300163, nelems=0, elem type=byte[])
ARR 50000488 (sz=32, trace=300164, nelems=0, elem type=byte[])
OBJ 50000489 (sz=24, trace=300237, class=java.util.HashMap$Node@500000bb)
	key		5000045d
	value		5000046c
ARR 5000048a (sz=32, trace=300162, nelems=0, elem type=char[])
ARR 5000048b (sz=48, trace=300163, nelems=0, elem type=byte[])
ARR 5000048c (sz=24, trace=300164, nelems=0, elem type=byte[])
OBJ 5000048d (sz=16, trace=300057, class=java.lang.StringBuilder@50000119)
ARR 5000048e (sz=48, trace=300058, nelems=0, elem type=char[])
ARR 5000048f (sz=152, trace=300010, nelems=0, elem type=char[])
OBJ 50000490 (sz=16, trace=300059, class=java.lang.String@50000165)
	value		50000491
ARR 50000491 (sz=138, trace=300060, nelems=69, elem type=char[])
OBJ 50000492 (sz=16, trace=300062, class=sun.misc.URLClassPath$3@500001c2)
OBJ 50000493 (sz=16, trace=300067, class=java.lang.StringBuilder@50000119)
ARR 50000494 (sz=48, trace=300068, nelems=0, elem type=char[])
OBJ 50000495 (sz=24, trace=300077, class=java.lang.StringBuffer@5000011a)
ARR 50000496 (sz=152, trace=300078, nelems=0, elem type=char[])
ARR 50000497 (sz=152, trace=300079, nelems=0, elem type=char[])
OBJ 50000498 (sz=16, trace=300080, class=java.lang.String@50000165)
ARR 50000499 (sz=152, trace=300010, nelems=0, elem type=char[])
ARR 5000049a (sz=288, trace=300010, nelems=0, elem type=char[])
OBJ 5000049b (sz=16, trace=300081, class=java.lang.String@50000165)
	value		5000049c
ARR 5000049c (sz=138, trace=300082, nelems=69, elem type=char[])
OBJ 5000049d (sz=64, trace=300083, class=java.net.URL@50000111)
	protocol	50001015
	host		500007b7
	file		5000049b
	authority	500007b7
	path		5000049b
	handler		50001072
OBJ 5000049e (sz=24, trace=300084, class=java.net.Parts@50000011)
OBJ 5000049f (sz=48, trace=300085, class=sun.misc.URLClassPath$JarLoader@500001c5)
	base		5000049d
	jar		500004a9
	csu		50001080
	handler		50001072
	lmap		50001073
	acc		50000a85
OBJ 500004a0 (sz=24, trace=300086, class=java.io.File@50000113)
OBJ 500004a1 (sz=16, trace=300089, class=sun.misc.URLClassPath$JarLoader$1@500001ea)
OBJ 500004a2 (sz=16, trace=300091, class=sun.misc.FileURLMapper@500001ec)
OBJ 500004a3 (sz=24, trace=300092, class=java.io.File@50000113)
ARR 500004a4 (sz=200, trace=300093, nelems=0, elem type=byte[])
ARR 500004a5 (sz=80, trace=300094, nelems=0, elem type=byte[])
OBJ 500004a6 (sz=16, trace=300095, class=java.lang.String@50000165)
ARR 500004a7 (sz=48, trace=300096, nelems=0, elem type=char[])
OBJ 500004a8 (sz=24, trace=300103, class=java.io.File@50000113)
OBJ 500004a9 (sz=56, trace=300127, class=java.util.jar.JarFile@500001f3)
	name		50001084
	zc		500004b1
	streams		500004ab
	inflaterCache	500004af
	manEntry	500004c4
OBJ 500004aa (sz=32, trace=300128, class=java.lang.ref.Finalizer@50000144)
	referent	500004a9
	queue		500006d1
	next		50000477
	prev		500004c9
OBJ 500004ab (sz=48, trace=300129, class=java.util.WeakHashMap@5000009e)
	table		500004ae
	queue		500004ac
OBJ 500004ac (sz=24, trace=300130, class=java.lang.ref.ReferenceQueue@500000ca)
	lock		500004ad
OBJ 500004ad (sz=8, trace=300131, class=java.lang.ref.ReferenceQueue$Lock@500000c8)
ARR 500004ae (sz=80, trace=300132, nelems=0, elem type=java.util.WeakHashMap$Entry[]@50000037)
OBJ 500004af (sz=24, trace=300134, class=java.util.ArrayDeque@50000257)
	elements	500004b0
ARR 500004b0 (sz=80, trace=300135, nelems=1, elem type=java.lang.Object[]@50000100)
	[0]		500004ca
OBJ 500004b1 (sz=32, trace=300137, class=java.util.zip.ZipCoder@5000025a)
	cs		50000b51
	dec		500004c0
	enc		500004b7
ARR 500004b2 (sz=200, trace=300138, nelems=0, elem type=byte[])
ARR 500004b3 (sz=80, trace=300094, nelems=0, elem type=byte[])
ARR 500004b4 (sz=200, trace=300139, nelems=0, elem type=byte[])
ARR 500004b5 (sz=80, trace=300094, nelems=0, elem type=byte[])
ARR 500004b6 (sz=16, trace=300159, nelems=0, elem type=byte[])
OBJ 500004b7 (sz=48, trace=300160, class=sun.nio.cs.UTF_8$Encoder@50000064)
	charset		50000b51
	replacement	500004b8
	malformedInputAction	50000b4a
	unmappableCharacterAction	50000b4a
ARR 500004b8 (sz=1, trace=300161, nelems=1, elem type=byte[])
ARR 500004b9 (sz=56, trace=300162, nelems=0, elem type=char[])
ARR 500004ba (sz=72, trace=300163, nelems=0, elem type=byte[])
ARR 500004bb (sz=32, trace=300164, nelems=0, elem type=byte[])
ARR 500004bc (sz=56, trace=300162, nelems=0, elem type=char[])
ARR 500004bd (sz=72, trace=300163, nelems=0, elem type=byte[])
ARR 500004be (sz=32, trace=300164, nelems=0, elem type=byte[])
OBJ 500004bf (sz=72, trace=300209, class=java.util.zip.ZipEntry@500002b7)
OBJ 500004c0 (sz=40, trace=300210, class=sun.nio.cs.UTF_8$Decoder@50000086)
	charset		50000b51
	replacement	50000b03
	malformedInputAction	50000b4a
	unmappableCharacterAction	50000b4a
ARR 500004c1 (sz=56, trace=300211, nelems=0, elem type=char[])
OBJ 500004c2 (sz=16, trace=300212, class=java.lang.String@50000165)
	value		500004c3
ARR 500004c3 (sz=40, trace=300213, nelems=20, elem type=char[])
OBJ 500004c4 (sz=88, trace=300215, class=java.util.jar.JarFile$JarFileEntry@500002be)
	name		500004c2
	this$0		500004a9
ARR 500004c5 (sz=56, trace=300216, nelems=0, elem type=char[])
ARR 500004c6 (sz=72, trace=300217, nelems=0, elem type=byte[])
ARR 500004c7 (sz=32, trace=300218, nelems=0, elem type=byte[])
OBJ 500004c8 (sz=48, trace=300220, class=java.util.zip.ZipFile$ZipFileInputStream@500002c3)
	this$0		500004a9
OBJ 500004c9 (sz=32, trace=300128, class=java.lang.ref.Finalizer@50000144)
	referent	500004c8
	queue		500006d1
	next		500004aa
	prev		500004cb
OBJ 500004ca (sz=48, trace=300223, class=java.util.zip.Inflater@500002c6)
	zsRef		500004cc
	buf		500002c7
OBJ 500004cb (sz=32, trace=300128, class=java.lang.ref.Finalizer@50000144)
	referent	500004ca
	queue		500006d1
	next		500004c9
	prev		500004ce
OBJ 500004cc (sz=16, trace=300225, class=java.util.zip.ZStreamRef@500002ca)
OBJ 500004cd (sz=48, trace=300227, class=java.util.zip.ZipFile$ZipFileInflaterInputStream@500002cd)
	in		500004c8
	inf		500004ca
	buf		500004d1
	singleByteBuf	500004cf
	b		500004d0
	zfin		500004c8
	this$0		500004a9
OBJ 500004ce (sz=32, trace=300128, class=java.lang.ref.Finalizer@50000144)
	referent	500004cd
	queue		500006d1
	next		500004cb
	prev		500004f6
ARR 500004cf (sz=1, trace=300228, nelems=1, elem type=byte[])
ARR 500004d0 (sz=512, trace=300229, nelems=512, elem type=byte[])
ARR 500004d1 (sz=71, trace=300230, nelems=71, elem type=byte[])
OBJ 500004d2 (sz=40, trace=300231, class=java.util.WeakHashMap$Entry@50000038)
ARR 500004d3 (sz=16, trace=300233, nelems=0, elem type=byte[])
ARR 500004d4 (sz=88, trace=300234, nelems=0, elem type=byte[])
OBJ 500004d5 (sz=24, trace=300237, class=java.util.HashMap$Node@500000bb)
	key		50000490
	value		5000049f
	next		50000521
ARR 500004d6 (sz=32, trace=300162, nelems=0, elem type=char[])
ARR 500004d7 (sz=48, trace=300163, nelems=0, elem type=byte[])
ARR 500004d8 (sz=24, trace=300164, nelems=0, elem type=byte[])
OBJ 500004d9 (sz=16, trace=300057, class=java.lang.StringBuilder@50000119)
ARR 500004da (sz=48, trace=300058, nelems=0, elem type=char[])
ARR 500004db (sz=136, trace=300010, nelems=0, elem type=char[])
OBJ 500004dc (sz=16, trace=300059, class=java.lang.String@50000165)
	value		500004dd
ARR 500004dd (sz=122, trace=300060, nelems=61, elem type=char[])
OBJ 500004de (sz=16, trace=300062, class=sun.misc.URLClassPath$3@500001c2)
OBJ 500004df (sz=16, trace=300067, class=java.lang.StringBuilder@50000119)
ARR 500004e0 (sz=48, trace=300068, nelems=0, elem type=char[])
OBJ 500004e1 (sz=24, trace=300077, class=java.lang.StringBuffer@5000011a)
ARR 500004e2 (sz=136, trace=300078, nelems=0, elem type=char[])
ARR 500004e3 (sz=136, trace=300079, nelems=0, elem type=char[])
OBJ 500004e4 (sz=16, trace=300080, class=java.lang.String@50000165)
ARR 500004e5 (sz=136, trace=300010, nelems=0, elem type=char[])
ARR 500004e6 (sz=256, trace=300010, nelems=0, elem type=char[])
OBJ 500004e7 (sz=16, trace=300081, class=java.lang.String@50000165)
	value		500004e8
ARR 500004e8 (sz=122, trace=300082, nelems=61, elem type=char[])
OBJ 500004e9 (sz=64, trace=300083, class=java.net.URL@50000111)
	protocol	50001015
	host		500007b7
	file		500004e7
	authority	500007b7
	path		500004e7
	handler		50001072
OBJ 500004ea (sz=24, trace=300084, class=java.net.Parts@50000011)
OBJ 500004eb (sz=48, trace=300085, class=sun.misc.URLClassPath$JarLoader@500001c5)
	base		500004e9
	jar		500004f5
	csu		50001081
	handler		50001072
	lmap		50001073
	acc		50000a85
OBJ 500004ec (sz=24, trace=300086, class=java.io.File@50000113)
OBJ 500004ed (sz=16, trace=300089, class=sun.misc.URLClassPath$JarLoader$1@500001ea)
OBJ 500004ee (sz=16, trace=300091, class=sun.misc.FileURLMapper@500001ec)
OBJ 500004ef (sz=24, trace=300092, class=java.io.File@50000113)
ARR 500004f0 (sz=176, trace=300093, nelems=0, elem type=byte[])
ARR 500004f1 (sz=72, trace=300094, nelems=0, elem type=byte[])
OBJ 500004f2 (sz=16, trace=300095, class=java.lang.String@50000165)
ARR 500004f3 (sz=32, trace=300096, nelems=0, elem type=char[])
OBJ 500004f4 (sz=24, trace=300103, class=java.io.File@50000113)
OBJ 500004f5 (sz=56, trace=300127, class=java.util.jar.JarFile@500001f3)
	name		50001082
	zc		500004fd
	streams		500004f7
	inflaterCache	500004fb
	manEntry	50000510
OBJ 500004f6 (sz=32, trace=300128, class=java.lang.ref.Finalizer@50000144)
	referent	500004f5
	queue		500006d1
	next		500004ce
	prev		50000515
OBJ 500004f7 (sz=48, trace=300129, class=java.util.WeakHashMap@5000009e)
	table		500004fa
	queue		500004f8
OBJ 500004f8 (sz=24, trace=300130, class=java.lang.ref.ReferenceQueue@500000ca)
	lock		500004f9
OBJ 500004f9 (sz=8, trace=300131, class=java.lang.ref.ReferenceQueue$Lock@500000c8)
ARR 500004fa (sz=80, trace=300132, nelems=0, elem type=java.util.WeakHashMap$Entry[]@50000037)
OBJ 500004fb (sz=24, trace=300134, class=java.util.ArrayDeque@50000257)
	elements	500004fc
ARR 500004fc (sz=80, trace=300135, nelems=1, elem type=java.lang.Object[]@50000100)
	[0]		50000516
OBJ 500004fd (sz=32, trace=300137, class=java.util.zip.ZipCoder@5000025a)
	cs		50000b51
	dec		5000050c
	enc		50000503
ARR 500004fe (sz=176, trace=300138, nelems=0, elem type=byte[])
ARR 500004ff (sz=72, trace=300094, nelems=0, elem type=byte[])
ARR 50000500 (sz=176, trace=300139, nelems=0, elem type=byte[])
ARR 50000501 (sz=72, trace=300094, nelems=0, elem type=byte[])
ARR 50000502 (sz=16, trace=300159, nelems=0, elem type=byte[])
OBJ 50000503 (sz=48, trace=300160, class=sun.nio.cs.UTF_8$Encoder@50000064)
	charset		50000b51
	replacement	50000504
	malformedInputAction	50000b4a
	unmappableCharacterAction	50000b4a
ARR 50000504 (sz=1, trace=300161, nelems=1, elem type=byte[])
ARR 50000505 (sz=56, trace=300162, nelems=0, elem type=char[])
ARR 50000506 (sz=72, trace=300163, nelems=0, elem type=byte[])
ARR 50000507 (sz=32, trace=300164, nelems=0, elem type=byte[])
ARR 50000508 (sz=56, trace=300162, nelems=0, elem type=char[])
ARR 50000509 (sz=72, trace=300163, nelems=0, elem type=byte[])
ARR 5000050a (sz=32, trace=300164, nelems=0, elem type=byte[])
OBJ 5000050b (sz=72, trace=300209, class=java.util.zip.ZipEntry@500002b7)
OBJ 5000050c (sz=40, trace=300210, class=sun.nio.cs.UTF_8$Decoder@50000086)
	charset		50000b51
	replacement	50000b03
	malformedInputAction	50000b4a
	unmappableCharacterAction	50000b4a
ARR 5000050d (sz=56, trace=300211, nelems=0, elem type=char[])
OBJ 5000050e (sz=16, trace=300212, class=java.lang.String@50000165)
	value		5000050f
ARR 5000050f (sz=40, trace=300213, nelems=20, elem type=char[])
OBJ 50000510 (sz=88, trace=300215, class=java.util.jar.JarFile$JarFileEntry@500002be)
	name		5000050e
	this$0		500004f5
ARR 50000511 (sz=56, trace=300216, nelems=0, elem type=char[])
ARR 50000512 (sz=72, trace=300217, nelems=0, elem type=byte[])
ARR 50000513 (sz=32, trace=300218, nelems=0, elem type=byte[])
OBJ 50000514 (sz=48, trace=300220, class=java.util.zip.ZipFile$ZipFileInputStream@500002c3)
	this$0		500004f5
OBJ 50000515 (sz=32, trace=300128, class=java.lang.ref.Finalizer@50000144)
	referent	50000514
	queue		500006d1
	next		500004f6
	prev		50000517
OBJ 50000516 (sz=48, trace=300223, class=java.util.zip.Inflater@500002c6)
	zsRef		50000518
	buf		500002c7
OBJ 50000517 (sz=32, trace=300128, class=java.lang.ref.Finalizer@50000144)
	referent	50000516
	queue		500006d1
	next		50000515
	prev		5000051a
OBJ 50000518 (sz=16, trace=300225, class=java.util.zip.ZStreamRef@500002ca)
OBJ 50000519 (sz=48, trace=300227, class=java.util.zip.ZipFile$ZipFileInflaterInputStream@500002cd)
	in		50000514
	inf		50000516
	buf		5000051d
	singleByteBuf	5000051b
	b		5000051c
	zfin		50000514
	this$0		500004f5
OBJ 5000051a (sz=32, trace=300128, class=java.lang.ref.Finalizer@50000144)
	referent	50000519
	queue		500006d1
	next		50000517
	prev		5000058f
ARR 5000051b (sz=1, trace=300228, nelems=1, elem type=byte[])
ARR 5000051c (sz=512, trace=300229, nelems=512, elem type=byte[])
ARR 5000051d (sz=371, trace=300230, nelems=371, elem type=byte[])
OBJ 5000051e (sz=40, trace=300231, class=java.util.WeakHashMap$Entry@50000038)
ARR 5000051f (sz=16, trace=300233, nelems=0, elem type=byte[])
ARR 50000520 (sz=384, trace=300234, nelems=0, elem type=byte[])
OBJ 50000521 (sz=24, trace=300238, class=java.util.HashMap$Node@500000bb)
	key		500004dc
	value		500004eb
ARR 50000522 (sz=32, trace=300162, nelems=0, elem type=char[])
ARR 50000523 (sz=48, trace=300163, nelems=0, elem type=byte[])
ARR 50000524 (sz=24, trace=300164, nelems=0, elem type=byte[])
OBJ 50000525 (sz=32, trace=300239, class=java.lang.ClassNotFoundException@50000153)
OBJ 50000526 (sz=16, trace=300240, class=java.net.URLClassLoader$1@500001b8)
ARR 50000527 (sz=32, trace=300054, nelems=0, elem type=char[])
OBJ 50000528 (sz=16, trace=300055, class=java.lang.String@50000165)
OBJ 50000529 (sz=16, trace=300057, class=java.lang.StringBuilder@50000119)
ARR 5000052a (sz=48, trace=300058, nelems=0, elem type=char[])
ARR 5000052b (sz=136, trace=300010, nelems=0, elem type=char[])
OBJ 5000052c (sz=16, trace=300059, class=java.lang.String@50000165)
	value		5000052d
ARR 5000052d (sz=120, trace=300060, nelems=60, elem type=char[])
OBJ 5000052e (sz=16, trace=300062, class=sun.misc.URLClassPath$3@500001c2)
OBJ 50000530 (sz=24, trace=300242, class=sun.misc.URLClassPath$FileLoader@5000052f)
	base		500010a6
	dir		50000568
OBJ 50000531 (sz=16, trace=300243, class=java.lang.StringBuilder@50000119)
ARR 50000532 (sz=120, trace=300244, nelems=0, elem type=char[])
ARR 50000533 (sz=72, trace=300245, nelems=0, elem type=byte[])
OBJ 50000534 (sz=48, trace=300246, class=java.nio.HeapByteBuffer@50000062)
ARR 50000538 (sz=120, trace=300249, nelems=0, elem type=char[])
OBJ 50000539 (sz=48, trace=300250, class=java.nio.HeapCharBuffer@50000537)
OBJ 5000053d (sz=16, trace=300253, class=sun.nio.cs.ThreadLocalCoders$1@5000053c)
	cache		5000053e
OBJ 5000053e (sz=16, trace=300254, class=java.lang.ThreadLocal@500000ab)
OBJ 50000540 (sz=16, trace=300256, class=sun.nio.cs.ThreadLocalCoders$2@5000053f)
	cache		50000541
OBJ 50000541 (sz=16, trace=300257, class=java.lang.ThreadLocal@500000ab)
OBJ 50000542 (sz=32, trace=300258, class=java.lang.ThreadLocal$ThreadLocalMap$Entry@5000008d)
ARR 50000543 (sz=24, trace=300259, nelems=0, elem type=java.lang.Object[]@50000100)
ARR 50000544 (sz=24, trace=300105, nelems=0, elem type=char[])
OBJ 50000545 (sz=16, trace=300106, class=java.lang.String@50000165)
ARR 50000546 (sz=24, trace=300107, nelems=0, elem type=char[])
ARR 50000547 (sz=24, trace=300111, nelems=2, elem type=java.lang.Object[]@50000100)
	[0]		50000ae8
	[1]		50000b51
OBJ 50000548 (sz=40, trace=300210, class=sun.nio.cs.UTF_8$Decoder@50000086)
OBJ 50000549 (sz=16, trace=300260, class=java.lang.String@50000165)
ARR 5000054a (sz=16, trace=300261, nelems=0, elem type=char[])
ARR 5000054c (sz=32, trace=300263, nelems=4, elem type=java.lang.String[]@500000bf)
	[0]		50000afa
	[1]		50000afb
	[2]		50000afc
	[3]		50000afd
OBJ 5000054d (sz=16, trace=300264, class=java.nio.charset.CoderResult@5000054b)
OBJ 5000054e (sz=16, trace=300265, class=java.nio.charset.CoderResult@5000054b)
OBJ 50000551 (sz=16, trace=300267, class=java.nio.charset.CoderResult$1@50000550)
OBJ 50000553 (sz=16, trace=300269, class=java.nio.charset.CoderResult$2@50000552)
OBJ 50000554 (sz=16, trace=300270, class=java.lang.String@50000165)
ARR 50000555 (sz=16, trace=300271, nelems=0, elem type=char[])
OBJ 50000556 (sz=16, trace=300272, class=java.lang.String@50000165)
ARR 50000557 (sz=120, trace=300273, nelems=0, elem type=char[])
OBJ 50000558 (sz=24, trace=300274, class=java.io.File@50000113)
OBJ 50000559 (sz=24, trace=300275, class=java.lang.StringBuffer@5000011a)
ARR 5000055a (sz=120, trace=300276, nelems=0, elem type=char[])
OBJ 5000055b (sz=16, trace=300277, class=java.lang.String@50000165)
ARR 5000055c (sz=112, trace=300278, nelems=0, elem type=char[])
ARR 5000055d (sz=100, trace=300279, nelems=50, elem type=char[])
OBJ 5000055e (sz=16, trace=300280, class=java.lang.String@50000165)
	value		5000055d
OBJ 5000055f (sz=16, trace=300281, class=java.lang.String@50000165)
ARR 50000560 (sz=104, trace=300282, nelems=0, elem type=char[])
ARR 50000561 (sz=168, trace=300283, nelems=0, elem type=byte[])
ARR 50000562 (sz=64, trace=300094, nelems=0, elem type=byte[])
OBJ 50000563 (sz=16, trace=300284, class=java.lang.String@50000165)
	value		50000564
ARR 50000564 (sz=100, trace=300047, nelems=50, elem type=char[])
OBJ 50000565 (sz=24, trace=300285, class=java.io.ExpiringCache$Entry@5000004d)
	val		50000563
OBJ 50000566 (sz=32, trace=300286, class=java.util.LinkedHashMap$Entry@5000004c)
	key		5000055e
	value		50000565
	before		50000f8c
	after		500005ff
ARR 50000567 (sz=144, trace=300287, nelems=26, elem type=java.util.HashMap$Node[]@500000b9)
	[2]		50000f8b
	[6]		50000f8c
	[7]		50000f8d
	[8]		50000f8a
	[9]		500005ff
	[10]		50000f8e
	[12]		50000f8f
	[13]		50000f90
	[15]		50000f91
	[19]		50000f92
	[21]		50000f93
	[22]		50000566
	[23]		50000f94
	[25]		50000f95
OBJ 50000568 (sz=24, trace=300288, class=java.io.File@50000113)
	path		50000563
ARR 50000569 (sz=56, trace=300235, nelems=1, elem type=java.lang.Object[]@50000100)
	[0]		50000530
ARR 5000056a (sz=80, trace=300236, nelems=10, elem type=java.util.HashMap$Node[]@500000b9)
	[9]		5000056b
OBJ 5000056b (sz=24, trace=300237, class=java.util.HashMap$Node@500000bb)
	key		5000052c
	value		50000530
OBJ 5000056c (sz=64, trace=300289, class=java.net.URL@50000111)
OBJ 5000056d (sz=16, trace=300290, class=java.lang.StringBuilder@50000119)
ARR 5000056e (sz=48, trace=300291, nelems=0, elem type=char[])
ARR 5000056f (sz=120, trace=300010, nelems=0, elem type=char[])
ARR 50000570 (sz=232, trace=300010, nelems=0, elem type=char[])
OBJ 50000571 (sz=16, trace=300292, class=java.lang.String@50000165)
ARR 50000572 (sz=120, trace=300293, nelems=0, elem type=char[])
OBJ 50000573 (sz=16, trace=300294, class=java.lang.String@50000165)
ARR 50000574 (sz=120, trace=300295, nelems=0, elem type=char[])
ARR 50000575 (sz=88, trace=300296, nelems=0, elem type=char[])
ARR 50000576 (sz=32, trace=300297, nelems=0, elem type=char[])
OBJ 50000577 (sz=16, trace=300298, class=java.lang.String@50000165)
ARR 50000578 (sz=32, trace=300299, nelems=0, elem type=char[])
OBJ 50000579 (sz=64, trace=300300, class=java.net.URL@50000111)
OBJ 5000057a (sz=16, trace=300290, class=java.lang.StringBuilder@50000119)
ARR 5000057b (sz=48, trace=300291, nelems=0, elem type=char[])
ARR 5000057c (sz=120, trace=300010, nelems=0, elem type=char[])
ARR 5000057d (sz=232, trace=300010, nelems=0, elem type=char[])
OBJ 5000057e (sz=16, trace=300292, class=java.lang.String@50000165)
ARR 5000057f (sz=144, trace=300293, nelems=0, elem type=char[])
OBJ 50000580 (sz=24, trace=300301, class=java.io.File@50000113)
OBJ 50000581 (sz=16, trace=300302, class=java.lang.StringBuilder@50000119)
ARR 50000582 (sz=48, trace=300303, nelems=0, elem type=char[])
ARR 50000583 (sz=112, trace=300010, nelems=0, elem type=char[])
ARR 50000584 (sz=216, trace=300304, nelems=0, elem type=char[])
OBJ 50000585 (sz=16, trace=300305, class=java.lang.String@50000165)
	value		50000586
ARR 50000586 (sz=122, trace=300306, nelems=61, elem type=char[])
ARR 50000587 (sz=200, trace=300093, nelems=0, elem type=byte[])
ARR 50000588 (sz=80, trace=300094, nelems=0, elem type=byte[])
OBJ 50000589 (sz=16, trace=300095, class=java.lang.String@50000165)
ARR 5000058a (sz=32, trace=300096, nelems=0, elem type=char[])
OBJ 5000058d (sz=32, trace=300308, class=sun.misc.URLClassPath$FileLoader$1@5000058c)
OBJ 5000058e (sz=32, trace=300309, class=java.io.FileInputStream@5000007b)
	fd		50000591
	path		50000585
	closeLock	50000590
OBJ 5000058f (sz=32, trace=300128, class=java.lang.ref.Finalizer@50000144)
	referent	5000058e
	queue		500006d1
	next		5000051a
	prev		500006ab
OBJ 50000590 (sz=8, trace=300310, class=java.lang.Object@50000169)
OBJ 50000591 (sz=24, trace=300311, class=java.io.FileDescriptor@5000007a)
	parent		5000058e
ARR 50000592 (sz=200, trace=300312, nelems=0, elem type=byte[])
ARR 50000593 (sz=80, trace=300094, nelems=0, elem type=byte[])
ARR 50000595 (sz=200, trace=300314, nelems=0, elem type=byte[])
ARR 50000596 (sz=80, trace=300094, nelems=0, elem type=byte[])
ARR 50000597 (sz=16, trace=300315, nelems=0, elem type=byte[])
ARR 50000598 (sz=728, trace=300316, nelems=0, elem type=byte[])
OBJ 5000059a (sz=16, trace=300318, class=java.io.FileInputStream$1@50000599)
OBJ 5000059b (sz=32, trace=300319, class=java.security.CodeSource@5000010c)
	location	500010a6
ARR 5000059e (sz=24, trace=300321, nelems=2, elem type=java.io.ObjectStreamField[]@500000f2)
	[0]		5000059f
	[1]		500005ac
OBJ 5000059f (sz=32, trace=300322, class=java.io.ObjectStreamField@500000f4)
	name		5000100b
	signature	500005aa
	type		5000013d
OBJ 500005a0 (sz=16, trace=300071, class=java.lang.StringBuilder@50000119)
ARR 500005a1 (sz=48, trace=300072, nelems=0, elem type=char[])
OBJ 500005a2 (sz=16, trace=300323, class=java.lang.StringBuilder@50000119)
ARR 500005a3 (sz=48, trace=300324, nelems=0, elem type=char[])
ARR 500005a4 (sz=56, trace=300325, nelems=0, elem type=char[])
OBJ 500005a5 (sz=16, trace=300326, class=java.lang.String@50000165)
ARR 500005a6 (sz=80, trace=300010, nelems=0, elem type=char[])
OBJ 500005a7 (sz=16, trace=300327, class=java.lang.String@50000165)
ARR 500005a8 (sz=56, trace=300328, nelems=0, elem type=char[])
ARR 500005a9 (sz=80, trace=300010, nelems=0, elem type=char[])
OBJ 500005aa (sz=16, trace=300073, class=java.lang.String@50000165)
	value		500005ab
ARR 500005ab (sz=42, trace=300074, nelems=21, elem type=char[])
OBJ 500005ac (sz=32, trace=300329, class=java.io.ObjectStreamField@500000f4)
	name		5000100a
	signature	500005b8
	type		5000059c
OBJ 500005ad (sz=16, trace=300071, class=java.lang.StringBuilder@50000119)
ARR 500005ae (sz=48, trace=300072, nelems=0, elem type=char[])
OBJ 500005af (sz=16, trace=300323, class=java.lang.StringBuilder@50000119)
ARR 500005b0 (sz=48, trace=300324, nelems=0, elem type=char[])
ARR 500005b1 (sz=80, trace=300325, nelems=0, elem type=char[])
OBJ 500005b2 (sz=16, trace=300326, class=java.lang.String@50000165)
ARR 500005b3 (sz=88, trace=300010, nelems=0, elem type=char[])
ARR 500005b4 (sz=160, trace=300304, nelems=0, elem type=char[])
OBJ 500005b5 (sz=16, trace=300327, class=java.lang.String@50000165)
ARR 500005b6 (sz=88, trace=300328, nelems=0, elem type=char[])
ARR 500005b7 (sz=88, trace=300010, nelems=0, elem type=char[])
OBJ 500005b8 (sz=16, trace=300073, class=java.lang.String@50000165)
	value		500005b9
ARR 500005b9 (sz=72, trace=300074, nelems=36, elem type=char[])
OBJ 500005ba (sz=24, trace=300330, class=java.security.Permissions@5000059d)
	permsMap	500005bb
OBJ 500005bb (sz=40, trace=300331, class=java.util.HashMap@500000bd)
	table		50000613
OBJ 500005bc (sz=16, trace=300332, class=java.lang.StringBuilder@50000119)
ARR 500005bd (sz=120, trace=300333, nelems=0, elem type=char[])
ARR 500005be (sz=72, trace=300334, nelems=0, elem type=byte[])
OBJ 500005bf (sz=48, trace=300246, class=java.nio.HeapByteBuffer@50000062)
ARR 500005c0 (sz=120, trace=300335, nelems=0, elem type=char[])
OBJ 500005c1 (sz=48, trace=300250, class=java.nio.HeapCharBuffer@50000537)
OBJ 500005c2 (sz=16, trace=300260, class=java.lang.String@50000165)
ARR 500005c3 (sz=16, trace=300261, nelems=0, elem type=char[])
OBJ 500005c4 (sz=16, trace=300270, class=java.lang.String@50000165)
ARR 500005c5 (sz=16, trace=300271, nelems=0, elem type=char[])
OBJ 500005c6 (sz=16, trace=300336, class=java.lang.String@50000165)
ARR 500005c7 (sz=120, trace=300273, nelems=0, elem type=char[])
OBJ 500005c8 (sz=24, trace=300337, class=java.io.File@50000113)
OBJ 500005c9 (sz=24, trace=300275, class=java.lang.StringBuffer@5000011a)
ARR 500005ca (sz=120, trace=300276, nelems=0, elem type=char[])
OBJ 500005cb (sz=16, trace=300277, class=java.lang.String@50000165)
ARR 500005cc (sz=112, trace=300278, nelems=0, elem type=char[])
ARR 500005cd (sz=112, trace=300279, nelems=0, elem type=char[])
OBJ 500005ce (sz=16, trace=300280, class=java.lang.String@50000165)
OBJ 500005d2 (sz=40, trace=300339, class=java.util.Hashtable@5000013d)
	table		500005d3
ARR 500005d3 (sz=56, trace=300340, nelems=0, elem type=java.util.Hashtable$Entry[]@500000b6)
OBJ 500005d4 (sz=40, trace=300341, class=java.util.HashMap@500000bd)
OBJ 500005d5 (sz=96, trace=300342, class=sun.net.www.protocol.file.FileURLConnection@500005d1)
OBJ 500005d7 (sz=24, trace=300344, class=sun.net.www.MessageHeader@500005d6)
ARR 500005d8 (sz=32, trace=300345, nelems=0, elem type=java.lang.String[]@500000bf)
ARR 500005d9 (sz=32, trace=300346, nelems=0, elem type=java.lang.String[]@500000bf)
OBJ 500005da (sz=16, trace=300347, class=java.lang.StringBuilder@50000119)
ARR 500005db (sz=120, trace=300348, nelems=0, elem type=char[])
ARR 500005dc (sz=72, trace=300349, nelems=0, elem type=byte[])
OBJ 500005dd (sz=48, trace=300246, class=java.nio.HeapByteBuffer@50000062)
ARR 500005de (sz=120, trace=300350, nelems=0, elem type=char[])
OBJ 500005df (sz=48, trace=300250, class=java.nio.HeapCharBuffer@50000537)
OBJ 500005e0 (sz=16, trace=300260, class=java.lang.String@50000165)
ARR 500005e1 (sz=16, trace=300261, nelems=0, elem type=char[])
OBJ 500005e2 (sz=16, trace=300270, class=java.lang.String@50000165)
ARR 500005e3 (sz=16, trace=300271, nelems=0, elem type=char[])
OBJ 500005e4 (sz=16, trace=300351, class=java.lang.String@50000165)
ARR 500005e5 (sz=120, trace=300273, nelems=0, elem type=char[])
OBJ 500005e7 (sz=32, trace=300353, class=java.io.FilePermission@500005e6)
OBJ 500005e9 (sz=16, trace=300355, class=java.io.FilePermission$1@500005e8)
OBJ 500005ea (sz=24, trace=300356, class=java.io.File@50000113)
OBJ 500005eb (sz=24, trace=300275, class=java.lang.StringBuffer@5000011a)
ARR 500005ec (sz=120, trace=300276, nelems=0, elem type=char[])
OBJ 500005ed (sz=16, trace=300277, class=java.lang.String@50000165)
ARR 500005ee (sz=112, trace=300278, nelems=0, elem type=char[])
ARR 500005ef (sz=112, trace=300279, nelems=0, elem type=char[])
OBJ 500005f0 (sz=16, trace=300280, class=java.lang.String@50000165)
OBJ 500005f1 (sz=16, trace=300357, class=java.lang.StringBuilder@50000119)
ARR 500005f2 (sz=48, trace=300358, nelems=0, elem type=char[])
ARR 500005f3 (sz=120, trace=300010, nelems=0, elem type=char[])
ARR 500005f4 (sz=224, trace=300010, nelems=0, elem type=char[])
OBJ 500005f5 (sz=16, trace=300359, class=java.lang.String@50000165)
	value		500005f6
ARR 500005f6 (sz=104, trace=300360, nelems=52, elem type=char[])
OBJ 500005f7 (sz=32, trace=300361, class=java.io.FilePermission@500005e6)
	name		500005f5
	cpath		50000600
OBJ 500005f8 (sz=16, trace=300362, class=java.io.FilePermission$1@500005e8)
OBJ 500005f9 (sz=24, trace=300356, class=java.io.File@50000113)
ARR 500005fa (sz=168, trace=300283, nelems=0, elem type=byte[])
ARR 500005fb (sz=64, trace=300094, nelems=0, elem type=byte[])
OBJ 500005fc (sz=16, trace=300284, class=java.lang.String@50000165)
	value		500005fd
ARR 500005fd (sz=104, trace=300047, nelems=52, elem type=char[])
OBJ 500005fe (sz=24, trace=300285, class=java.io.ExpiringCache$Entry@5000004d)
	val		500005fc
OBJ 500005ff (sz=32, trace=300363, class=java.util.LinkedHashMap$Entry@5000004c)
	key		500005f5
	value		500005fe
	before		50000566
OBJ 50000600 (sz=16, trace=300364, class=java.lang.String@50000165)
	value		50000601
ARR 50000601 (sz=102, trace=300365, nelems=51, elem type=char[])
ARR 50000603 (sz=16, trace=300367, nelems=1, elem type=java.io.ObjectStreamField[]@500000f2)
	[0]		50000604
OBJ 50000604 (sz=32, trace=300368, class=java.io.ObjectStreamField@500000f4)
	name		50000846
	signature	5000060f
	type		500000db
OBJ 50000605 (sz=16, trace=300071, class=java.lang.StringBuilder@50000119)
ARR 50000606 (sz=48, trace=300072, nelems=0, elem type=char[])
OBJ 50000607 (sz=16, trace=300323, class=java.lang.StringBuilder@50000119)
ARR 50000608 (sz=48, trace=300324, nelems=0, elem type=char[])
ARR 50000609 (sz=48, trace=300325, nelems=0, elem type=char[])
OBJ 5000060a (sz=16, trace=300326, class=java.lang.String@50000165)
ARR 5000060b (sz=80, trace=300010, nelems=0, elem type=char[])
OBJ 5000060c (sz=16, trace=300327, class=java.lang.String@50000165)
ARR 5000060d (sz=48, trace=300328, nelems=0, elem type=char[])
ARR 5000060e (sz=80, trace=300010, nelems=0, elem type=char[])
OBJ 5000060f (sz=16, trace=300073, class=java.lang.String@50000165)
	value		50000610
ARR 50000610 (sz=36, trace=300074, nelems=18, elem type=char[])
OBJ 50000611 (sz=16, trace=300369, class=java.io.FilePermissionCollection@50000602)
	perms		50000612
OBJ 50000612 (sz=24, trace=300370, class=java.util.ArrayList@500000d5)
	elementData	50000615
ARR 50000613 (sz=80, trace=300371, nelems=12, elem type=java.util.HashMap$Node[]@500000b9)
	[2]		50000614
	[11]		5000063c
OBJ 50000614 (sz=24, trace=300237, class=java.util.HashMap$Node@500000bb)
	key		500005e6
	value		50000611
ARR 50000615 (sz=56, trace=300235, nelems=1, elem type=java.lang.Object[]@50000100)
	[0]		500005f7
OBJ 50000618 (sz=24, trace=300374, class=java.lang.RuntimePermission@500000e8)
	name		50000840
	path		50000841
ARR 5000061a (sz=24, trace=300376, nelems=3, elem type=java.io.ObjectStreamField[]@500000f2)
	[0]		5000061b
	[1]		50000628
	[2]		5000062d
OBJ 5000061b (sz=32, trace=300377, class=java.io.ObjectStreamField@500000f4)
	name		50000846
	signature	500005aa
	type		5000013d
OBJ 5000061c (sz=16, trace=300071, class=java.lang.StringBuilder@50000119)
ARR 5000061d (sz=48, trace=300072, nelems=0, elem type=char[])
OBJ 5000061e (sz=16, trace=300323, class=java.lang.StringBuilder@50000119)
ARR 5000061f (sz=48, trace=300324, nelems=0, elem type=char[])
ARR 50000620 (sz=56, trace=300325, nelems=0, elem type=char[])
OBJ 50000621 (sz=16, trace=300326, class=java.lang.String@50000165)
ARR 50000622 (sz=80, trace=300010, nelems=0, elem type=char[])
OBJ 50000623 (sz=16, trace=300327, class=java.lang.String@50000165)
ARR 50000624 (sz=56, trace=300328, nelems=0, elem type=char[])
ARR 50000625 (sz=80, trace=300010, nelems=0, elem type=char[])
OBJ 50000626 (sz=16, trace=300073, class=java.lang.String@50000165)
ARR 50000627 (sz=56, trace=300074, nelems=0, elem type=char[])
OBJ 50000628 (sz=32, trace=300378, class=java.io.ObjectStreamField@500000f4)
	name		50000845
	signature	500001db
	type		500007a3
OBJ 50000629 (sz=16, trace=300071, class=java.lang.StringBuilder@50000119)
ARR 5000062a (sz=48, trace=300072, nelems=0, elem type=char[])
OBJ 5000062b (sz=16, trace=300073, class=java.lang.String@50000165)
ARR 5000062c (sz=16, trace=300074, nelems=0, elem type=char[])
OBJ 5000062d (sz=32, trace=300379, class=java.io.ObjectStreamField@500000f4)
	name		50000847
	signature	50000638
	type		50000161
OBJ 5000062e (sz=16, trace=300071, class=java.lang.StringBuilder@50000119)
ARR 5000062f (sz=48, trace=300072, nelems=0, elem type=char[])
OBJ 50000630 (sz=16, trace=300323, class=java.lang.StringBuilder@50000119)
ARR 50000631 (sz=48, trace=300324, nelems=0, elem type=char[])
ARR 50000632 (sz=48, trace=300325, nelems=0, elem type=char[])
OBJ 50000633 (sz=16, trace=300326, class=java.lang.String@50000165)
ARR 50000634 (sz=80, trace=300304, nelems=0, elem type=char[])
OBJ 50000635 (sz=16, trace=300327, class=java.lang.String@50000165)
ARR 50000636 (sz=48, trace=300328, nelems=0, elem type=char[])
ARR 50000637 (sz=80, trace=300010, nelems=0, elem type=char[])
OBJ 50000638 (sz=16, trace=300073, class=java.lang.String@50000165)
	value		50000639
ARR 50000639 (sz=34, trace=300074, nelems=17, elem type=char[])
OBJ 5000063a (sz=24, trace=300380, class=java.security.BasicPermissionCollection@50000619)
	perms		5000063b
	permClass	500000e8
OBJ 5000063b (sz=40, trace=300381, class=java.util.HashMap@500000bd)
	table		5000063d
OBJ 5000063c (sz=24, trace=300237, class=java.util.HashMap$Node@500000bb)
	key		500000e8
	value		5000063a
ARR 5000063d (sz=80, trace=300382, nelems=12, elem type=java.util.HashMap$Node[]@500000b9)
	[11]		5000063e
OBJ 5000063e (sz=24, trace=300237, class=java.util.HashMap$Node@500000bb)
	key		50000842
	value		50000618
OBJ 5000063f (sz=32, trace=300383, class=java.security.ProtectionDomain@50000157)
	codesource	5000059b
	classloader	500006d7
	principals	50000641
	permissions	500005ba
	key		50000640
OBJ 50000640 (sz=8, trace=300384, class=java.security.ProtectionDomain$Key@50000008)
ARR 50000641 (sz=16, trace=300385, nelems=0, elem type=java.security.Principal[]@50000006)
ARR 50000642 (sz=80, trace=300386, nelems=15, elem type=java.util.HashMap$Node[]@500000b9)
	[14]		50000643
OBJ 50000643 (sz=24, trace=300237, class=java.util.HashMap$Node@500000bb)
	key		5000059b
	value		5000063f
ARR 50000644 (sz=80, trace=300387, nelems=1, elem type=java.util.concurrent.ConcurrentHashMap$Node[]@50000020)
	[0]		50000645
OBJ 50000645 (sz=24, trace=300388, class=java.util.concurrent.ConcurrentHashMap$Node@50000021)
	key		500007b7
	val		50000a76
OBJ 50000646 (sz=24, trace=300077, class=java.lang.StringBuffer@5000011a)
ARR 50000647 (sz=128, trace=300078, nelems=0, elem type=char[])
ARR 50000648 (sz=128, trace=300079, nelems=0, elem type=char[])
OBJ 50000649 (sz=16, trace=300080, class=java.lang.String@50000165)
OBJ 5000064a (sz=8, trace=300048, class=java.lang.Object@50000169)
OBJ 5000064b (sz=24, trace=300050, class=java.util.concurrent.ConcurrentHashMap$Node@50000021)
	key		50000a94
	val		5000064a
OBJ 5000064c (sz=8, trace=300051, class=java.lang.Object@50000169)
OBJ 5000064d (sz=24, trace=300050, class=java.util.concurrent.ConcurrentHashMap$Node@50000021)
	key		50000a94
	val		5000064c
ARR 5000064e (sz=80, trace=300389, nelems=7, elem type=java.util.HashMap$Node[]@500000b9)
	[6]		5000064f
OBJ 5000064f (sz=24, trace=300237, class=java.util.HashMap$Node@500000bb)
	key		5000063f
	value		50001070
ARR 50000652 (sz=16, trace=300392, nelems=0, elem type=java.lang.Class[]@500000fb)
OBJ 50000654 (sz=24, trace=300394, class=java.lang.Class$MethodArray@50000653)
ARR 50000656 (sz=24, trace=300395, nelems=0, elem type=java.lang.reflect.Method[]@50000655)
OBJ 50000657 (sz=48, trace=300396, class=java.lang.Class$ReflectionData@500000a8)
OBJ 50000658 (sz=32, trace=300040, class=java.lang.ref.SoftReference@50000149)
OBJ 50000659 (sz=8, trace=300048, class=java.lang.Object@50000169)
OBJ 5000065a (sz=24, trace=300050, class=java.util.concurrent.ConcurrentHashMap$Node@50000021)
	key		50000a98
	val		50000659
OBJ 5000065b (sz=8, trace=300051, class=java.lang.Object@50000169)
OBJ 5000065c (sz=24, trace=300050, class=java.util.concurrent.ConcurrentHashMap$Node@50000021)
	key		50000a98
	val		5000065b
OBJ 5000065d (sz=8, trace=300048, class=java.lang.Object@50000169)
OBJ 5000065e (sz=24, trace=300050, class=java.util.concurrent.ConcurrentHashMap$Node@50000021)
	key		50000a90
	val		5000065d
OBJ 5000065f (sz=8, trace=300051, class=java.lang.Object@50000169)
OBJ 50000660 (sz=24, trace=300050, class=java.util.concurrent.ConcurrentHashMap$Node@50000021)
	key		50000a90
	val		5000065f
OBJ 50000661 (sz=8, trace=300048, class=java.lang.Object@50000169)
OBJ 50000662 (sz=24, trace=300050, class=java.util.concurrent.ConcurrentHashMap$Node@50000021)
	key		50000a96
	val		50000661
OBJ 50000663 (sz=8, trace=300051, class=java.lang.Object@50000169)
OBJ 50000664 (sz=24, trace=300050, class=java.util.concurrent.ConcurrentHashMap$Node@50000021)
	key		50000a96
	val		50000663
OBJ 50000665 (sz=16, trace=300053, class=java.net.URLClassLoader$1@500001b8)
ARR 50000666 (sz=48, trace=300054, nelems=0, elem type=char[])
OBJ 50000667 (sz=16, trace=300055, class=java.lang.String@50000165)
ARR 50000668 (sz=48, trace=300162, nelems=0, elem type=char[])
ARR 50000669 (sz=64, trace=300163, nelems=0, elem type=byte[])
ARR 5000066a (sz=32, trace=300164, nelems=0, elem type=byte[])
ARR 5000066b (sz=48, trace=300162, nelems=0, elem type=char[])
ARR 5000066c (sz=64, trace=300163, nelems=0, elem type=byte[])
ARR 5000066d (sz=32, trace=300164, nelems=0, elem type=byte[])
ARR 5000066e (sz=48, trace=300162, nelems=0, elem type=char[])
ARR 5000066f (sz=64, trace=300163, nelems=0, elem type=byte[])
ARR 50000670 (sz=32, trace=300164, nelems=0, elem type=byte[])
ARR 50000671 (sz=48, trace=300162, nelems=0, elem type=char[])
ARR 50000672 (sz=64, trace=300163, nelems=0, elem type=byte[])
ARR 50000673 (sz=32, trace=300164, nelems=0, elem type=byte[])
ARR 50000674 (sz=48, trace=300162, nelems=0, elem type=char[])
ARR 50000675 (sz=64, trace=300163, nelems=0, elem type=byte[])
ARR 50000676 (sz=32, trace=300164, nelems=0, elem type=byte[])
ARR 50000677 (sz=48, trace=300162, nelems=0, elem type=char[])
ARR 50000678 (sz=64, trace=300163, nelems=0, elem type=byte[])
ARR 50000679 (sz=32, trace=300164, nelems=0, elem type=byte[])
ARR 5000067a (sz=48, trace=300162, nelems=0, elem type=char[])
ARR 5000067b (sz=64, trace=300163, nelems=0, elem type=byte[])
ARR 5000067c (sz=32, trace=300164, nelems=0, elem type=byte[])
ARR 5000067d (sz=48, trace=300162, nelems=0, elem type=char[])
ARR 5000067e (sz=64, trace=300163, nelems=0, elem type=byte[])
ARR 5000067f (sz=32, trace=300164, nelems=0, elem type=byte[])
ARR 50000680 (sz=48, trace=300162, nelems=0, elem type=char[])
ARR 50000681 (sz=64, trace=300163, nelems=0, elem type=byte[])
ARR 50000682 (sz=32, trace=300164, nelems=0, elem type=byte[])
ARR 50000683 (sz=48, trace=300162, nelems=0, elem type=char[])
ARR 50000684 (sz=64, trace=300163, nelems=0, elem type=byte[])
ARR 50000685 (sz=32, trace=300164, nelems=0, elem type=byte[])
OBJ 50000686 (sz=32, trace=300239, class=java.lang.ClassNotFoundException@50000153)
OBJ 50000687 (sz=16, trace=300240, class=java.net.URLClassLoader$1@500001b8)
ARR 50000688 (sz=48, trace=300054, nelems=0, elem type=char[])
OBJ 50000689 (sz=16, trace=300055, class=java.lang.String@50000165)
OBJ 5000068a (sz=64, trace=300289, class=java.net.URL@50000111)
OBJ 5000068b (sz=16, trace=300290, class=java.lang.StringBuilder@50000119)
ARR 5000068c (sz=48, trace=300291, nelems=0, elem type=char[])
ARR 5000068d (sz=120, trace=300010, nelems=0, elem type=char[])
ARR 5000068e (sz=232, trace=300010, nelems=0, elem type=char[])
OBJ 5000068f (sz=16, trace=300292, class=java.lang.String@50000165)
ARR 50000690 (sz=120, trace=300293, nelems=0, elem type=char[])
OBJ 50000691 (sz=16, trace=300294, class=java.lang.String@50000165)
ARR 50000692 (sz=120, trace=300295, nelems=0, elem type=char[])
ARR 50000693 (sz=104, trace=300296, nelems=0, elem type=char[])
ARR 50000694 (sz=48, trace=300297, nelems=0, elem type=char[])
OBJ 50000695 (sz=16, trace=300298, class=java.lang.String@50000165)
ARR 50000696 (sz=48, trace=300299, nelems=0, elem type=char[])
OBJ 50000697 (sz=64, trace=300300, class=java.net.URL@50000111)
OBJ 50000698 (sz=16, trace=300290, class=java.lang.StringBuilder@50000119)
ARR 50000699 (sz=48, trace=300291, nelems=0, elem type=char[])
ARR 5000069a (sz=120, trace=300010, nelems=0, elem type=char[])
ARR 5000069b (sz=232, trace=300010, nelems=0, elem type=char[])
OBJ 5000069c (sz=16, trace=300292, class=java.lang.String@50000165)
ARR 5000069d (sz=152, trace=300293, nelems=0, elem type=char[])
OBJ 5000069e (sz=24, trace=300301, class=java.io.File@50000113)
OBJ 5000069f (sz=16, trace=300302, class=java.lang.StringBuilder@50000119)
ARR 500006a0 (sz=48, trace=300303, nelems=0, elem type=char[])
ARR 500006a1 (sz=112, trace=300010, nelems=0, elem type=char[])
ARR 500006a2 (sz=216, trace=300304, nelems=0, elem type=char[])
OBJ 500006a3 (sz=16, trace=300305, class=java.lang.String@50000165)
	value		500006a4
ARR 500006a4 (sz=132, trace=300306, nelems=66, elem type=char[])
ARR 500006a5 (sz=216, trace=300093, nelems=0, elem type=byte[])
ARR 500006a6 (sz=80, trace=300094, nelems=0, elem type=byte[])
OBJ 500006a7 (sz=16, trace=300095, class=java.lang.String@50000165)
ARR 500006a8 (sz=48, trace=300096, nelems=0, elem type=char[])
OBJ 500006a9 (sz=32, trace=300308, class=sun.misc.URLClassPath$FileLoader$1@5000058c)
OBJ 500006aa (sz=32, trace=300309, class=java.io.FileInputStream@5000007b)
	fd		500006ad
	path		500006a3
	closeLock	500006ac
OBJ 500006ab (sz=32, trace=300128, class=java.lang.ref.Finalizer@50000144)
	referent	500006aa
	queue		500006d1
	next		5000058f
OBJ 500006ac (sz=8, trace=300310, class=java.lang.Object@50000169)
OBJ 500006ad (sz=24, trace=300311, class=java.io.FileDescriptor@5000007a)
	parent		500006aa
ARR 500006ae (sz=216, trace=300312, nelems=0, elem type=byte[])
ARR 500006af (sz=80, trace=300094, nelems=0, elem type=byte[])
ARR 500006b0 (sz=216, trace=300314, nelems=0, elem type=byte[])
ARR 500006b1 (sz=80, trace=300094, nelems=0, elem type=byte[])
ARR 500006b2 (sz=16, trace=300315, nelems=0, elem type=byte[])
ARR 500006b3 (sz=400, trace=300316, nelems=0, elem type=byte[])
OBJ 500006b4 (sz=16, trace=300318, class=java.io.FileInputStream$1@50000599)
OBJ 500006b5 (sz=32, trace=300319, class=java.security.CodeSource@5000010c)
OBJ 500006b6 (sz=24, trace=300077, class=java.lang.StringBuffer@5000011a)
ARR 500006b7 (sz=128, trace=300078, nelems=0, elem type=char[])
ARR 500006b8 (sz=128, trace=300079, nelems=0, elem type=char[])
OBJ 500006b9 (sz=16, trace=300080, class=java.lang.String@50000165)
OBJ 500006bb (sz=8, trace=300048, class=java.lang.Object@50000169)
OBJ 500006bc (sz=24, trace=300050, class=java.util.concurrent.ConcurrentHashMap$Node@50000021)
	key		50000a92
	val		500006bb
OBJ 500006bd (sz=8, trace=300051, class=java.lang.Object@50000169)
OBJ 500006be (sz=24, trace=300050, class=java.util.concurrent.ConcurrentHashMap$Node@50000021)
	key		50000a92
	val		500006bd
OBJ 500006bf (sz=88, trace=300397, class=java.lang.reflect.Method@50000136)
OBJ 500006c1 (sz=16, trace=300046, class=java.lang.String@50000165)
ARR 500006c2 (sz=32, trace=300047, nelems=0, elem type=char[])
OBJ 500006c3 (sz=8, trace=300399, class=Demo@50000650)
OBJ 500006c4 (sz=16, trace=300400, class=Calculate@500006ba)
OBJ 500006c5 (sz=16, trace=300401, class=Calculate@500006ba)
OBJ 500006c6 (sz=32, trace=300402, class=java.lang.Exception@5000015a)
OBJ 500006c7 (sz=376, trace=300001, class=java.lang.Thread@50000142)
	name		50001256
	group		500007b2
	inheritedAccessControlContext	50001255
	blockerLock	500006c8
OBJ 500006c8 (sz=8, trace=300002, class=java.lang.Object@50000169)
ARR 500006ca (sz=56, trace=300403, nelems=0, elem type=java.lang.Runnable[]@500000c7)
OBJ 500006cc (sz=8, trace=300405, class=java.lang.Shutdown$Lock@500006cb)
OBJ 500006cd (sz=8, trace=300406, class=java.lang.Shutdown$Lock@500006cb)
OBJ 500006ce (sz=376, trace=300000, class=java.lang.Thread@50000142)
	name		500012a9
	contextClassLoader	500006d7
	blockerLock	500012a8
OBJ 500006cf (sz=376, trace=300000, class=java.lang.Thread@50000142)
	name		50001245
	group		500007b3
	contextClassLoader	500006d7
	inheritedAccessControlContext	50001244
	blockerLock	50001243
OBJ 500006d0 (sz=384, trace=300000, class=java.lang.ref.Finalizer$FinalizerThread@500000b4)
	name		50001249
	group		500007b3
	inheritedAccessControlContext	50001248
	blockerLock	50001247
OBJ 500006d1 (sz=24, trace=300000, class=java.lang.ref.ReferenceQueue@500000ca)
	lock		500006d2
OBJ 500006d2 (sz=8, trace=300000, class=java.lang.ref.ReferenceQueue$Lock@500000c8)
OBJ 500006d3 (sz=8, trace=300000, class=java.lang.System$2@50000040)
OBJ 500006d4 (sz=376, trace=300000, class=java.lang.ref.Reference$ReferenceHandler@500000d7)
	name		50000f69
	group		500007b3
	inheritedAccessControlContext	50001251
	blockerLock	50001250
OBJ 500006d5 (sz=8, trace=300000, class=java.lang.ref.Reference$Lock@500000d8)
OBJ 500006d6 (sz=16, trace=300000, class=java.lang.String@50000165)
	value		500009db
OBJ 500006d7 (sz=88, trace=300000, class=sun.misc.Launcher$AppClassLoader@5000010e)
	parent		50000a83
	parallelLockMap	50000a82
	package2certs	50000a81
	classes		50000a80
	defaultDomain	50000a7f
	domains		50000a7e
	packages	50000a7d
	nativeLibraries	50000a7c
	assertionLock	50000a7b
	pdcache		50000a7a
	ucp		50000a77
	acc		50000a79
	closeables	50000a78
	ucp		50000a77
ARR 500006d8 (sz=0, trace=300000, nelems=0, elem type=int[])
ARR 500006d9 (sz=24, trace=300000, nelems=0, elem type=java.lang.Object[]@50000100)
ARR 500006da (sz=24, trace=300000, nelems=0, elem type=java.lang.Object[]@50000100)
ARR 500006db (sz=80, trace=300000, nelems=0, elem type=java.lang.Object[]@50000100)
ARR 500006dc (sz=16, trace=300000, nelems=1, elem type=java.lang.Object[]@50000100)
	[0]		50000f69
ARR 500006dd (sz=24, trace=300000, nelems=2, elem type=java.lang.Object[]@50000100)
	[1]		50000aae
ARR 500006de (sz=88, trace=300000, nelems=10, elem type=java.lang.Object[]@50000100)
	[1]		50000a6e
	[3]		500007b7
	[8]		50000a6f
	[9]		50000a70
ARR 500006df (sz=56, trace=300000, nelems=10, elem type=java.lang.Object[]@50000100)
	[9]		50001008
ARR 500006e0 (sz=48, trace=300000, nelems=0, elem type=java.lang.Object[]@50000100)
ARR 500006e1 (sz=56, trace=300000, nelems=0, elem type=java.lang.Object[]@50000100)
ARR 500006e2 (sz=208, trace=300000, nelems=0, elem type=java.lang.Object[]@50000100)
ARR 500006e3 (sz=24, trace=300000, nelems=1, elem type=java.lang.Object[]@50000100)
	[0]		500007b6
ARR 500006e4 (sz=64, trace=300000, nelems=13, elem type=java.lang.Object[]@50000100)
	[5]		500007b7
	[9]		500007b8
	[10]		500007b9
	[11]		500007ba
	[12]		500007bb
ARR 500006e5 (sz=40, trace=300000, nelems=1, elem type=java.lang.Object[]@50000100)
	[0]		50000f6a
ARR 500006e6 (sz=64, trace=300000, nelems=12, elem type=java.lang.Object[]@50000100)
	[11]		500007c9
ARR 500006e7 (sz=24, trace=300000, nelems=0, elem type=java.lang.Object[]@50000100)
ARR 500006e8 (sz=40, trace=300000, nelems=6, elem type=java.lang.Object[]@50000100)
	[3]		50000840
	[4]		50000841
	[5]		50000842
ARR 500006e9 (sz=48, trace=300000, nelems=0, elem type=java.lang.Object[]@50000100)
ARR 500006ea (sz=64, trace=300000, nelems=0, elem type=java.lang.Object[]@50000100)
ARR 500006eb (sz=80, trace=300000, nelems=0, elem type=java.lang.Object[]@50000100)
ARR 500006ec (sz=24, trace=300000, nelems=0, elem type=java.lang.Object[]@50000100)
ARR 500006ed (sz=104, trace=300000, nelems=0, elem type=java.lang.Object[]@50000100)
ARR 500006ee (sz=24, trace=300000, nelems=3, elem type=java.lang.Object[]@50000100)
	[2]		50000ac4
ARR 500006ef (sz=72, trace=300000, nelems=0, elem type=java.lang.Object[]@50000100)
ARR 500006f0 (sz=24, trace=300000, nelems=0, elem type=java.lang.Object[]@50000100)
ARR 500006f1 (sz=24, trace=300000, nelems=0, elem type=java.lang.Object[]@50000100)
ARR 500006f2 (sz=24, trace=300000, nelems=0, elem type=java.lang.Object[]@50000100)
ARR 500006f3 (sz=40, trace=300000, nelems=0, elem type=java.lang.Object[]@50000100)
ARR 500006f4 (sz=64, trace=300000, nelems=12, elem type=java.lang.Object[]@50000100)
	[11]		5000083c
ARR 500006f5 (sz=48, trace=300000, nelems=0, elem type=java.lang.Object[]@50000100)
ARR 500006f6 (sz=24, trace=300000, nelems=0, elem type=java.lang.Object[]@50000100)
ARR 500006f7 (sz=16, trace=300000, nelems=0, elem type=java.lang.Object[]@50000100)
ARR 500006f8 (sz=24, trace=300000, nelems=0, elem type=java.lang.Object[]@50000100)
ARR 500006f9 (sz=16, trace=300000, nelems=0, elem type=java.lang.Object[]@50000100)
ARR 500006fa (sz=56, trace=300000, nelems=10, elem type=java.lang.Object[]@50000100)
	[6]		50000aaf
	[7]		50000ab0
	[8]		50000ab1
	[9]		50000ab2
ARR 500006fb (sz=24, trace=300000, nelems=0, elem type=java.lang.Object[]@50000100)
ARR 500006fc (sz=152, trace=300000, nelems=0, elem type=java.lang.Object[]@50000100)
ARR 500006fd (sz=16, trace=300000, nelems=0, elem type=java.lang.Object[]@50000100)
ARR 500006fe (sz=56, trace=300000, nelems=11, elem type=java.lang.Object[]@50000100)
	[2]		50000957
	[3]		50000958
	[4]		50000959
	[5]		5000095a
	[6]		5000095b
	[7]		50000855
	[8]		5000095c
	[9]		5000095d
	[10]		5000095e
ARR 500006ff (sz=40, trace=300000, nelems=0, elem type=java.lang.Object[]@50000100)
ARR 50000700 (sz=40, trace=300000, nelems=0, elem type=java.lang.Object[]@50000100)
ARR 50000701 (sz=24, trace=300000, nelems=3, elem type=java.lang.Object[]@50000100)
	[2]		5000084b
ARR 50000702 (sz=24, trace=300000, nelems=0, elem type=java.lang.Object[]@50000100)
ARR 50000703 (sz=56, trace=300000, nelems=10, elem type=java.lang.Object[]@50000100)
	[9]		50000849
ARR 50000704 (sz=16, trace=300000, nelems=1, elem type=java.lang.Object[]@50000100)
	[0]		50001249
ARR 50000705 (sz=16, trace=300000, nelems=0, elem type=java.lang.Object[]@50000100)
ARR 50000706 (sz=48, trace=300000, nelems=5, elem type=java.lang.Object[]@50000100)
	[0]		50000b4f
	[1]		500007b7
	[2]		50000b02
	[4]		50000b50
ARR 50000707 (sz=16, trace=300000, nelems=0, elem type=java.lang.Object[]@50000100)
ARR 50000708 (sz=24, trace=300000, nelems=2, elem type=java.lang.Object[]@50000100)
	[0]		50000ba9
	[1]		50000ad5
ARR 50000709 (sz=864, trace=300000, nelems=212, elem type=java.lang.Object[]@50000100)
	[0]		50000b54
	[1]		50000e27
	[2]		50000ea5
	[3]		50000ea6
	[4]		50000ea7
	[5]		50000ea8
	[6]		50000d3e
	[7]		50000ea9
	[8]		50000d3a
	[9]		50000eaa
	[10]		50000d6d
	[11]		50000df5
	[12]		50000cf6
	[13]		50000eab
	[14]		50000d2a
	[15]		50000eb3
	[16]		50000e50
	[17]		50000eb4
	[18]		50000eb5
	[19]		50000bee
	[20]		50000d7f
	[21]		50000d2e
	[22]		50000eb6
	[23]		50000be3
	[24]		50000eb7
	[25]		50000eb8
	[26]		50000eb9
	[27]		50000c11
	[28]		50000eba
	[29]		50000ebb
	[30]		50000ebc
	[31]		50000c0e
	[32]		50000ebd
	[33]		50000b72
	[34]		50000ebe
	[35]		50000bfa
	[36]		50000ebf
	[37]		50000b90
	[38]		50000ec0
	[39]		50000b7e
	[40]		50000ec1
	[41]		50000dad
	[42]		50000ec2
	[43]		50000da5
	[44]		50000de8
	[45]		50000ec3
	[46]		50000e30
	[47]		50000ec4
	[48]		50000e52
	[49]		50000ec5
	[50]		50000ec6
	[51]		50000ec7
	[52]		50000bdd
	[53]		50000e65
	[54]		50000ec8
	[55]		50000e0a
	[56]		50000e61
	[57]		50000dab
	[58]		50000ec9
	[59]		50000eca
	[60]		50000ecb
	[61]		50000da3
	[62]		50000de4
	[63]		50000e00
	[64]		50000df1
	[65]		50000e46
	[66]		50000e70
	[67]		50000ecc
	[68]		50000e08
	[69]		50000d22
	[70]		50000e5f
	[71]		50000d9d
	[72]		50000ecd
	[73]		50000ece
	[74]		50000da1
	[75]		50000ddb
	[76]		50000dfe
	[77]		50000dee
	[78]		50000e44
	[79]		50000e6e
	[80]		50000ecf
	[81]		50000e06
	[82]		50000e5c
	[83]		50000d7d
	[84]		50000ed0
	[85]		50000ed1
	[86]		50000ed2
	[87]		50000dde
	[88]		50000dfc
	[89]		50000dea
	[90]		50000e42
	[91]		50000e6c
	[92]		50000ed3
	[93]		50000e04
	[94]		50000e58
	[95]		50000d93
	[96]		50000ed4
	[97]		50000ed5
	[98]		50000ed6
	[99]		50000ed7
	[100]		50000d2c
	[101]		50000df3
	[102]		50000ed8
	[103]		50000d0d
	[104]		50000dbd
	[105]		50000db3
	[106]		50000e5a
	[107]		50000e33
	[108]		50000d1e
	[109]		50000e02
	[110]		50000e56
	[111]		50000d7b
	[112]		50000ed9
	[113]		50000eda
	[114]		50000edb
	[115]		50000d9f
	[116]		50000dd7
	[117]		50000dec
	[118]		50000dc1
	[119]		50000e6a
	[120]		50000e40
	[121]		50000edc
	[122]		50000d4d
	[123]		50000d40
	[124]		50000dfa
	[125]		50000edd
	[126]		50000ede
	[127]		50000d3c
	[128]		50000edf
	[129]		50000ee0
	[130]		50000ee1
	[131]		50000ee2
	[132]		50000ee3
	[133]		50000e3e
	[134]		50000e68
	[135]		50000ee4
	[136]		50000ee5
	[137]		50000ee6
	[138]		50000ee7
	[139]		50000ee8
	[140]		50000ee9
	[141]		50000e4a
	[142]		50000dc7
	[143]		50000d24
	[144]		50000e48
	[145]		50000d61
	[146]		50000cf4
	[147]		50000d5f
	[148]		50000cf2
	[149]		50000e37
	[150]		50000d5d
	[151]		50000cf0
	[152]		50000d5b
	[153]		50000cee
	[154]		50000d59
	[155]		50000cea
	[156]		50000d56
	[157]		50000ce8
	[158]		50000d81
	[159]		50000b9a
	[160]		50000d36
	[161]		50000da9
	[162]		50000e35
	[163]		50000cfe
	[164]		50000dcd
	[165]		50000d91
	[166]		50000d85
	[167]		50000e22
	[168]		50000d95
	[169]		50000bb1
	[170]		50000d44
	[171]		50000dc5
	[172]		50000de0
	[173]		50000d8d
	[174]		50000bb7
	[175]		50000e2e
	[176]		50000ce2
	[177]		50000dd9
	[178]		50000bae
	[179]		50000d8b
	[180]		50000e2c
	[181]		50000eea
	[182]		50000dd5
	[183]		50000d89
	[184]		50000b97
	[185]		50000e2a
	[186]		50000d00
	[187]		50000dd0
	[188]		50000b8c
	[189]		50000d87
	[190]		50000e25
	[191]		50000eeb
	[192]		50000dcb
	[193]		50000d1a
	[194]		50000d42
	[195]		50000e20
	[196]		50000eec
	[197]		50000dbb
	[198]		50000c18
	[199]		50000d79
	[200]		50000e1c
	[201]		50000eed
	[202]		50000d18
	[203]		50000db9
	[204]		50000c0a
	[205]		50000d77
	[206]		50000e1a
	[207]		50000eee
	[208]		50000daf
	[209]		50000d75
	[210]		50000d71
	[211]		50000e10
ARR 5000070a (sz=976, trace=300000, nelems=241, elem type=java.lang.Object[]@50000100)
	[0]		50000e82
	[1]		50000b9d
	[2]		50000e80
	[3]		50000bdc
	[4]		50000e7e
	[5]		50000bd9
	[6]		50000e7c
	[7]		50000bd0
	[8]		50000e7a
	[9]		50000bbf
	[10]		50000e78
	[11]		50000e76
	[12]		50000b85
	[13]		50000e74
	[14]		50000ba8
	[15]		50000e72
	[16]		50000bc6
	[17]		50000e70
	[18]		50000e6e
	[19]		50000e6c
	[20]		50000bcc
	[21]		50000e6a
	[22]		50000e68
	[23]		50000e63
	[24]		50000e65
	[25]		50000e61
	[26]		50000e5f
	[27]		50000e5a
	[28]		50000e5c
	[29]		50000e58
	[30]		50000e56
	[31]		50000e54
	[32]		50000e52
	[33]		50000e50
	[34]		50000bd3
	[35]		50000e4e
	[36]		50000c10
	[37]		50000e4c
	[38]		50000e4a
	[39]		50000b79
	[40]		50000e48
	[41]		50000b75
	[42]		50000e46
	[43]		50000e44
	[44]		50000e42
	[45]		50000e40
	[46]		50000e3e
	[47]		50000e3c
	[48]		50000b8f
	[49]		50000e3a
	[50]		50000be2
	[51]		50000e35
	[52]		50000b9a
	[53]		50000e37
	[54]		50000c01
	[55]		50000e33
	[56]		50000e2e
	[57]		50000bb7
	[58]		50000e30
	[59]		50000e2c
	[60]		50000bae
	[61]		50000e2a
	[62]		50000b97
	[63]		50000e25
	[64]		50000b8c
	[65]		50000e27
	[66]		50000e20
	[67]		50000b89
	[68]		50000e22
	[69]		50000bbb
	[70]		50000e1e
	[71]		50000e1c
	[72]		50000c18
	[73]		50000e1a
	[74]		50000c0a
	[75]		50000e18
	[76]		50000bf9
	[77]		50000e16
	[78]		50000e14
	[79]		50000bed
	[80]		50000e12
	[81]		50000e10
	[82]		50000bc3
	[83]		50000e0e
	[84]		50000e0c
	[85]		50000e0a
	[86]		50000e08
	[87]		50000e06
	[88]		50000e04
	[89]		50000e02
	[90]		50000e00
	[91]		50000dfe
	[92]		50000dfc
	[93]		50000dfa
	[94]		50000ba5
	[95]		50000df8
	[96]		50000df3
	[97]		50000df5
	[98]		50000df1
	[99]		50000dec
	[100]		50000dee
	[101]		50000dea
	[102]		50000de8
	[103]		50000de0
	[104]		50000de2
	[105]		50000de4
	[106]		50000dde
	[107]		50000dd9
	[108]		50000ddb
	[109]		50000dd7
	[110]		50000dd5
	[111]		50000dd0
	[112]		50000dd2
	[113]		50000dcb
	[114]		50000dcd
	[115]		50000dc9
	[116]		50000dc7
	[117]		50000dc5
	[118]		50000bb1
	[119]		50000dc3
	[120]		50000dc1
	[121]		50000dbf
	[122]		50000dbd
	[123]		50000dbb
	[124]		50000db9
	[125]		50000db7
	[126]		50000db5
	[127]		50000db3
	[128]		50000db1
	[129]		50000daf
	[130]		50000dad
	[131]		50000dab
	[132]		50000da9
	[133]		50000da7
	[134]		50000da5
	[135]		50000da3
	[136]		50000da1
	[137]		50000d9f
	[138]		50000d9d
	[139]		50000d9b
	[140]		50000d99
	[141]		50000d97
	[142]		50000b7d
	[143]		50000d95
	[144]		50000d93
	[145]		50000d91
	[146]		50000d8f
	[147]		50000d8d
	[148]		50000d8b
	[149]		50000d89
	[150]		50000d87
	[151]		50000d85
	[152]		50000d83
	[153]		50000d81
	[154]		50000d7f
	[155]		50000d7d
	[156]		50000d7b
	[157]		50000d79
	[158]		50000d77
	[159]		50000d75
	[160]		50000d73
	[161]		50000b71
	[162]		50000d71
	[163]		50000d6f
	[164]		50000d6d
	[165]		50000d6b
	[166]		50000c0d
	[167]		50000d69
	[168]		50000d67
	[169]		50000d65
	[170]		50000d63
	[171]		50000d61
	[172]		50000c04
	[173]		50000d5f
	[174]		50000d5d
	[175]		50000bf6
	[176]		50000d5b
	[177]		50000bf3
	[178]		50000d59
	[179]		50000bea
	[180]		50000d54
	[181]		50000d56
	[182]		50000be6
	[183]		50000d4f
	[184]		50000d51
	[185]		50000b81
	[186]		50000d4d
	[187]		50000d48
	[188]		50000d4a
	[189]		50000d46
	[190]		50000d44
	[191]		50000d42
	[192]		50000d40
	[193]		50000d3e
	[194]		50000d3c
	[195]		50000d3a
	[196]		50000d38
	[197]		50000d36
	[198]		50000d34
	[199]		50000d32
	[200]		50000d30
	[201]		50000d2e
	[202]		50000d2c
	[203]		50000d2a
	[204]		50000d28
	[205]		50000d26
	[206]		50000d24
	[207]		50000d22
	[208]		50000d20
	[209]		50000d1e
	[210]		50000d1c
	[211]		50000d1a
	[212]		50000d18
	[213]		50000d16
	[214]		50000d14
	[215]		50000d0f
	[216]		50000d11
	[217]		50000d0d
	[218]		50000d0b
	[219]		50000d09
	[220]		50000d04
	[221]		50000d06
	[222]		50000d02
	[223]		50000d00
	[224]		50000cfe
	[225]		50000cfc
	[226]		50000cfa
	[227]		50000cf8
	[228]		50000cf6
	[229]		50000cf4
	[230]		50000cf2
	[231]		50000cf0
	[232]		50000cee
	[233]		50000cec
	[234]		50000cea
	[235]		50000ce8
	[236]		50000ce6
	[237]		50000ce4
	[238]		50000ce2
	[239]		50000ce0
	[240]		50000cde
ARR 5000070b (sz=328, trace=300000, nelems=78, elem type=java.lang.Object[]@50000100)
	[0]		50000c18
	[1]		50000c19
	[2]		50000c0a
	[3]		50000c0b
	[4]		50000c0d
	[5]		50000c0e
	[6]		50000c10
	[7]		50000c11
	[8]		50000c01
	[9]		50000c02
	[10]		50000c04
	[11]		50000c05
	[12]		50000bf3
	[13]		50000bf4
	[14]		50000bf6
	[15]		50000bf7
	[16]		50000bf9
	[17]		50000bfa
	[18]		50000bea
	[19]		50000beb
	[20]		50000bed
	[21]		50000bee
	[22]		50000be6
	[23]		50000be7
	[24]		50000be2
	[25]		50000be3
	[26]		50000bd9
	[27]		50000bda
	[28]		50000bdc
	[29]		50000bdd
	[30]		50000bd0
	[31]		50000bd1
	[32]		50000bd3
	[33]		50000bd4
	[34]		50000bcc
	[35]		50000bcd
	[36]		50000bc3
	[37]		50000bc4
	[38]		50000bc6
	[39]		50000bc7
	[40]		50000bbf
	[41]		50000bc0
	[42]		50000bbb
	[43]		50000bbc
	[44]		50000bb7
	[45]		50000bb8
	[46]		50000bae
	[47]		50000baf
	[48]		50000bb1
	[49]		50000bb2
	[50]		50000ba5
	[51]		50000ba6
	[52]		50000ba8
	[53]		50000ba9
	[54]		50000b97
	[55]		50000b98
	[56]		50000b9a
	[57]		50000b9b
	[58]		50000b9d
	[59]		50000b9e
	[60]		50000b89
	[61]		50000b8a
	[62]		50000b8c
	[63]		50000b8d
	[64]		50000b8f
	[65]		50000b90
	[66]		50000b85
	[67]		50000b86
	[68]		50000b81
	[69]		50000b82
	[70]		50000b7d
	[71]		50000b7e
	[72]		50000b79
	[73]		50000b7a
	[74]		50000b75
	[75]		50000b76
	[76]		50000b71
	[77]		50000b72
ARR 5000070c (sz=168, trace=300000, nelems=39, elem type=java.lang.Object[]@50000100)
	[0]		50000c18
	[1]		50000c0a
	[2]		50000c0d
	[3]		50000c10
	[4]		50000c01
	[5]		50000c04
	[6]		50000bf3
	[7]		50000bf6
	[8]		50000bf9
	[9]		50000bea
	[10]		50000bed
	[11]		50000be6
	[12]		50000be2
	[13]		50000bd9
	[14]		50000bdc
	[15]		50000bd0
	[16]		50000bd3
	[17]		50000bcc
	[18]		50000bc3
	[19]		50000bc6
	[20]		50000bbf
	[21]		50000bbb
	[22]		50000bb7
	[23]		50000bae
	[24]		50000bb1
	[25]		50000ba5
	[26]		50000ba8
	[27]		50000b97
	[28]		50000b9a
	[29]		50000b9d
	[30]		50000b89
	[31]		50000b8c
	[32]		50000b8f
	[33]		50000b85
	[34]		50000b81
	[35]		50000b7d
	[36]		50000b79
	[37]		50000b75
	[38]		50000b71
ARR 5000070d (sz=16, trace=300000, nelems=1, elem type=java.lang.Object[]@50000100)
	[0]		50000aa1
ARR 5000070e (sz=24, trace=300000, nelems=1, elem type=java.lang.Object[]@50000100)
	[0]		500010f1
ARR 5000070f (sz=32, trace=300000, nelems=5, elem type=java.lang.Object[]@50000100)
	[2]		500010eb
	[3]		500010ec
	[4]		500010ed
ARR 50000710 (sz=32, trace=300000, nelems=0, elem type=java.lang.Object[]@50000100)
ARR 50000711 (sz=64, trace=300000, nelems=0, elem type=java.lang.Object[]@50000100)
ARR 50000712 (sz=104, trace=300000, nelems=0, elem type=java.lang.Object[]@50000100)
ARR 50000713 (sz=64, trace=300000, nelems=0, elem type=java.lang.Object[]@50000100)
ARR 50000714 (sz=184, trace=300000, nelems=0, elem type=java.lang.Object[]@50000100)
ARR 50000715 (sz=24, trace=300000, nelems=1, elem type=java.lang.Object[]@50000100)
	[0]		50000ae8
ARR 50000716 (sz=24, trace=300000, nelems=0, elem type=java.lang.Object[]@50000100)
ARR 50000717 (sz=32, trace=300000, nelems=3, elem type=java.lang.Object[]@50000100)
	[0]		500010e7
	[2]		500010e8
ARR 50000718 (sz=32, trace=300000, nelems=0, elem type=java.lang.Object[]@50000100)
ARR 50000719 (sz=72, trace=300000, nelems=15, elem type=java.lang.Object[]@50000100)
	[2]		50000b02
	[4]		50000b03
	[11]		50000b04
	[12]		50000b05
	[13]		50000b06
	[14]		50000b07
ARR 5000071a (sz=24, trace=300000, nelems=3, elem type=java.lang.Object[]@50000100)
	[0]		50000b47
	[1]		50000b48
	[2]		50000b49
ARR 5000071b (sz=16, trace=300000, nelems=0, elem type=java.lang.Object[]@50000100)
ARR 5000071c (sz=16, trace=300000, nelems=0, elem type=java.lang.Object[]@50000100)
ARR 5000071d (sz=16, trace=300000, nelems=0, elem type=java.lang.Object[]@50000100)
ARR 5000071e (sz=32, trace=300000, nelems=0, elem type=java.lang.Object[]@50000100)
ARR 5000071f (sz=104, trace=300000, nelems=6, elem type=java.lang.Object[]@50000100)
	[0]		50001016
	[1]		5000101b
	[2]		50001217
	[3]		50001216
	[4]		5000120d
	[5]		5000120c
ARR 50000720 (sz=16, trace=300000, nelems=0, elem type=java.lang.Object[]@50000100)
ARR 50000721 (sz=16, trace=300000, nelems=0, elem type=java.lang.Object[]@50000100)
ARR 50000722 (sz=16, trace=300000, nelems=0, elem type=java.lang.Object[]@50000100)
ARR 50000723 (sz=32, trace=300000, nelems=5, elem type=java.lang.Object[]@50000100)
	[4]		500011c9
ARR 50000724 (sz=40, trace=300000, nelems=0, elem type=java.lang.Object[]@50000100)
ARR 50000725 (sz=56, trace=300000, nelems=0, elem type=java.lang.Object[]@50000100)
ARR 50000726 (sz=40, trace=300000, nelems=2, elem type=java.lang.Object[]@50000100)
	[1]		500011d9
ARR 50000727 (sz=16, trace=300000, nelems=0, elem type=java.lang.Object[]@50000100)
ARR 50000728 (sz=16, trace=300000, nelems=0, elem type=java.lang.Object[]@50000100)
ARR 50000729 (sz=24, trace=300000, nelems=0, elem type=java.lang.Object[]@50000100)
ARR 5000072a (sz=16, trace=300000, nelems=0, elem type=java.lang.Object[]@50000100)
ARR 5000072b (sz=72, trace=300000, nelems=15, elem type=java.lang.Object[]@50000100)
	[2]		50000b02
	[11]		50000b04
	[12]		50000b05
	[13]		50000b06
	[14]		50000b07
ARR 5000072c (sz=32, trace=300000, nelems=0, elem type=java.lang.Object[]@50000100)
ARR 5000072d (sz=32, trace=300000, nelems=0, elem type=java.lang.Object[]@50000100)
ARR 5000072e (sz=56, trace=300000, nelems=3, elem type=java.lang.Object[]@50000100)
	[1]		50000b13
	[2]		50000b14
ARR 5000072f (sz=24, trace=300000, nelems=2, elem type=java.lang.Object[]@50000100)
	[0]		50000b0d
	[1]		50000b0e
ARR 50000730 (sz=16, trace=300000, nelems=1, elem type=java.lang.Object[]@50000100)
	[0]		50000aa1
ARR 50000731 (sz=24, trace=300000, nelems=2, elem type=java.lang.Object[]@50000100)
	[1]		500007b8
ARR 50000732 (sz=88, trace=300000, nelems=19, elem type=java.lang.Object[]@50000100)
	[0]		500007b7
	[17]		50000f82
	[18]		50000f83
ARR 50000733 (sz=24, trace=300000, nelems=3, elem type=java.lang.Object[]@50000100)
	[1]		50000fe3
	[2]		50000fe4
ARR 50000734 (sz=40, trace=300000, nelems=6, elem type=java.lang.Object[]@50000100)
	[0]		50000fe0
	[1]		50000fe1
	[2]		50000b1f
	[3]		50000ad1
	[4]		500007b7
	[5]		50000fe2
ARR 50000735 (sz=32, trace=300000, nelems=0, elem type=java.lang.Object[]@50000100)
ARR 50000736 (sz=24, trace=300000, nelems=2, elem type=java.lang.Object[]@50000100)
	[0]		50000ff1
	[1]		50000ff2
ARR 50000737 (sz=24, trace=300000, nelems=3, elem type=java.lang.Object[]@50000100)
	[0]		5000095a
	[2]		50000a68
ARR 50000738 (sz=24, trace=300000, nelems=3, elem type=java.lang.Object[]@50000100)
	[0]		50001226
	[1]		50001227
	[2]		50001228
ARR 50000739 (sz=32, trace=300000, nelems=0, elem type=java.lang.Object[]@50000100)
ARR 5000073a (sz=80, trace=300000, nelems=16, elem type=java.lang.Object[]@50000100)
	[15]		5000084f
ARR 5000073b (sz=16, trace=300000, nelems=1, elem type=java.lang.Object[]@50000100)
	[0]		50000855
ARR 5000073c (sz=48, trace=300000, nelems=8, elem type=java.lang.Object[]@50000100)
	[0]		50001284
	[5]		50001285
	[7]		50001286
ARR 5000073d (sz=48, trace=300000, nelems=8, elem type=java.lang.Object[]@50000100)
	[2]		5000109b
	[7]		5000109c
ARR 5000073e (sz=32, trace=300000, nelems=5, elem type=java.lang.Object[]@50000100)
	[0]		50000ad5
	[1]		50000ad6
	[4]		50000ad4
ARR 5000073f (sz=32, trace=300000, nelems=4, elem type=java.lang.Object[]@50000100)
	[3]		50000fff
ARR 50000740 (sz=64, trace=300000, nelems=10, elem type=java.lang.Object[]@50000100)
	[8]		50000aeb
	[9]		50000ffa
ARR 50000741 (sz=24, trace=300000, nelems=2, elem type=java.lang.Object[]@50000100)
	[0]		5000109a
	[1]		50001028
ARR 50000742 (sz=264, trace=300000, nelems=62, elem type=java.lang.Object[]@50000100)
	[57]		50001000
	[58]		50001001
	[61]		50001002
ARR 50000743 (sz=24, trace=300000, nelems=0, elem type=java.lang.Object[]@50000100)
ARR 50000744 (sz=16, trace=300000, nelems=0, elem type=java.lang.Object[]@50000100)
ARR 50000745 (sz=16, trace=300000, nelems=0, elem type=java.lang.Object[]@50000100)
ARR 50000746 (sz=16, trace=300000, nelems=0, elem type=java.lang.Object[]@50000100)
ARR 50000747 (sz=24, trace=300000, nelems=2, elem type=java.lang.Object[]@50000100)
	[1]		50001036
ARR 50000748 (sz=24, trace=300000, nelems=1, elem type=java.lang.Object[]@50000100)
	[0]		50001028
ARR 50000749 (sz=112, trace=300000, nelems=24, elem type=java.lang.Object[]@50000100)
	[0]		50000ae8
	[6]		50000ad1
	[7]		50000adb
	[8]		500007b7
	[16]		50000ae9
	[17]		50000aea
	[18]		50000aeb
	[19]		50000aec
	[20]		50000aed
	[21]		50000aee
	[22]		50000aef
	[23]		50000af0
ARR 5000074a (sz=72, trace=300000, nelems=8, elem type=java.lang.Object[]@50000100)
	[7]		50000af4
ARR 5000074b (sz=16, trace=300000, nelems=0, elem type=java.lang.Object[]@50000100)
ARR 5000074c (sz=32, trace=300000, nelems=5, elem type=java.lang.Object[]@50000100)
	[4]		500010e4
ARR 5000074d (sz=80, trace=300000, nelems=17, elem type=java.lang.Object[]@50000100)
	[16]		5000084d
ARR 5000074e (sz=112, trace=300000, nelems=24, elem type=java.lang.Object[]@50000100)
	[6]		50000ad0
	[7]		50000ad1
	[11]		50000ad2
	[12]		500007b7
	[13]		50000ad3
	[14]		50000ad4
	[15]		50000ad5
	[16]		50000ad6
	[17]		50000ad7
	[18]		50000ad8
	[19]		50000ad9
	[20]		50000ada
	[21]		50000adb
	[22]		50000adc
	[23]		50000add
ARR 5000074f (sz=256, trace=300000, nelems=60, elem type=java.lang.Object[]@50000100)
	[0]		500007b7
	[2]		500007cf
	[3]		500007d0
	[4]		500007d1
	[5]		500007d2
	[6]		500007d3
	[7]		500007d4
	[29]		500007d5
	[30]		500007d6
	[31]		500007d7
	[32]		500007d8
	[33]		500007d9
	[34]		500007da
	[41]		500007db
	[43]		500007dc
	[44]		500007dd
	[46]		500007de
	[47]		500007df
	[48]		500007e0
	[49]		500007e1
	[50]		500007e2
	[51]		500007e3
	[52]		500007e4
	[53]		500007e5
	[54]		500007e6
	[55]		500007e7
	[56]		500007e8
	[57]		500007e9
	[58]		500007ea
	[59]		500007eb
ARR 50000750 (sz=80, trace=300000, nelems=0, elem type=java.lang.Object[]@50000100)
ARR 50000751 (sz=56, trace=300000, nelems=9, elem type=java.lang.Object[]@50000100)
	[1]		50000a9a
	[2]		50000a9b
	[3]		50000a9c
	[4]		50000a9d
	[5]		50000a9e
	[6]		50000a9f
	[7]		50000aa0
	[8]		50000aa1
ARR 50000752 (sz=64, trace=300000, nelems=6, elem type=java.lang.Object[]@50000100)
	[0]		500007b7
	[1]		5000081a
	[3]		5000081b
	[5]		5000081c
ARR 50000753 (sz=16, trace=300000, nelems=1, elem type=java.lang.Object[]@50000100)
	[0]		500007b7
ARR 50000754 (sz=16, trace=300000, nelems=0, elem type=java.lang.Object[]@50000100)
ARR 50000755 (sz=24, trace=300000, nelems=2, elem type=java.lang.Object[]@50000100)
	[0]		50001037
	[1]		50001038
ARR 50000756 (sz=72, trace=300000, nelems=12, elem type=java.lang.Object[]@50000100)
	[3]		500007b7
	[6]		50001047
	[7]		50001048
	[8]		50001049
	[9]		5000104a
	[10]		5000104b
	[11]		5000104c
ARR 50000757 (sz=40, trace=300000, nelems=3, elem type=java.lang.Object[]@50000100)
	[0]		500007b7
	[2]		50000ae7
ARR 50000758 (sz=72, trace=300000, nelems=0, elem type=java.lang.Object[]@50000100)
ARR 50000759 (sz=24, trace=300000, nelems=0, elem type=java.lang.Object[]@50000100)
ARR 5000075a (sz=112, trace=300000, nelems=23, elem type=java.lang.Object[]@50000100)
	[0]		50001015
	[15]		50001016
	[16]		50001017
	[17]		50001018
	[18]		50001019
	[19]		5000095a
	[21]		5000101a
	[22]		5000095e
ARR 5000075b (sz=56, trace=300000, nelems=0, elem type=java.lang.Object[]@50000100)
ARR 5000075c (sz=24, trace=300000, nelems=2, elem type=java.lang.Object[]@50000100)
	[0]		5000109f
	[1]		50000840
ARR 5000075d (sz=16, trace=300000, nelems=1, elem type=java.lang.Object[]@50000100)
	[0]		500010d9
ARR 5000075e (sz=72, trace=300000, nelems=13, elem type=java.lang.Object[]@50000100)
	[12]		5000126c
ARR 5000075f (sz=120, trace=300000, nelems=0, elem type=java.lang.Object[]@50000100)
ARR 50000760 (sz=16, trace=300000, nelems=1, elem type=java.lang.Object[]@50000100)
	[0]		50001281
ARR 50000761 (sz=56, trace=300000, nelems=0, elem type=java.lang.Object[]@50000100)
ARR 50000762 (sz=16, trace=300000, nelems=0, elem type=java.lang.Object[]@50000100)
ARR 50000763 (sz=16, trace=300000, nelems=0, elem type=java.lang.Object[]@50000100)
ARR 50000764 (sz=40, trace=300000, nelems=0, elem type=java.lang.Object[]@50000100)
ARR 50000765 (sz=56, trace=300000, nelems=10, elem type=java.lang.Object[]@50000100)
	[0]		5000126d
	[1]		5000126e
	[2]		5000126f
	[3]		50001270
	[4]		50001271
	[5]		50001272
	[6]		50001273
	[7]		50001274
	[8]		5000095a
	[9]		50001275
ARR 50000766 (sz=136, trace=300000, nelems=0, elem type=java.lang.Object[]@50000100)
ARR 50000767 (sz=128, trace=300000, nelems=0, elem type=java.lang.Object[]@50000100)
ARR 50000768 (sz=288, trace=300000, nelems=68, elem type=java.lang.Object[]@50000100)
	[55]		5000128a
	[61]		5000128b
	[66]		5000128c
	[67]		5000095d
ARR 50000769 (sz=16, trace=300000, nelems=1, elem type=java.lang.Object[]@50000100)
	[0]		50001014
ARR 5000076a (sz=40, trace=300000, nelems=1, elem type=java.lang.Object[]@50000100)
	[0]		5000101f
ARR 5000076b (sz=24, trace=300000, nelems=2, elem type=java.lang.Object[]@50000100)
	[0]		50000ad1
	[1]		50000adb
ARR 5000076c (sz=24, trace=300000, nelems=0, elem type=java.lang.Object[]@50000100)
ARR 5000076d (sz=48, trace=300000, nelems=4, elem type=java.lang.Object[]@50000100)
	[0]		50001015
	[1]		500007b7
	[2]		50001027
	[3]		50000adb
ARR 5000076e (sz=64, trace=300000, nelems=12, elem type=java.lang.Object[]@50000100)
	[9]		5000095c
	[11]		50000b3a
ARR 5000076f (sz=24, trace=300000, nelems=3, elem type=java.lang.Object[]@50000100)
	[0]		50000aa1
	[1]		50000fe8
	[2]		50000fe9
ARR 50000770 (sz=32, trace=300000, nelems=5, elem type=java.lang.Object[]@50000100)
	[4]		500010e2
ARR 50000771 (sz=16, trace=300000, nelems=0, elem type=java.lang.Object[]@50000100)
ARR 50000772 (sz=24, trace=300000, nelems=1, elem type=java.lang.Object[]@50000100)
	[0]		500007b7
ARR 50000773 (sz=96, trace=300000, nelems=21, elem type=java.lang.Object[]@50000100)
	[4]		50000b1e
	[9]		50000b1f
	[10]		50000b20
	[11]		50000b21
	[12]		50000b22
	[13]		50000b23
	[14]		50000b24
	[15]		50000b25
	[16]		50000b26
	[17]		50000b27
	[18]		50000b28
	[19]		50000b29
	[20]		50000b2a
ARR 50000774 (sz=40, trace=300000, nelems=7, elem type=java.lang.Object[]@50000100)
	[1]		50000ea3
	[2]		50000f5a
	[3]		50000ae8
	[4]		50000f5c
	[5]		50000f66
	[6]		50000f5f
ARR 50000775 (sz=24, trace=300000, nelems=1, elem type=java.lang.Object[]@50000100)
	[0]		50000ea3
ARR 50000776 (sz=24, trace=300000, nelems=1, elem type=java.lang.Object[]@50000100)
	[0]		50000f5a
ARR 50000777 (sz=24, trace=300000, nelems=1, elem type=java.lang.Object[]@50000100)
	[0]		50000f5c
ARR 50000778 (sz=24, trace=300000, nelems=1, elem type=java.lang.Object[]@50000100)
	[0]		50000f66
ARR 50000779 (sz=16, trace=300000, nelems=1, elem type=java.lang.Object[]@50000100)
	[0]		50000f5f
ARR 5000077a (sz=64, trace=300000, nelems=0, elem type=java.lang.Object[]@50000100)
ARR 5000077b (sz=48, trace=300000, nelems=0, elem type=java.lang.Object[]@50000100)
ARR 5000077c (sz=16, trace=300000, nelems=0, elem type=java.lang.Object[]@50000100)
ARR 5000077d (sz=16, trace=300000, nelems=0, elem type=java.lang.Object[]@50000100)
ARR 5000077e (sz=16, trace=300000, nelems=0, elem type=java.lang.Object[]@50000100)
ARR 5000077f (sz=32, trace=300000, nelems=0, elem type=java.lang.Object[]@50000100)
ARR 50000780 (sz=40, trace=300000, nelems=6, elem type=java.lang.Object[]@50000100)
	[0]		50000b3b
	[1]		50000b3c
	[2]		50000b3d
	[3]		50000b3e
	[4]		50000b3f
	[5]		50000b40
ARR 50000781 (sz=32, trace=300000, nelems=0, elem type=java.lang.Object[]@50000100)
ARR 50000782 (sz=56, trace=300000, nelems=10, elem type=java.lang.Object[]@50000100)
	[0]		5000102a
	[8]		5000095a
	[9]		5000102b
ARR 50000783 (sz=152, trace=300000, nelems=0, elem type=java.lang.Object[]@50000100)
ARR 50000784 (sz=56, trace=300000, nelems=3, elem type=java.lang.Object[]@50000100)
	[2]		50000b2d
ARR 50000785 (sz=16, trace=300000, nelems=0, elem type=java.lang.Object[]@50000100)
ARR 50000786 (sz=40, trace=300000, nelems=0, elem type=java.lang.Object[]@50000100)
ARR 50000787 (sz=16, trace=300000, nelems=0, elem type=java.lang.Object[]@50000100)
ARR 50000788 (sz=24, trace=300000, nelems=0, elem type=java.lang.Object[]@50000100)
ARR 50000789 (sz=32, trace=300000, nelems=4, elem type=java.lang.Object[]@50000100)
	[0]		50000adb
	[2]		50000ad5
	[3]		50001030
ARR 5000078a (sz=40, trace=300000, nelems=0, elem type=java.lang.Object[]@50000100)
ARR 5000078b (sz=40, trace=300000, nelems=6, elem type=java.lang.Object[]@50000100)
	[2]		50000afa
	[3]		50000afb
	[4]		50000afc
	[5]		50000afd
ARR 5000078c (sz=16, trace=300000, nelems=0, elem type=java.lang.Object[]@50000100)
ARR 5000078d (sz=16, trace=300000, nelems=0, elem type=java.lang.Object[]@50000100)
ARR 5000078e (sz=32, trace=300000, nelems=0, elem type=java.lang.Object[]@50000100)
ARR 5000078f (sz=24, trace=300000, nelems=3, elem type=java.lang.Object[]@50000100)
	[1]		5000100a
	[2]		5000100b
ARR 50000790 (sz=136, trace=300000, nelems=0, elem type=java.lang.Object[]@50000100)
ARR 50000791 (sz=64, trace=300000, nelems=0, elem type=java.lang.Object[]@50000100)
ARR 50000792 (sz=56, trace=300000, nelems=10, elem type=java.lang.Object[]@50000100)
	[5]		50000ffa
	[6]		50001053
	[7]		50001054
	[8]		50001055
	[9]		50001056
ARR 50000793 (sz=56, trace=300000, nelems=0, elem type=java.lang.Object[]@50000100)
ARR 50000794 (sz=56, trace=300000, nelems=5, elem type=java.lang.Object[]@50000100)
	[2]		50001010
	[4]		50000ffa
ARR 50000795 (sz=24, trace=300000, nelems=1, elem type=java.lang.Object[]@50000100)
	[0]		50000844
ARR 50000796 (sz=24, trace=300000, nelems=3, elem type=java.lang.Object[]@50000100)
	[2]		50000846
ARR 50000797 (sz=40, trace=300000, nelems=7, elem type=java.lang.Object[]@50000100)
	[2]		50000844
	[4]		50000845
	[5]		50000846
	[6]		50000847
ARR 50000798 (sz=56, trace=300000, nelems=8, elem type=java.lang.Object[]@50000100)
	[7]		5000129e
ARR 50000799 (sz=16, trace=300000, nelems=0, elem type=java.lang.Object[]@50000100)
ARR 5000079a (sz=16, trace=300000, nelems=1, elem type=java.lang.Object[]@50000100)
	[0]		5000129b
ARR 5000079b (sz=24, trace=300000, nelems=0, elem type=java.lang.Object[]@50000100)
OBJ 5000079c (sz=88, trace=300000, class=java.lang.Class@50000161)
OBJ 5000079d (sz=88, trace=300000, class=java.lang.Class@50000161)
OBJ 5000079e (sz=88, trace=300000, class=java.lang.Class@50000161)
OBJ 5000079f (sz=88, trace=300000, class=java.lang.Class@50000161)
OBJ 500007a0 (sz=88, trace=300000, class=java.lang.Class@50000161)
OBJ 500007a1 (sz=88, trace=300000, class=java.lang.Class@50000161)
OBJ 500007a2 (sz=88, trace=300000, class=java.lang.Class@50000161)
OBJ 500007a3 (sz=88, trace=300000, class=java.lang.Class@50000161)
OBJ 500007a4 (sz=88, trace=300000, class=java.lang.Class@50000161)
ARR 500007a5 (sz=16, trace=300000, nelems=0, elem type=java.lang.Class[]@500000fb)
OBJ 500007a6 (sz=16, trace=300000, class=java.lang.String@50000165)
	value		5000126b
OBJ 500007a7 (sz=16, trace=300000, class=java.lang.String@50000165)
	value		5000126a
OBJ 500007a8 (sz=32, trace=300000, class=java.lang.OutOfMemoryError@5000014d)
	detailMessage	50001268
OBJ 500007a9 (sz=32, trace=300000, class=java.lang.OutOfMemoryError@5000014d)
	detailMessage	50001266
OBJ 500007aa (sz=32, trace=300000, class=java.lang.OutOfMemoryError@5000014d)
	detailMessage	50001264
OBJ 500007ab (sz=32, trace=300000, class=java.lang.OutOfMemoryError@5000014d)
	detailMessage	50001262
OBJ 500007ac (sz=32, trace=300000, class=java.lang.OutOfMemoryError@5000014d)
	detailMessage	50001260
OBJ 500007ad (sz=32, trace=300000, class=java.lang.OutOfMemoryError@5000014d)
	detailMessage	5000125e
ARR 500007ae (sz=32, trace=300000, nelems=4, elem type=java.lang.OutOfMemoryError[]@500000f5)
	[0]		5000125a
	[1]		5000125b
	[2]		5000125c
	[3]		5000125d
OBJ 500007af (sz=32, trace=300000, class=java.lang.NullPointerException@500000fa)
OBJ 500007b0 (sz=32, trace=300000, class=java.lang.ArithmeticException@500000f9)
	detailMessage	50001258
OBJ 500007b1 (sz=32, trace=300000, class=java.lang.VirtualMachineError@5000014e)
OBJ 500007b2 (sz=48, trace=300000, class=java.lang.ThreadGroup@50000140)
	parent		500007b3
	name		50001253
	threads		50001252
OBJ 500007b3 (sz=48, trace=300000, class=java.lang.ThreadGroup@50000140)
	name		50000f6a
	threads		50001242
	groups		50001241
OBJ 500007b4 (sz=32, trace=300000, class=java.lang.VirtualMachineError@5000014e)
OBJ 500007b5 (sz=16, trace=300000, class=java.nio.charset.CodingErrorAction@50000085)
	name		50000b48
OBJ 500007b6 (sz=16, trace=300000, class=java.lang.String@50000165)
	value		500011c6
OBJ 500007b7 (sz=16, trace=300000, class=java.lang.String@50000165)
	value		50000818
OBJ 500007b8 (sz=16, trace=300000, class=java.lang.String@50000165)
	value		500011d8
OBJ 500007b9 (sz=16, trace=300000, class=java.lang.String@50000165)
	value		50001240
OBJ 500007ba (sz=16, trace=300000, class=java.lang.String@50000165)
	value		5000123f
OBJ 500007bb (sz=16, trace=300000, class=java.lang.String@50000165)
	value		5000123e
OBJ 500007bc (sz=16, trace=300000, class=java.lang.String@50000165)
	value		500009d0
OBJ 500007bd (sz=48, trace=300000, class=java.util.Properties@5000013c)
	table		500011e6
	entrySet	500011e5
OBJ 500007be (sz=32, trace=300000, class=java.io.PrintStream@5000006c)
	out		500011dd
	textOut		500011dc
	charOut		500011db
OBJ 500007bf (sz=32, trace=300000, class=java.io.PrintStream@5000006c)
	out		500011d0
	textOut		500011cf
	charOut		500011ce
OBJ 500007c0 (sz=32, trace=300000, class=java.io.BufferedInputStream@50000073)
	in		500007c2
	buf		500007c1
ARR 500007c1 (sz=8192, trace=300000, nelems=8192, elem type=byte[])
OBJ 500007c2 (sz=32, trace=300000, class=java.io.FileInputStream@5000007b)
	fd		500007c4
	closeLock	500007c3
OBJ 500007c3 (sz=8, trace=300000, class=java.lang.Object@50000169)
OBJ 500007c4 (sz=24, trace=300000, class=java.io.FileDescriptor@5000007a)
	parent		500007c2
OBJ 500007c5 (sz=24, trace=300000, class=java.io.FileDescriptor@5000007a)
	parent		500011c7
OBJ 500007c6 (sz=24, trace=300000, class=java.io.FileDescriptor@5000007a)
	parent		500007c7
OBJ 500007c7 (sz=32, trace=300000, class=java.io.FileOutputStream@50000075)
	fd		500007c6
	closeLock	500007c8
OBJ 500007c8 (sz=8, trace=300000, class=java.lang.Object@50000169)
OBJ 500007c9 (sz=16, trace=300000, class=java.lang.String@50000165)
	value		500007cc
OBJ 500007ca (sz=24, trace=300000, class=java.lang.RuntimePermission@500000e8)
	name		500007c9
	path		500007c9
ARR 500007cb (sz=16, trace=300000, nelems=0, elem type=java.lang.StackTraceElement[]@500000ec)
ARR 500007cc (sz=64, trace=300000, nelems=32, elem type=char[])
OBJ 500007cd (sz=8, trace=300000, class=java.lang.String$CaseInsensitiveComparator@500000f0)
ARR 500007ce (sz=16, trace=300000, nelems=0, elem type=java.io.ObjectStreamField[]@500000f2)
OBJ 500007cf (sz=16, trace=300000, class=java.lang.String@50000165)
	value		500011c3
OBJ 500007d0 (sz=16, trace=300000, class=java.lang.String@50000165)
	value		50000817
OBJ 500007d1 (sz=16, trace=300000, class=java.lang.String@50000165)
	value		500011c2
OBJ 500007d2 (sz=16, trace=300000, class=java.lang.String@50000165)
	value		500011c1
OBJ 500007d3 (sz=16, trace=300000, class=java.lang.String@50000165)
	value		500011c0
OBJ 500007d4 (sz=16, trace=300000, class=java.lang.String@50000165)
	value		500011bf
OBJ 500007d5 (sz=16, trace=300000, class=java.lang.String@50000165)
	value		500011bd
OBJ 500007d6 (sz=16, trace=300000, class=java.lang.String@50000165)
	value		500011b9
OBJ 500007d7 (sz=16, trace=300000, class=java.lang.String@50000165)
	value		500011bc
OBJ 500007d8 (sz=16, trace=300000, class=java.lang.String@50000165)
	value		500011bb
OBJ 500007d9 (sz=16, trace=300000, class=java.lang.String@50000165)
	value		500011b8
OBJ 500007da (sz=16, trace=300000, class=java.lang.String@50000165)
	value		500011ba
OBJ 500007db (sz=16, trace=300000, class=java.lang.String@50000165)
	value		50001105
OBJ 500007dc (sz=16, trace=300000, class=java.lang.String@50000165)
	value		50001127
OBJ 500007dd (sz=16, trace=300000, class=java.lang.String@50000165)
	value		500011be
OBJ 500007de (sz=16, trace=300000, class=java.lang.String@50000165)
	value		50000836
OBJ 500007df (sz=16, trace=300000, class=java.lang.String@50000165)
	value		5000111e
OBJ 500007e0 (sz=16, trace=300000, class=java.lang.String@50000165)
	value		50001130
OBJ 500007e1 (sz=16, trace=300000, class=java.lang.String@50000165)
	value		500010fc
OBJ 500007e2 (sz=16, trace=300000, class=java.lang.String@50000165)
	value		5000110d
OBJ 500007e3 (sz=16, trace=300000, class=java.lang.String@50000165)
	value		5000117e
OBJ 500007e4 (sz=16, trace=300000, class=java.lang.String@50000165)
	value		50001146
OBJ 500007e5 (sz=16, trace=300000, class=java.lang.String@50000165)
	value		5000114f
OBJ 500007e6 (sz=16, trace=300000, class=java.lang.String@50000165)
	value		5000111f
OBJ 500007e7 (sz=16, trace=300000, class=java.lang.String@50000165)
	value		50001167
OBJ 500007e8 (sz=16, trace=300000, class=java.lang.String@50000165)
	value		500010fd
OBJ 500007e9 (sz=16, trace=300000, class=java.lang.String@50000165)
	value		50000819
OBJ 500007ea (sz=16, trace=300000, class=java.lang.String@50000165)
	value		50001158
OBJ 500007eb (sz=16, trace=300000, class=java.lang.String@50000165)
	value		500010f3
ARR 500007ec (sz=40, trace=300000, nelems=6, elem type=java.io.ObjectStreamField[]@500000f2)
	[0]		500011b2
	[1]		500011b3
	[2]		500011b4
	[3]		500011b5
	[4]		500011b6
	[5]		500011b7
OBJ 500007ed (sz=24, trace=300000, class=java.util.Locale@5000002c)
	baseLocale	50001159
OBJ 500007ee (sz=24, trace=300000, class=java.util.Locale@5000002c)
	baseLocale	50001186
OBJ 500007ef (sz=24, trace=300000, class=java.util.Locale@5000002c)
	baseLocale	500010f4
OBJ 500007f0 (sz=24, trace=300000, class=java.util.Locale@5000002c)
	baseLocale	50001160
OBJ 500007f1 (sz=24, trace=300000, class=java.util.Locale@5000002c)
	baseLocale	50000816
OBJ 500007f2 (sz=24, trace=300000, class=java.util.Locale@5000002c)
	baseLocale	50001147
OBJ 500007f3 (sz=24, trace=300000, class=java.util.Locale@5000002c)
	baseLocale	5000117f
OBJ 500007f4 (sz=24, trace=300000, class=java.util.Locale@5000002c)
	baseLocale	500010fe
OBJ 500007f5 (sz=24, trace=300000, class=java.util.Locale@5000002c)
	baseLocale	50001128
OBJ 500007f6 (sz=24, trace=300000, class=java.util.Locale@5000002c)
	baseLocale	50001168
OBJ 500007f7 (sz=24, trace=300000, class=java.util.Locale@5000002c)
	baseLocale	50001120
OBJ 500007f8 (sz=24, trace=300000, class=java.util.Locale@5000002c)
	baseLocale	50001150
OBJ 500007f9 (sz=24, trace=300000, class=java.util.Locale@5000002c)
	baseLocale	5000110e
OBJ 500007fa (sz=24, trace=300000, class=java.util.Locale@5000002c)
	baseLocale	5000116f
OBJ 500007fb (sz=24, trace=300000, class=java.util.Locale@5000002c)
	baseLocale	50001106
OBJ 500007fc (sz=24, trace=300000, class=java.util.Locale@5000002c)
	baseLocale	50001131
OBJ 500007fd (sz=24, trace=300000, class=java.util.Locale@5000002c)
	baseLocale	50001176
OBJ 500007fe (sz=24, trace=300000, class=java.util.Locale@5000002c)
	baseLocale	50001116
OBJ 500007ff (sz=24, trace=300000, class=java.util.Locale@5000002c)
	baseLocale	5000113e
OBJ 50000800 (sz=16, trace=300000, class=java.util.Locale$Cache@5000002a)
	map		50000802
	queue		50000801
OBJ 50000801 (sz=24, trace=300000, class=java.lang.ref.ReferenceQueue@500000ca)
	lock		5000118a
OBJ 50000802 (sz=64, trace=300000, class=java.util.concurrent.ConcurrentHashMap@50000028)
	table		50000803
ARR 50000803 (sz=144, trace=300000, nelems=31, elem type=java.util.concurrent.ConcurrentHashMap$Node[]@50000020)
	[0]		50000804
	[1]		50000805
	[2]		50000806
	[4]		50000807
	[5]		50000808
	[8]		50000809
	[9]		5000080a
	[10]		5000080b
	[14]		5000080c
	[16]		5000080d
	[20]		5000080e
	[22]		5000080f
	[23]		50000810
	[26]		50000811
	[27]		50000812
	[30]		50000813
OBJ 50000804 (sz=24, trace=300000, class=java.util.concurrent.ConcurrentHashMap$Node@50000021)
	key		500011af
	val		500011ae
	next		500011ad
OBJ 50000805 (sz=24, trace=300000, class=java.util.concurrent.ConcurrentHashMap$Node@50000021)
	key		500011ac
	val		500011ab
OBJ 50000806 (sz=24, trace=300000, class=java.util.concurrent.ConcurrentHashMap$Node@50000021)
	key		500011aa
	val		500011a9
OBJ 50000807 (sz=24, trace=300000, class=java.util.concurrent.ConcurrentHashMap$Node@50000021)
	key		500011a8
	val		500011a7
OBJ 50000808 (sz=24, trace=300000, class=java.util.concurrent.ConcurrentHashMap$Node@50000021)
	key		500011a6
	val		500011a5
OBJ 50000809 (sz=24, trace=300000, class=java.util.concurrent.ConcurrentHashMap$Node@50000021)
	key		500011a2
	val		500011a1
	next		500011a0
OBJ 5000080a (sz=24, trace=300000, class=java.util.concurrent.ConcurrentHashMap$Node@50000021)
	key		5000119f
	val		5000119e
OBJ 5000080b (sz=24, trace=300000, class=java.util.concurrent.ConcurrentHashMap$Node@50000021)
	key		5000119d
	val		5000119c
OBJ 5000080c (sz=24, trace=300000, class=java.util.concurrent.ConcurrentHashMap$Node@50000021)
	key		5000119b
	val		5000119a
OBJ 5000080d (sz=24, trace=300000, class=java.util.concurrent.ConcurrentHashMap$Node@50000021)
	key		50001199
	val		50001198
OBJ 5000080e (sz=24, trace=300000, class=java.util.concurrent.ConcurrentHashMap$Node@50000021)
	key		50001197
	val		50001196
OBJ 5000080f (sz=24, trace=300000, class=java.util.concurrent.ConcurrentHashMap$Node@50000021)
	key		50001195
	val		50001194
OBJ 50000810 (sz=24, trace=300000, class=java.util.concurrent.ConcurrentHashMap$Node@50000021)
	key		50001193
	val		50001192
OBJ 50000811 (sz=24, trace=300000, class=java.util.concurrent.ConcurrentHashMap$Node@50000021)
	key		50001191
	val		50001190
OBJ 50000812 (sz=24, trace=300000, class=java.util.concurrent.ConcurrentHashMap$Node@50000021)
	key		5000118d
	val		5000118c
	next		5000118b
OBJ 50000813 (sz=24, trace=300000, class=java.util.concurrent.ConcurrentHashMap$Node@50000021)
	key		50000815
	val		50000814
OBJ 50000814 (sz=40, trace=300000, class=sun.util.locale.LocaleObjectCache$CacheEntry@50000016)
	referent	500007f1
	queue		50000801
	key		50000815
OBJ 50000815 (sz=24, trace=300000, class=java.util.Locale$LocaleKey@50000015)
	base		50000816
OBJ 50000816 (sz=32, trace=300000, class=sun.util.locale.BaseLocale@50000019)
	language	500007d0
	script		500007b7
	region		500007e9
	variant		500007b7
ARR 50000817 (sz=4, trace=300000, nelems=2, elem type=char[])
ARR 50000818 (sz=0, trace=300000, nelems=0, elem type=char[])
ARR 50000819 (sz=4, trace=300000, nelems=2, elem type=char[])
OBJ 5000081a (sz=16, trace=300000, class=java.lang.String@50000165)
	value		50001189
OBJ 5000081b (sz=16, trace=300000, class=java.lang.String@50000165)
	value		50001188
OBJ 5000081c (sz=16, trace=300000, class=java.lang.String@50000165)
	value		50001187
OBJ 5000081d (sz=16, trace=300000, class=sun.util.locale.BaseLocale$Cache@50000018)
	map		50000821
	queue		50000820
OBJ 5000081e (sz=16, trace=300000, class=java.lang.String@50000165)
	value		5000081f
ARR 5000081f (sz=2, trace=300000, nelems=1, elem type=char[])
OBJ 50000820 (sz=24, trace=300000, class=java.lang.ref.ReferenceQueue@500000ca)
	lock		500010f5
OBJ 50000821 (sz=64, trace=300000, class=java.util.concurrent.ConcurrentHashMap@50000028)
	table		50000822
ARR 50000822 (sz=144, trace=300000, nelems=27, elem type=java.util.concurrent.ConcurrentHashMap$Node[]@50000020)
	[0]		50000823
	[1]		50000824
	[4]		50000825
	[7]		50000826
	[8]		50000827
	[9]		50000828
	[11]		50000829
	[12]		5000082a
	[14]		5000082b
	[23]		5000082c
	[25]		5000082d
	[26]		5000082e
OBJ 50000823 (sz=24, trace=300000, class=java.util.concurrent.ConcurrentHashMap$Node@50000021)
	key		50001179
	val		50001178
	next		50001177
OBJ 50000824 (sz=24, trace=300000, class=java.util.concurrent.ConcurrentHashMap$Node@50000021)
	key		50001171
	val		50001170
OBJ 50000825 (sz=24, trace=300000, class=java.util.concurrent.ConcurrentHashMap$Node@50000021)
	key		5000116a
	val		50001169
OBJ 50000826 (sz=24, trace=300000, class=java.util.concurrent.ConcurrentHashMap$Node@50000021)
	key		50001162
	val		50001161
OBJ 50000827 (sz=24, trace=300000, class=java.util.concurrent.ConcurrentHashMap$Node@50000021)
	key		50001141
	val		50001140
	next		5000113f
OBJ 50000828 (sz=24, trace=300000, class=java.util.concurrent.ConcurrentHashMap$Node@50000021)
	key		50001139
	val		50001138
OBJ 50000829 (sz=24, trace=300000, class=java.util.concurrent.ConcurrentHashMap$Node@50000021)
	key		5000112b
	val		5000112a
	next		50001129
OBJ 5000082a (sz=24, trace=300000, class=java.util.concurrent.ConcurrentHashMap$Node@50000021)
	key		50001111
	val		50001110
	next		5000110f
OBJ 5000082b (sz=24, trace=300000, class=java.util.concurrent.ConcurrentHashMap$Node@50000021)
	key		50001108
	val		50001107
OBJ 5000082c (sz=24, trace=300000, class=java.util.concurrent.ConcurrentHashMap$Node@50000021)
	key		50001100
	val		500010ff
OBJ 5000082d (sz=24, trace=300000, class=java.util.concurrent.ConcurrentHashMap$Node@50000021)
	key		500010f7
	val		500010f6
OBJ 5000082e (sz=24, trace=300000, class=java.util.concurrent.ConcurrentHashMap$Node@50000021)
	key		50000830
	val		5000082f
OBJ 5000082f (sz=40, trace=300000, class=sun.util.locale.LocaleObjectCache$CacheEntry@50000016)
	referent	500010f4
	queue		50000820
	key		50000830
OBJ 50000830 (sz=32, trace=300000, class=sun.util.locale.BaseLocale$Key@50000017)
	lang		50000834
	scrt		50000833
	regn		50000832
	vart		50000831
OBJ 50000831 (sz=32, trace=300000, class=java.lang.ref.SoftReference@50000149)
	referent	500007b7
	queue		50000835
OBJ 50000832 (sz=32, trace=300000, class=java.lang.ref.SoftReference@50000149)
	referent	500007eb
	queue		50000835
OBJ 50000833 (sz=32, trace=300000, class=java.lang.ref.SoftReference@50000149)
	referent	500007b7
	queue		50000835
OBJ 50000834 (sz=32, trace=300000, class=java.lang.ref.SoftReference@50000149)
	referent	500007de
	queue		50000835
OBJ 50000835 (sz=24, trace=300000, class=java.lang.ref.ReferenceQueue$Null@500000c9)
	lock		50000837
ARR 50000836 (sz=4, trace=300000, nelems=2, elem type=char[])
OBJ 50000837 (sz=8, trace=300000, class=java.lang.ref.ReferenceQueue$Lock@500000c8)
OBJ 50000838 (sz=24, trace=300000, class=java.lang.ref.ReferenceQueue$Null@500000c9)
	lock		50000839
OBJ 50000839 (sz=8, trace=300000, class=java.lang.ref.ReferenceQueue$Lock@500000c8)
OBJ 5000083a (sz=8, trace=300000, class=sun.reflect.ReflectionFactory@500000d9)
ARR 5000083b (sz=16, trace=300000, nelems=0, elem type=java.io.ObjectStreamField[]@500000f2)
OBJ 5000083c (sz=16, trace=300000, class=java.lang.String@50000165)
	value		5000083f
OBJ 5000083d (sz=8, trace=300000, class=java.lang.reflect.ReflectAccess@5000009a)
OBJ 5000083e (sz=24, trace=300000, class=java.lang.RuntimePermission@500000e8)
	name		5000083c
	path		5000083c
ARR 5000083f (sz=46, trace=300000, nelems=23, elem type=char[])
OBJ 50000840 (sz=16, trace=300000, class=java.lang.String@50000165)
	value		500010a0
OBJ 50000841 (sz=16, trace=300000, class=java.lang.String@50000165)
	value		500010a9
OBJ 50000842 (sz=16, trace=300000, class=java.lang.String@50000165)
	value		50000843
ARR 50000843 (sz=16, trace=300000, nelems=8, elem type=char[])
OBJ 50000844 (sz=16, trace=300000, class=java.lang.String@50000165)
	value		50001012
OBJ 50000845 (sz=16, trace=300000, class=java.lang.String@50000165)
	value		500010e6
OBJ 50000846 (sz=16, trace=300000, class=java.lang.String@50000165)
	value		50001011
OBJ 50000847 (sz=16, trace=300000, class=java.lang.String@50000165)
	value		50000848
ARR 50000848 (sz=18, trace=300000, nelems=9, elem type=char[])
OBJ 50000849 (sz=16, trace=300000, class=java.lang.String@50000165)
	value		5000084a
ARR 5000084a (sz=12, trace=300000, nelems=6, elem type=char[])
OBJ 5000084b (sz=16, trace=300000, class=java.lang.String@50000165)
	value		5000084c
ARR 5000084c (sz=10, trace=300000, nelems=5, elem type=char[])
OBJ 5000084d (sz=16, trace=300000, class=java.lang.String@50000165)
	value		5000084e
ARR 5000084e (sz=8, trace=300000, nelems=4, elem type=char[])
OBJ 5000084f (sz=16, trace=300000, class=java.lang.String@50000165)
	value		50000854
ARR 50000850 (sz=40, trace=300000, nelems=10, elem type=int[])
ARR 50000851 (sz=200, trace=300000, nelems=100, elem type=char[])
ARR 50000852 (sz=200, trace=300000, nelems=100, elem type=char[])
ARR 50000853 (sz=72, trace=300000, nelems=36, elem type=char[])
ARR 50000854 (sz=6, trace=300000, nelems=3, elem type=char[])
OBJ 50000855 (sz=16, trace=300000, class=java.lang.String@50000165)
	value		500010dd
ARR 50000856 (sz=1040, trace=300000, nelems=256, elem type=java.lang.Integer[]@50000043)
	[0]		50000857
	[1]		50000858
	[2]		50000859
	[3]		5000085a
	[4]		5000085b
	[5]		5000085c
	[6]		5000085d
	[7]		5000085e
	[8]		5000085f
	[9]		50000860
	[10]		50000861
	[11]		50000862
	[12]		50000863
	[13]		50000864
	[14]		50000865
	[15]		50000866
	[16]		50000867
	[17]		50000868
	[18]		50000869
	[19]		5000086a
	[20]		5000086b
	[21]		5000086c
	[22]		5000086d
	[23]		5000086e
	[24]		5000086f
	[25]		50000870
	[26]		50000871
	[27]		50000872
	[28]		50000873
	[29]		50000874
	[30]		50000875
	[31]		50000876
	[32]		50000877
	[33]		50000878
	[34]		50000879
	[35]		5000087a
	[36]		5000087b
	[37]		5000087c
	[38]		5000087d
	[39]		5000087e
	[40]		5000087f
	[41]		50000880
	[42]		50000881
	[43]		50000882
	[44]		50000883
	[45]		50000884
	[46]		50000885
	[47]		50000886
	[48]		50000887
	[49]		50000888
	[50]		50000889
	[51]		5000088a
	[52]		5000088b
	[53]		5000088c
	[54]		5000088d
	[55]		5000088e
	[56]		5000088f
	[57]		50000890
	[58]		50000891
	[59]		50000892
	[60]		50000893
	[61]		50000894
	[62]		50000895
	[63]		50000896
	[64]		50000897
	[65]		50000898
	[66]		50000899
	[67]		5000089a
	[68]		5000089b
	[69]		5000089c
	[70]		5000089d
	[71]		5000089e
	[72]		5000089f
	[73]		500008a0
	[74]		500008a1
	[75]		500008a2
	[76]		500008a3
	[77]		500008a4
	[78]		500008a5
	[79]		500008a6
	[80]		500008a7
	[81]		500008a8
	[82]		500008a9
	[83]		500008aa
	[84]		500008ab
	[85]		500008ac
	[86]		500008ad
	[87]		500008ae
	[88]		500008af
	[89]		500008b0
	[90]		500008b1
	[91]		500008b2
	[92]		500008b3
	[93]		500008b4
	[94]		500008b5
	[95]		500008b6
	[96]		500008b7
	[97]		500008b8
	[98]		500008b9
	[99]		500008ba
	[100]		500008bb
	[101]		500008bc
	[102]		500008bd
	[103]		500008be
	[104]		500008bf
	[105]		500008c0
	[106]		500008c1
	[107]		500008c2
	[108]		500008c3
	[109]		500008c4
	[110]		500008c5
	[111]		500008c6
	[112]		500008c7
	[113]		500008c8
	[114]		500008c9
	[115]		500008ca
	[116]		500008cb
	[117]		500008cc
	[118]		500008cd
	[119]		500008ce
	[120]		500008cf
	[121]		500008d0
	[122]		500008d1
	[123]		500008d2
	[124]		500008d3
	[125]		500008d4
	[126]		500008d5
	[127]		500008d6
	[128]		500008d7
	[129]		500008d8
	[130]		500008d9
	[131]		500008da
	[132]		500008db
	[133]		500008dc
	[134]		500008dd
	[135]		500008de
	[136]		500008df
	[137]		500008e0
	[138]		500008e1
	[139]		500008e2
	[140]		500008e3
	[141]		500008e4
	[142]		500008e5
	[143]		500008e6
	[144]		500008e7
	[145]		500008e8
	[146]		500008e9
	[147]		500008ea
	[148]		500008eb
	[149]		500008ec
	[150]		500008ed
	[151]		500008ee
	[152]		500008ef
	[153]		500008f0
	[154]		500008f1
	[155]		500008f2
	[156]		500008f3
	[157]		500008f4
	[158]		500008f5
	[159]		500008f6
	[160]		500008f7
	[161]		500008f8
	[162]		500008f9
	[163]		500008fa
	[164]		500008fb
	[165]		500008fc
	[166]		500008fd
	[167]		500008fe
	[168]		500008ff
	[169]		50000900
	[170]		50000901
	[171]		50000902
	[172]		50000903
	[173]		50000904
	[174]		50000905
	[175]		50000906
	[176]		50000907
	[177]		50000908
	[178]		50000909
	[179]		5000090a
	[180]		5000090b
	[181]		5000090c
	[182]		5000090d
	[183]		5000090e
	[184]		5000090f
	[185]		50000910
	[186]		50000911
	[187]		50000912
	[188]		50000913
	[189]		50000914
	[190]		50000915
	[191]		50000916
	[192]		50000917
	[193]		50000918
	[194]		50000919
	[195]		5000091a
	[196]		5000091b
	[197]		5000091c
	[198]		5000091d
	[199]		5000091e
	[200]		5000091f
	[201]		50000920
	[202]		50000921
	[203]		50000922
	[204]		50000923
	[205]		50000924
	[206]		50000925
	[207]		50000926
	[208]		50000927
	[209]		50000928
	[210]		50000929
	[211]		5000092a
	[212]		5000092b
	[213]		5000092c
	[214]		5000092d
	[215]		5000092e
	[216]		5000092f
	[217]		50000930
	[218]		50000931
	[219]		50000932
	[220]		50000933
	[221]		50000934
	[222]		50000935
	[223]		50000936
	[224]		50000937
	[225]		50000938
	[226]		50000939
	[227]		5000093a
	[228]		5000093b
	[229]		5000093c
	[230]		5000093d
	[231]		5000093e
	[232]		5000093f
	[233]		50000940
	[234]		50000941
	[235]		50000942
	[236]		50000943
	[237]		50000944
	[238]		50000945
	[239]		50000946
	[240]		50000947
	[241]		50000948
	[242]		50000949
	[243]		5000094a
	[244]		5000094b
	[245]		5000094c
	[246]		5000094d
	[247]		5000094e
	[248]		5000094f
	[249]		50000950
	[250]		50000951
	[251]		50000952
	[252]		50000953
	[253]		50000954
	[254]		50000955
	[255]		50000956
OBJ 50000857 (sz=16, trace=300000, class=java.lang.Integer@50000102)
OBJ 50000858 (sz=16, trace=300000, class=java.lang.Integer@50000102)
OBJ 50000859 (sz=16, trace=300000, class=java.lang.Integer@50000102)
OBJ 5000085a (sz=16, trace=300000, class=java.lang.Integer@50000102)
OBJ 5000085b (sz=16, trace=300000, class=java.lang.Integer@50000102)
OBJ 5000085c (sz=16, trace=300000, class=java.lang.Integer@50000102)
OBJ 5000085d (sz=16, trace=300000, class=java.lang.Integer@50000102)
OBJ 5000085e (sz=16, trace=300000, class=java.lang.Integer@50000102)
OBJ 5000085f (sz=16, trace=300000, class=java.lang.Integer@50000102)
OBJ 50000860 (sz=16, trace=300000, class=java.lang.Integer@50000102)
OBJ 50000861 (sz=16, trace=300000, class=java.lang.Integer@50000102)
OBJ 50000862 (sz=16, trace=300000, class=java.lang.Integer@50000102)
OBJ 50000863 (sz=16, trace=300000, class=java.lang.Integer@50000102)
OBJ 50000864 (sz=16, trace=300000, class=java.lang.Integer@50000102)
OBJ 50000865 (sz=16, trace=300000, class=java.lang.Integer@50000102)
OBJ 50000866 (sz=16, trace=300000, class=java.lang.Integer@50000102)
OBJ 50000867 (sz=16, trace=300000, class=java.lang.Integer@50000102)
OBJ 50000868 (sz=16, trace=300000, class=java.lang.Integer@50000102)
OBJ 50000869 (sz=16, trace=300000, class=java.lang.Integer@50000102)
OBJ 5000086a (sz=16, trace=300000, class=java.lang.Integer@50000102)
OBJ 5000086b (sz=16, trace=300000, class=java.lang.Integer@50000102)
OBJ 5000086c (sz=16, trace=300000, class=java.lang.Integer@50000102)
OBJ 5000086d (sz=16, trace=300000, class=java.lang.Integer@50000102)
OBJ 5000086e (sz=16, trace=300000, class=java.lang.Integer@50000102)
OBJ 5000086f (sz=16, trace=300000, class=java.lang.Integer@50000102)
OBJ 50000870 (sz=16, trace=300000, class=java.lang.Integer@50000102)
OBJ 50000871 (sz=16, trace=300000, class=java.lang.Integer@50000102)
OBJ 50000872 (sz=16, trace=300000, class=java.lang.Integer@50000102)
OBJ 50000873 (sz=16, trace=300000, class=java.lang.Integer@50000102)
OBJ 50000874 (sz=16, trace=300000, class=java.lang.Integer@50000102)
OBJ 50000875 (sz=16, trace=300000, class=java.lang.Integer@50000102)
OBJ 50000876 (sz=16, trace=300000, class=java.lang.Integer@50000102)
OBJ 50000877 (sz=16, trace=300000, class=java.lang.Integer@50000102)
OBJ 50000878 (sz=16, trace=300000, class=java.lang.Integer@50000102)
OBJ 50000879 (sz=16, trace=300000, class=java.lang.Integer@50000102)
OBJ 5000087a (sz=16, trace=300000, class=java.lang.Integer@50000102)
OBJ 5000087b (sz=16, trace=300000, class=java.lang.Integer@50000102)
OBJ 5000087c (sz=16, trace=300000, class=java.lang.Integer@50000102)
OBJ 5000087d (sz=16, trace=300000, class=java.lang.Integer@50000102)
OBJ 5000087e (sz=16, trace=300000, class=java.lang.Integer@50000102)
OBJ 5000087f (sz=16, trace=300000, class=java.lang.Integer@50000102)
OBJ 50000880 (sz=16, trace=300000, class=java.lang.Integer@50000102)
OBJ 50000881 (sz=16, trace=300000, class=java.lang.Integer@50000102)
OBJ 50000882 (sz=16, trace=300000, class=java.lang.Integer@50000102)
OBJ 50000883 (sz=16, trace=300000, class=java.lang.Integer@50000102)
OBJ 50000884 (sz=16, trace=300000, class=java.lang.Integer@50000102)
OBJ 50000885 (sz=16, trace=300000, class=java.lang.Integer@50000102)
OBJ 50000886 (sz=16, trace=300000, class=java.lang.Integer@50000102)
OBJ 50000887 (sz=16, trace=300000, class=java.lang.Integer@50000102)
OBJ 50000888 (sz=16, trace=300000, class=java.lang.Integer@50000102)
OBJ 50000889 (sz=16, trace=300000, class=java.lang.Integer@50000102)
OBJ 5000088a (sz=16, trace=300000, class=java.lang.Integer@50000102)
OBJ 5000088b (sz=16, trace=300000, class=java.lang.Integer@50000102)
OBJ 5000088c (sz=16, trace=300000, class=java.lang.Integer@50000102)
OBJ 5000088d (sz=16, trace=300000, class=java.lang.Integer@50000102)
OBJ 5000088e (sz=16, trace=300000, class=java.lang.Integer@50000102)
OBJ 5000088f (sz=16, trace=300000, class=java.lang.Integer@50000102)
OBJ 50000890 (sz=16, trace=300000, class=java.lang.Integer@50000102)
OBJ 50000891 (sz=16, trace=300000, class=java.lang.Integer@50000102)
OBJ 50000892 (sz=16, trace=300000, class=java.lang.Integer@50000102)
OBJ 50000893 (sz=16, trace=300000, class=java.lang.Integer@50000102)
OBJ 50000894 (sz=16, trace=300000, class=java.lang.Integer@50000102)
OBJ 50000895 (sz=16, trace=300000, class=java.lang.Integer@50000102)
OBJ 50000896 (sz=16, trace=300000, class=java.lang.Integer@50000102)
OBJ 50000897 (sz=16, trace=300000, class=java.lang.Integer@50000102)
OBJ 50000898 (sz=16, trace=300000, class=java.lang.Integer@50000102)
OBJ 50000899 (sz=16, trace=300000, class=java.lang.Integer@50000102)
OBJ 5000089a (sz=16, trace=300000, class=java.lang.Integer@50000102)
OBJ 5000089b (sz=16, trace=300000, class=java.lang.Integer@50000102)
OBJ 5000089c (sz=16, trace=300000, class=java.lang.Integer@50000102)
OBJ 5000089d (sz=16, trace=300000, class=java.lang.Integer@50000102)
OBJ 5000089e (sz=16, trace=300000, class=java.lang.Integer@50000102)
OBJ 5000089f (sz=16, trace=300000, class=java.lang.Integer@50000102)
OBJ 500008a0 (sz=16, trace=300000, class=java.lang.Integer@50000102)
OBJ 500008a1 (sz=16, trace=300000, class=java.lang.Integer@50000102)
OBJ 500008a2 (sz=16, trace=300000, class=java.lang.Integer@50000102)
OBJ 500008a3 (sz=16, trace=300000, class=java.lang.Integer@50000102)
OBJ 500008a4 (sz=16, trace=300000, class=java.lang.Integer@50000102)
OBJ 500008a5 (sz=16, trace=300000, class=java.lang.Integer@50000102)
OBJ 500008a6 (sz=16, trace=300000, class=java.lang.Integer@50000102)
OBJ 500008a7 (sz=16, trace=300000, class=java.lang.Integer@50000102)
OBJ 500008a8 (sz=16, trace=300000, class=java.lang.Integer@50000102)
OBJ 500008a9 (sz=16, trace=300000, class=java.lang.Integer@50000102)
OBJ 500008aa (sz=16, trace=300000, class=java.lang.Integer@50000102)
OBJ 500008ab (sz=16, trace=300000, class=java.lang.Integer@50000102)
OBJ 500008ac (sz=16, trace=300000, class=java.lang.Integer@50000102)
OBJ 500008ad (sz=16, trace=300000, class=java.lang.Integer@50000102)
OBJ 500008ae (sz=16, trace=300000, class=java.lang.Integer@50000102)
OBJ 500008af (sz=16, trace=300000, class=java.lang.Integer@50000102)
OBJ 500008b0 (sz=16, trace=300000, class=java.lang.Integer@50000102)
OBJ 500008b1 (sz=16, trace=300000, class=java.lang.Integer@50000102)
OBJ 500008b2 (sz=16, trace=300000, class=java.lang.Integer@50000102)
OBJ 500008b3 (sz=16, trace=300000, class=java.lang.Integer@50000102)
OBJ 500008b4 (sz=16, trace=300000, class=java.lang.Integer@50000102)
OBJ 500008b5 (sz=16, trace=300000, class=java.lang.Integer@50000102)
OBJ 500008b6 (sz=16, trace=300000, class=java.lang.Integer@50000102)
OBJ 500008b7 (sz=16, trace=300000, class=java.lang.Integer@50000102)
OBJ 500008b8 (sz=16, trace=300000, class=java.lang.Integer@50000102)
OBJ 500008b9 (sz=16, trace=300000, class=java.lang.Integer@50000102)
OBJ 500008ba (sz=16, trace=300000, class=java.lang.Integer@50000102)
OBJ 500008bb (sz=16, trace=300000, class=java.lang.Integer@50000102)
OBJ 500008bc (sz=16, trace=300000, class=java.lang.Integer@50000102)
OBJ 500008bd (sz=16, trace=300000, class=java.lang.Integer@50000102)
OBJ 500008be (sz=16, trace=300000, class=java.lang.Integer@50000102)
OBJ 500008bf (sz=16, trace=300000, class=java.lang.Integer@50000102)
OBJ 500008c0 (sz=16, trace=300000, class=java.lang.Integer@50000102)
OBJ 500008c1 (sz=16, trace=300000, class=java.lang.Integer@50000102)
OBJ 500008c2 (sz=16, trace=300000, class=java.lang.Integer@50000102)
OBJ 500008c3 (sz=16, trace=300000, class=java.lang.Integer@50000102)
OBJ 500008c4 (sz=16, trace=300000, class=java.lang.Integer@50000102)
OBJ 500008c5 (sz=16, trace=300000, class=java.lang.Integer@50000102)
OBJ 500008c6 (sz=16, trace=300000, class=java.lang.Integer@50000102)
OBJ 500008c7 (sz=16, trace=300000, class=java.lang.Integer@50000102)
OBJ 500008c8 (sz=16, trace=300000, class=java.lang.Integer@50000102)
OBJ 500008c9 (sz=16, trace=300000, class=java.lang.Integer@50000102)
OBJ 500008ca (sz=16, trace=300000, class=java.lang.Integer@50000102)
OBJ 500008cb (sz=16, trace=300000, class=java.lang.Integer@50000102)
OBJ 500008cc (sz=16, trace=300000, class=java.lang.Integer@50000102)
OBJ 500008cd (sz=16, trace=300000, class=java.lang.Integer@50000102)
OBJ 500008ce (sz=16, trace=300000, class=java.lang.Integer@50000102)
OBJ 500008cf (sz=16, trace=300000, class=java.lang.Integer@50000102)
OBJ 500008d0 (sz=16, trace=300000, class=java.lang.Integer@50000102)
OBJ 500008d1 (sz=16, trace=300000, class=java.lang.Integer@50000102)
OBJ 500008d2 (sz=16, trace=300000, class=java.lang.Integer@50000102)
OBJ 500008d3 (sz=16, trace=300000, class=java.lang.Integer@50000102)
OBJ 500008d4 (sz=16, trace=300000, class=java.lang.Integer@50000102)
OBJ 500008d5 (sz=16, trace=300000, class=java.lang.Integer@50000102)
OBJ 500008d6 (sz=16, trace=300000, class=java.lang.Integer@50000102)
OBJ 500008d7 (sz=16, trace=300000, class=java.lang.Integer@50000102)
OBJ 500008d8 (sz=16, trace=300000, class=java.lang.Integer@50000102)
OBJ 500008d9 (sz=16, trace=300000, class=java.lang.Integer@50000102)
OBJ 500008da (sz=16, trace=300000, class=java.lang.Integer@50000102)
OBJ 500008db (sz=16, trace=300000, class=java.lang.Integer@50000102)
OBJ 500008dc (sz=16, trace=300000, class=java.lang.Integer@50000102)
OBJ 500008dd (sz=16, trace=300000, class=java.lang.Integer@50000102)
OBJ 500008de (sz=16, trace=300000, class=java.lang.Integer@50000102)
OBJ 500008df (sz=16, trace=300000, class=java.lang.Integer@50000102)
OBJ 500008e0 (sz=16, trace=300000, class=java.lang.Integer@50000102)
OBJ 500008e1 (sz=16, trace=300000, class=java.lang.Integer@50000102)
OBJ 500008e2 (sz=16, trace=300000, class=java.lang.Integer@50000102)
OBJ 500008e3 (sz=16, trace=300000, class=java.lang.Integer@50000102)
OBJ 500008e4 (sz=16, trace=300000, class=java.lang.Integer@50000102)
OBJ 500008e5 (sz=16, trace=300000, class=java.lang.Integer@50000102)
OBJ 500008e6 (sz=16, trace=300000, class=java.lang.Integer@50000102)
OBJ 500008e7 (sz=16, trace=300000, class=java.lang.Integer@50000102)
OBJ 500008e8 (sz=16, trace=300000, class=java.lang.Integer@50000102)
OBJ 500008e9 (sz=16, trace=300000, class=java.lang.Integer@50000102)
OBJ 500008ea (sz=16, trace=300000, class=java.lang.Integer@50000102)
OBJ 500008eb (sz=16, trace=300000, class=java.lang.Integer@50000102)
OBJ 500008ec (sz=16, trace=300000, class=java.lang.Integer@50000102)
OBJ 500008ed (sz=16, trace=300000, class=java.lang.Integer@50000102)
OBJ 500008ee (sz=16, trace=300000, class=java.lang.Integer@50000102)
OBJ 500008ef (sz=16, trace=300000, class=java.lang.Integer@50000102)
OBJ 500008f0 (sz=16, trace=300000, class=java.lang.Integer@50000102)
OBJ 500008f1 (sz=16, trace=300000, class=java.lang.Integer@50000102)
OBJ 500008f2 (sz=16, trace=300000, class=java.lang.Integer@50000102)
OBJ 500008f3 (sz=16, trace=300000, class=java.lang.Integer@50000102)
OBJ 500008f4 (sz=16, trace=300000, class=java.lang.Integer@50000102)
OBJ 500008f5 (sz=16, trace=300000, class=java.lang.Integer@50000102)
OBJ 500008f6 (sz=16, trace=300000, class=java.lang.Integer@50000102)
OBJ 500008f7 (sz=16, trace=300000, class=java.lang.Integer@50000102)
OBJ 500008f8 (sz=16, trace=300000, class=java.lang.Integer@50000102)
OBJ 500008f9 (sz=16, trace=300000, class=java.lang.Integer@50000102)
OBJ 500008fa (sz=16, trace=300000, class=java.lang.Integer@50000102)
OBJ 500008fb (sz=16, trace=300000, class=java.lang.Integer@50000102)
OBJ 500008fc (sz=16, trace=300000, class=java.lang.Integer@50000102)
OBJ 500008fd (sz=16, trace=300000, class=java.lang.Integer@50000102)
OBJ 500008fe (sz=16, trace=300000, class=java.lang.Integer@50000102)
OBJ 500008ff (sz=16, trace=300000, class=java.lang.Integer@50000102)
OBJ 50000900 (sz=16, trace=300000, class=java.lang.Integer@50000102)
OBJ 50000901 (sz=16, trace=300000, class=java.lang.Integer@50000102)
OBJ 50000902 (sz=16, trace=300000, class=java.lang.Integer@50000102)
OBJ 50000903 (sz=16, trace=300000, class=java.lang.Integer@50000102)
OBJ 50000904 (sz=16, trace=300000, class=java.lang.Integer@50000102)
OBJ 50000905 (sz=16, trace=300000, class=java.lang.Integer@50000102)
OBJ 50000906 (sz=16, trace=300000, class=java.lang.Integer@50000102)
OBJ 50000907 (sz=16, trace=300000, class=java.lang.Integer@50000102)
OBJ 50000908 (sz=16, trace=300000, class=java.lang.Integer@50000102)
OBJ 50000909 (sz=16, trace=300000, class=java.lang.Integer@50000102)
OBJ 5000090a (sz=16, trace=300000, class=java.lang.Integer@50000102)
OBJ 5000090b (sz=16, trace=300000, class=java.lang.Integer@50000102)
OBJ 5000090c (sz=16, trace=300000, class=java.lang.Integer@50000102)
OBJ 5000090d (sz=16, trace=300000, class=java.lang.Integer@50000102)
OBJ 5000090e (sz=16, trace=300000, class=java.lang.Integer@50000102)
OBJ 5000090f (sz=16, trace=300000, class=java.lang.Integer@50000102)
OBJ 50000910 (sz=16, trace=300000, class=java.lang.Integer@50000102)
OBJ 50000911 (sz=16, trace=300000, class=java.lang.Integer@50000102)
OBJ 50000912 (sz=16, trace=300000, class=java.lang.Integer@50000102)
OBJ 50000913 (sz=16, trace=300000, class=java.lang.Integer@50000102)
OBJ 50000914 (sz=16, trace=300000, class=java.lang.Integer@50000102)
OBJ 50000915 (sz=16, trace=300000, class=java.lang.Integer@50000102)
OBJ 50000916 (sz=16, trace=300000, class=java.lang.Integer@50000102)
OBJ 50000917 (sz=16, trace=300000, class=java.lang.Integer@50000102)
OBJ 50000918 (sz=16, trace=300000, class=java.lang.Integer@50000102)
OBJ 50000919 (sz=16, trace=300000, class=java.lang.Integer@50000102)
OBJ 5000091a (sz=16, trace=300000, class=java.lang.Integer@50000102)
OBJ 5000091b (sz=16, trace=300000, class=java.lang.Integer@50000102)
OBJ 5000091c (sz=16, trace=300000, class=java.lang.Integer@50000102)
OBJ 5000091d (sz=16, trace=300000, class=java.lang.Integer@50000102)
OBJ 5000091e (sz=16, trace=300000, class=java.lang.Integer@50000102)
OBJ 5000091f (sz=16, trace=300000, class=java.lang.Integer@50000102)
OBJ 50000920 (sz=16, trace=300000, class=java.lang.Integer@50000102)
OBJ 50000921 (sz=16, trace=300000, class=java.lang.Integer@50000102)
OBJ 50000922 (sz=16, trace=300000, class=java.lang.Integer@50000102)
OBJ 50000923 (sz=16, trace=300000, class=java.lang.Integer@50000102)
OBJ 50000924 (sz=16, trace=300000, class=java.lang.Integer@50000102)
OBJ 50000925 (sz=16, trace=300000, class=java.lang.Integer@50000102)
OBJ 50000926 (sz=16, trace=300000, class=java.lang.Integer@50000102)
OBJ 50000927 (sz=16, trace=300000, class=java.lang.Integer@50000102)
OBJ 50000928 (sz=16, trace=300000, class=java.lang.Integer@50000102)
OBJ 50000929 (sz=16, trace=300000, class=java.lang.Integer@50000102)
OBJ 5000092a (sz=16, trace=300000, class=java.lang.Integer@50000102)
OBJ 5000092b (sz=16, trace=300000, class=java.lang.Integer@50000102)
OBJ 5000092c (sz=16, trace=300000, class=java.lang.Integer@50000102)
OBJ 5000092d (sz=16, trace=300000, class=java.lang.Integer@50000102)
OBJ 5000092e (sz=16, trace=300000, class=java.lang.Integer@50000102)
OBJ 5000092f (sz=16, trace=300000, class=java.lang.Integer@50000102)
OBJ 50000930 (sz=16, trace=300000, class=java.lang.Integer@50000102)
OBJ 50000931 (sz=16, trace=300000, class=java.lang.Integer@50000102)
OBJ 50000932 (sz=16, trace=300000, class=java.lang.Integer@50000102)
OBJ 50000933 (sz=16, trace=300000, class=java.lang.Integer@50000102)
OBJ 50000934 (sz=16, trace=300000, class=java.lang.Integer@50000102)
OBJ 50000935 (sz=16, trace=300000, class=java.lang.Integer@50000102)
OBJ 50000936 (sz=16, trace=300000, class=java.lang.Integer@50000102)
OBJ 50000937 (sz=16, trace=300000, class=java.lang.Integer@50000102)
OBJ 50000938 (sz=16, trace=300000, class=java.lang.Integer@50000102)
OBJ 50000939 (sz=16, trace=300000, class=java.lang.Integer@50000102)
OBJ 5000093a (sz=16, trace=300000, class=java.lang.Integer@50000102)
OBJ 5000093b (sz=16, trace=300000, class=java.lang.Integer@50000102)
OBJ 5000093c (sz=16, trace=300000, class=java.lang.Integer@50000102)
OBJ 5000093d (sz=16, trace=300000, class=java.lang.Integer@50000102)
OBJ 5000093e (sz=16, trace=300000, class=java.lang.Integer@50000102)
OBJ 5000093f (sz=16, trace=300000, class=java.lang.Integer@50000102)
OBJ 50000940 (sz=16, trace=300000, class=java.lang.Integer@50000102)
OBJ 50000941 (sz=16, trace=300000, class=java.lang.Integer@50000102)
OBJ 50000942 (sz=16, trace=300000, class=java.lang.Integer@50000102)
OBJ 50000943 (sz=16, trace=300000, class=java.lang.Integer@50000102)
OBJ 50000944 (sz=16, trace=300000, class=java.lang.Integer@50000102)
OBJ 50000945 (sz=16, trace=300000, class=java.lang.Integer@50000102)
OBJ 50000946 (sz=16, trace=300000, class=java.lang.Integer@50000102)
OBJ 50000947 (sz=16, trace=300000, class=java.lang.Integer@50000102)
OBJ 50000948 (sz=16, trace=300000, class=java.lang.Integer@50000102)
OBJ 50000949 (sz=16, trace=300000, class=java.lang.Integer@50000102)
OBJ 5000094a (sz=16, trace=300000, class=java.lang.Integer@50000102)
OBJ 5000094b (sz=16, trace=300000, class=java.lang.Integer@50000102)
OBJ 5000094c (sz=16, trace=300000, class=java.lang.Integer@50000102)
OBJ 5000094d (sz=16, trace=300000, class=java.lang.Integer@50000102)
OBJ 5000094e (sz=16, trace=300000, class=java.lang.Integer@50000102)
OBJ 5000094f (sz=16, trace=300000, class=java.lang.Integer@50000102)
OBJ 50000950 (sz=16, trace=300000, class=java.lang.Integer@50000102)
OBJ 50000951 (sz=16, trace=300000, class=java.lang.Integer@50000102)
OBJ 50000952 (sz=16, trace=300000, class=java.lang.Integer@50000102)
OBJ 50000953 (sz=16, trace=300000, class=java.lang.Integer@50000102)
OBJ 50000954 (sz=16, trace=300000, class=java.lang.Integer@50000102)
OBJ 50000955 (sz=16, trace=300000, class=java.lang.Integer@50000102)
OBJ 50000956 (sz=16, trace=300000, class=java.lang.Integer@50000102)
OBJ 50000957 (sz=16, trace=300000, class=java.lang.String@50000165)
	value		500010e1
OBJ 50000958 (sz=16, trace=300000, class=java.lang.String@50000165)
	value		500010e0
OBJ 50000959 (sz=16, trace=300000, class=java.lang.String@50000165)
	value		500010df
OBJ 5000095a (sz=16, trace=300000, class=java.lang.String@50000165)
	value		50000a6c
OBJ 5000095b (sz=16, trace=300000, class=java.lang.String@50000165)
	value		500010de
OBJ 5000095c (sz=16, trace=300000, class=java.lang.String@50000165)
	value		50000f80
OBJ 5000095d (sz=16, trace=300000, class=java.lang.String@50000165)
	value		500010dc
OBJ 5000095e (sz=16, trace=300000, class=java.lang.String@50000165)
	value		50001021
OBJ 5000095f (sz=48, trace=300000, class=java.util.Properties@5000013c)
	table		50000961
OBJ 50000960 (sz=8, trace=300000, class=java.lang.Object@50000169)
ARR 50000961 (sz=392, trace=300000, nelems=89, elem type=java.util.Hashtable$Entry[]@500000b6)
	[0]		50000962
	[2]		50000963
	[9]		50000964
	[10]		50000965
	[11]		50000966
	[13]		50000967
	[16]		50000968
	[17]		50000969
	[18]		5000096a
	[19]		5000096b
	[21]		5000096c
	[22]		5000096d
	[24]		5000096e
	[26]		5000096f
	[27]		50000970
	[33]		50000971
	[38]		50000972
	[39]		50000973
	[40]		50000974
	[41]		50000975
	[44]		50000976
	[47]		50000977
	[49]		50000978
	[54]		50000979
	[57]		5000097a
	[63]		5000097b
	[65]		5000097c
	[67]		5000097d
	[70]		5000097e
	[72]		5000097f
	[76]		50000980
	[79]		50000981
	[80]		50000982
	[81]		50000983
	[82]		50000984
	[88]		50000985
OBJ 50000962 (sz=24, trace=300000, class=java.util.Hashtable$Entry@500000b7)
	key		50000a61
	value		50000a60
OBJ 50000963 (sz=24, trace=300000, class=java.util.Hashtable$Entry@500000b7)
	key		50000a5d
	value		50000a5c
OBJ 50000964 (sz=24, trace=300000, class=java.util.Hashtable$Entry@500000b7)
	key		50000a55
	value		50000a54
	next		50000a53
OBJ 50000965 (sz=24, trace=300000, class=java.util.Hashtable$Entry@500000b7)
	key		50000a50
	value		50000a4f
OBJ 50000966 (sz=24, trace=300000, class=java.util.Hashtable$Entry@500000b7)
	key		50000a4c
	value		50000a4b
OBJ 50000967 (sz=24, trace=300000, class=java.util.Hashtable$Entry@500000b7)
	key		50000a48
	value		50000a47
OBJ 50000968 (sz=24, trace=300000, class=java.util.Hashtable$Entry@500000b7)
	key		50000a44
	value		50000a43
OBJ 50000969 (sz=24, trace=300000, class=java.util.Hashtable$Entry@500000b7)
	key		50000a40
	value		50000a3f
OBJ 5000096a (sz=24, trace=300000, class=java.util.Hashtable$Entry@500000b7)
	key		50000a3c
	value		50000a3b
OBJ 5000096b (sz=24, trace=300000, class=java.util.Hashtable$Entry@500000b7)
	key		50000a38
	value		50000a37
OBJ 5000096c (sz=24, trace=300000, class=java.util.Hashtable$Entry@500000b7)
	key		50000a30
	value		50000a2f
	next		50000a2e
OBJ 5000096d (sz=24, trace=300000, class=java.util.Hashtable$Entry@500000b7)
	key		50000a2b
	value		50000a2a
OBJ 5000096e (sz=24, trace=300000, class=java.util.Hashtable$Entry@500000b7)
	key		50000a23
	value		50000a22
	next		50000a21
OBJ 5000096f (sz=24, trace=300000, class=java.util.Hashtable$Entry@500000b7)
	key		50000a15
	value		50000a14
	next		50000a13
OBJ 50000970 (sz=24, trace=300000, class=java.util.Hashtable$Entry@500000b7)
	key		50000a10
	value		50000a0f
OBJ 50000971 (sz=24, trace=300000, class=java.util.Hashtable$Entry@500000b7)
	key		50000a08
	value		50000a07
	next		50000a06
OBJ 50000972 (sz=24, trace=300000, class=java.util.Hashtable$Entry@500000b7)
	key		500009ff
	value		500009fe
	next		500009fd
OBJ 50000973 (sz=24, trace=300000, class=java.util.Hashtable$Entry@500000b7)
	key		500009fa
	value		500009f9
OBJ 50000974 (sz=24, trace=300000, class=java.util.Hashtable$Entry@500000b7)
	key		500009f6
	value		500009f5
OBJ 50000975 (sz=24, trace=300000, class=java.util.Hashtable$Entry@500000b7)
	key		500009f2
	value		500009f1
OBJ 50000976 (sz=24, trace=300000, class=java.util.Hashtable$Entry@500000b7)
	key		500009ee
	value		500009ed
OBJ 50000977 (sz=24, trace=300000, class=java.util.Hashtable$Entry@500000b7)
	key		500009ea
	value		500009e9
OBJ 50000978 (sz=24, trace=300000, class=java.util.Hashtable$Entry@500000b7)
	key		500009e2
	value		500009e1
	next		500009e0
OBJ 50000979 (sz=24, trace=300000, class=java.util.Hashtable$Entry@500000b7)
	key		500009dd
	value		500009dc
OBJ 5000097a (sz=24, trace=300000, class=java.util.Hashtable$Entry@500000b7)
	key		500009d9
	value		500006d6
OBJ 5000097b (sz=24, trace=300000, class=java.util.Hashtable$Entry@500000b7)
	key		500009d6
	value		500009d5
OBJ 5000097c (sz=24, trace=300000, class=java.util.Hashtable$Entry@500000b7)
	key		500009d2
	value		500009d1
OBJ 5000097d (sz=24, trace=300000, class=java.util.Hashtable$Entry@500000b7)
	key		500009cb
	value		500009ca
	next		500009c9
OBJ 5000097e (sz=24, trace=300000, class=java.util.Hashtable$Entry@500000b7)
	key		500009c2
	value		500009c1
	next		500009c0
OBJ 5000097f (sz=24, trace=300000, class=java.util.Hashtable$Entry@500000b7)
	key		500009bd
	value		500009bc
OBJ 50000980 (sz=24, trace=300000, class=java.util.Hashtable$Entry@500000b7)
	key		500009b5
	value		500009b4
	next		500009b3
OBJ 50000981 (sz=24, trace=300000, class=java.util.Hashtable$Entry@500000b7)
	key		500009a7
	value		500009a6
	next		500009a5
OBJ 50000982 (sz=24, trace=300000, class=java.util.Hashtable$Entry@500000b7)
	key		5000099e
	value		5000099d
	next		5000099c
OBJ 50000983 (sz=24, trace=300000, class=java.util.Hashtable$Entry@500000b7)
	key		50000999
	value		50000998
OBJ 50000984 (sz=24, trace=300000, class=java.util.Hashtable$Entry@500000b7)
	key		50000991
	value		50000990
	next		5000098f
OBJ 50000985 (sz=24, trace=300000, class=java.util.Hashtable$Entry@500000b7)
	key		50000988
	value		50000987
	next		50000986
OBJ 50000986 (sz=24, trace=300000, class=java.util.Hashtable$Entry@500000b7)
	key		5000098c
	value		5000098b
OBJ 50000987 (sz=16, trace=300000, class=java.lang.String@50000165)
	value		5000098a
OBJ 50000988 (sz=16, trace=300000, class=java.lang.String@50000165)
	value		50000989
ARR 50000989 (sz=42, trace=300000, nelems=21, elem type=char[])
ARR 5000098a (sz=90, trace=300000, nelems=45, elem type=char[])
OBJ 5000098b (sz=16, trace=300000, class=java.lang.String@50000165)
	value		5000098e
OBJ 5000098c (sz=16, trace=300000, class=java.lang.String@50000165)
	value		5000098d
ARR 5000098d (sz=30, trace=300000, nelems=15, elem type=char[])
ARR 5000098e (sz=20, trace=300000, nelems=10, elem type=char[])
OBJ 5000098f (sz=24, trace=300000, class=java.util.Hashtable$Entry@500000b7)
	key		50000995
	value		50000994
OBJ 50000990 (sz=16, trace=300000, class=java.lang.String@50000165)
	value		50000993
OBJ 50000991 (sz=16, trace=300000, class=java.lang.String@50000165)
	value		50000992
ARR 50000992 (sz=28, trace=300000, nelems=14, elem type=char[])
ARR 50000993 (sz=36, trace=300000, nelems=18, elem type=char[])
OBJ 50000994 (sz=16, trace=300000, class=java.lang.String@50000165)
	value		50000997
OBJ 50000995 (sz=16, trace=300000, class=java.lang.String@50000165)
	value		50000996
ARR 50000996 (sz=30, trace=300000, nelems=15, elem type=char[])
ARR 50000997 (sz=46, trace=300000, nelems=23, elem type=char[])
OBJ 50000998 (sz=16, trace=300000, class=java.lang.String@50000165)
	value		5000099b
OBJ 50000999 (sz=16, trace=300000, class=java.lang.String@50000165)
	value		5000099a
ARR 5000099a (sz=28, trace=300000, nelems=14, elem type=char[])
ARR 5000099b (sz=2, trace=300000, nelems=1, elem type=char[])
OBJ 5000099c (sz=24, trace=300000, class=java.util.Hashtable$Entry@500000b7)
	key		500009a2
	value		500009a1
OBJ 5000099d (sz=16, trace=300000, class=java.lang.String@50000165)
	value		500009a0
OBJ 5000099e (sz=16, trace=300000, class=java.lang.String@50000165)
	value		5000099f
ARR 5000099f (sz=24, trace=300000, nelems=12, elem type=char[])
ARR 500009a0 (sz=34, trace=300000, nelems=17, elem type=char[])
OBJ 500009a1 (sz=16, trace=300000, class=java.lang.String@50000165)
	value		500009a4
OBJ 500009a2 (sz=16, trace=300000, class=java.lang.String@50000165)
	value		500009a3
ARR 500009a3 (sz=34, trace=300000, nelems=17, elem type=char[])
ARR 500009a4 (sz=12, trace=300000, nelems=6, elem type=char[])
OBJ 500009a5 (sz=24, trace=300000, class=java.util.Hashtable$Entry@500000b7)
	key		500009ac
	value		500009ab
	next		500009aa
OBJ 500009a6 (sz=16, trace=300000, class=java.lang.String@50000165)
	value		500009a9
OBJ 500009a7 (sz=16, trace=300000, class=java.lang.String@50000165)
	value		500009a8
ARR 500009a8 (sz=24, trace=300000, nelems=12, elem type=char[])
ARR 500009a9 (sz=4, trace=300000, nelems=2, elem type=char[])
OBJ 500009aa (sz=24, trace=300000, class=java.util.Hashtable$Entry@500000b7)
	key		500009b0
	value		500009af
OBJ 500009ab (sz=16, trace=300000, class=java.lang.String@50000165)
	value		500009ae
OBJ 500009ac (sz=16, trace=300000, class=java.lang.String@50000165)
	value		500009ad
ARR 500009ad (sz=34, trace=300000, nelems=17, elem type=char[])
ARR 500009ae (sz=24, trace=300000, nelems=12, elem type=char[])
OBJ 500009af (sz=16, trace=300000, class=java.lang.String@50000165)
	value		500009b2
OBJ 500009b0 (sz=16, trace=300000, class=java.lang.String@50000165)
	value		500009b1
ARR 500009b1 (sz=36, trace=300000, nelems=18, elem type=char[])
ARR 500009b2 (sz=14, trace=300000, nelems=7, elem type=char[])
OBJ 500009b3 (sz=24, trace=300000, class=java.util.Hashtable$Entry@500000b7)
	key		500009b9
	value		500009b8
OBJ 500009b4 (sz=16, trace=300000, class=java.lang.String@50000165)
	value		500009b7
OBJ 500009b5 (sz=16, trace=300000, class=java.lang.String@50000165)
	value		500009b6
ARR 500009b6 (sz=52, trace=300000, nelems=26, elem type=char[])
ARR 500009b7 (sz=68, trace=300000, nelems=34, elem type=char[])
OBJ 500009b8 (sz=16, trace=300000, class=java.lang.String@50000165)
	value		500009bb
OBJ 500009b9 (sz=16, trace=300000, class=java.lang.String@50000165)
	value		500009ba
ARR 500009ba (sz=16, trace=300000, nelems=8, elem type=char[])
ARR 500009bb (sz=100, trace=300000, nelems=50, elem type=char[])
OBJ 500009bc (sz=16, trace=300000, class=java.lang.String@50000165)
	value		500009bf
OBJ 500009bd (sz=16, trace=300000, class=java.lang.String@50000165)
	value		500009be
ARR 500009be (sz=40, trace=300000, nelems=20, elem type=char[])
ARR 500009bf (sz=60, trace=300000, nelems=30, elem type=char[])
OBJ 500009c0 (sz=24, trace=300000, class=java.util.Hashtable$Entry@500000b7)
	key		500009c6
	value		500009c5
OBJ 500009c1 (sz=16, trace=300000, class=java.lang.String@50000165)
	value		500009c4
OBJ 500009c2 (sz=16, trace=300000, class=java.lang.String@50000165)
	value		500009c3
ARR 500009c3 (sz=36, trace=300000, nelems=18, elem type=char[])
ARR 500009c4 (sz=98, trace=300000, nelems=49, elem type=char[])
OBJ 500009c5 (sz=16, trace=300000, class=java.lang.String@50000165)
	value		500009c8
OBJ 500009c6 (sz=16, trace=300000, class=java.lang.String@50000165)
	value		500009c7
ARR 500009c7 (sz=14, trace=300000, nelems=7, elem type=char[])
ARR 500009c8 (sz=8, trace=300000, nelems=4, elem type=char[])
OBJ 500009c9 (sz=24, trace=300000, class=java.util.Hashtable$Entry@500000b7)
	key		500009ce
	value		500007bc
OBJ 500009ca (sz=16, trace=300000, class=java.lang.String@50000165)
	value		500009cd
OBJ 500009cb (sz=16, trace=300000, class=java.lang.String@50000165)
	value		500009cc
ARR 500009cc (sz=28, trace=300000, nelems=14, elem type=char[])
ARR 500009cd (sz=8, trace=300000, nelems=4, elem type=char[])
OBJ 500009ce (sz=16, trace=300000, class=java.lang.String@50000165)
	value		500009cf
ARR 500009cf (sz=28, trace=300000, nelems=14, elem type=char[])
ARR 500009d0 (sz=2, trace=300000, nelems=1, elem type=char[])
OBJ 500009d1 (sz=16, trace=300000, class=java.lang.String@50000165)
	value		500009d4
OBJ 500009d2 (sz=16, trace=300000, class=java.lang.String@50000165)
	value		500009d3
ARR 500009d3 (sz=56, trace=300000, nelems=28, elem type=char[])
ARR 500009d4 (sz=36, trace=300000, nelems=18, elem type=char[])
OBJ 500009d5 (sz=16, trace=300000, class=java.lang.String@50000165)
	value		500009d8
OBJ 500009d6 (sz=16, trace=300000, class=java.lang.String@50000165)
	value		500009d7
ARR 500009d7 (sz=14, trace=300000, nelems=7, elem type=char[])
ARR 500009d8 (sz=10, trace=300000, nelems=5, elem type=char[])
OBJ 500009d9 (sz=16, trace=300000, class=java.lang.String@50000165)
	value		500009da
ARR 500009da (sz=32, trace=300000, nelems=16, elem type=char[])
ARR 500009db (sz=10, trace=300000, nelems=5, elem type=char[])
OBJ 500009dc (sz=16, trace=300000, class=java.lang.String@50000165)
	value		500009df
OBJ 500009dd (sz=16, trace=300000, class=java.lang.String@50000165)
	value		500009de
ARR 500009de (sz=34, trace=300000, nelems=17, elem type=char[])
ARR 500009df (sz=252, trace=300000, nelems=126, elem type=char[])
OBJ 500009e0 (sz=24, trace=300000, class=java.util.Hashtable$Entry@500000b7)
	key		500009e6
	value		500009e5
OBJ 500009e1 (sz=16, trace=300000, class=java.lang.String@50000165)
	value		500009e4
OBJ 500009e2 (sz=16, trace=300000, class=java.lang.String@50000165)
	value		500009e3
ARR 500009e3 (sz=46, trace=300000, nelems=23, elem type=char[])
ARR 500009e4 (sz=62, trace=300000, nelems=31, elem type=char[])
OBJ 500009e5 (sz=16, trace=300000, class=java.lang.String@50000165)
	value		500009e8
OBJ 500009e6 (sz=16, trace=300000, class=java.lang.String@50000165)
	value		500009e7
ARR 500009e7 (sz=36, trace=300000, nelems=18, elem type=char[])
ARR 500009e8 (sz=8, trace=300000, nelems=4, elem type=char[])
OBJ 500009e9 (sz=16, trace=300000, class=java.lang.String@50000165)
	value		500009ec
OBJ 500009ea (sz=16, trace=300000, class=java.lang.String@50000165)
	value		500009eb
ARR 500009eb (sz=46, trace=300000, nelems=23, elem type=char[])
ARR 500009ec (sz=48, trace=300000, nelems=24, elem type=char[])
OBJ 500009ed (sz=16, trace=300000, class=java.lang.String@50000165)
	value		500009f0
OBJ 500009ee (sz=16, trace=300000, class=java.lang.String@50000165)
	value		500009ef
ARR 500009ef (sz=20, trace=300000, nelems=10, elem type=char[])
ARR 500009f0 (sz=34, trace=300000, nelems=17, elem type=char[])
OBJ 500009f1 (sz=16, trace=300000, class=java.lang.String@50000165)
	value		500009f4
OBJ 500009f2 (sz=16, trace=300000, class=java.lang.String@50000165)
	value		500009f3
ARR 500009f3 (sz=18, trace=300000, nelems=9, elem type=char[])
ARR 500009f4 (sz=22, trace=300000, nelems=11, elem type=char[])
OBJ 500009f5 (sz=16, trace=300000, class=java.lang.String@50000165)
	value		500009f8
OBJ 500009f6 (sz=16, trace=300000, class=java.lang.String@50000165)
	value		500009f7
ARR 500009f7 (sz=26, trace=300000, nelems=13, elem type=char[])
ARR 500009f8 (sz=0, trace=300000, nelems=0, elem type=char[])
OBJ 500009f9 (sz=16, trace=300000, class=java.lang.String@50000165)
	value		500009fc
OBJ 500009fa (sz=16, trace=300000, class=java.lang.String@50000165)
	value		500009fb
ARR 500009fb (sz=38, trace=300000, nelems=19, elem type=char[])
ARR 500009fc (sz=44, trace=300000, nelems=22, elem type=char[])
OBJ 500009fd (sz=24, trace=300000, class=java.util.Hashtable$Entry@500000b7)
	key		50000a03
	value		50000a02
OBJ 500009fe (sz=16, trace=300000, class=java.lang.String@50000165)
	value		50000a01
OBJ 500009ff (sz=16, trace=300000, class=java.lang.String@50000165)
	value		50000a00
ARR 50000a00 (sz=26, trace=300000, nelems=13, elem type=char[])
ARR 50000a01 (sz=10, trace=300000, nelems=5, elem type=char[])
OBJ 50000a02 (sz=16, trace=300000, class=java.lang.String@50000165)
	value		50000a05
OBJ 50000a03 (sz=16, trace=300000, class=java.lang.String@50000165)
	value		50000a04
ARR 50000a04 (sz=52, trace=300000, nelems=26, elem type=char[])
ARR 50000a05 (sz=6, trace=300000, nelems=3, elem type=char[])
OBJ 50000a06 (sz=24, trace=300000, class=java.util.Hashtable$Entry@500000b7)
	key		50000a0c
	value		50000a0b
OBJ 50000a07 (sz=16, trace=300000, class=java.lang.String@50000165)
	value		50000a0a
OBJ 50000a08 (sz=16, trace=300000, class=java.lang.String@50000165)
	value		50000a09
ARR 50000a09 (sz=18, trace=300000, nelems=9, elem type=char[])
ARR 50000a0a (sz=10, trace=300000, nelems=5, elem type=char[])
OBJ 50000a0b (sz=16, trace=300000, class=java.lang.String@50000165)
	value		50000a0e
OBJ 50000a0c (sz=16, trace=300000, class=java.lang.String@50000165)
	value		50000a0d
ARR 50000a0d (sz=30, trace=300000, nelems=15, elem type=char[])
ARR 50000a0e (sz=2, trace=300000, nelems=1, elem type=char[])
OBJ 50000a0f (sz=16, trace=300000, class=java.lang.String@50000165)
	value		50000a12
OBJ 50000a10 (sz=16, trace=300000, class=java.lang.String@50000165)
	value		50000a11
ARR 50000a11 (sz=58, trace=300000, nelems=29, elem type=char[])
ARR 50000a12 (sz=6, trace=300000, nelems=3, elem type=char[])
OBJ 50000a13 (sz=24, trace=300000, class=java.util.Hashtable$Entry@500000b7)
	key		50000a1a
	value		50000a19
	next		50000a18
OBJ 50000a14 (sz=16, trace=300000, class=java.lang.String@50000165)
	value		50000a17
OBJ 50000a15 (sz=16, trace=300000, class=java.lang.String@50000165)
	value		50000a16
ARR 50000a16 (sz=38, trace=300000, nelems=19, elem type=char[])
ARR 50000a17 (sz=4, trace=300000, nelems=2, elem type=char[])
OBJ 50000a18 (sz=24, trace=300000, class=java.util.Hashtable$Entry@500000b7)
	key		50000a1e
	value		50000a1d
OBJ 50000a19 (sz=16, trace=300000, class=java.lang.String@50000165)
	value		50000a1c
OBJ 50000a1a (sz=16, trace=300000, class=java.lang.String@50000165)
	value		50000a1b
ARR 50000a1b (sz=32, trace=300000, nelems=16, elem type=char[])
ARR 50000a1c (sz=28, trace=300000, nelems=14, elem type=char[])
OBJ 50000a1d (sz=16, trace=300000, class=java.lang.String@50000165)
	value		50000a20
OBJ 50000a1e (sz=16, trace=300000, class=java.lang.String@50000165)
	value		50000a1f
ARR 50000a1f (sz=18, trace=300000, nelems=9, elem type=char[])
ARR 50000a20 (sz=72, trace=300000, nelems=36, elem type=char[])
OBJ 50000a21 (sz=24, trace=300000, class=java.util.Hashtable$Entry@500000b7)
	key		50000a27
	value		50000a26
OBJ 50000a22 (sz=16, trace=300000, class=java.lang.String@50000165)
	value		50000a25
OBJ 50000a23 (sz=16, trace=300000, class=java.lang.String@50000165)
	value		50000a24
ARR 50000a24 (sz=50, trace=300000, nelems=25, elem type=char[])
ARR 50000a25 (sz=36, trace=300000, nelems=18, elem type=char[])
OBJ 50000a26 (sz=16, trace=300000, class=java.lang.String@50000165)
	value		50000a29
OBJ 50000a27 (sz=16, trace=300000, class=java.lang.String@50000165)
	value		50000a28
ARR 50000a28 (sz=26, trace=300000, nelems=13, elem type=char[])
ARR 50000a29 (sz=4, trace=300000, nelems=2, elem type=char[])
OBJ 50000a2a (sz=16, trace=300000, class=java.lang.String@50000165)
	value		50000a2d
OBJ 50000a2b (sz=16, trace=300000, class=java.lang.String@50000165)
	value		50000a2c
ARR 50000a2c (sz=22, trace=300000, nelems=11, elem type=char[])
ARR 50000a2d (sz=40, trace=300000, nelems=20, elem type=char[])
OBJ 50000a2e (sz=24, trace=300000, class=java.util.Hashtable$Entry@500000b7)
	key		50000a34
	value		50000a33
OBJ 50000a2f (sz=16, trace=300000, class=java.lang.String@50000165)
	value		50000a32
OBJ 50000a30 (sz=16, trace=300000, class=java.lang.String@50000165)
	value		50000a31
ARR 50000a31 (sz=24, trace=300000, nelems=12, elem type=char[])
ARR 50000a32 (sz=38, trace=300000, nelems=19, elem type=char[])
OBJ 50000a33 (sz=16, trace=300000, class=java.lang.String@50000165)
	value		50000a36
OBJ 50000a34 (sz=16, trace=300000, class=java.lang.String@50000165)
	value		50000a35
ARR 50000a35 (sz=54, trace=300000, nelems=27, elem type=char[])
ARR 50000a36 (sz=4, trace=300000, nelems=2, elem type=char[])
OBJ 50000a37 (sz=16, trace=300000, class=java.lang.String@50000165)
	value		50000a3a
OBJ 50000a38 (sz=16, trace=300000, class=java.lang.String@50000165)
	value		50000a39
ARR 50000a39 (sz=24, trace=300000, nelems=12, elem type=char[])
ARR 50000a3a (sz=18, trace=300000, nelems=9, elem type=char[])
OBJ 50000a3b (sz=16, trace=300000, class=java.lang.String@50000165)
	value		50000a3e
OBJ 50000a3c (sz=16, trace=300000, class=java.lang.String@50000165)
	value		50000a3d
ARR 50000a3d (sz=26, trace=300000, nelems=13, elem type=char[])
ARR 50000a3e (sz=142, trace=300000, nelems=71, elem type=char[])
OBJ 50000a3f (sz=16, trace=300000, class=java.lang.String@50000165)
	value		50000a42
OBJ 50000a40 (sz=16, trace=300000, class=java.lang.String@50000165)
	value		50000a41
ARR 50000a41 (sz=38, trace=300000, nelems=19, elem type=char[])
ARR 50000a42 (sz=810, trace=300000, nelems=405, elem type=char[])
OBJ 50000a43 (sz=16, trace=300000, class=java.lang.String@50000165)
	value		50000a46
OBJ 50000a44 (sz=16, trace=300000, class=java.lang.String@50000165)
	value		50000a45
ARR 50000a45 (sz=22, trace=300000, nelems=11, elem type=char[])
ARR 50000a46 (sz=36, trace=300000, nelems=18, elem type=char[])
OBJ 50000a47 (sz=16, trace=300000, class=java.lang.String@50000165)
	value		50000a4a
OBJ 50000a48 (sz=16, trace=300000, class=java.lang.String@50000165)
	value		50000a49
ARR 50000a49 (sz=28, trace=300000, nelems=14, elem type=char[])
ARR 50000a4a (sz=2, trace=300000, nelems=1, elem type=char[])
OBJ 50000a4b (sz=16, trace=300000, class=java.lang.String@50000165)
	value		50000a4e
OBJ 50000a4c (sz=16, trace=300000, class=java.lang.String@50000165)
	value		50000a4d
ARR 50000a4d (sz=38, trace=300000, nelems=19, elem type=char[])
ARR 50000a4e (sz=70, trace=300000, nelems=35, elem type=char[])
OBJ 50000a4f (sz=16, trace=300000, class=java.lang.String@50000165)
	value		50000a52
OBJ 50000a50 (sz=16, trace=300000, class=java.lang.String@50000165)
	value		50000a51
ARR 50000a51 (sz=62, trace=300000, nelems=31, elem type=char[])
ARR 50000a52 (sz=10, trace=300000, nelems=5, elem type=char[])
OBJ 50000a53 (sz=24, trace=300000, class=java.util.Hashtable$Entry@500000b7)
	key		50000a59
	value		50000a58
OBJ 50000a54 (sz=16, trace=300000, class=java.lang.String@50000165)
	value		50000a57
OBJ 50000a55 (sz=16, trace=300000, class=java.lang.String@50000165)
	value		50000a56
ARR 50000a56 (sz=28, trace=300000, nelems=14, elem type=char[])
ARR 50000a57 (sz=12, trace=300000, nelems=6, elem type=char[])
OBJ 50000a58 (sz=16, trace=300000, class=java.lang.String@50000165)
	value		50000a5b
OBJ 50000a59 (sz=16, trace=300000, class=java.lang.String@50000165)
	value		50000a5a
ARR 50000a5a (sz=46, trace=300000, nelems=23, elem type=char[])
ARR 50000a5b (sz=26, trace=300000, nelems=13, elem type=char[])
OBJ 50000a5c (sz=16, trace=300000, class=java.lang.String@50000165)
	value		50000a5f
OBJ 50000a5d (sz=16, trace=300000, class=java.lang.String@50000165)
	value		50000a5e
ARR 50000a5e (sz=22, trace=300000, nelems=11, elem type=char[])
ARR 50000a5f (sz=10, trace=300000, nelems=5, elem type=char[])
OBJ 50000a60 (sz=16, trace=300000, class=java.lang.String@50000165)
	value		50000a63
OBJ 50000a61 (sz=16, trace=300000, class=java.lang.String@50000165)
	value		50000a62
ARR 50000a62 (sz=30, trace=300000, nelems=15, elem type=char[])
ARR 50000a63 (sz=0, trace=300000, nelems=0, elem type=char[])
ARR 50000a64 (sz=32, trace=300000, nelems=16, elem type=char[])
OBJ 50000a65 (sz=16, trace=300000, class=java.util.Collections$EmptyMap@500000ce)
OBJ 50000a66 (sz=16, trace=300000, class=java.util.Collections$EmptyList@500000d0)
OBJ 50000a67 (sz=8, trace=300000, class=java.util.Collections$EmptySet@500000d1)
OBJ 50000a68 (sz=16, trace=300000, class=java.lang.String@50000165)
	value		50000a6b
OBJ 50000a69 (sz=16, trace=300000, class=java.lang.Boolean@50000109)
OBJ 50000a6a (sz=16, trace=300000, class=java.lang.Boolean@50000109)
ARR 50000a6b (sz=14, trace=300000, nelems=7, elem type=char[])
ARR 50000a6c (sz=8, trace=300000, nelems=4, elem type=char[])
OBJ 50000a6d (sz=8, trace=300000, class=java.lang.Runtime@5000007d)
OBJ 50000a6e (sz=16, trace=300000, class=java.lang.String@50000165)
	value		500010db
OBJ 50000a6f (sz=16, trace=300000, class=java.lang.String@50000165)
	value		500010d8
OBJ 50000a70 (sz=16, trace=300000, class=java.lang.String@50000165)
	value		500010d7
ARR 50000a71 (sz=16, trace=300000, nelems=1, elem type=java.lang.String[]@500000bf)
	[0]		50000987
ARR 50000a72 (sz=40, trace=300000, nelems=7, elem type=java.lang.String[]@500000bf)
	[0]		500010be
	[1]		500010bf
	[2]		500010c0
	[3]		500010c1
	[4]		500010c2
	[5]		500010c3
	[6]		500010c4
OBJ 50000a73 (sz=24, trace=300000, class=java.util.Stack@500000da)
	elementData	500010bd
OBJ 50000a74 (sz=24, trace=300000, class=java.util.Vector@500000db)
	elementData	500010bb
OBJ 50000a75 (sz=24, trace=300000, class=java.util.Vector@500000db)
	elementData	500010ba
ARR 50000a76 (sz=16, trace=300000, nelems=0, elem type=java.security.cert.Certificate[]@500000e2)
OBJ 50000a77 (sz=48, trace=300000, class=sun.misc.URLClassPath@50000004)
	path		500010b4
	urls		500010b3
	loaders		500010b2
	lmap		500010b1
	jarHandler	500010b0
	acc		50000a79
OBJ 50000a78 (sz=48, trace=300000, class=java.util.WeakHashMap@5000009e)
	table		500010b8
	queue		500010b7
OBJ 50000a79 (sz=40, trace=300000, class=java.security.AccessControlContext@50000156)
OBJ 50000a7a (sz=40, trace=300000, class=java.util.HashMap@500000bd)
	table		50000642
OBJ 50000a7b (sz=8, trace=300000, class=java.lang.Object@50000169)
OBJ 50000a7c (sz=24, trace=300000, class=java.util.Vector@500000db)
	elementData	500010af
OBJ 50000a7d (sz=40, trace=300000, class=java.util.HashMap@500000bd)
OBJ 50000a7e (sz=16, trace=300000, class=java.util.Collections$SynchronizedSet@50000082)
	c		500010ad
	mutex		50000a7e
OBJ 50000a7f (sz=32, trace=300000, class=java.security.ProtectionDomain@50000157)
	codesource	500010ac
	classloader	500006d7
	principals	500010ab
	key		500010aa
OBJ 50000a80 (sz=24, trace=300000, class=java.util.Vector@500000db)
	elementData	500010a5
OBJ 50000a81 (sz=64, trace=300000, class=java.util.concurrent.ConcurrentHashMap@50000028)
	table		50000644
OBJ 50000a82 (sz=64, trace=300000, class=java.util.concurrent.ConcurrentHashMap@50000028)
	table		500001b3
OBJ 50000a83 (sz=80, trace=300000, class=sun.misc.Launcher$ExtClassLoader@5000010d)
	parallelLockMap	50000a8f
	package2certs	50000a8e
	classes		50000a8d
	defaultDomain	50000a8c
	domains		50000a8b
	packages	50000a8a
	nativeLibraries	50000a89
	assertionLock	50000a88
	pdcache		50000a87
	ucp		50000a86
	acc		50000a85
	closeables	50000a84
OBJ 50000a84 (sz=48, trace=300000, class=java.util.WeakHashMap@5000009e)
	table		50001098
	queue		50001097
OBJ 50000a85 (sz=40, trace=300000, class=java.security.AccessControlContext@50000156)
OBJ 50000a86 (sz=48, trace=300000, class=sun.misc.URLClassPath@50000004)
	path		50001076
	urls		50001075
	loaders		50001074
	lmap		50001073
	jarHandler	50001072
	acc		50000a85
OBJ 50000a87 (sz=40, trace=300000, class=java.util.HashMap@500000bd)
OBJ 50000a88 (sz=8, trace=300000, class=java.lang.Object@50000169)
OBJ 50000a89 (sz=24, trace=300000, class=java.util.Vector@500000db)
	elementData	50001071
OBJ 50000a8a (sz=40, trace=300000, class=java.util.HashMap@500000bd)
OBJ 50000a8b (sz=16, trace=300000, class=java.util.Collections$SynchronizedSet@50000082)
	c		5000106e
	mutex		50000a8b
OBJ 50000a8c (sz=32, trace=300000, class=java.security.ProtectionDomain@50000157)
	codesource	50000acf
	classloader	50000a83
	principals	50000ace
	key		50000acd
OBJ 50000a8d (sz=24, trace=300000, class=java.util.Vector@500000db)
	elementData	50000acc
OBJ 50000a8e (sz=64, trace=300000, class=java.util.concurrent.ConcurrentHashMap@50000028)
OBJ 50000a8f (sz=64, trace=300000, class=java.util.concurrent.ConcurrentHashMap@50000028)
	table		500001b6
OBJ 50000a90 (sz=16, trace=300000, class=java.lang.String@50000165)
	value		50000a91
ARR 50000a91 (sz=38, trace=300000, nelems=19, elem type=char[])
OBJ 50000a92 (sz=16, trace=300000, class=java.lang.String@50000165)
	value		50000a93
ARR 50000a93 (sz=32, trace=300000, nelems=16, elem type=char[])
OBJ 50000a94 (sz=16, trace=300000, class=java.lang.String@50000165)
	value		50000a95
ARR 50000a95 (sz=32, trace=300000, nelems=16, elem type=char[])
OBJ 50000a96 (sz=16, trace=300000, class=java.lang.String@50000165)
	value		50000a97
ARR 50000a97 (sz=18, trace=300000, nelems=9, elem type=char[])
OBJ 50000a98 (sz=16, trace=300000, class=java.lang.String@50000165)
	value		50000a99
ARR 50000a99 (sz=38, trace=300000, nelems=19, elem type=char[])
OBJ 50000a9a (sz=16, trace=300000, class=java.lang.String@50000165)
	value		50000aac
OBJ 50000a9b (sz=16, trace=300000, class=java.lang.String@50000165)
	value		50000aa8
OBJ 50000a9c (sz=16, trace=300000, class=java.lang.String@50000165)
	value		50000aaa
OBJ 50000a9d (sz=16, trace=300000, class=java.lang.String@50000165)
	value		50000acb
OBJ 50000a9e (sz=16, trace=300000, class=java.lang.String@50000165)
	value		50000aca
OBJ 50000a9f (sz=16, trace=300000, class=java.lang.String@50000165)
	value		50000ac9
OBJ 50000aa0 (sz=16, trace=300000, class=java.lang.String@50000165)
	value		50000ac8
OBJ 50000aa1 (sz=16, trace=300000, class=java.lang.String@50000165)
	value		50000ac7
OBJ 50000aa2 (sz=8, trace=300000, class=sun.misc.Unsafe@50000118)
ARR 50000aa3 (sz=24, trace=300000, nelems=3, elem type=java.io.ObjectStreamField[]@500000f2)
	[0]		50000aa4
	[1]		50000aa5
	[2]		50000aa6
OBJ 50000aa4 (sz=32, trace=300000, class=java.io.ObjectStreamField@500000f4)
	name		50000a9a
	signature	50000aab
	type		50000022
OBJ 50000aa5 (sz=32, trace=300000, class=java.io.ObjectStreamField@500000f4)
	name		50000a9c
	signature	50000aa7
	type		5000079d
OBJ 50000aa6 (sz=32, trace=300000, class=java.io.ObjectStreamField@500000f4)
	name		50000a9b
	signature	50000aa7
	type		5000079d
OBJ 50000aa7 (sz=16, trace=300000, class=java.lang.String@50000165)
	value		50000aa9
ARR 50000aa8 (sz=24, trace=300000, nelems=12, elem type=char[])
ARR 50000aa9 (sz=2, trace=300000, nelems=1, elem type=char[])
ARR 50000aaa (sz=22, trace=300000, nelems=11, elem type=char[])
OBJ 50000aab (sz=16, trace=300000, class=java.lang.String@50000165)
	value		50000aad
ARR 50000aac (sz=16, trace=300000, nelems=8, elem type=char[])
ARR 50000aad (sz=98, trace=300000, nelems=49, elem type=char[])
OBJ 50000aae (sz=16, trace=300000, class=java.lang.String@50000165)
	value		50000ac3
OBJ 50000aaf (sz=16, trace=300000, class=java.lang.String@50000165)
	value		50000abf
OBJ 50000ab0 (sz=16, trace=300000, class=java.lang.String@50000165)
	value		50000abe
OBJ 50000ab1 (sz=16, trace=300000, class=java.lang.String@50000165)
	value		50000abc
OBJ 50000ab2 (sz=16, trace=300000, class=java.lang.String@50000165)
	value		50000aba
OBJ 50000ab3 (sz=40, trace=300000, class=java.util.HashMap@500000bd)
	table		50000ac0
OBJ 50000ab4 (sz=40, trace=300000, class=java.util.HashMap@500000bd)
	table		50000ab5
ARR 50000ab5 (sz=80, trace=300000, nelems=11, elem type=java.util.HashMap$Node[]@500000b9)
	[2]		50000ab6
	[5]		50000ab7
	[10]		50000ab8
OBJ 50000ab6 (sz=24, trace=300000, class=java.util.HashMap$Node@500000bb)
	key		500000be
	value		50000abd
OBJ 50000ab7 (sz=24, trace=300000, class=java.util.HashMap$Node@500000bb)
	key		5000015e
	value		50000abb
OBJ 50000ab8 (sz=24, trace=300000, class=java.util.HashMap$Node@500000bb)
	key		50000161
	value		50000ab9
ARR 50000ab9 (sz=16, trace=300000, nelems=1, elem type=java.lang.String[]@500000bf)
	[0]		50000ab2
ARR 50000aba (sz=22, trace=300000, nelems=11, elem type=char[])
ARR 50000abb (sz=16, trace=300000, nelems=1, elem type=java.lang.String[]@500000bf)
	[0]		50000ab1
ARR 50000abc (sz=16, trace=300000, nelems=8, elem type=char[])
ARR 50000abd (sz=24, trace=300000, nelems=2, elem type=java.lang.String[]@500000bf)
	[0]		50000aaf
	[1]		50000ab0
ARR 50000abe (sz=30, trace=300000, nelems=15, elem type=char[])
ARR 50000abf (sz=28, trace=300000, nelems=14, elem type=char[])
ARR 50000ac0 (sz=80, trace=300000, nelems=4, elem type=java.util.HashMap$Node[]@500000b9)
	[3]		50000ac1
OBJ 50000ac1 (sz=24, trace=300000, class=java.util.HashMap$Node@500000bb)
	key		50000118
	value		50000ac2
ARR 50000ac2 (sz=16, trace=300000, nelems=1, elem type=java.lang.String[]@500000bf)
	[0]		50000aae
ARR 50000ac3 (sz=18, trace=300000, nelems=9, elem type=char[])
OBJ 50000ac4 (sz=16, trace=300000, class=java.lang.String@50000165)
	value		50000ac6
OBJ 50000ac5 (sz=24, trace=300000, class=java.lang.reflect.ReflectPermission@500000e6)
	name		50000ac4
	path		50000ac4
ARR 50000ac6 (sz=40, trace=300000, nelems=20, elem type=char[])
ARR 50000ac7 (sz=10, trace=300000, nelems=5, elem type=char[])
ARR 50000ac8 (sz=18, trace=300000, nelems=9, elem type=char[])
ARR 50000ac9 (sz=18, trace=300000, nelems=9, elem type=char[])
ARR 50000aca (sz=26, trace=300000, nelems=13, elem type=char[])
ARR 50000acb (sz=14, trace=300000, nelems=7, elem type=char[])
ARR 50000acc (sz=56, trace=300000, nelems=0, elem type=java.lang.Object[]@50000100)
OBJ 50000acd (sz=8, trace=300000, class=java.security.ProtectionDomain$Key@50000008)
ARR 50000ace (sz=16, trace=300000, nelems=0, elem type=java.security.Principal[]@50000006)
OBJ 50000acf (sz=32, trace=300000, class=java.security.CodeSource@5000010c)
OBJ 50000ad0 (sz=16, trace=300000, class=java.lang.String@50000165)
	value		5000106d
OBJ 50000ad1 (sz=16, trace=300000, class=java.lang.String@50000165)
	value		50000fec
OBJ 50000ad2 (sz=16, trace=300000, class=java.lang.String@50000165)
	value		50000ae2
OBJ 50000ad3 (sz=16, trace=300000, class=java.lang.String@50000165)
	value		5000106c
OBJ 50000ad4 (sz=16, trace=300000, class=java.lang.String@50000165)
	value		50000ae1
OBJ 50000ad5 (sz=16, trace=300000, class=java.lang.String@50000165)
	value		50000f51
OBJ 50000ad6 (sz=16, trace=300000, class=java.lang.String@50000165)
	value		5000106b
OBJ 50000ad7 (sz=16, trace=300000, class=java.lang.String@50000165)
	value		5000106a
OBJ 50000ad8 (sz=16, trace=300000, class=java.lang.String@50000165)
	value		50001069
OBJ 50000ad9 (sz=16, trace=300000, class=java.lang.String@50000165)
	value		50001068
OBJ 50000ada (sz=16, trace=300000, class=java.lang.String@50000165)
	value		50001067
OBJ 50000adb (sz=16, trace=300000, class=java.lang.String@50000165)
	value		50000ae6
OBJ 50000adc (sz=16, trace=300000, class=java.lang.String@50000165)
	value		50001065
OBJ 50000add (sz=16, trace=300000, class=java.lang.String@50000165)
	value		50001063
ARR 50000ade (sz=40, trace=300000, nelems=7, elem type=java.io.ObjectStreamField[]@500000f2)
	[0]		5000105c
	[1]		5000105d
	[2]		5000105e
	[3]		5000105f
	[4]		50001060
	[5]		50001061
	[6]		50001062
OBJ 50000adf (sz=8, trace=300000, class=java.lang.Object@50000169)
OBJ 50000ae0 (sz=40, trace=300000, class=java.util.Hashtable@5000013d)
	table		50000ae3
ARR 50000ae1 (sz=40, trace=300000, nelems=20, elem type=char[])
ARR 50000ae2 (sz=52, trace=300000, nelems=26, elem type=char[])
ARR 50000ae3 (sz=56, trace=300000, nelems=7, elem type=java.util.Hashtable$Entry[]@500000b6)
	[6]		50000ae4
OBJ 50000ae4 (sz=24, trace=300000, class=java.util.Hashtable$Entry@500000b7)
	key		50000adb
	value		50000ae5
OBJ 50000ae5 (sz=8, trace=300000, class=sun.net.www.protocol.file.Handler@5000000f)
ARR 50000ae6 (sz=8, trace=300000, nelems=4, elem type=char[])
OBJ 50000ae7 (sz=16, trace=300000, class=java.lang.String@50000165)
	value		5000105b
OBJ 50000ae8 (sz=16, trace=300000, class=java.lang.String@50000165)
	value		50000f56
OBJ 50000ae9 (sz=16, trace=300000, class=java.lang.String@50000165)
	value		50001046
OBJ 50000aea (sz=16, trace=300000, class=java.lang.String@50000165)
	value		50001045
OBJ 50000aeb (sz=16, trace=300000, class=java.lang.String@50000165)
	value		5000100f
OBJ 50000aec (sz=16, trace=300000, class=java.lang.String@50000165)
	value		50001044
OBJ 50000aed (sz=16, trace=300000, class=java.lang.String@50000165)
	value		50001043
OBJ 50000aee (sz=16, trace=300000, class=java.lang.String@50000165)
	value		50001042
OBJ 50000aef (sz=16, trace=300000, class=java.lang.String@50000165)
	value		50001041
OBJ 50000af0 (sz=16, trace=300000, class=java.lang.String@50000165)
	value		50001040
ARR 50000af1 (sz=32, trace=300000, nelems=16, elem type=char[])
OBJ 50000af2 (sz=24, trace=300000, class=java.util.BitSet@5000002d)
	words		50000af3
ARR 50000af3 (sz=32, trace=300000, nelems=4, elem type=long[])
OBJ 50000af4 (sz=16, trace=300000, class=java.lang.String@50000165)
	value		50000af8
ARR 50000af5 (sz=16, trace=300000, nelems=1, elem type=java.io.ObjectStreamField[]@500000f2)
	[0]		50000af6
OBJ 50000af6 (sz=32, trace=300000, class=java.io.ObjectStreamField@500000f4)
	name		50000af4
	signature	50000af7
	type		5000016a
OBJ 50000af7 (sz=16, trace=300000, class=java.lang.String@50000165)
	value		50000af9
ARR 50000af8 (sz=8, trace=300000, nelems=4, elem type=char[])
ARR 50000af9 (sz=4, trace=300000, nelems=2, elem type=char[])
OBJ 50000afa (sz=16, trace=300000, class=java.lang.String@50000165)
	value		50000b01
OBJ 50000afb (sz=16, trace=300000, class=java.lang.String@50000165)
	value		50000b00
OBJ 50000afc (sz=16, trace=300000, class=java.lang.String@50000165)
	value		50000aff
OBJ 50000afd (sz=16, trace=300000, class=java.lang.String@50000165)
	value		50000afe
ARR 50000afe (sz=20, trace=300000, nelems=10, elem type=char[])
ARR 50000aff (sz=18, trace=300000, nelems=9, elem type=char[])
ARR 50000b00 (sz=16, trace=300000, nelems=8, elem type=char[])
ARR 50000b01 (sz=18, trace=300000, nelems=9, elem type=char[])
OBJ 50000b02 (sz=16, trace=300000, class=java.lang.String@50000165)
	value		50000f58
OBJ 50000b03 (sz=16, trace=300000, class=java.lang.String@50000165)
	value		50001035
OBJ 50000b04 (sz=16, trace=300000, class=java.lang.String@50000165)
	value		50000b0c
OBJ 50000b05 (sz=16, trace=300000, class=java.lang.String@50000165)
	value		50000b0b
OBJ 50000b06 (sz=16, trace=300000, class=java.lang.String@50000165)
	value		50000b0a
OBJ 50000b07 (sz=16, trace=300000, class=java.lang.String@50000165)
	value		50000b09
ARR 50000b08 (sz=32, trace=300000, nelems=4, elem type=java.lang.String[]@500000bf)
	[0]		50000b04
	[1]		50000b05
	[2]		50000b06
	[3]		50000b07
ARR 50000b09 (sz=14, trace=300000, nelems=7, elem type=char[])
ARR 50000b0a (sz=20, trace=300000, nelems=10, elem type=char[])
ARR 50000b0b (sz=12, trace=300000, nelems=6, elem type=char[])
ARR 50000b0c (sz=10, trace=300000, nelems=5, elem type=char[])
OBJ 50000b0d (sz=16, trace=300000, class=java.lang.String@50000165)
	value		50000b11
OBJ 50000b0e (sz=16, trace=300000, class=java.lang.String@50000165)
	value		50000b12
OBJ 50000b0f (sz=16, trace=300000, class=java.nio.ByteOrder@50000060)
	name		50000b0e
OBJ 50000b10 (sz=16, trace=300000, class=java.nio.ByteOrder@50000060)
	name		50000b0d
ARR 50000b11 (sz=20, trace=300000, nelems=10, elem type=char[])
ARR 50000b12 (sz=26, trace=300000, nelems=13, elem type=char[])
OBJ 50000b13 (sz=16, trace=300000, class=java.lang.String@50000165)
	value		50001034
OBJ 50000b14 (sz=16, trace=300000, class=java.lang.String@50000165)
	value		50001033
OBJ 50000b15 (sz=16, trace=300000, class=java.util.concurrent.atomic.AtomicLong@5000005f)
OBJ 50000b16 (sz=16, trace=300000, class=java.util.concurrent.atomic.AtomicLong@5000005f)
OBJ 50000b17 (sz=16, trace=300000, class=java.util.concurrent.atomic.AtomicLong@5000005f)
OBJ 50000b18 (sz=8, trace=300000, class=java.security.ProtectionDomain$JavaSecurityAccessImpl@5000000b)
OBJ 50000b19 (sz=8, trace=300000, class=java.security.ProtectionDomain$2@50000009)
OBJ 50000b1a (sz=8, trace=300000, class=java.io.FileDescriptor$1@50000078)
OBJ 50000b1b (sz=8, trace=300000, class=java.nio.Bits$1@5000005d)
OBJ 50000b1c (sz=8, trace=300000, class=java.net.URLClassLoader$7@50000033)
OBJ 50000b1d (sz=8, trace=300000, class=java.lang.ref.Reference$1@500000c4)
OBJ 50000b1e (sz=16, trace=300000, class=java.lang.String@50000165)
	value		50000b2b
OBJ 50000b1f (sz=16, trace=300000, class=java.lang.String@50000165)
	value		50000b39
OBJ 50000b20 (sz=16, trace=300000, class=java.lang.String@50000165)
	value		50000b38
OBJ 50000b21 (sz=16, trace=300000, class=java.lang.String@50000165)
	value		50000b37
OBJ 50000b22 (sz=16, trace=300000, class=java.lang.String@50000165)
	value		50000b36
OBJ 50000b23 (sz=16, trace=300000, class=java.lang.String@50000165)
	value		50000b35
OBJ 50000b24 (sz=16, trace=300000, class=java.lang.String@50000165)
	value		50000b34
OBJ 50000b25 (sz=16, trace=300000, class=java.lang.String@50000165)
	value		50000b33
OBJ 50000b26 (sz=16, trace=300000, class=java.lang.String@50000165)
	value		50000b32
OBJ 50000b27 (sz=16, trace=300000, class=java.lang.String@50000165)
	value		50000b2c
OBJ 50000b28 (sz=16, trace=300000, class=java.lang.String@50000165)
	value		50000b31
OBJ 50000b29 (sz=16, trace=300000, class=java.lang.String@50000165)
	value		50000b30
OBJ 50000b2a (sz=16, trace=300000, class=java.lang.String@50000165)
	value		50000b2f
ARR 50000b2b (sz=40, trace=300000, nelems=20, elem type=char[])
ARR 50000b2c (sz=24, trace=300000, nelems=12, elem type=char[])
OBJ 50000b2d (sz=16, trace=300000, class=java.lang.String@50000165)
	value		50000b2e
ARR 50000b2e (sz=10, trace=300000, nelems=5, elem type=char[])
ARR 50000b2f (sz=18, trace=300000, nelems=9, elem type=char[])
ARR 50000b30 (sz=26, trace=300000, nelems=13, elem type=char[])
ARR 50000b31 (sz=38, trace=300000, nelems=19, elem type=char[])
ARR 50000b32 (sz=28, trace=300000, nelems=14, elem type=char[])
ARR 50000b33 (sz=18, trace=300000, nelems=9, elem type=char[])
ARR 50000b34 (sz=18, trace=300000, nelems=9, elem type=char[])
ARR 50000b35 (sz=24, trace=300000, nelems=12, elem type=char[])
ARR 50000b36 (sz=14, trace=300000, nelems=7, elem type=char[])
ARR 50000b37 (sz=16, trace=300000, nelems=8, elem type=char[])
ARR 50000b38 (sz=12, trace=300000, nelems=6, elem type=char[])
ARR 50000b39 (sz=18, trace=300000, nelems=9, elem type=char[])
OBJ 50000b3a (sz=16, trace=300000, class=java.lang.String@50000165)
	value		50000f7f
OBJ 50000b3b (sz=16, trace=300000, class=java.lang.String@50000165)
	value		50000b41
OBJ 50000b3c (sz=16, trace=300000, class=java.lang.String@50000165)
	value		50000b42
OBJ 50000b3d (sz=16, trace=300000, class=java.lang.String@50000165)
	value		50000b43
OBJ 50000b3e (sz=16, trace=300000, class=java.lang.String@50000165)
	value		50000b44
OBJ 50000b3f (sz=16, trace=300000, class=java.lang.String@50000165)
	value		50000b45
OBJ 50000b40 (sz=16, trace=300000, class=java.lang.String@50000165)
	value		50000b46
ARR 50000b41 (sz=72, trace=300000, nelems=36, elem type=char[])
ARR 50000b42 (sz=54, trace=300000, nelems=27, elem type=char[])
ARR 50000b43 (sz=58, trace=300000, nelems=29, elem type=char[])
ARR 50000b44 (sz=74, trace=300000, nelems=37, elem type=char[])
ARR 50000b45 (sz=32, trace=300000, nelems=16, elem type=char[])
ARR 50000b46 (sz=48, trace=300000, nelems=24, elem type=char[])
OBJ 50000b47 (sz=16, trace=300000, class=java.lang.String@50000165)
	value		50000b4c
OBJ 50000b48 (sz=16, trace=300000, class=java.lang.String@50000165)
	value		50000b4d
OBJ 50000b49 (sz=16, trace=300000, class=java.lang.String@50000165)
	value		50000b4e
OBJ 50000b4a (sz=16, trace=300000, class=java.nio.charset.CodingErrorAction@50000085)
	name		50000b49
OBJ 50000b4b (sz=16, trace=300000, class=java.nio.charset.CodingErrorAction@50000085)
	name		50000b47
ARR 50000b4c (sz=12, trace=300000, nelems=6, elem type=char[])
ARR 50000b4d (sz=14, trace=300000, nelems=7, elem type=char[])
ARR 50000b4e (sz=12, trace=300000, nelems=6, elem type=char[])
OBJ 50000b4f (sz=16, trace=300000, class=java.lang.String@50000165)
	value		50000f7e
OBJ 50000b50 (sz=16, trace=300000, class=java.lang.String@50000165)
	value		50000f7d
OBJ 50000b51 (sz=24, trace=300000, class=sun.nio.cs.UTF_8@50000096)
	name		50000ae8
	aliases		50000f14
OBJ 50000b52 (sz=16, trace=300000, class=java.lang.ThreadLocal@500000ab)
OBJ 50000b53 (sz=24, trace=300000, class=sun.nio.cs.StandardCharsets@500000b0)
	classMap	50000b57
	aliasMap	50000b56
	cache		50000b55
	packagePrefix	50000b54
OBJ 50000b54 (sz=16, trace=300000, class=java.lang.String@50000165)
	value		50000f52
OBJ 50000b55 (sz=40, trace=300000, class=sun.nio.cs.StandardCharsets$Cache@500000ac)
	ht		50000e84
OBJ 50000b56 (sz=40, trace=300000, class=sun.nio.cs.StandardCharsets$Aliases@500000ae)
	ht		50000c1c
OBJ 50000b57 (sz=40, trace=300000, class=sun.nio.cs.StandardCharsets$Classes@500000ad)
	ht		50000b58
ARR 50000b58 (sz=144, trace=300000, nelems=32, elem type=java.lang.Object[]@50000100)
	[0]		50000b59
	[2]		50000b5a
	[3]		50000b5b
	[4]		50000b5c
	[5]		50000b5d
	[6]		50000b5e
	[7]		50000b5f
	[8]		50000b60
	[9]		50000b61
	[10]		50000b62
	[11]		50000b63
	[12]		50000b64
	[14]		50000b65
	[15]		50000b66
	[16]		50000b67
	[17]		50000b68
	[18]		50000b69
	[19]		50000b6a
	[22]		50000b6b
	[23]		50000b6c
	[24]		50000b6d
	[28]		50000b6e
	[29]		50000b6f
	[31]		50000b70
ARR 50000b59 (sz=24, trace=300000, nelems=2, elem type=java.lang.Object[]@50000100)
	[0]		50000c18
	[1]		50000c19
ARR 50000b5a (sz=24, trace=300000, nelems=3, elem type=java.lang.Object[]@50000100)
	[0]		50000c0a
	[1]		50000c0b
	[2]		50000c0c
ARR 50000b5b (sz=24, trace=300000, nelems=3, elem type=java.lang.Object[]@50000100)
	[0]		50000c01
	[1]		50000c02
	[2]		50000c03
ARR 50000b5c (sz=24, trace=300000, nelems=3, elem type=java.lang.Object[]@50000100)
	[0]		50000bf3
	[1]		50000bf4
	[2]		50000bf5
ARR 50000b5d (sz=24, trace=300000, nelems=3, elem type=java.lang.Object[]@50000100)
	[0]		50000bea
	[1]		50000beb
	[2]		50000bec
ARR 50000b5e (sz=24, trace=300000, nelems=2, elem type=java.lang.Object[]@50000100)
	[0]		50000be6
	[1]		50000be7
ARR 50000b5f (sz=24, trace=300000, nelems=2, elem type=java.lang.Object[]@50000100)
	[0]		50000be2
	[1]		50000be3
ARR 50000b60 (sz=24, trace=300000, nelems=3, elem type=java.lang.Object[]@50000100)
	[0]		50000bd9
	[1]		50000bda
	[2]		50000bdb
ARR 50000b61 (sz=24, trace=300000, nelems=3, elem type=java.lang.Object[]@50000100)
	[0]		50000bd0
	[1]		50000bd1
	[2]		50000bd2
ARR 50000b62 (sz=24, trace=300000, nelems=2, elem type=java.lang.Object[]@50000100)
	[0]		50000bcc
	[1]		50000bcd
ARR 50000b63 (sz=24, trace=300000, nelems=3, elem type=java.lang.Object[]@50000100)
	[0]		50000bc3
	[1]		50000bc4
	[2]		50000bc5
ARR 50000b64 (sz=24, trace=300000, nelems=2, elem type=java.lang.Object[]@50000100)
	[0]		50000bbf
	[1]		50000bc0
ARR 50000b65 (sz=24, trace=300000, nelems=2, elem type=java.lang.Object[]@50000100)
	[0]		50000bbb
	[1]		50000bbc
ARR 50000b66 (sz=24, trace=300000, nelems=2, elem type=java.lang.Object[]@50000100)
	[0]		50000bb7
	[1]		50000bb8
ARR 50000b67 (sz=24, trace=300000, nelems=3, elem type=java.lang.Object[]@50000100)
	[0]		50000bae
	[1]		50000baf
	[2]		50000bb0
ARR 50000b68 (sz=24, trace=300000, nelems=3, elem type=java.lang.Object[]@50000100)
	[0]		50000ba5
	[1]		50000ba6
	[2]		50000ba7
ARR 50000b69 (sz=24, trace=300000, nelems=3, elem type=java.lang.Object[]@50000100)
	[0]		50000b97
	[1]		50000b98
	[2]		50000b99
ARR 50000b6a (sz=24, trace=300000, nelems=3, elem type=java.lang.Object[]@50000100)
	[0]		50000b89
	[1]		50000b8a
	[2]		50000b8b
ARR 50000b6b (sz=24, trace=300000, nelems=2, elem type=java.lang.Object[]@50000100)
	[0]		50000b85
	[1]		50000b86
ARR 50000b6c (sz=24, trace=300000, nelems=2, elem type=java.lang.Object[]@50000100)
	[0]		50000b81
	[1]		50000b82
ARR 50000b6d (sz=24, trace=300000, nelems=2, elem type=java.lang.Object[]@50000100)
	[0]		50000b7d
	[1]		50000b7e
ARR 50000b6e (sz=24, trace=300000, nelems=2, elem type=java.lang.Object[]@50000100)
	[0]		50000b79
	[1]		50000b7a
ARR 50000b6f (sz=24, trace=300000, nelems=2, elem type=java.lang.Object[]@50000100)
	[0]		50000b75
	[1]		50000b76
ARR 50000b70 (sz=24, trace=300000, nelems=2, elem type=java.lang.Object[]@50000100)
	[0]		50000b71
	[1]		50000b72
OBJ 50000b71 (sz=16, trace=300000, class=java.lang.String@50000165)
	value		50000b74
OBJ 50000b72 (sz=16, trace=300000, class=java.lang.String@50000165)
	value		50000b73
ARR 50000b73 (sz=16, trace=300000, nelems=8, elem type=char[])
ARR 50000b74 (sz=16, trace=300000, nelems=8, elem type=char[])
OBJ 50000b75 (sz=16, trace=300000, class=java.lang.String@50000165)
	value		50000b78
OBJ 50000b76 (sz=16, trace=300000, class=java.lang.String@50000165)
	value		50000b77
ARR 50000b77 (sz=12, trace=300000, nelems=6, elem type=char[])
ARR 50000b78 (sz=12, trace=300000, nelems=6, elem type=char[])
OBJ 50000b79 (sz=16, trace=300000, class=java.lang.String@50000165)
	value		50000b7c
OBJ 50000b7a (sz=16, trace=300000, class=java.lang.String@50000165)
	value		50000b7b
ARR 50000b7b (sz=12, trace=300000, nelems=6, elem type=char[])
ARR 50000b7c (sz=12, trace=300000, nelems=6, elem type=char[])
OBJ 50000b7d (sz=16, trace=300000, class=java.lang.String@50000165)
	value		50000b80
OBJ 50000b7e (sz=16, trace=300000, class=java.lang.String@50000165)
	value		50000b7f
ARR 50000b7f (sz=24, trace=300000, nelems=12, elem type=char[])
ARR 50000b80 (sz=28, trace=300000, nelems=14, elem type=char[])
OBJ 50000b81 (sz=16, trace=300000, class=java.lang.String@50000165)
	value		50000b84
OBJ 50000b82 (sz=16, trace=300000, class=java.lang.String@50000165)
	value		50000b83
ARR 50000b83 (sz=12, trace=300000, nelems=6, elem type=char[])
ARR 50000b84 (sz=12, trace=300000, nelems=6, elem type=char[])
OBJ 50000b85 (sz=16, trace=300000, class=java.lang.String@50000165)
	value		50000b88
OBJ 50000b86 (sz=16, trace=300000, class=java.lang.String@50000165)
	value		50000b87
ARR 50000b87 (sz=24, trace=300000, nelems=12, elem type=char[])
ARR 50000b88 (sz=28, trace=300000, nelems=14, elem type=char[])
OBJ 50000b89 (sz=16, trace=300000, class=java.lang.String@50000165)
	value		50000b96
OBJ 50000b8a (sz=16, trace=300000, class=java.lang.String@50000165)
	value		50000b95
ARR 50000b8b (sz=24, trace=300000, nelems=3, elem type=java.lang.Object[]@50000100)
	[0]		50000b8c
	[1]		50000b8d
	[2]		50000b8e
OBJ 50000b8c (sz=16, trace=300000, class=java.lang.String@50000165)
	value		50000b94
OBJ 50000b8d (sz=16, trace=300000, class=java.lang.String@50000165)
	value		50000b93
ARR 50000b8e (sz=24, trace=300000, nelems=2, elem type=java.lang.Object[]@50000100)
	[0]		50000b8f
	[1]		50000b90
OBJ 50000b8f (sz=16, trace=300000, class=java.lang.String@50000165)
	value		50000b92
OBJ 50000b90 (sz=16, trace=300000, class=java.lang.String@50000165)
	value		50000b91
ARR 50000b91 (sz=24, trace=300000, nelems=12, elem type=char[])
ARR 50000b92 (sz=28, trace=300000, nelems=14, elem type=char[])
ARR 50000b93 (sz=12, trace=300000, nelems=6, elem type=char[])
ARR 50000b94 (sz=12, trace=300000, nelems=6, elem type=char[])
ARR 50000b95 (sz=12, trace=300000, nelems=6, elem type=char[])
ARR 50000b96 (sz=16, trace=300000, nelems=8, elem type=char[])
OBJ 50000b97 (sz=16, trace=300000, class=java.lang.String@50000165)
	value		50000ba4
OBJ 50000b98 (sz=16, trace=300000, class=java.lang.String@50000165)
	value		50000ba3
ARR 50000b99 (sz=24, trace=300000, nelems=3, elem type=java.lang.Object[]@50000100)
	[0]		50000b9a
	[1]		50000b9b
	[2]		50000b9c
OBJ 50000b9a (sz=16, trace=300000, class=java.lang.String@50000165)
	value		50000ba2
OBJ 50000b9b (sz=16, trace=300000, class=java.lang.String@50000165)
	value		50000ba1
ARR 50000b9c (sz=24, trace=300000, nelems=2, elem type=java.lang.Object[]@50000100)
	[0]		50000b9d
	[1]		50000b9e
OBJ 50000b9d (sz=16, trace=300000, class=java.lang.String@50000165)
	value		50000ba0
OBJ 50000b9e (sz=16, trace=300000, class=java.lang.String@50000165)
	value		50000b9f
ARR 50000b9f (sz=22, trace=300000, nelems=11, elem type=char[])
ARR 50000ba0 (sz=22, trace=300000, nelems=11, elem type=char[])
ARR 50000ba1 (sz=12, trace=300000, nelems=6, elem type=char[])
ARR 50000ba2 (sz=12, trace=300000, nelems=6, elem type=char[])
ARR 50000ba3 (sz=12, trace=300000, nelems=6, elem type=char[])
ARR 50000ba4 (sz=12, trace=300000, nelems=6, elem type=char[])
OBJ 50000ba5 (sz=16, trace=300000, class=java.lang.String@50000165)
	value		50000bad
OBJ 50000ba6 (sz=16, trace=300000, class=java.lang.String@50000165)
	value		50000bac
ARR 50000ba7 (sz=24, trace=300000, nelems=2, elem type=java.lang.Object[]@50000100)
	[0]		50000ba8
	[1]		50000ba9
OBJ 50000ba8 (sz=16, trace=300000, class=java.lang.String@50000165)
	value		50000bab
OBJ 50000ba9 (sz=16, trace=300000, class=java.lang.String@50000165)
	value		50000baa
ARR 50000baa (sz=16, trace=300000, nelems=8, elem type=char[])
ARR 50000bab (sz=16, trace=300000, nelems=8, elem type=char[])
ARR 50000bac (sz=22, trace=300000, nelems=11, elem type=char[])
ARR 50000bad (sz=22, trace=300000, nelems=11, elem type=char[])
OBJ 50000bae (sz=16, trace=300000, class=java.lang.String@50000165)
	value		50000bb6
OBJ 50000baf (sz=16, trace=300000, class=java.lang.String@50000165)
	value		50000bb5
ARR 50000bb0 (sz=24, trace=300000, nelems=2, elem type=java.lang.Object[]@50000100)
	[0]		50000bb1
	[1]		50000bb2
OBJ 50000bb1 (sz=16, trace=300000, class=java.lang.String@50000165)
	value		50000bb4
OBJ 50000bb2 (sz=16, trace=300000, class=java.lang.String@50000165)
	value		50000bb3
ARR 50000bb3 (sz=12, trace=300000, nelems=6, elem type=char[])
ARR 50000bb4 (sz=12, trace=300000, nelems=6, elem type=char[])
ARR 50000bb5 (sz=12, trace=300000, nelems=6, elem type=char[])
ARR 50000bb6 (sz=12, trace=300000, nelems=6, elem type=char[])
OBJ 50000bb7 (sz=16, trace=300000, class=java.lang.String@50000165)
	value		50000bba
OBJ 50000bb8 (sz=16, trace=300000, class=java.lang.String@50000165)
	value		50000bb9
ARR 50000bb9 (sz=12, trace=300000, nelems=6, elem type=char[])
ARR 50000bba (sz=12, trace=300000, nelems=6, elem type=char[])
OBJ 50000bbb (sz=16, trace=300000, class=java.lang.String@50000165)
	value		50000bbe
OBJ 50000bbc (sz=16, trace=300000, class=java.lang.String@50000165)
	value		50000bbd
ARR 50000bbd (sz=12, trace=300000, nelems=6, elem type=char[])
ARR 50000bbe (sz=16, trace=300000, nelems=8, elem type=char[])
OBJ 50000bbf (sz=16, trace=300000, class=java.lang.String@50000165)
	value		50000bc2
OBJ 50000bc0 (sz=16, trace=300000, class=java.lang.String@50000165)
	value		50000bc1
ARR 50000bc1 (sz=20, trace=300000, nelems=10, elem type=char[])
ARR 50000bc2 (sz=20, trace=300000, nelems=10, elem type=char[])
OBJ 50000bc3 (sz=16, trace=300000, class=java.lang.String@50000165)
	value		50000bcb
OBJ 50000bc4 (sz=16, trace=300000, class=java.lang.String@50000165)
	value		50000bca
ARR 50000bc5 (sz=24, trace=300000, nelems=2, elem type=java.lang.Object[]@50000100)
	[0]		50000bc6
	[1]		50000bc7
OBJ 50000bc6 (sz=16, trace=300000, class=java.lang.String@50000165)
	value		50000bc9
OBJ 50000bc7 (sz=16, trace=300000, class=java.lang.String@50000165)
	value		50000bc8
ARR 50000bc8 (sz=20, trace=300000, nelems=10, elem type=char[])
ARR 50000bc9 (sz=20, trace=300000, nelems=10, elem type=char[])
ARR 50000bca (sz=12, trace=300000, nelems=6, elem type=char[])
ARR 50000bcb (sz=16, trace=300000, nelems=8, elem type=char[])
OBJ 50000bcc (sz=16, trace=300000, class=java.lang.String@50000165)
	value		50000bcf
OBJ 50000bcd (sz=16, trace=300000, class=java.lang.String@50000165)
	value		50000bce
ARR 50000bce (sz=20, trace=300000, nelems=10, elem type=char[])
ARR 50000bcf (sz=20, trace=300000, nelems=10, elem type=char[])
OBJ 50000bd0 (sz=16, trace=300000, class=java.lang.String@50000165)
	value		50000bd8
OBJ 50000bd1 (sz=16, trace=300000, class=java.lang.String@50000165)
	value		50000bd7
ARR 50000bd2 (sz=24, trace=300000, nelems=2, elem type=java.lang.Object[]@50000100)
	[0]		50000bd3
	[1]		50000bd4
OBJ 50000bd3 (sz=16, trace=300000, class=java.lang.String@50000165)
	value		50000bd6
OBJ 50000bd4 (sz=16, trace=300000, class=java.lang.String@50000165)
	value		50000bd5
ARR 50000bd5 (sz=10, trace=300000, nelems=5, elem type=char[])
ARR 50000bd6 (sz=10, trace=300000, nelems=5, elem type=char[])
ARR 50000bd7 (sz=20, trace=300000, nelems=10, elem type=char[])
ARR 50000bd8 (sz=20, trace=300000, nelems=10, elem type=char[])
OBJ 50000bd9 (sz=16, trace=300000, class=java.lang.String@50000165)
	value		50000be1
OBJ 50000bda (sz=16, trace=300000, class=java.lang.String@50000165)
	value		50000be0
ARR 50000bdb (sz=24, trace=300000, nelems=2, elem type=java.lang.Object[]@50000100)
	[0]		50000bdc
	[1]		50000bdd
OBJ 50000bdc (sz=16, trace=300000, class=java.lang.String@50000165)
	value		50000bdf
OBJ 50000bdd (sz=16, trace=300000, class=java.lang.String@50000165)
	value		50000bde
ARR 50000bde (sz=20, trace=300000, nelems=10, elem type=char[])
ARR 50000bdf (sz=20, trace=300000, nelems=10, elem type=char[])
ARR 50000be0 (sz=20, trace=300000, nelems=10, elem type=char[])
ARR 50000be1 (sz=20, trace=300000, nelems=10, elem type=char[])
OBJ 50000be2 (sz=16, trace=300000, class=java.lang.String@50000165)
	value		50000be5
OBJ 50000be3 (sz=16, trace=300000, class=java.lang.String@50000165)
	value		50000be4
ARR 50000be4 (sz=16, trace=300000, nelems=8, elem type=char[])
ARR 50000be5 (sz=16, trace=300000, nelems=8, elem type=char[])
OBJ 50000be6 (sz=16, trace=300000, class=java.lang.String@50000165)
	value		50000be9
OBJ 50000be7 (sz=16, trace=300000, class=java.lang.String@50000165)
	value		50000be8
ARR 50000be8 (sz=12, trace=300000, nelems=6, elem type=char[])
ARR 50000be9 (sz=24, trace=300000, nelems=12, elem type=char[])
OBJ 50000bea (sz=16, trace=300000, class=java.lang.String@50000165)
	value		50000bf2
OBJ 50000beb (sz=16, trace=300000, class=java.lang.String@50000165)
	value		50000bf1
ARR 50000bec (sz=24, trace=300000, nelems=2, elem type=java.lang.Object[]@50000100)
	[0]		50000bed
	[1]		50000bee
OBJ 50000bed (sz=16, trace=300000, class=java.lang.String@50000165)
	value		50000bf0
OBJ 50000bee (sz=16, trace=300000, class=java.lang.String@50000165)
	value		50000bef
ARR 50000bef (sz=12, trace=300000, nelems=6, elem type=char[])
ARR 50000bf0 (sz=12, trace=300000, nelems=6, elem type=char[])
ARR 50000bf1 (sz=12, trace=300000, nelems=6, elem type=char[])
ARR 50000bf2 (sz=24, trace=300000, nelems=12, elem type=char[])
OBJ 50000bf3 (sz=16, trace=300000, class=java.lang.String@50000165)
	value		50000c00
OBJ 50000bf4 (sz=16, trace=300000, class=java.lang.String@50000165)
	value		50000bff
ARR 50000bf5 (sz=24, trace=300000, nelems=3, elem type=java.lang.Object[]@50000100)
	[0]		50000bf6
	[1]		50000bf7
	[2]		50000bf8
OBJ 50000bf6 (sz=16, trace=300000, class=java.lang.String@50000165)
	value		50000bfe
OBJ 50000bf7 (sz=16, trace=300000, class=java.lang.String@50000165)
	value		50000bfd
ARR 50000bf8 (sz=24, trace=300000, nelems=2, elem type=java.lang.Object[]@50000100)
	[0]		50000bf9
	[1]		50000bfa
OBJ 50000bf9 (sz=16, trace=300000, class=java.lang.String@50000165)
	value		50000bfc
OBJ 50000bfa (sz=16, trace=300000, class=java.lang.String@50000165)
	value		50000bfb
ARR 50000bfb (sz=16, trace=300000, nelems=8, elem type=char[])
ARR 50000bfc (sz=16, trace=300000, nelems=8, elem type=char[])
ARR 50000bfd (sz=12, trace=300000, nelems=6, elem type=char[])
ARR 50000bfe (sz=24, trace=300000, nelems=12, elem type=char[])
ARR 50000bff (sz=12, trace=300000, nelems=6, elem type=char[])
ARR 50000c00 (sz=24, trace=300000, nelems=12, elem type=char[])
OBJ 50000c01 (sz=16, trace=300000, class=java.lang.String@50000165)
	value		50000c09
OBJ 50000c02 (sz=16, trace=300000, class=java.lang.String@50000165)
	value		50000c08
ARR 50000c03 (sz=24, trace=300000, nelems=2, elem type=java.lang.Object[]@50000100)
	[0]		50000c04
	[1]		50000c05
OBJ 50000c04 (sz=16, trace=300000, class=java.lang.String@50000165)
	value		50000c07
OBJ 50000c05 (sz=16, trace=300000, class=java.lang.String@50000165)
	value		50000c06
ARR 50000c06 (sz=12, trace=300000, nelems=6, elem type=char[])
ARR 50000c07 (sz=24, trace=300000, nelems=12, elem type=char[])
ARR 50000c08 (sz=12, trace=300000, nelems=6, elem type=char[])
ARR 50000c09 (sz=24, trace=300000, nelems=12, elem type=char[])
OBJ 50000c0a (sz=16, trace=300000, class=java.lang.String@50000165)
	value		50000c17
OBJ 50000c0b (sz=16, trace=300000, class=java.lang.String@50000165)
	value		50000c16
ARR 50000c0c (sz=24, trace=300000, nelems=3, elem type=java.lang.Object[]@50000100)
	[0]		50000c0d
	[1]		50000c0e
	[2]		50000c0f
OBJ 50000c0d (sz=16, trace=300000, class=java.lang.String@50000165)
	value		50000c15
OBJ 50000c0e (sz=16, trace=300000, class=java.lang.String@50000165)
	value		50000c14
ARR 50000c0f (sz=24, trace=300000, nelems=2, elem type=java.lang.Object[]@50000100)
	[0]		50000c10
	[1]		50000c11
OBJ 50000c10 (sz=16, trace=300000, class=java.lang.String@50000165)
	value		50000c13
OBJ 50000c11 (sz=16, trace=300000, class=java.lang.String@50000165)
	value		50000c12
ARR 50000c12 (sz=16, trace=300000, nelems=8, elem type=char[])
ARR 50000c13 (sz=16, trace=300000, nelems=8, elem type=char[])
ARR 50000c14 (sz=12, trace=300000, nelems=6, elem type=char[])
ARR 50000c15 (sz=12, trace=300000, nelems=6, elem type=char[])
ARR 50000c16 (sz=12, trace=300000, nelems=6, elem type=char[])
ARR 50000c17 (sz=12, trace=300000, nelems=6, elem type=char[])
OBJ 50000c18 (sz=16, trace=300000, class=java.lang.String@50000165)
	value		50000c1b
OBJ 50000c19 (sz=16, trace=300000, class=java.lang.String@50000165)
	value		50000c1a
ARR 50000c1a (sz=12, trace=300000, nelems=6, elem type=char[])
ARR 50000c1b (sz=12, trace=300000, nelems=6, elem type=char[])
ARR 50000c1c (sz=4112, trace=300000, nelems=1016, elem type=java.lang.Object[]@50000100)
	[1]		50000c1d
	[2]		50000c1e
	[3]		50000c1f
	[5]		50000c20
	[6]		50000c21
	[10]		50000c22
	[19]		50000c23
	[24]		50000c24
	[25]		50000c25
	[26]		50000c26
	[28]		50000c27
	[29]		50000c28
	[55]		50000c29
	[58]		50000c2a
	[86]		50000c2b
	[87]		50000c2c
	[89]		50000c2d
	[90]		50000c2e
	[92]		50000c2f
	[94]		50000c30
	[95]		50000c31
	[96]		50000c32
	[106]		50000c33
	[121]		50000c34
	[125]		50000c35
	[134]		50000c36
	[137]		50000c37
	[141]		50000c38
	[143]		50000c39
	[144]		50000c3a
	[170]		50000c3b
	[173]		50000c3c
	[177]		50000c3d
	[192]		50000c3e
	[199]		50000c3f
	[205]		50000c40
	[211]		50000c41
	[213]		50000c42
	[216]		50000c43
	[218]		50000c44
	[219]		50000c45
	[225]		50000c46
	[244]		50000c47
	[248]		50000c48
	[253]		50000c49
	[254]		50000c4a
	[259]		50000c4b
	[269]		50000c4c
	[277]		50000c4d
	[280]		50000c4e
	[283]		50000c4f
	[284]		50000c50
	[286]		50000c51
	[287]		50000c52
	[289]		50000c53
	[291]		50000c54
	[294]		50000c55
	[296]		50000c56
	[297]		50000c57
	[305]		50000c58
	[307]		50000c59
	[312]		50000c5a
	[321]		50000c5b
	[323]		50000c5c
	[324]		50000c5d
	[325]		50000c5e
	[326]		50000c5f
	[327]		50000c60
	[328]		50000c61
	[329]		50000c62
	[331]		50000c63
	[333]		50000c64
	[334]		50000c65
	[336]		50000c66
	[339]		50000c67
	[341]		50000c68
	[345]		50000c69
	[350]		50000c6a
	[353]		50000c6b
	[358]		50000c6c
	[359]		50000c6d
	[363]		50000c6e
	[364]		50000c6f
	[378]		50000c70
	[385]		50000c71
	[391]		50000c72
	[392]		50000c73
	[405]		50000c74
	[406]		50000c75
	[408]		50000c76
	[421]		50000c77
	[428]		50000c78
	[429]		50000c79
	[430]		50000c7a
	[432]		50000c7b
	[433]		50000c7c
	[436]		50000c7d
	[437]		50000c7e
	[438]		50000c7f
	[443]		50000c80
	[456]		50000c81
	[473]		50000c82
	[479]		50000c83
	[481]		50000c84
	[484]		50000c85
	[486]		50000c86
	[487]		50000c87
	[502]		50000c88
	[506]		50000c89
	[508]		50000c8a
	[511]		50000c8b
	[512]		50000c8c
	[513]		50000c8d
	[514]		50000c8e
	[516]		50000c8f
	[520]		50000c90
	[523]		50000c91
	[524]		50000c92
	[533]		50000c93
	[537]		50000c94
	[539]		50000c95
	[543]		50000c96
	[545]		50000c97
	[563]		50000c98
	[572]		50000c99
	[573]		50000c9a
	[577]		50000c9b
	[582]		50000c9c
	[583]		50000c9d
	[588]		50000c9e
	[593]		50000c9f
	[598]		50000ca0
	[609]		50000ca1
	[617]		50000ca2
	[618]		50000ca3
	[619]		50000ca4
	[620]		50000ca5
	[621]		50000ca6
	[624]		50000ca7
	[628]		50000ca8
	[632]		50000ca9
	[634]		50000caa
	[635]		50000cab
	[636]		50000cac
	[654]		50000cad
	[669]		50000cae
	[670]		50000caf
	[671]		50000cb0
	[676]		50000cb1
	[679]		50000cb2
	[686]		50000cb3
	[703]		50000cb4
	[710]		50000cb5
	[712]		50000cb6
	[732]		50000cb7
	[733]		50000cb8
	[768]		50000cb9
	[774]		50000cba
	[781]		50000cbb
	[782]		50000cbc
	[783]		50000cbd
	[784]		50000cbe
	[785]		50000cbf
	[787]		50000cc0
	[789]		50000cc1
	[813]		50000cc2
	[818]		50000cc3
	[832]		50000cc4
	[834]		50000cc5
	[835]		50000cc6
	[836]		50000cc7
	[837]		50000cc8
	[838]		50000cc9
	[840]		50000cca
	[842]		50000ccb
	[843]		50000ccc
	[846]		50000ccd
	[849]		50000cce
	[863]		50000ccf
	[881]		50000cd0
	[896]		50000cd1
	[909]		50000cd2
	[910]		50000cd3
	[911]		50000cd4
	[912]		50000cd5
	[925]		50000cd6
	[934]		50000cd7
	[937]		50000cd8
	[944]		50000cd9
	[957]		50000cda
	[993]		50000cdb
	[1009]		50000cdc
	[1015]		50000cdd
ARR 50000c1d (sz=24, trace=300000, nelems=2, elem type=java.lang.Object[]@50000100)
	[0]		50000e82
	[1]		50000b9d
ARR 50000c1e (sz=24, trace=300000, nelems=2, elem type=java.lang.Object[]@50000100)
	[0]		50000e80
	[1]		50000bdc
ARR 50000c1f (sz=24, trace=300000, nelems=2, elem type=java.lang.Object[]@50000100)
	[0]		50000e7e
	[1]		50000bd9
ARR 50000c20 (sz=24, trace=300000, nelems=2, elem type=java.lang.Object[]@50000100)
	[0]		50000e7c
	[1]		50000bd0
ARR 50000c21 (sz=24, trace=300000, nelems=2, elem type=java.lang.Object[]@50000100)
	[0]		50000e7a
	[1]		50000bbf
ARR 50000c22 (sz=24, trace=300000, nelems=2, elem type=java.lang.Object[]@50000100)
	[0]		50000e78
	[1]		50000b9d
ARR 50000c23 (sz=24, trace=300000, nelems=2, elem type=java.lang.Object[]@50000100)
	[0]		50000e76
	[1]		50000b85
ARR 50000c24 (sz=24, trace=300000, nelems=2, elem type=java.lang.Object[]@50000100)
	[0]		50000e74
	[1]		50000ba8
ARR 50000c25 (sz=24, trace=300000, nelems=2, elem type=java.lang.Object[]@50000100)
	[0]		50000e72
	[1]		50000bc6
ARR 50000c26 (sz=24, trace=300000, nelems=2, elem type=java.lang.Object[]@50000100)
	[0]		50000e70
	[1]		50000bd9
ARR 50000c27 (sz=24, trace=300000, nelems=2, elem type=java.lang.Object[]@50000100)
	[0]		50000e6e
	[1]		50000bd0
ARR 50000c28 (sz=24, trace=300000, nelems=2, elem type=java.lang.Object[]@50000100)
	[0]		50000e6c
	[1]		50000bcc
ARR 50000c29 (sz=24, trace=300000, nelems=2, elem type=java.lang.Object[]@50000100)
	[0]		50000e6a
	[1]		50000bbf
ARR 50000c2a (sz=24, trace=300000, nelems=2, elem type=java.lang.Object[]@50000100)
	[0]		50000e68
	[1]		50000b9d
ARR 50000c2b (sz=24, trace=300000, nelems=3, elem type=java.lang.Object[]@50000100)
	[0]		50000e63
	[1]		50000bcc
	[2]		50000e64
ARR 50000c2c (sz=24, trace=300000, nelems=2, elem type=java.lang.Object[]@50000100)
	[0]		50000e61
	[1]		50000bd9
ARR 50000c2d (sz=24, trace=300000, nelems=2, elem type=java.lang.Object[]@50000100)
	[0]		50000e5f
	[1]		50000bd0
ARR 50000c2e (sz=24, trace=300000, nelems=3, elem type=java.lang.Object[]@50000100)
	[0]		50000e5a
	[1]		50000bc6
	[2]		50000e5b
ARR 50000c2f (sz=24, trace=300000, nelems=2, elem type=java.lang.Object[]@50000100)
	[0]		50000e58
	[1]		50000bc6
ARR 50000c30 (sz=24, trace=300000, nelems=2, elem type=java.lang.Object[]@50000100)
	[0]		50000e56
	[1]		50000bbf
ARR 50000c31 (sz=24, trace=300000, nelems=2, elem type=java.lang.Object[]@50000100)
	[0]		50000e54
	[1]		50000bdc
ARR 50000c32 (sz=24, trace=300000, nelems=2, elem type=java.lang.Object[]@50000100)
	[0]		50000e52
	[1]		50000bdc
ARR 50000c33 (sz=24, trace=300000, nelems=2, elem type=java.lang.Object[]@50000100)
	[0]		50000e50
	[1]		50000bd3
ARR 50000c34 (sz=24, trace=300000, nelems=2, elem type=java.lang.Object[]@50000100)
	[0]		50000e4e
	[1]		50000c10
ARR 50000c35 (sz=24, trace=300000, nelems=2, elem type=java.lang.Object[]@50000100)
	[0]		50000e4c
	[1]		50000bc6
ARR 50000c36 (sz=24, trace=300000, nelems=2, elem type=java.lang.Object[]@50000100)
	[0]		50000e4a
	[1]		50000b79
ARR 50000c37 (sz=24, trace=300000, nelems=2, elem type=java.lang.Object[]@50000100)
	[0]		50000e48
	[1]		50000b75
ARR 50000c38 (sz=24, trace=300000, nelems=2, elem type=java.lang.Object[]@50000100)
	[0]		50000e46
	[1]		50000bd9
ARR 50000c39 (sz=24, trace=300000, nelems=2, elem type=java.lang.Object[]@50000100)
	[0]		50000e44
	[1]		50000bd0
ARR 50000c3a (sz=24, trace=300000, nelems=2, elem type=java.lang.Object[]@50000100)
	[0]		50000e42
	[1]		50000bcc
ARR 50000c3b (sz=24, trace=300000, nelems=2, elem type=java.lang.Object[]@50000100)
	[0]		50000e40
	[1]		50000bbf
ARR 50000c3c (sz=24, trace=300000, nelems=2, elem type=java.lang.Object[]@50000100)
	[0]		50000e3e
	[1]		50000b9d
ARR 50000c3d (sz=24, trace=300000, nelems=2, elem type=java.lang.Object[]@50000100)
	[0]		50000e3c
	[1]		50000b8f
ARR 50000c3e (sz=24, trace=300000, nelems=2, elem type=java.lang.Object[]@50000100)
	[0]		50000e3a
	[1]		50000be2
ARR 50000c3f (sz=24, trace=300000, nelems=3, elem type=java.lang.Object[]@50000100)
	[0]		50000e35
	[1]		50000b9a
	[2]		50000e36
ARR 50000c40 (sz=24, trace=300000, nelems=2, elem type=java.lang.Object[]@50000100)
	[0]		50000e33
	[1]		50000bc6
ARR 50000c41 (sz=24, trace=300000, nelems=3, elem type=java.lang.Object[]@50000100)
	[0]		50000e2e
	[1]		50000bb7
	[2]		50000e2f
ARR 50000c42 (sz=24, trace=300000, nelems=2, elem type=java.lang.Object[]@50000100)
	[0]		50000e2c
	[1]		50000bae
ARR 50000c43 (sz=24, trace=300000, nelems=2, elem type=java.lang.Object[]@50000100)
	[0]		50000e2a
	[1]		50000b97
ARR 50000c44 (sz=24, trace=300000, nelems=3, elem type=java.lang.Object[]@50000100)
	[0]		50000e25
	[1]		50000b8c
	[2]		50000e26
ARR 50000c45 (sz=24, trace=300000, nelems=3, elem type=java.lang.Object[]@50000100)
	[0]		50000e20
	[1]		50000b89
	[2]		50000e21
ARR 50000c46 (sz=24, trace=300000, nelems=2, elem type=java.lang.Object[]@50000100)
	[0]		50000e1e
	[1]		50000ba8
ARR 50000c47 (sz=24, trace=300000, nelems=2, elem type=java.lang.Object[]@50000100)
	[0]		50000e1c
	[1]		50000c18
ARR 50000c48 (sz=24, trace=300000, nelems=2, elem type=java.lang.Object[]@50000100)
	[0]		50000e1a
	[1]		50000c0a
ARR 50000c49 (sz=24, trace=300000, nelems=2, elem type=java.lang.Object[]@50000100)
	[0]		50000e18
	[1]		50000bf9
ARR 50000c4a (sz=24, trace=300000, nelems=2, elem type=java.lang.Object[]@50000100)
	[0]		50000e16
	[1]		50000bd9
ARR 50000c4b (sz=24, trace=300000, nelems=2, elem type=java.lang.Object[]@50000100)
	[0]		50000e14
	[1]		50000bed
ARR 50000c4c (sz=24, trace=300000, nelems=2, elem type=java.lang.Object[]@50000100)
	[0]		50000e12
	[1]		50000b9d
ARR 50000c4d (sz=24, trace=300000, nelems=2, elem type=java.lang.Object[]@50000100)
	[0]		50000e10
	[1]		50000bc3
ARR 50000c4e (sz=24, trace=300000, nelems=2, elem type=java.lang.Object[]@50000100)
	[0]		50000e0e
	[1]		50000c10
ARR 50000c4f (sz=24, trace=300000, nelems=2, elem type=java.lang.Object[]@50000100)
	[0]		50000e0c
	[1]		50000bdc
ARR 50000c50 (sz=24, trace=300000, nelems=2, elem type=java.lang.Object[]@50000100)
	[0]		50000e0a
	[1]		50000bd9
ARR 50000c51 (sz=24, trace=300000, nelems=2, elem type=java.lang.Object[]@50000100)
	[0]		50000e08
	[1]		50000bd0
ARR 50000c52 (sz=24, trace=300000, nelems=2, elem type=java.lang.Object[]@50000100)
	[0]		50000e06
	[1]		50000bcc
ARR 50000c53 (sz=24, trace=300000, nelems=2, elem type=java.lang.Object[]@50000100)
	[0]		50000e04
	[1]		50000bc6
ARR 50000c54 (sz=24, trace=300000, nelems=2, elem type=java.lang.Object[]@50000100)
	[0]		50000e02
	[1]		50000bbf
ARR 50000c55 (sz=24, trace=300000, nelems=2, elem type=java.lang.Object[]@50000100)
	[0]		50000e00
	[1]		50000bd9
ARR 50000c56 (sz=24, trace=300000, nelems=2, elem type=java.lang.Object[]@50000100)
	[0]		50000dfe
	[1]		50000bd0
ARR 50000c57 (sz=24, trace=300000, nelems=2, elem type=java.lang.Object[]@50000100)
	[0]		50000dfc
	[1]		50000bcc
ARR 50000c58 (sz=24, trace=300000, nelems=2, elem type=java.lang.Object[]@50000100)
	[0]		50000dfa
	[1]		50000ba5
ARR 50000c59 (sz=24, trace=300000, nelems=2, elem type=java.lang.Object[]@50000100)
	[0]		50000df8
	[1]		50000b9d
ARR 50000c5a (sz=24, trace=300000, nelems=3, elem type=java.lang.Object[]@50000100)
	[0]		50000df3
	[1]		50000bc6
	[2]		50000df4
ARR 50000c5b (sz=24, trace=300000, nelems=2, elem type=java.lang.Object[]@50000100)
	[0]		50000df1
	[1]		50000bd9
ARR 50000c5c (sz=24, trace=300000, nelems=3, elem type=java.lang.Object[]@50000100)
	[0]		50000dec
	[1]		50000bbf
	[2]		50000ded
ARR 50000c5d (sz=24, trace=300000, nelems=2, elem type=java.lang.Object[]@50000100)
	[0]		50000dea
	[1]		50000bcc
ARR 50000c5e (sz=24, trace=300000, nelems=2, elem type=java.lang.Object[]@50000100)
	[0]		50000de8
	[1]		50000bdc
ARR 50000c5f (sz=24, trace=300000, nelems=3, elem type=java.lang.Object[]@50000100)
	[0]		50000de0
	[1]		50000bb7
	[2]		50000de1
ARR 50000c60 (sz=24, trace=300000, nelems=2, elem type=java.lang.Object[]@50000100)
	[0]		50000dde
	[1]		50000bcc
ARR 50000c61 (sz=24, trace=300000, nelems=3, elem type=java.lang.Object[]@50000100)
	[0]		50000dd9
	[1]		50000bae
	[2]		50000dda
ARR 50000c62 (sz=24, trace=300000, nelems=2, elem type=java.lang.Object[]@50000100)
	[0]		50000dd7
	[1]		50000bbf
ARR 50000c63 (sz=24, trace=300000, nelems=2, elem type=java.lang.Object[]@50000100)
	[0]		50000dd5
	[1]		50000b97
ARR 50000c64 (sz=24, trace=300000, nelems=3, elem type=java.lang.Object[]@50000100)
	[0]		50000dd0
	[1]		50000b8c
	[2]		50000dd1
ARR 50000c65 (sz=24, trace=300000, nelems=3, elem type=java.lang.Object[]@50000100)
	[0]		50000dcb
	[1]		50000b89
	[2]		50000dcc
ARR 50000c66 (sz=24, trace=300000, nelems=2, elem type=java.lang.Object[]@50000100)
	[0]		50000dc9
	[1]		50000bdc
ARR 50000c67 (sz=24, trace=300000, nelems=2, elem type=java.lang.Object[]@50000100)
	[0]		50000dc7
	[1]		50000b79
ARR 50000c68 (sz=24, trace=300000, nelems=2, elem type=java.lang.Object[]@50000100)
	[0]		50000dc5
	[1]		50000bb1
ARR 50000c69 (sz=24, trace=300000, nelems=2, elem type=java.lang.Object[]@50000100)
	[0]		50000dc3
	[1]		50000bbf
ARR 50000c6a (sz=24, trace=300000, nelems=2, elem type=java.lang.Object[]@50000100)
	[0]		50000dc1
	[1]		50000bbf
ARR 50000c6b (sz=24, trace=300000, nelems=2, elem type=java.lang.Object[]@50000100)
	[0]		50000dbf
	[1]		50000b9d
ARR 50000c6c (sz=24, trace=300000, nelems=2, elem type=java.lang.Object[]@50000100)
	[0]		50000dbd
	[1]		50000bc6
ARR 50000c6d (sz=24, trace=300000, nelems=2, elem type=java.lang.Object[]@50000100)
	[0]		50000dbb
	[1]		50000c18
ARR 50000c6e (sz=24, trace=300000, nelems=2, elem type=java.lang.Object[]@50000100)
	[0]		50000db9
	[1]		50000c0a
ARR 50000c6f (sz=24, trace=300000, nelems=2, elem type=java.lang.Object[]@50000100)
	[0]		50000db7
	[1]		50000bdc
ARR 50000c70 (sz=24, trace=300000, nelems=2, elem type=java.lang.Object[]@50000100)
	[0]		50000db5
	[1]		50000ba8
ARR 50000c71 (sz=24, trace=300000, nelems=2, elem type=java.lang.Object[]@50000100)
	[0]		50000db3
	[1]		50000bc6
ARR 50000c72 (sz=24, trace=300000, nelems=2, elem type=java.lang.Object[]@50000100)
	[0]		50000db1
	[1]		50000bdc
ARR 50000c73 (sz=24, trace=300000, nelems=2, elem type=java.lang.Object[]@50000100)
	[0]		50000daf
	[1]		50000bc3
ARR 50000c74 (sz=24, trace=300000, nelems=2, elem type=java.lang.Object[]@50000100)
	[0]		50000dad
	[1]		50000bdc
ARR 50000c75 (sz=24, trace=300000, nelems=2, elem type=java.lang.Object[]@50000100)
	[0]		50000dab
	[1]		50000bd9
ARR 50000c76 (sz=24, trace=300000, nelems=2, elem type=java.lang.Object[]@50000100)
	[0]		50000da9
	[1]		50000b9a
ARR 50000c77 (sz=24, trace=300000, nelems=2, elem type=java.lang.Object[]@50000100)
	[0]		50000b9d
	[1]		50000b9d
ARR 50000c78 (sz=24, trace=300000, nelems=2, elem type=java.lang.Object[]@50000100)
	[0]		50000da7
	[1]		50000b9d
ARR 50000c79 (sz=24, trace=300000, nelems=2, elem type=java.lang.Object[]@50000100)
	[0]		50000da5
	[1]		50000bdc
ARR 50000c7a (sz=24, trace=300000, nelems=2, elem type=java.lang.Object[]@50000100)
	[0]		50000da3
	[1]		50000bd9
ARR 50000c7b (sz=24, trace=300000, nelems=2, elem type=java.lang.Object[]@50000100)
	[0]		50000da1
	[1]		50000bd0
ARR 50000c7c (sz=24, trace=300000, nelems=2, elem type=java.lang.Object[]@50000100)
	[0]		50000d9f
	[1]		50000bbf
ARR 50000c7d (sz=24, trace=300000, nelems=2, elem type=java.lang.Object[]@50000100)
	[0]		50000d9d
	[1]		50000bd0
ARR 50000c7e (sz=24, trace=300000, nelems=2, elem type=java.lang.Object[]@50000100)
	[0]		50000d9b
	[1]		50000b9d
ARR 50000c7f (sz=24, trace=300000, nelems=2, elem type=java.lang.Object[]@50000100)
	[0]		50000d99
	[1]		50000ba8
ARR 50000c80 (sz=24, trace=300000, nelems=2, elem type=java.lang.Object[]@50000100)
	[0]		50000d97
	[1]		50000b7d
ARR 50000c81 (sz=24, trace=300000, nelems=2, elem type=java.lang.Object[]@50000100)
	[0]		50000d95
	[1]		50000bb1
ARR 50000c82 (sz=24, trace=300000, nelems=2, elem type=java.lang.Object[]@50000100)
	[0]		50000d93
	[1]		50000bc6
ARR 50000c83 (sz=24, trace=300000, nelems=2, elem type=java.lang.Object[]@50000100)
	[0]		50000bb7
	[1]		50000bb7
ARR 50000c84 (sz=24, trace=300000, nelems=2, elem type=java.lang.Object[]@50000100)
	[0]		50000bae
	[1]		50000bae
ARR 50000c85 (sz=24, trace=300000, nelems=2, elem type=java.lang.Object[]@50000100)
	[0]		50000b97
	[1]		50000b97
ARR 50000c86 (sz=24, trace=300000, nelems=2, elem type=java.lang.Object[]@50000100)
	[0]		50000b8c
	[1]		50000b8c
ARR 50000c87 (sz=24, trace=300000, nelems=2, elem type=java.lang.Object[]@50000100)
	[0]		50000d91
	[1]		50000bbb
ARR 50000c88 (sz=24, trace=300000, nelems=2, elem type=java.lang.Object[]@50000100)
	[0]		50000d8f
	[1]		50000c10
ARR 50000c89 (sz=24, trace=300000, nelems=2, elem type=java.lang.Object[]@50000100)
	[0]		50000d8d
	[1]		50000bb7
ARR 50000c8a (sz=24, trace=300000, nelems=2, elem type=java.lang.Object[]@50000100)
	[0]		50000d8b
	[1]		50000bae
ARR 50000c8b (sz=24, trace=300000, nelems=2, elem type=java.lang.Object[]@50000100)
	[0]		50000d89
	[1]		50000b97
ARR 50000c8c (sz=24, trace=300000, nelems=2, elem type=java.lang.Object[]@50000100)
	[0]		50000c18
	[1]		50000c18
ARR 50000c8d (sz=24, trace=300000, nelems=2, elem type=java.lang.Object[]@50000100)
	[0]		50000d87
	[1]		50000b8c
ARR 50000c8e (sz=24, trace=300000, nelems=2, elem type=java.lang.Object[]@50000100)
	[0]		50000d85
	[1]		50000bbb
ARR 50000c8f (sz=24, trace=300000, nelems=2, elem type=java.lang.Object[]@50000100)
	[0]		50000c0a
	[1]		50000c0a
ARR 50000c90 (sz=24, trace=300000, nelems=2, elem type=java.lang.Object[]@50000100)
	[0]		50000d83
	[1]		50000be2
ARR 50000c91 (sz=24, trace=300000, nelems=2, elem type=java.lang.Object[]@50000100)
	[0]		50000d81
	[1]		50000b9a
ARR 50000c92 (sz=24, trace=300000, nelems=2, elem type=java.lang.Object[]@50000100)
	[0]		50000d7f
	[1]		50000bed
ARR 50000c93 (sz=24, trace=300000, nelems=2, elem type=java.lang.Object[]@50000100)
	[0]		50000d7d
	[1]		50000bcc
ARR 50000c94 (sz=24, trace=300000, nelems=2, elem type=java.lang.Object[]@50000100)
	[0]		50000d7b
	[1]		50000bbf
ARR 50000c95 (sz=24, trace=300000, nelems=2, elem type=java.lang.Object[]@50000100)
	[0]		50000d79
	[1]		50000c18
ARR 50000c96 (sz=24, trace=300000, nelems=2, elem type=java.lang.Object[]@50000100)
	[0]		50000d77
	[1]		50000c0a
ARR 50000c97 (sz=24, trace=300000, nelems=2, elem type=java.lang.Object[]@50000100)
	[0]		50000d75
	[1]		50000bc3
ARR 50000c98 (sz=24, trace=300000, nelems=2, elem type=java.lang.Object[]@50000100)
	[0]		50000d73
	[1]		50000b71
ARR 50000c99 (sz=24, trace=300000, nelems=2, elem type=java.lang.Object[]@50000100)
	[0]		50000d71
	[1]		50000bc3
ARR 50000c9a (sz=24, trace=300000, nelems=2, elem type=java.lang.Object[]@50000100)
	[0]		50000d6f
	[1]		50000bd0
ARR 50000c9b (sz=24, trace=300000, nelems=2, elem type=java.lang.Object[]@50000100)
	[0]		50000d6d
	[1]		50000ba8
ARR 50000c9c (sz=24, trace=300000, nelems=2, elem type=java.lang.Object[]@50000100)
	[0]		50000d6b
	[1]		50000c0d
ARR 50000c9d (sz=24, trace=300000, nelems=2, elem type=java.lang.Object[]@50000100)
	[0]		50000d69
	[1]		50000b89
ARR 50000c9e (sz=24, trace=300000, nelems=2, elem type=java.lang.Object[]@50000100)
	[0]		50000d67
	[1]		50000bc6
ARR 50000c9f (sz=24, trace=300000, nelems=2, elem type=java.lang.Object[]@50000100)
	[0]		50000d65
	[1]		50000bc6
ARR 50000ca0 (sz=24, trace=300000, nelems=2, elem type=java.lang.Object[]@50000100)
	[0]		50000d63
	[1]		50000b8c
ARR 50000ca1 (sz=24, trace=300000, nelems=2, elem type=java.lang.Object[]@50000100)
	[0]		50000bb1
	[1]		50000bb1
ARR 50000ca2 (sz=24, trace=300000, nelems=2, elem type=java.lang.Object[]@50000100)
	[0]		50000d61
	[1]		50000c04
ARR 50000ca3 (sz=24, trace=300000, nelems=2, elem type=java.lang.Object[]@50000100)
	[0]		50000d5f
	[1]		50000c01
ARR 50000ca4 (sz=24, trace=300000, nelems=2, elem type=java.lang.Object[]@50000100)
	[0]		50000d5d
	[1]		50000bf6
ARR 50000ca5 (sz=24, trace=300000, nelems=2, elem type=java.lang.Object[]@50000100)
	[0]		50000d5b
	[1]		50000bf3
ARR 50000ca6 (sz=24, trace=300000, nelems=2, elem type=java.lang.Object[]@50000100)
	[0]		50000d59
	[1]		50000bea
ARR 50000ca7 (sz=24, trace=300000, nelems=3, elem type=java.lang.Object[]@50000100)
	[0]		50000d54
	[1]		50000c18
	[2]		50000d55
ARR 50000ca8 (sz=24, trace=300000, nelems=3, elem type=java.lang.Object[]@50000100)
	[0]		50000d4f
	[1]		50000c0a
	[2]		50000d50
ARR 50000ca9 (sz=24, trace=300000, nelems=2, elem type=java.lang.Object[]@50000100)
	[0]		50000d4d
	[1]		50000ba5
ARR 50000caa (sz=24, trace=300000, nelems=3, elem type=java.lang.Object[]@50000100)
	[0]		50000d48
	[1]		50000b9d
	[2]		50000d49
ARR 50000cab (sz=24, trace=300000, nelems=2, elem type=java.lang.Object[]@50000100)
	[0]		50000d46
	[1]		50000b7d
ARR 50000cac (sz=24, trace=300000, nelems=2, elem type=java.lang.Object[]@50000100)
	[0]		50000d44
	[1]		50000bb1
ARR 50000cad (sz=24, trace=300000, nelems=2, elem type=java.lang.Object[]@50000100)
	[0]		50000d42
	[1]		50000b89
ARR 50000cae (sz=24, trace=300000, nelems=2, elem type=java.lang.Object[]@50000100)
	[0]		50000d40
	[1]		50000ba5
ARR 50000caf (sz=24, trace=300000, nelems=2, elem type=java.lang.Object[]@50000100)
	[0]		50000d3e
	[1]		50000ba8
ARR 50000cb0 (sz=24, trace=300000, nelems=2, elem type=java.lang.Object[]@50000100)
	[0]		50000d3c
	[1]		50000b9d
ARR 50000cb1 (sz=24, trace=300000, nelems=2, elem type=java.lang.Object[]@50000100)
	[0]		50000b9a
	[1]		50000b9a
ARR 50000cb2 (sz=24, trace=300000, nelems=2, elem type=java.lang.Object[]@50000100)
	[0]		50000d3a
	[1]		50000ba8
ARR 50000cb3 (sz=24, trace=300000, nelems=2, elem type=java.lang.Object[]@50000100)
	[0]		50000d38
	[1]		50000be2
ARR 50000cb4 (sz=24, trace=300000, nelems=2, elem type=java.lang.Object[]@50000100)
	[0]		50000d36
	[1]		50000b9a
ARR 50000cb5 (sz=24, trace=300000, nelems=2, elem type=java.lang.Object[]@50000100)
	[0]		50000d34
	[1]		50000ba5
ARR 50000cb6 (sz=24, trace=300000, nelems=2, elem type=java.lang.Object[]@50000100)
	[0]		50000d32
	[1]		50000b9d
ARR 50000cb7 (sz=24, trace=300000, nelems=2, elem type=java.lang.Object[]@50000100)
	[0]		50000d30
	[1]		50000bcc
ARR 50000cb8 (sz=24, trace=300000, nelems=2, elem type=java.lang.Object[]@50000100)
	[0]		50000d2e
	[1]		50000bed
ARR 50000cb9 (sz=24, trace=300000, nelems=2, elem type=java.lang.Object[]@50000100)
	[0]		50000d2c
	[1]		50000bc6
ARR 50000cba (sz=24, trace=300000, nelems=2, elem type=java.lang.Object[]@50000100)
	[0]		50000d2a
	[1]		50000ba8
ARR 50000cbb (sz=24, trace=300000, nelems=2, elem type=java.lang.Object[]@50000100)
	[0]		50000d28
	[1]		50000bdc
ARR 50000cbc (sz=24, trace=300000, nelems=2, elem type=java.lang.Object[]@50000100)
	[0]		50000d26
	[1]		50000bd9
ARR 50000cbd (sz=24, trace=300000, nelems=2, elem type=java.lang.Object[]@50000100)
	[0]		50000d24
	[1]		50000b79
ARR 50000cbe (sz=24, trace=300000, nelems=2, elem type=java.lang.Object[]@50000100)
	[0]		50000d22
	[1]		50000bd0
ARR 50000cbf (sz=24, trace=300000, nelems=2, elem type=java.lang.Object[]@50000100)
	[0]		50000d20
	[1]		50000bcc
ARR 50000cc0 (sz=24, trace=300000, nelems=2, elem type=java.lang.Object[]@50000100)
	[0]		50000d1e
	[1]		50000bc6
ARR 50000cc1 (sz=24, trace=300000, nelems=2, elem type=java.lang.Object[]@50000100)
	[0]		50000d1c
	[1]		50000bbf
ARR 50000cc2 (sz=24, trace=300000, nelems=2, elem type=java.lang.Object[]@50000100)
	[0]		50000d1a
	[1]		50000b89
ARR 50000cc3 (sz=24, trace=300000, nelems=2, elem type=java.lang.Object[]@50000100)
	[0]		50000d18
	[1]		50000c18
ARR 50000cc4 (sz=24, trace=300000, nelems=2, elem type=java.lang.Object[]@50000100)
	[0]		50000d16
	[1]		50000ba8
ARR 50000cc5 (sz=24, trace=300000, nelems=2, elem type=java.lang.Object[]@50000100)
	[0]		50000d14
	[1]		50000bdc
ARR 50000cc6 (sz=24, trace=300000, nelems=3, elem type=java.lang.Object[]@50000100)
	[0]		50000d0f
	[1]		50000bd9
	[2]		50000d10
ARR 50000cc7 (sz=24, trace=300000, nelems=2, elem type=java.lang.Object[]@50000100)
	[0]		50000d0d
	[1]		50000bc6
ARR 50000cc8 (sz=24, trace=300000, nelems=2, elem type=java.lang.Object[]@50000100)
	[0]		50000d0b
	[1]		50000bd0
ARR 50000cc9 (sz=24, trace=300000, nelems=2, elem type=java.lang.Object[]@50000100)
	[0]		50000d09
	[1]		50000bcc
ARR 50000cca (sz=24, trace=300000, nelems=3, elem type=java.lang.Object[]@50000100)
	[0]		50000d04
	[1]		50000bae
	[2]		50000d05
ARR 50000ccb (sz=24, trace=300000, nelems=2, elem type=java.lang.Object[]@50000100)
	[0]		50000d02
	[1]		50000bbf
ARR 50000ccc (sz=24, trace=300000, nelems=2, elem type=java.lang.Object[]@50000100)
	[0]		50000d00
	[1]		50000b97
ARR 50000ccd (sz=24, trace=300000, nelems=2, elem type=java.lang.Object[]@50000100)
	[0]		50000cfe
	[1]		50000b9a
ARR 50000cce (sz=24, trace=300000, nelems=2, elem type=java.lang.Object[]@50000100)
	[0]		50000cfc
	[1]		50000ba8
ARR 50000ccf (sz=24, trace=300000, nelems=2, elem type=java.lang.Object[]@50000100)
	[0]		50000cfa
	[1]		50000b81
ARR 50000cd0 (sz=24, trace=300000, nelems=2, elem type=java.lang.Object[]@50000100)
	[0]		50000cf8
	[1]		50000bd3
ARR 50000cd1 (sz=24, trace=300000, nelems=2, elem type=java.lang.Object[]@50000100)
	[0]		50000cf6
	[1]		50000ba8
ARR 50000cd2 (sz=24, trace=300000, nelems=2, elem type=java.lang.Object[]@50000100)
	[0]		50000cf4
	[1]		50000c04
ARR 50000cd3 (sz=24, trace=300000, nelems=2, elem type=java.lang.Object[]@50000100)
	[0]		50000cf2
	[1]		50000c01
ARR 50000cd4 (sz=24, trace=300000, nelems=2, elem type=java.lang.Object[]@50000100)
	[0]		50000cf0
	[1]		50000bf6
ARR 50000cd5 (sz=24, trace=300000, nelems=2, elem type=java.lang.Object[]@50000100)
	[0]		50000cee
	[1]		50000bf3
ARR 50000cd6 (sz=24, trace=300000, nelems=2, elem type=java.lang.Object[]@50000100)
	[0]		50000cec
	[1]		50000ba8
ARR 50000cd7 (sz=24, trace=300000, nelems=2, elem type=java.lang.Object[]@50000100)
	[0]		50000cea
	[1]		50000bea
ARR 50000cd8 (sz=24, trace=300000, nelems=2, elem type=java.lang.Object[]@50000100)
	[0]		50000ce8
	[1]		50000be6
ARR 50000cd9 (sz=24, trace=300000, nelems=2, elem type=java.lang.Object[]@50000100)
	[0]		50000ce6
	[1]		50000b71
ARR 50000cda (sz=24, trace=300000, nelems=2, elem type=java.lang.Object[]@50000100)
	[0]		50000ce4
	[1]		50000bed
ARR 50000cdb (sz=24, trace=300000, nelems=2, elem type=java.lang.Object[]@50000100)
	[0]		50000ce2
	[1]		50000bb7
ARR 50000cdc (sz=24, trace=300000, nelems=2, elem type=java.lang.Object[]@50000100)
	[0]		50000ce0
	[1]		50000b8f
ARR 50000cdd (sz=24, trace=300000, nelems=2, elem type=java.lang.Object[]@50000100)
	[0]		50000cde
	[1]		50000c0d
OBJ 50000cde (sz=16, trace=300000, class=java.lang.String@50000165)
	value		50000cdf
ARR 50000cdf (sz=12, trace=300000, nelems=6, elem type=char[])
OBJ 50000ce0 (sz=16, trace=300000, class=java.lang.String@50000165)
	value		50000ce1
ARR 50000ce1 (sz=24, trace=300000, nelems=12, elem type=char[])
OBJ 50000ce2 (sz=16, trace=300000, class=java.lang.String@50000165)
	value		50000ce3
ARR 50000ce3 (sz=38, trace=300000, nelems=19, elem type=char[])
OBJ 50000ce4 (sz=16, trace=300000, class=java.lang.String@50000165)
	value		50000ce5
ARR 50000ce5 (sz=12, trace=300000, nelems=6, elem type=char[])
OBJ 50000ce6 (sz=16, trace=300000, class=java.lang.String@50000165)
	value		50000ce7
ARR 50000ce7 (sz=16, trace=300000, nelems=8, elem type=char[])
OBJ 50000ce8 (sz=16, trace=300000, class=java.lang.String@50000165)
	value		50000ce9
ARR 50000ce9 (sz=12, trace=300000, nelems=6, elem type=char[])
OBJ 50000cea (sz=16, trace=300000, class=java.lang.String@50000165)
	value		50000ceb
ARR 50000ceb (sz=12, trace=300000, nelems=6, elem type=char[])
OBJ 50000cec (sz=16, trace=300000, class=java.lang.String@50000165)
	value		50000ced
ARR 50000ced (sz=32, trace=300000, nelems=16, elem type=char[])
OBJ 50000cee (sz=16, trace=300000, class=java.lang.String@50000165)
	value		50000cef
ARR 50000cef (sz=12, trace=300000, nelems=6, elem type=char[])
OBJ 50000cf0 (sz=16, trace=300000, class=java.lang.String@50000165)
	value		50000cf1
ARR 50000cf1 (sz=12, trace=300000, nelems=6, elem type=char[])
OBJ 50000cf2 (sz=16, trace=300000, class=java.lang.String@50000165)
	value		50000cf3
ARR 50000cf3 (sz=12, trace=300000, nelems=6, elem type=char[])
OBJ 50000cf4 (sz=16, trace=300000, class=java.lang.String@50000165)
	value		50000cf5
ARR 50000cf5 (sz=12, trace=300000, nelems=6, elem type=char[])
OBJ 50000cf6 (sz=16, trace=300000, class=java.lang.String@50000165)
	value		50000cf7
ARR 50000cf7 (sz=32, trace=300000, nelems=16, elem type=char[])
OBJ 50000cf8 (sz=16, trace=300000, class=java.lang.String@50000165)
	value		50000cf9
ARR 50000cf9 (sz=8, trace=300000, nelems=4, elem type=char[])
OBJ 50000cfa (sz=16, trace=300000, class=java.lang.String@50000165)
	value		50000cfb
ARR 50000cfb (sz=16, trace=300000, nelems=8, elem type=char[])
OBJ 50000cfc (sz=16, trace=300000, class=java.lang.String@50000165)
	value		50000cfd
ARR 50000cfd (sz=10, trace=300000, nelems=5, elem type=char[])
OBJ 50000cfe (sz=16, trace=300000, class=java.lang.String@50000165)
	value		50000cff
ARR 50000cff (sz=22, trace=300000, nelems=11, elem type=char[])
OBJ 50000d00 (sz=16, trace=300000, class=java.lang.String@50000165)
	value		50000d01
ARR 50000d01 (sz=16, trace=300000, nelems=8, elem type=char[])
OBJ 50000d02 (sz=16, trace=300000, class=java.lang.String@50000165)
	value		50000d03
ARR 50000d03 (sz=20, trace=300000, nelems=10, elem type=char[])
OBJ 50000d04 (sz=16, trace=300000, class=java.lang.String@50000165)
	value		50000d08
ARR 50000d05 (sz=24, trace=300000, nelems=2, elem type=java.lang.Object[]@50000100)
	[0]		50000d06
	[1]		50000bc6
OBJ 50000d06 (sz=16, trace=300000, class=java.lang.String@50000165)
	value		50000d07
ARR 50000d07 (sz=20, trace=300000, nelems=10, elem type=char[])
ARR 50000d08 (sz=16, trace=300000, nelems=8, elem type=char[])
OBJ 50000d09 (sz=16, trace=300000, class=java.lang.String@50000165)
	value		50000d0a
ARR 50000d0a (sz=20, trace=300000, nelems=10, elem type=char[])
OBJ 50000d0b (sz=16, trace=300000, class=java.lang.String@50000165)
	value		50000d0c
ARR 50000d0c (sz=20, trace=300000, nelems=10, elem type=char[])
OBJ 50000d0d (sz=16, trace=300000, class=java.lang.String@50000165)
	value		50000d0e
ARR 50000d0e (sz=24, trace=300000, nelems=12, elem type=char[])
OBJ 50000d0f (sz=16, trace=300000, class=java.lang.String@50000165)
	value		50000d13
ARR 50000d10 (sz=24, trace=300000, nelems=2, elem type=java.lang.Object[]@50000100)
	[0]		50000d11
	[1]		50000be2
OBJ 50000d11 (sz=16, trace=300000, class=java.lang.String@50000165)
	value		50000d12
ARR 50000d12 (sz=20, trace=300000, nelems=10, elem type=char[])
ARR 50000d13 (sz=20, trace=300000, nelems=10, elem type=char[])
OBJ 50000d14 (sz=16, trace=300000, class=java.lang.String@50000165)
	value		50000d15
ARR 50000d15 (sz=20, trace=300000, nelems=10, elem type=char[])
OBJ 50000d16 (sz=16, trace=300000, class=java.lang.String@50000165)
	value		50000d17
ARR 50000d17 (sz=12, trace=300000, nelems=6, elem type=char[])
OBJ 50000d18 (sz=16, trace=300000, class=java.lang.String@50000165)
	value		50000d19
ARR 50000d19 (sz=36, trace=300000, nelems=18, elem type=char[])
OBJ 50000d1a (sz=16, trace=300000, class=java.lang.String@50000165)
	value		50000d1b
ARR 50000d1b (sz=20, trace=300000, nelems=10, elem type=char[])
OBJ 50000d1c (sz=16, trace=300000, class=java.lang.String@50000165)
	value		50000d1d
ARR 50000d1d (sz=18, trace=300000, nelems=9, elem type=char[])
OBJ 50000d1e (sz=16, trace=300000, class=java.lang.String@50000165)
	value		50000d1f
ARR 50000d1f (sz=18, trace=300000, nelems=9, elem type=char[])
OBJ 50000d20 (sz=16, trace=300000, class=java.lang.String@50000165)
	value		50000d21
ARR 50000d21 (sz=18, trace=300000, nelems=9, elem type=char[])
OBJ 50000d22 (sz=16, trace=300000, class=java.lang.String@50000165)
	value		50000d23
ARR 50000d23 (sz=18, trace=300000, nelems=9, elem type=char[])
OBJ 50000d24 (sz=16, trace=300000, class=java.lang.String@50000165)
	value		50000d25
ARR 50000d25 (sz=14, trace=300000, nelems=7, elem type=char[])
OBJ 50000d26 (sz=16, trace=300000, class=java.lang.String@50000165)
	value		50000d27
ARR 50000d27 (sz=18, trace=300000, nelems=9, elem type=char[])
OBJ 50000d28 (sz=16, trace=300000, class=java.lang.String@50000165)
	value		50000d29
ARR 50000d29 (sz=18, trace=300000, nelems=9, elem type=char[])
OBJ 50000d2a (sz=16, trace=300000, class=java.lang.String@50000165)
	value		50000d2b
ARR 50000d2b (sz=12, trace=300000, nelems=6, elem type=char[])
OBJ 50000d2c (sz=16, trace=300000, class=java.lang.String@50000165)
	value		50000d2d
ARR 50000d2d (sz=10, trace=300000, nelems=5, elem type=char[])
OBJ 50000d2e (sz=16, trace=300000, class=java.lang.String@50000165)
	value		50000d2f
ARR 50000d2f (sz=14, trace=300000, nelems=7, elem type=char[])
OBJ 50000d30 (sz=16, trace=300000, class=java.lang.String@50000165)
	value		50000d31
ARR 50000d31 (sz=30, trace=300000, nelems=15, elem type=char[])
OBJ 50000d32 (sz=16, trace=300000, class=java.lang.String@50000165)
	value		50000d33
ARR 50000d33 (sz=20, trace=300000, nelems=10, elem type=char[])
OBJ 50000d34 (sz=16, trace=300000, class=java.lang.String@50000165)
	value		50000d35
ARR 50000d35 (sz=20, trace=300000, nelems=10, elem type=char[])
OBJ 50000d36 (sz=16, trace=300000, class=java.lang.String@50000165)
	value		50000d37
ARR 50000d37 (sz=14, trace=300000, nelems=7, elem type=char[])
OBJ 50000d38 (sz=16, trace=300000, class=java.lang.String@50000165)
	value		50000d39
ARR 50000d39 (sz=30, trace=300000, nelems=15, elem type=char[])
OBJ 50000d3a (sz=16, trace=300000, class=java.lang.String@50000165)
	value		50000d3b
ARR 50000d3b (sz=10, trace=300000, nelems=5, elem type=char[])
OBJ 50000d3c (sz=16, trace=300000, class=java.lang.String@50000165)
	value		50000d3d
ARR 50000d3d (sz=14, trace=300000, nelems=7, elem type=char[])
OBJ 50000d3e (sz=16, trace=300000, class=java.lang.String@50000165)
	value		50000d3f
ARR 50000d3f (sz=4, trace=300000, nelems=2, elem type=char[])
OBJ 50000d40 (sz=16, trace=300000, class=java.lang.String@50000165)
	value		50000d41
ARR 50000d41 (sz=14, trace=300000, nelems=7, elem type=char[])
OBJ 50000d42 (sz=16, trace=300000, class=java.lang.String@50000165)
	value		50000d43
ARR 50000d43 (sz=14, trace=300000, nelems=7, elem type=char[])
OBJ 50000d44 (sz=16, trace=300000, class=java.lang.String@50000165)
	value		50000d45
ARR 50000d45 (sz=14, trace=300000, nelems=7, elem type=char[])
OBJ 50000d46 (sz=16, trace=300000, class=java.lang.String@50000165)
	value		50000d47
ARR 50000d47 (sz=24, trace=300000, nelems=12, elem type=char[])
OBJ 50000d48 (sz=16, trace=300000, class=java.lang.String@50000165)
	value		50000d4c
ARR 50000d49 (sz=24, trace=300000, nelems=2, elem type=java.lang.Object[]@50000100)
	[0]		50000d4a
	[1]		50000bf9
OBJ 50000d4a (sz=16, trace=300000, class=java.lang.String@50000165)
	value		50000d4b
ARR 50000d4b (sz=16, trace=300000, nelems=8, elem type=char[])
ARR 50000d4c (sz=20, trace=300000, nelems=10, elem type=char[])
OBJ 50000d4d (sz=16, trace=300000, class=java.lang.String@50000165)
	value		50000d4e
ARR 50000d4e (sz=20, trace=300000, nelems=10, elem type=char[])
OBJ 50000d4f (sz=16, trace=300000, class=java.lang.String@50000165)
	value		50000d53
ARR 50000d50 (sz=24, trace=300000, nelems=2, elem type=java.lang.Object[]@50000100)
	[0]		50000d51
	[1]		50000b81
OBJ 50000d51 (sz=16, trace=300000, class=java.lang.String@50000165)
	value		50000d52
ARR 50000d52 (sz=10, trace=300000, nelems=5, elem type=char[])
ARR 50000d53 (sz=16, trace=300000, nelems=8, elem type=char[])
OBJ 50000d54 (sz=16, trace=300000, class=java.lang.String@50000165)
	value		50000d58
ARR 50000d55 (sz=24, trace=300000, nelems=2, elem type=java.lang.Object[]@50000100)
	[0]		50000d56
	[1]		50000be6
OBJ 50000d56 (sz=16, trace=300000, class=java.lang.String@50000165)
	value		50000d57
ARR 50000d57 (sz=12, trace=300000, nelems=6, elem type=char[])
ARR 50000d58 (sz=16, trace=300000, nelems=8, elem type=char[])
OBJ 50000d59 (sz=16, trace=300000, class=java.lang.String@50000165)
	value		50000d5a
ARR 50000d5a (sz=12, trace=300000, nelems=6, elem type=char[])
OBJ 50000d5b (sz=16, trace=300000, class=java.lang.String@50000165)
	value		50000d5c
ARR 50000d5c (sz=12, trace=300000, nelems=6, elem type=char[])
OBJ 50000d5d (sz=16, trace=300000, class=java.lang.String@50000165)
	value		50000d5e
ARR 50000d5e (sz=12, trace=300000, nelems=6, elem type=char[])
OBJ 50000d5f (sz=16, trace=300000, class=java.lang.String@50000165)
	value		50000d60
ARR 50000d60 (sz=12, trace=300000, nelems=6, elem type=char[])
OBJ 50000d61 (sz=16, trace=300000, class=java.lang.String@50000165)
	value		50000d62
ARR 50000d62 (sz=12, trace=300000, nelems=6, elem type=char[])
OBJ 50000d63 (sz=16, trace=300000, class=java.lang.String@50000165)
	value		50000d64
ARR 50000d64 (sz=16, trace=300000, nelems=8, elem type=char[])
OBJ 50000d65 (sz=16, trace=300000, class=java.lang.String@50000165)
	value		50000d66
ARR 50000d66 (sz=30, trace=300000, nelems=15, elem type=char[])
OBJ 50000d67 (sz=16, trace=300000, class=java.lang.String@50000165)
	value		50000d68
ARR 50000d68 (sz=16, trace=300000, nelems=8, elem type=char[])
OBJ 50000d69 (sz=16, trace=300000, class=java.lang.String@50000165)
	value		50000d6a
ARR 50000d6a (sz=48, trace=300000, nelems=24, elem type=char[])
OBJ 50000d6b (sz=16, trace=300000, class=java.lang.String@50000165)
	value		50000d6c
ARR 50000d6c (sz=10, trace=300000, nelems=5, elem type=char[])
OBJ 50000d6d (sz=16, trace=300000, class=java.lang.String@50000165)
	value		50000d6e
ARR 50000d6e (sz=14, trace=300000, nelems=7, elem type=char[])
OBJ 50000d6f (sz=16, trace=300000, class=java.lang.String@50000165)
	value		50000d70
ARR 50000d70 (sz=30, trace=300000, nelems=15, elem type=char[])
OBJ 50000d71 (sz=16, trace=300000, class=java.lang.String@50000165)
	value		50000d72
ARR 50000d72 (sz=14, trace=300000, nelems=7, elem type=char[])
OBJ 50000d73 (sz=16, trace=300000, class=java.lang.String@50000165)
	value		50000d74
ARR 50000d74 (sz=20, trace=300000, nelems=10, elem type=char[])
OBJ 50000d75 (sz=16, trace=300000, class=java.lang.String@50000165)
	value		50000d76
ARR 50000d76 (sz=12, trace=300000, nelems=6, elem type=char[])
OBJ 50000d77 (sz=16, trace=300000, class=java.lang.String@50000165)
	value		50000d78
ARR 50000d78 (sz=14, trace=300000, nelems=7, elem type=char[])
OBJ 50000d79 (sz=16, trace=300000, class=java.lang.String@50000165)
	value		50000d7a
ARR 50000d7a (sz=14, trace=300000, nelems=7, elem type=char[])
OBJ 50000d7b (sz=16, trace=300000, class=java.lang.String@50000165)
	value		50000d7c
ARR 50000d7c (sz=20, trace=300000, nelems=10, elem type=char[])
OBJ 50000d7d (sz=16, trace=300000, class=java.lang.String@50000165)
	value		50000d7e
ARR 50000d7e (sz=20, trace=300000, nelems=10, elem type=char[])
OBJ 50000d7f (sz=16, trace=300000, class=java.lang.String@50000165)
	value		50000d80
ARR 50000d80 (sz=10, trace=300000, nelems=5, elem type=char[])
OBJ 50000d81 (sz=16, trace=300000, class=java.lang.String@50000165)
	value		50000d82
ARR 50000d82 (sz=10, trace=300000, nelems=5, elem type=char[])
OBJ 50000d83 (sz=16, trace=300000, class=java.lang.String@50000165)
	value		50000d84
ARR 50000d84 (sz=36, trace=300000, nelems=18, elem type=char[])
OBJ 50000d85 (sz=16, trace=300000, class=java.lang.String@50000165)
	value		50000d86
ARR 50000d86 (sz=14, trace=300000, nelems=7, elem type=char[])
OBJ 50000d87 (sz=16, trace=300000, class=java.lang.String@50000165)
	value		50000d88
ARR 50000d88 (sz=14, trace=300000, nelems=7, elem type=char[])
OBJ 50000d89 (sz=16, trace=300000, class=java.lang.String@50000165)
	value		50000d8a
ARR 50000d8a (sz=14, trace=300000, nelems=7, elem type=char[])
OBJ 50000d8b (sz=16, trace=300000, class=java.lang.String@50000165)
	value		50000d8c
ARR 50000d8c (sz=14, trace=300000, nelems=7, elem type=char[])
OBJ 50000d8d (sz=16, trace=300000, class=java.lang.String@50000165)
	value		50000d8e
ARR 50000d8e (sz=14, trace=300000, nelems=7, elem type=char[])
OBJ 50000d8f (sz=16, trace=300000, class=java.lang.String@50000165)
	value		50000d90
ARR 50000d90 (sz=16, trace=300000, nelems=8, elem type=char[])
OBJ 50000d91 (sz=16, trace=300000, class=java.lang.String@50000165)
	value		50000d92
ARR 50000d92 (sz=12, trace=300000, nelems=6, elem type=char[])
OBJ 50000d93 (sz=16, trace=300000, class=java.lang.String@50000165)
	value		50000d94
ARR 50000d94 (sz=20, trace=300000, nelems=10, elem type=char[])
OBJ 50000d95 (sz=16, trace=300000, class=java.lang.String@50000165)
	value		50000d96
ARR 50000d96 (sz=10, trace=300000, nelems=5, elem type=char[])
OBJ 50000d97 (sz=16, trace=300000, class=java.lang.String@50000165)
	value		50000d98
ARR 50000d98 (sz=24, trace=300000, nelems=12, elem type=char[])
OBJ 50000d99 (sz=16, trace=300000, class=java.lang.String@50000165)
	value		50000d9a
ARR 50000d9a (sz=28, trace=300000, nelems=14, elem type=char[])
OBJ 50000d9b (sz=16, trace=300000, class=java.lang.String@50000165)
	value		50000d9c
ARR 50000d9c (sz=12, trace=300000, nelems=6, elem type=char[])
OBJ 50000d9d (sz=16, trace=300000, class=java.lang.String@50000165)
	value		50000d9e
ARR 50000d9e (sz=20, trace=300000, nelems=10, elem type=char[])
OBJ 50000d9f (sz=16, trace=300000, class=java.lang.String@50000165)
	value		50000da0
ARR 50000da0 (sz=12, trace=300000, nelems=6, elem type=char[])
OBJ 50000da1 (sz=16, trace=300000, class=java.lang.String@50000165)
	value		50000da2
ARR 50000da2 (sz=12, trace=300000, nelems=6, elem type=char[])
OBJ 50000da3 (sz=16, trace=300000, class=java.lang.String@50000165)
	value		50000da4
ARR 50000da4 (sz=12, trace=300000, nelems=6, elem type=char[])
OBJ 50000da5 (sz=16, trace=300000, class=java.lang.String@50000165)
	value		50000da6
ARR 50000da6 (sz=12, trace=300000, nelems=6, elem type=char[])
OBJ 50000da7 (sz=16, trace=300000, class=java.lang.String@50000165)
	value		50000da8
ARR 50000da8 (sz=12, trace=300000, nelems=6, elem type=char[])
OBJ 50000da9 (sz=16, trace=300000, class=java.lang.String@50000165)
	value		50000daa
ARR 50000daa (sz=6, trace=300000, nelems=3, elem type=char[])
OBJ 50000dab (sz=16, trace=300000, class=java.lang.String@50000165)
	value		50000dac
ARR 50000dac (sz=20, trace=300000, nelems=10, elem type=char[])
OBJ 50000dad (sz=16, trace=300000, class=java.lang.String@50000165)
	value		50000dae
ARR 50000dae (sz=20, trace=300000, nelems=10, elem type=char[])
OBJ 50000daf (sz=16, trace=300000, class=java.lang.String@50000165)
	value		50000db0
ARR 50000db0 (sz=10, trace=300000, nelems=5, elem type=char[])
OBJ 50000db1 (sz=16, trace=300000, class=java.lang.String@50000165)
	value		50000db2
ARR 50000db2 (sz=14, trace=300000, nelems=7, elem type=char[])
OBJ 50000db3 (sz=16, trace=300000, class=java.lang.String@50000165)
	value		50000db4
ARR 50000db4 (sz=14, trace=300000, nelems=7, elem type=char[])
OBJ 50000db5 (sz=16, trace=300000, class=java.lang.String@50000165)
	value		50000db6
ARR 50000db6 (sz=28, trace=300000, nelems=14, elem type=char[])
OBJ 50000db7 (sz=16, trace=300000, class=java.lang.String@50000165)
	value		50000db8
ARR 50000db8 (sz=12, trace=300000, nelems=6, elem type=char[])
OBJ 50000db9 (sz=16, trace=300000, class=java.lang.String@50000165)
	value		50000dba
ARR 50000dba (sz=10, trace=300000, nelems=5, elem type=char[])
OBJ 50000dbb (sz=16, trace=300000, class=java.lang.String@50000165)
	value		50000dbc
ARR 50000dbc (sz=10, trace=300000, nelems=5, elem type=char[])
OBJ 50000dbd (sz=16, trace=300000, class=java.lang.String@50000165)
	value		50000dbe
ARR 50000dbe (sz=12, trace=300000, nelems=6, elem type=char[])
OBJ 50000dbf (sz=16, trace=300000, class=java.lang.String@50000165)
	value		50000dc0
ARR 50000dc0 (sz=14, trace=300000, nelems=7, elem type=char[])
OBJ 50000dc1 (sz=16, trace=300000, class=java.lang.String@50000165)
	value		50000dc2
ARR 50000dc2 (sz=14, trace=300000, nelems=7, elem type=char[])
OBJ 50000dc3 (sz=16, trace=300000, class=java.lang.String@50000165)
	value		50000dc4
ARR 50000dc4 (sz=30, trace=300000, nelems=15, elem type=char[])
OBJ 50000dc5 (sz=16, trace=300000, class=java.lang.String@50000165)
	value		50000dc6
ARR 50000dc6 (sz=6, trace=300000, nelems=3, elem type=char[])
OBJ 50000dc7 (sz=16, trace=300000, class=java.lang.String@50000165)
	value		50000dc8
ARR 50000dc8 (sz=8, trace=300000, nelems=4, elem type=char[])
OBJ 50000dc9 (sz=16, trace=300000, class=java.lang.String@50000165)
	value		50000dca
ARR 50000dca (sz=20, trace=300000, nelems=10, elem type=char[])
OBJ 50000dcb (sz=16, trace=300000, class=java.lang.String@50000165)
	value		50000dcf
ARR 50000dcc (sz=24, trace=300000, nelems=2, elem type=java.lang.Object[]@50000100)
	[0]		50000dcd
	[1]		50000bbb
OBJ 50000dcd (sz=16, trace=300000, class=java.lang.String@50000165)
	value		50000dce
ARR 50000dce (sz=10, trace=300000, nelems=5, elem type=char[])
ARR 50000dcf (sz=10, trace=300000, nelems=5, elem type=char[])
OBJ 50000dd0 (sz=16, trace=300000, class=java.lang.String@50000165)
	value		50000dd4
ARR 50000dd1 (sz=24, trace=300000, nelems=2, elem type=java.lang.Object[]@50000100)
	[0]		50000dd2
	[1]		50000b9d
OBJ 50000dd2 (sz=16, trace=300000, class=java.lang.String@50000165)
	value		50000dd3
ARR 50000dd3 (sz=4, trace=300000, nelems=2, elem type=char[])
ARR 50000dd4 (sz=10, trace=300000, nelems=5, elem type=char[])
OBJ 50000dd5 (sz=16, trace=300000, class=java.lang.String@50000165)
	value		50000dd6
ARR 50000dd6 (sz=10, trace=300000, nelems=5, elem type=char[])
OBJ 50000dd7 (sz=16, trace=300000, class=java.lang.String@50000165)
	value		50000dd8
ARR 50000dd8 (sz=4, trace=300000, nelems=2, elem type=char[])
OBJ 50000dd9 (sz=16, trace=300000, class=java.lang.String@50000165)
	value		50000ddd
ARR 50000dda (sz=24, trace=300000, nelems=2, elem type=java.lang.Object[]@50000100)
	[0]		50000ddb
	[1]		50000bd0
OBJ 50000ddb (sz=16, trace=300000, class=java.lang.String@50000165)
	value		50000ddc
ARR 50000ddc (sz=4, trace=300000, nelems=2, elem type=char[])
ARR 50000ddd (sz=10, trace=300000, nelems=5, elem type=char[])
OBJ 50000dde (sz=16, trace=300000, class=java.lang.String@50000165)
	value		50000ddf
ARR 50000ddf (sz=16, trace=300000, nelems=8, elem type=char[])
OBJ 50000de0 (sz=16, trace=300000, class=java.lang.String@50000165)
	value		50000de7
ARR 50000de1 (sz=24, trace=300000, nelems=3, elem type=java.lang.Object[]@50000100)
	[0]		50000de2
	[1]		50000b9d
	[2]		50000de3
OBJ 50000de2 (sz=16, trace=300000, class=java.lang.String@50000165)
	value		50000de6
ARR 50000de3 (sz=24, trace=300000, nelems=2, elem type=java.lang.Object[]@50000100)
	[0]		50000de4
	[1]		50000bd9
OBJ 50000de4 (sz=16, trace=300000, class=java.lang.String@50000165)
	value		50000de5
ARR 50000de5 (sz=4, trace=300000, nelems=2, elem type=char[])
ARR 50000de6 (sz=12, trace=300000, nelems=6, elem type=char[])
ARR 50000de7 (sz=10, trace=300000, nelems=5, elem type=char[])
OBJ 50000de8 (sz=16, trace=300000, class=java.lang.String@50000165)
	value		50000de9
ARR 50000de9 (sz=4, trace=300000, nelems=2, elem type=char[])
OBJ 50000dea (sz=16, trace=300000, class=java.lang.String@50000165)
	value		50000deb
ARR 50000deb (sz=14, trace=300000, nelems=7, elem type=char[])
OBJ 50000dec (sz=16, trace=300000, class=java.lang.String@50000165)
	value		50000df0
ARR 50000ded (sz=24, trace=300000, nelems=2, elem type=java.lang.Object[]@50000100)
	[0]		50000dee
	[1]		50000bd0
OBJ 50000dee (sz=16, trace=300000, class=java.lang.String@50000165)
	value		50000def
ARR 50000def (sz=14, trace=300000, nelems=7, elem type=char[])
ARR 50000df0 (sz=12, trace=300000, nelems=6, elem type=char[])
OBJ 50000df1 (sz=16, trace=300000, class=java.lang.String@50000165)
	value		50000df2
ARR 50000df2 (sz=14, trace=300000, nelems=7, elem type=char[])
OBJ 50000df3 (sz=16, trace=300000, class=java.lang.String@50000165)
	value		50000df7
ARR 50000df4 (sz=24, trace=300000, nelems=2, elem type=java.lang.Object[]@50000100)
	[0]		50000df5
	[1]		50000ba8
OBJ 50000df5 (sz=16, trace=300000, class=java.lang.String@50000165)
	value		50000df6
ARR 50000df6 (sz=6, trace=300000, nelems=3, elem type=char[])
ARR 50000df7 (sz=12, trace=300000, nelems=6, elem type=char[])
OBJ 50000df8 (sz=16, trace=300000, class=java.lang.String@50000165)
	value		50000df9
ARR 50000df9 (sz=22, trace=300000, nelems=11, elem type=char[])
OBJ 50000dfa (sz=16, trace=300000, class=java.lang.String@50000165)
	value		50000dfb
ARR 50000dfb (sz=22, trace=300000, nelems=11, elem type=char[])
OBJ 50000dfc (sz=16, trace=300000, class=java.lang.String@50000165)
	value		50000dfd
ARR 50000dfd (sz=12, trace=300000, nelems=6, elem type=char[])
OBJ 50000dfe (sz=16, trace=300000, class=java.lang.String@50000165)
	value		50000dff
ARR 50000dff (sz=12, trace=300000, nelems=6, elem type=char[])
OBJ 50000e00 (sz=16, trace=300000, class=java.lang.String@50000165)
	value		50000e01
ARR 50000e01 (sz=12, trace=300000, nelems=6, elem type=char[])
OBJ 50000e02 (sz=16, trace=300000, class=java.lang.String@50000165)
	value		50000e03
ARR 50000e03 (sz=18, trace=300000, nelems=9, elem type=char[])
OBJ 50000e04 (sz=16, trace=300000, class=java.lang.String@50000165)
	value		50000e05
ARR 50000e05 (sz=18, trace=300000, nelems=9, elem type=char[])
OBJ 50000e06 (sz=16, trace=300000, class=java.lang.String@50000165)
	value		50000e07
ARR 50000e07 (sz=18, trace=300000, nelems=9, elem type=char[])
OBJ 50000e08 (sz=16, trace=300000, class=java.lang.String@50000165)
	value		50000e09
ARR 50000e09 (sz=18, trace=300000, nelems=9, elem type=char[])
OBJ 50000e0a (sz=16, trace=300000, class=java.lang.String@50000165)
	value		50000e0b
ARR 50000e0b (sz=18, trace=300000, nelems=9, elem type=char[])
OBJ 50000e0c (sz=16, trace=300000, class=java.lang.String@50000165)
	value		50000e0d
ARR 50000e0d (sz=18, trace=300000, nelems=9, elem type=char[])
OBJ 50000e0e (sz=16, trace=300000, class=java.lang.String@50000165)
	value		50000e0f
ARR 50000e0f (sz=42, trace=300000, nelems=21, elem type=char[])
OBJ 50000e10 (sz=16, trace=300000, class=java.lang.String@50000165)
	value		50000e11
ARR 50000e11 (sz=6, trace=300000, nelems=3, elem type=char[])
OBJ 50000e12 (sz=16, trace=300000, class=java.lang.String@50000165)
	value		50000e13
ARR 50000e13 (sz=30, trace=300000, nelems=15, elem type=char[])
OBJ 50000e14 (sz=16, trace=300000, class=java.lang.String@50000165)
	value		50000e15
ARR 50000e15 (sz=20, trace=300000, nelems=10, elem type=char[])
OBJ 50000e16 (sz=16, trace=300000, class=java.lang.String@50000165)
	value		50000e17
ARR 50000e17 (sz=30, trace=300000, nelems=15, elem type=char[])
OBJ 50000e18 (sz=16, trace=300000, class=java.lang.String@50000165)
	value		50000e19
ARR 50000e19 (sz=20, trace=300000, nelems=10, elem type=char[])
OBJ 50000e1a (sz=16, trace=300000, class=java.lang.String@50000165)
	value		50000e1b
ARR 50000e1b (sz=6, trace=300000, nelems=3, elem type=char[])
OBJ 50000e1c (sz=16, trace=300000, class=java.lang.String@50000165)
	value		50000e1d
ARR 50000e1d (sz=6, trace=300000, nelems=3, elem type=char[])
OBJ 50000e1e (sz=16, trace=300000, class=java.lang.String@50000165)
	value		50000e1f
ARR 50000e1f (sz=14, trace=300000, nelems=7, elem type=char[])
OBJ 50000e20 (sz=16, trace=300000, class=java.lang.String@50000165)
	value		50000e24
ARR 50000e21 (sz=24, trace=300000, nelems=2, elem type=java.lang.Object[]@50000100)
	[0]		50000e22
	[1]		50000bbb
OBJ 50000e22 (sz=16, trace=300000, class=java.lang.String@50000165)
	value		50000e23
ARR 50000e23 (sz=6, trace=300000, nelems=3, elem type=char[])
ARR 50000e24 (sz=6, trace=300000, nelems=3, elem type=char[])
OBJ 50000e25 (sz=16, trace=300000, class=java.lang.String@50000165)
	value		50000e29
ARR 50000e26 (sz=24, trace=300000, nelems=2, elem type=java.lang.Object[]@50000100)
	[0]		50000e27
	[1]		50000ba8
OBJ 50000e27 (sz=16, trace=300000, class=java.lang.String@50000165)
	value		50000e28
ARR 50000e28 (sz=16, trace=300000, nelems=8, elem type=char[])
ARR 50000e29 (sz=6, trace=300000, nelems=3, elem type=char[])
OBJ 50000e2a (sz=16, trace=300000, class=java.lang.String@50000165)
	value		50000e2b
ARR 50000e2b (sz=6, trace=300000, nelems=3, elem type=char[])
OBJ 50000e2c (sz=16, trace=300000, class=java.lang.String@50000165)
	value		50000e2d
ARR 50000e2d (sz=6, trace=300000, nelems=3, elem type=char[])
OBJ 50000e2e (sz=16, trace=300000, class=java.lang.String@50000165)
	value		50000e32
ARR 50000e2f (sz=24, trace=300000, nelems=2, elem type=java.lang.Object[]@50000100)
	[0]		50000e30
	[1]		50000bdc
OBJ 50000e30 (sz=16, trace=300000, class=java.lang.String@50000165)
	value		50000e31
ARR 50000e31 (sz=10, trace=300000, nelems=5, elem type=char[])
ARR 50000e32 (sz=6, trace=300000, nelems=3, elem type=char[])
OBJ 50000e33 (sz=16, trace=300000, class=java.lang.String@50000165)
	value		50000e34
ARR 50000e34 (sz=10, trace=300000, nelems=5, elem type=char[])
OBJ 50000e35 (sz=16, trace=300000, class=java.lang.String@50000165)
	value		50000e39
ARR 50000e36 (sz=24, trace=300000, nelems=2, elem type=java.lang.Object[]@50000100)
	[0]		50000e37
	[1]		50000c01
OBJ 50000e37 (sz=16, trace=300000, class=java.lang.String@50000165)
	value		50000e38
ARR 50000e38 (sz=18, trace=300000, nelems=9, elem type=char[])
ARR 50000e39 (sz=32, trace=300000, nelems=16, elem type=char[])
OBJ 50000e3a (sz=16, trace=300000, class=java.lang.String@50000165)
	value		50000e3b
ARR 50000e3b (sz=16, trace=300000, nelems=8, elem type=char[])
OBJ 50000e3c (sz=16, trace=300000, class=java.lang.String@50000165)
	value		50000e3d
ARR 50000e3d (sz=24, trace=300000, nelems=12, elem type=char[])
OBJ 50000e3e (sz=16, trace=300000, class=java.lang.String@50000165)
	value		50000e3f
ARR 50000e3f (sz=10, trace=300000, nelems=5, elem type=char[])
OBJ 50000e40 (sz=16, trace=300000, class=java.lang.String@50000165)
	value		50000e41
ARR 50000e41 (sz=10, trace=300000, nelems=5, elem type=char[])
OBJ 50000e42 (sz=16, trace=300000, class=java.lang.String@50000165)
	value		50000e43
ARR 50000e43 (sz=10, trace=300000, nelems=5, elem type=char[])
OBJ 50000e44 (sz=16, trace=300000, class=java.lang.String@50000165)
	value		50000e45
ARR 50000e45 (sz=10, trace=300000, nelems=5, elem type=char[])
OBJ 50000e46 (sz=16, trace=300000, class=java.lang.String@50000165)
	value		50000e47
ARR 50000e47 (sz=10, trace=300000, nelems=5, elem type=char[])
OBJ 50000e48 (sz=16, trace=300000, class=java.lang.String@50000165)
	value		50000e49
ARR 50000e49 (sz=12, trace=300000, nelems=6, elem type=char[])
OBJ 50000e4a (sz=16, trace=300000, class=java.lang.String@50000165)
	value		50000e4b
ARR 50000e4b (sz=12, trace=300000, nelems=6, elem type=char[])
OBJ 50000e4c (sz=16, trace=300000, class=java.lang.String@50000165)
	value		50000e4d
ARR 50000e4d (sz=16, trace=300000, nelems=8, elem type=char[])
OBJ 50000e4e (sz=16, trace=300000, class=java.lang.String@50000165)
	value		50000e4f
ARR 50000e4f (sz=20, trace=300000, nelems=10, elem type=char[])
OBJ 50000e50 (sz=16, trace=300000, class=java.lang.String@50000165)
	value		50000e51
ARR 50000e51 (sz=34, trace=300000, nelems=17, elem type=char[])
OBJ 50000e52 (sz=16, trace=300000, class=java.lang.String@50000165)
	value		50000e53
ARR 50000e53 (sz=6, trace=300000, nelems=3, elem type=char[])
OBJ 50000e54 (sz=16, trace=300000, class=java.lang.String@50000165)
	value		50000e55
ARR 50000e55 (sz=30, trace=300000, nelems=15, elem type=char[])
OBJ 50000e56 (sz=16, trace=300000, class=java.lang.String@50000165)
	value		50000e57
ARR 50000e57 (sz=12, trace=300000, nelems=6, elem type=char[])
OBJ 50000e58 (sz=16, trace=300000, class=java.lang.String@50000165)
	value		50000e59
ARR 50000e59 (sz=12, trace=300000, nelems=6, elem type=char[])
OBJ 50000e5a (sz=16, trace=300000, class=java.lang.String@50000165)
	value		50000e5e
ARR 50000e5b (sz=24, trace=300000, nelems=2, elem type=java.lang.Object[]@50000100)
	[0]		50000e5c
	[1]		50000bcc
OBJ 50000e5c (sz=16, trace=300000, class=java.lang.String@50000165)
	value		50000e5d
ARR 50000e5d (sz=12, trace=300000, nelems=6, elem type=char[])
ARR 50000e5e (sz=6, trace=300000, nelems=3, elem type=char[])
OBJ 50000e5f (sz=16, trace=300000, class=java.lang.String@50000165)
	value		50000e60
ARR 50000e60 (sz=12, trace=300000, nelems=6, elem type=char[])
OBJ 50000e61 (sz=16, trace=300000, class=java.lang.String@50000165)
	value		50000e62
ARR 50000e62 (sz=12, trace=300000, nelems=6, elem type=char[])
OBJ 50000e63 (sz=16, trace=300000, class=java.lang.String@50000165)
	value		50000e67
ARR 50000e64 (sz=24, trace=300000, nelems=2, elem type=java.lang.Object[]@50000100)
	[0]		50000e65
	[1]		50000bdc
OBJ 50000e65 (sz=16, trace=300000, class=java.lang.String@50000165)
	value		50000e66
ARR 50000e66 (sz=12, trace=300000, nelems=6, elem type=char[])
ARR 50000e67 (sz=36, trace=300000, nelems=18, elem type=char[])
OBJ 50000e68 (sz=16, trace=300000, class=java.lang.String@50000165)
	value		50000e69
ARR 50000e69 (sz=6, trace=300000, nelems=3, elem type=char[])
OBJ 50000e6a (sz=16, trace=300000, class=java.lang.String@50000165)
	value		50000e6b
ARR 50000e6b (sz=6, trace=300000, nelems=3, elem type=char[])
OBJ 50000e6c (sz=16, trace=300000, class=java.lang.String@50000165)
	value		50000e6d
ARR 50000e6d (sz=6, trace=300000, nelems=3, elem type=char[])
OBJ 50000e6e (sz=16, trace=300000, class=java.lang.String@50000165)
	value		50000e6f
ARR 50000e6f (sz=6, trace=300000, nelems=3, elem type=char[])
OBJ 50000e70 (sz=16, trace=300000, class=java.lang.String@50000165)
	value		50000e71
ARR 50000e71 (sz=6, trace=300000, nelems=3, elem type=char[])
OBJ 50000e72 (sz=16, trace=300000, class=java.lang.String@50000165)
	value		50000e73
ARR 50000e73 (sz=30, trace=300000, nelems=15, elem type=char[])
OBJ 50000e74 (sz=16, trace=300000, class=java.lang.String@50000165)
	value		50000e75
ARR 50000e75 (sz=18, trace=300000, nelems=9, elem type=char[])
OBJ 50000e76 (sz=16, trace=300000, class=java.lang.String@50000165)
	value		50000e77
ARR 50000e77 (sz=26, trace=300000, nelems=13, elem type=char[])
OBJ 50000e78 (sz=16, trace=300000, class=java.lang.String@50000165)
	value		50000e79
ARR 50000e79 (sz=22, trace=300000, nelems=11, elem type=char[])
OBJ 50000e7a (sz=16, trace=300000, class=java.lang.String@50000165)
	value		50000e7b
ARR 50000e7b (sz=22, trace=300000, nelems=11, elem type=char[])
OBJ 50000e7c (sz=16, trace=300000, class=java.lang.String@50000165)
	value		50000e7d
ARR 50000e7d (sz=22, trace=300000, nelems=11, elem type=char[])
OBJ 50000e7e (sz=16, trace=300000, class=java.lang.String@50000165)
	value		50000e7f
ARR 50000e7f (sz=22, trace=300000, nelems=11, elem type=char[])
OBJ 50000e80 (sz=16, trace=300000, class=java.lang.String@50000165)
	value		50000e81
ARR 50000e81 (sz=22, trace=300000, nelems=11, elem type=char[])
OBJ 50000e82 (sz=16, trace=300000, class=java.lang.String@50000165)
	value		50000e83
ARR 50000e83 (sz=22, trace=300000, nelems=11, elem type=char[])
ARR 50000e84 (sz=144, trace=300000, nelems=32, elem type=java.lang.Object[]@50000100)
	[0]		50000e85
	[2]		50000e86
	[3]		50000e87
	[4]		50000e88
	[5]		50000e89
	[6]		50000e8a
	[7]		50000e8b
	[8]		50000e8c
	[9]		50000e8d
	[10]		50000e8e
	[11]		50000e8f
	[12]		50000e90
	[14]		50000e91
	[15]		50000e92
	[16]		50000e93
	[17]		50000e94
	[18]		50000e95
	[19]		50000e96
	[22]		50000e97
	[23]		50000e98
	[24]		50000e99
	[28]		50000e9a
	[29]		50000e9b
	[31]		50000e9c
ARR 50000e85 (sz=24, trace=300000, nelems=1, elem type=java.lang.Object[]@50000100)
	[0]		50000c18
ARR 50000e86 (sz=24, trace=300000, nelems=3, elem type=java.lang.Object[]@50000100)
	[0]		50000c0a
	[2]		50000f64
ARR 50000e87 (sz=24, trace=300000, nelems=3, elem type=java.lang.Object[]@50000100)
	[0]		50000c01
	[2]		50000f63
ARR 50000e88 (sz=24, trace=300000, nelems=3, elem type=java.lang.Object[]@50000100)
	[0]		50000bf3
	[2]		50000f61
ARR 50000e89 (sz=24, trace=300000, nelems=3, elem type=java.lang.Object[]@50000100)
	[0]		50000bea
	[2]		50000f5e
ARR 50000e8a (sz=24, trace=300000, nelems=1, elem type=java.lang.Object[]@50000100)
	[0]		50000be6
ARR 50000e8b (sz=24, trace=300000, nelems=2, elem type=java.lang.Object[]@50000100)
	[0]		50000be2
	[1]		50000229
ARR 50000e8c (sz=24, trace=300000, nelems=3, elem type=java.lang.Object[]@50000100)
	[0]		50000bd9
	[2]		50000f59
ARR 50000e8d (sz=24, trace=300000, nelems=3, elem type=java.lang.Object[]@50000100)
	[0]		50000bd0
	[2]		50000f55
ARR 50000e8e (sz=24, trace=300000, nelems=1, elem type=java.lang.Object[]@50000100)
	[0]		50000bcc
ARR 50000e8f (sz=24, trace=300000, nelems=3, elem type=java.lang.Object[]@50000100)
	[0]		50000bc3
	[2]		50000f54
ARR 50000e90 (sz=24, trace=300000, nelems=1, elem type=java.lang.Object[]@50000100)
	[0]		50000bbf
ARR 50000e91 (sz=24, trace=300000, nelems=1, elem type=java.lang.Object[]@50000100)
	[0]		50000bbb
ARR 50000e92 (sz=24, trace=300000, nelems=1, elem type=java.lang.Object[]@50000100)
	[0]		50000bb7
ARR 50000e93 (sz=24, trace=300000, nelems=3, elem type=java.lang.Object[]@50000100)
	[0]		50000bae
	[2]		50000f53
ARR 50000e94 (sz=24, trace=300000, nelems=3, elem type=java.lang.Object[]@50000100)
	[0]		50000ba5
	[2]		50000ea1
ARR 50000e95 (sz=24, trace=300000, nelems=3, elem type=java.lang.Object[]@50000100)
	[0]		50000b97
	[2]		50000e9f
ARR 50000e96 (sz=24, trace=300000, nelems=3, elem type=java.lang.Object[]@50000100)
	[0]		50000b89
	[2]		50000e9d
ARR 50000e97 (sz=24, trace=300000, nelems=1, elem type=java.lang.Object[]@50000100)
	[0]		50000b85
ARR 50000e98 (sz=24, trace=300000, nelems=1, elem type=java.lang.Object[]@50000100)
	[0]		50000b81
ARR 50000e99 (sz=24, trace=300000, nelems=1, elem type=java.lang.Object[]@50000100)
	[0]		50000b7d
ARR 50000e9a (sz=24, trace=300000, nelems=1, elem type=java.lang.Object[]@50000100)
	[0]		50000b79
ARR 50000e9b (sz=24, trace=300000, nelems=1, elem type=java.lang.Object[]@50000100)
	[0]		50000b75
ARR 50000e9c (sz=24, trace=300000, nelems=1, elem type=java.lang.Object[]@50000100)
	[0]		50000b71
ARR 50000e9d (sz=24, trace=300000, nelems=3, elem type=java.lang.Object[]@50000100)
	[0]		50000b8c
	[2]		50000e9e
ARR 50000e9e (sz=24, trace=300000, nelems=1, elem type=java.lang.Object[]@50000100)
	[0]		50000b8f
ARR 50000e9f (sz=24, trace=300000, nelems=3, elem type=java.lang.Object[]@50000100)
	[0]		50000b9a
	[2]		50000ea0
ARR 50000ea0 (sz=24, trace=300000, nelems=1, elem type=java.lang.Object[]@50000100)
	[0]		50000b9d
ARR 50000ea1 (sz=24, trace=300000, nelems=2, elem type=java.lang.Object[]@50000100)
	[0]		50000ba8
	[1]		50000200
ARR 50000ea2 (sz=72, trace=300000, nelems=14, elem type=java.lang.String[]@500000bf)
	[0]		50000e27
	[1]		50000ea5
	[2]		50000ea6
	[3]		50000ea7
	[4]		50000ea8
	[5]		50000d3e
	[6]		50000ea9
	[7]		50000d3a
	[8]		50000eaa
	[9]		50000d6d
	[10]		50000df5
	[11]		50000cf6
	[12]		50000eab
	[13]		50000d2a
OBJ 50000ea3 (sz=16, trace=300000, class=java.lang.String@50000165)
	value		50000ea4
ARR 50000ea4 (sz=16, trace=300000, nelems=8, elem type=char[])
OBJ 50000ea5 (sz=16, trace=300000, class=java.lang.String@50000165)
	value		50000eb2
OBJ 50000ea6 (sz=16, trace=300000, class=java.lang.String@50000165)
	value		50000eb1
OBJ 50000ea7 (sz=16, trace=300000, class=java.lang.String@50000165)
	value		50000eb0
OBJ 50000ea8 (sz=16, trace=300000, class=java.lang.String@50000165)
	value		50000eaf
OBJ 50000ea9 (sz=16, trace=300000, class=java.lang.String@50000165)
	value		50000eae
OBJ 50000eaa (sz=16, trace=300000, class=java.lang.String@50000165)
	value		50000ead
OBJ 50000eab (sz=16, trace=300000, class=java.lang.String@50000165)
	value		50000eac
ARR 50000eac (sz=28, trace=300000, nelems=14, elem type=char[])
ARR 50000ead (sz=14, trace=300000, nelems=7, elem type=char[])
ARR 50000eae (sz=12, trace=300000, nelems=6, elem type=char[])
ARR 50000eaf (sz=18, trace=300000, nelems=9, elem type=char[])
ARR 50000eb0 (sz=10, trace=300000, nelems=5, elem type=char[])
ARR 50000eb1 (sz=32, trace=300000, nelems=16, elem type=char[])
ARR 50000eb2 (sz=28, trace=300000, nelems=14, elem type=char[])
OBJ 50000eb3 (sz=16, trace=300000, class=java.lang.String@50000165)
	value		50000f15
OBJ 50000eb4 (sz=16, trace=300000, class=java.lang.String@50000165)
	value		50000f17
OBJ 50000eb5 (sz=16, trace=300000, class=java.lang.String@50000165)
	value		50000f16
OBJ 50000eb6 (sz=16, trace=300000, class=java.lang.String@50000165)
	value		50000f18
OBJ 50000eb7 (sz=16, trace=300000, class=java.lang.String@50000165)
	value		50000f1b
OBJ 50000eb8 (sz=16, trace=300000, class=java.lang.String@50000165)
	value		50000f1a
OBJ 50000eb9 (sz=16, trace=300000, class=java.lang.String@50000165)
	value		50000f19
OBJ 50000eba (sz=16, trace=300000, class=java.lang.String@50000165)
	value		50000f1d
OBJ 50000ebb (sz=16, trace=300000, class=java.lang.String@50000165)
	value		50000f1c
OBJ 50000ebc (sz=16, trace=300000, class=java.lang.String@50000165)
	value		50000f1e
OBJ 50000ebd (sz=16, trace=300000, class=java.lang.String@50000165)
	value		50000f1f
OBJ 50000ebe (sz=16, trace=300000, class=java.lang.String@50000165)
	value		50000f20
OBJ 50000ebf (sz=16, trace=300000, class=java.lang.String@50000165)
	value		50000f21
OBJ 50000ec0 (sz=16, trace=300000, class=java.lang.String@50000165)
	value		50000f22
OBJ 50000ec1 (sz=16, trace=300000, class=java.lang.String@50000165)
	value		50000f23
OBJ 50000ec2 (sz=16, trace=300000, class=java.lang.String@50000165)
	value		50000f2a
OBJ 50000ec3 (sz=16, trace=300000, class=java.lang.String@50000165)
	value		50000f29
OBJ 50000ec4 (sz=16, trace=300000, class=java.lang.String@50000165)
	value		50000f28
OBJ 50000ec5 (sz=16, trace=300000, class=java.lang.String@50000165)
	value		50000f27
OBJ 50000ec6 (sz=16, trace=300000, class=java.lang.String@50000165)
	value		50000f26
OBJ 50000ec7 (sz=16, trace=300000, class=java.lang.String@50000165)
	value		50000f25
OBJ 50000ec8 (sz=16, trace=300000, class=java.lang.String@50000165)
	value		50000f24
OBJ 50000ec9 (sz=16, trace=300000, class=java.lang.String@50000165)
	value		50000f2e
OBJ 50000eca (sz=16, trace=300000, class=java.lang.String@50000165)
	value		50000f2d
OBJ 50000ecb (sz=16, trace=300000, class=java.lang.String@50000165)
	value		50000f2c
OBJ 50000ecc (sz=16, trace=300000, class=java.lang.String@50000165)
	value		50000f2b
OBJ 50000ecd (sz=16, trace=300000, class=java.lang.String@50000165)
	value		50000f31
OBJ 50000ece (sz=16, trace=300000, class=java.lang.String@50000165)
	value		50000f30
OBJ 50000ecf (sz=16, trace=300000, class=java.lang.String@50000165)
	value		50000f2f
OBJ 50000ed0 (sz=16, trace=300000, class=java.lang.String@50000165)
	value		50000f35
OBJ 50000ed1 (sz=16, trace=300000, class=java.lang.String@50000165)
	value		50000f34
OBJ 50000ed2 (sz=16, trace=300000, class=java.lang.String@50000165)
	value		50000f33
OBJ 50000ed3 (sz=16, trace=300000, class=java.lang.String@50000165)
	value		50000f32
OBJ 50000ed4 (sz=16, trace=300000, class=java.lang.String@50000165)
	value		50000f3a
OBJ 50000ed5 (sz=16, trace=300000, class=java.lang.String@50000165)
	value		50000f39
OBJ 50000ed6 (sz=16, trace=300000, class=java.lang.String@50000165)
	value		50000f38
OBJ 50000ed7 (sz=16, trace=300000, class=java.lang.String@50000165)
	value		50000f37
OBJ 50000ed8 (sz=16, trace=300000, class=java.lang.String@50000165)
	value		50000f36
OBJ 50000ed9 (sz=16, trace=300000, class=java.lang.String@50000165)
	value		50000f3e
OBJ 50000eda (sz=16, trace=300000, class=java.lang.String@50000165)
	value		50000f3d
OBJ 50000edb (sz=16, trace=300000, class=java.lang.String@50000165)
	value		50000f3c
OBJ 50000edc (sz=16, trace=300000, class=java.lang.String@50000165)
	value		50000f3b
OBJ 50000edd (sz=16, trace=300000, class=java.lang.String@50000165)
	value		50000f3f
OBJ 50000ede (sz=16, trace=300000, class=java.lang.String@50000165)
	value		50000f4b
OBJ 50000edf (sz=16, trace=300000, class=java.lang.String@50000165)
	value		50000f4a
OBJ 50000ee0 (sz=16, trace=300000, class=java.lang.String@50000165)
	value		50000f49
OBJ 50000ee1 (sz=16, trace=300000, class=java.lang.String@50000165)
	value		50000f48
OBJ 50000ee2 (sz=16, trace=300000, class=java.lang.String@50000165)
	value		50000f47
OBJ 50000ee3 (sz=16, trace=300000, class=java.lang.String@50000165)
	value		50000f46
OBJ 50000ee4 (sz=16, trace=300000, class=java.lang.String@50000165)
	value		50000f45
OBJ 50000ee5 (sz=16, trace=300000, class=java.lang.String@50000165)
	value		50000f44
OBJ 50000ee6 (sz=16, trace=300000, class=java.lang.String@50000165)
	value		50000f43
OBJ 50000ee7 (sz=16, trace=300000, class=java.lang.String@50000165)
	value		50000f42
OBJ 50000ee8 (sz=16, trace=300000, class=java.lang.String@50000165)
	value		50000f41
OBJ 50000ee9 (sz=16, trace=300000, class=java.lang.String@50000165)
	value		50000f40
OBJ 50000eea (sz=16, trace=300000, class=java.lang.String@50000165)
	value		50000f4c
OBJ 50000eeb (sz=16, trace=300000, class=java.lang.String@50000165)
	value		50000f4d
OBJ 50000eec (sz=16, trace=300000, class=java.lang.String@50000165)
	value		50000f4e
OBJ 50000eed (sz=16, trace=300000, class=java.lang.String@50000165)
	value		50000f4f
OBJ 50000eee (sz=16, trace=300000, class=java.lang.String@50000165)
	value		50000f50
ARR 50000eef (sz=32, trace=300000, nelems=4, elem type=java.lang.String[]@500000bf)
	[0]		50000daf
	[1]		50000d75
	[2]		50000d71
	[3]		50000e10
ARR 50000ef0 (sz=32, trace=300000, nelems=5, elem type=java.lang.String[]@500000bf)
	[0]		50000db9
	[1]		50000c0a
	[2]		50000d77
	[3]		50000e1a
	[4]		50000eee
ARR 50000ef1 (sz=40, trace=300000, nelems=6, elem type=java.lang.String[]@500000bf)
	[0]		50000dbb
	[1]		50000c18
	[2]		50000d79
	[3]		50000e1c
	[4]		50000eed
	[5]		50000d18
ARR 50000ef2 (sz=32, trace=300000, nelems=5, elem type=java.lang.String[]@500000bf)
	[0]		50000dcb
	[1]		50000d1a
	[2]		50000d42
	[3]		50000e20
	[4]		50000eec
ARR 50000ef3 (sz=32, trace=300000, nelems=5, elem type=java.lang.String[]@500000bf)
	[0]		50000dd0
	[1]		50000b8c
	[2]		50000d87
	[3]		50000e25
	[4]		50000eeb
ARR 50000ef4 (sz=32, trace=300000, nelems=5, elem type=java.lang.String[]@500000bf)
	[0]		50000dd5
	[1]		50000d89
	[2]		50000b97
	[3]		50000e2a
	[4]		50000d00
ARR 50000ef5 (sz=32, trace=300000, nelems=5, elem type=java.lang.String[]@500000bf)
	[0]		50000dd9
	[1]		50000bae
	[2]		50000d8b
	[3]		50000e2c
	[4]		50000eea
ARR 50000ef6 (sz=32, trace=300000, nelems=5, elem type=java.lang.String[]@500000bf)
	[0]		50000de0
	[1]		50000d8d
	[2]		50000bb7
	[3]		50000e2e
	[4]		50000ce2
ARR 50000ef7 (sz=32, trace=300000, nelems=4, elem type=java.lang.String[]@500000bf)
	[0]		50000d95
	[1]		50000bb1
	[2]		50000d44
	[3]		50000dc5
ARR 50000ef8 (sz=32, trace=300000, nelems=4, elem type=java.lang.String[]@500000bf)
	[0]		50000dcd
	[1]		50000d91
	[2]		50000d85
	[3]		50000e22
ARR 50000ef9 (sz=40, trace=300000, nelems=6, elem type=java.lang.String[]@500000bf)
	[0]		50000d81
	[1]		50000b9a
	[2]		50000d36
	[3]		50000da9
	[4]		50000e35
	[5]		50000cfe
ARR 50000efa (sz=24, trace=300000, nelems=2, elem type=java.lang.String[]@500000bf)
	[0]		50000d56
	[1]		50000ce8
ARR 50000efb (sz=24, trace=300000, nelems=2, elem type=java.lang.String[]@500000bf)
	[0]		50000d59
	[1]		50000cea
ARR 50000efc (sz=24, trace=300000, nelems=2, elem type=java.lang.String[]@500000bf)
	[0]		50000d5b
	[1]		50000cee
ARR 50000efd (sz=24, trace=300000, nelems=2, elem type=java.lang.String[]@500000bf)
	[0]		50000d5d
	[1]		50000cf0
ARR 50000efe (sz=24, trace=300000, nelems=3, elem type=java.lang.String[]@500000bf)
	[0]		50000d5f
	[1]		50000cf2
	[2]		50000e37
ARR 50000eff (sz=24, trace=300000, nelems=2, elem type=java.lang.String[]@500000bf)
	[0]		50000d61
	[1]		50000cf4
ARR 50000f00 (sz=16, trace=300000, nelems=1, elem type=java.lang.String[]@500000bf)
	[0]		50000e48
ARR 50000f01 (sz=24, trace=300000, nelems=3, elem type=java.lang.String[]@500000bf)
	[0]		50000e4a
	[1]		50000dc7
	[2]		50000d24
ARR 50000f02 (sz=72, trace=300000, nelems=15, elem type=java.lang.String[]@500000bf)
	[0]		50000ede
	[1]		50000d3c
	[2]		50000edf
	[3]		50000ee0
	[4]		50000ee1
	[5]		50000ee2
	[6]		50000ee3
	[7]		50000e3e
	[8]		50000e68
	[9]		50000ee4
	[10]		50000ee5
	[11]		50000ee6
	[12]		50000ee7
	[13]		50000ee8
	[14]		50000ee9
ARR 50000f03 (sz=32, trace=300000, nelems=4, elem type=java.lang.String[]@500000bf)
	[0]		50000d4d
	[1]		50000d40
	[2]		50000dfa
	[3]		50000edd
ARR 50000f04 (sz=64, trace=300000, nelems=13, elem type=java.lang.String[]@500000bf)
	[0]		50000e02
	[1]		50000e56
	[2]		50000d7b
	[3]		50000ed9
	[4]		50000eda
	[5]		50000edb
	[6]		50000d9f
	[7]		50000dd7
	[8]		50000dec
	[9]		50000dc1
	[10]		50000e6a
	[11]		50000e40
	[12]		50000edc
ARR 50000f05 (sz=80, trace=300000, nelems=16, elem type=java.lang.String[]@500000bf)
	[0]		50000e04
	[1]		50000e58
	[2]		50000d93
	[3]		50000ed4
	[4]		50000ed5
	[5]		50000ed6
	[6]		50000ed7
	[7]		50000d2c
	[8]		50000df3
	[9]		50000ed8
	[10]		50000d0d
	[11]		50000dbd
	[12]		50000db3
	[13]		50000e5a
	[14]		50000e33
	[15]		50000d1e
ARR 50000f06 (sz=64, trace=300000, nelems=12, elem type=java.lang.String[]@500000bf)
	[0]		50000e06
	[1]		50000e5c
	[2]		50000d7d
	[3]		50000ed0
	[4]		50000ed1
	[5]		50000ed2
	[6]		50000dde
	[7]		50000dfc
	[8]		50000dea
	[9]		50000e42
	[10]		50000e6c
	[11]		50000ed3
ARR 50000f07 (sz=64, trace=300000, nelems=13, elem type=java.lang.String[]@500000bf)
	[0]		50000e08
	[1]		50000d22
	[2]		50000e5f
	[3]		50000d9d
	[4]		50000ecd
	[5]		50000ece
	[6]		50000da1
	[7]		50000ddb
	[8]		50000dfe
	[9]		50000dee
	[10]		50000e44
	[11]		50000e6e
	[12]		50000ecf
ARR 50000f08 (sz=64, trace=300000, nelems=13, elem type=java.lang.String[]@500000bf)
	[0]		50000e0a
	[1]		50000e61
	[2]		50000dab
	[3]		50000ec9
	[4]		50000eca
	[5]		50000ecb
	[6]		50000da3
	[7]		50000de4
	[8]		50000e00
	[9]		50000df1
	[10]		50000e46
	[11]		50000e70
	[12]		50000ecc
ARR 50000f09 (sz=72, trace=300000, nelems=14, elem type=java.lang.String[]@500000bf)
	[0]		50000dad
	[1]		50000ec2
	[2]		50000da5
	[3]		50000de8
	[4]		50000ec3
	[5]		50000e30
	[6]		50000ec4
	[7]		50000e52
	[8]		50000ec5
	[9]		50000ec6
	[10]		50000ec7
	[11]		50000bdd
	[12]		50000e65
	[13]		50000ec8
ARR 50000f0a (sz=24, trace=300000, nelems=2, elem type=java.lang.String[]@500000bf)
	[0]		50000b7e
	[1]		50000ec1
ARR 50000f0b (sz=24, trace=300000, nelems=2, elem type=java.lang.String[]@500000bf)
	[0]		50000b90
	[1]		50000ec0
ARR 50000f0c (sz=24, trace=300000, nelems=2, elem type=java.lang.String[]@500000bf)
	[0]		50000bfa
	[1]		50000ebf
ARR 50000f0d (sz=24, trace=300000, nelems=2, elem type=java.lang.String[]@500000bf)
	[0]		50000b72
	[1]		50000ebe
ARR 50000f0e (sz=24, trace=300000, nelems=2, elem type=java.lang.String[]@500000bf)
	[0]		50000c0e
	[1]		50000ebd
ARR 50000f0f (sz=16, trace=300000, nelems=1, elem type=java.lang.String[]@500000bf)
	[0]		50000ebc
ARR 50000f10 (sz=24, trace=300000, nelems=3, elem type=java.lang.String[]@500000bf)
	[0]		50000c11
	[1]		50000eba
	[2]		50000ebb
ARR 50000f11 (sz=32, trace=300000, nelems=4, elem type=java.lang.String[]@500000bf)
	[0]		50000be3
	[1]		50000eb7
	[2]		50000eb8
	[3]		50000eb9
ARR 50000f12 (sz=32, trace=300000, nelems=4, elem type=java.lang.String[]@500000bf)
	[0]		50000bee
	[1]		50000d7f
	[2]		50000d2e
	[3]		50000eb6
ARR 50000f13 (sz=24, trace=300000, nelems=2, elem type=java.lang.String[]@500000bf)
	[0]		50000eb4
	[1]		50000eb5
ARR 50000f14 (sz=24, trace=300000, nelems=2, elem type=java.lang.String[]@500000bf)
	[0]		50000eb3
	[1]		50000e50
ARR 50000f15 (sz=8, trace=300000, nelems=4, elem type=char[])
ARR 50000f16 (sz=16, trace=300000, nelems=8, elem type=char[])
ARR 50000f17 (sz=10, trace=300000, nelems=5, elem type=char[])
ARR 50000f18 (sz=20, trace=300000, nelems=10, elem type=char[])
ARR 50000f19 (sz=36, trace=300000, nelems=18, elem type=char[])
ARR 50000f1a (sz=20, trace=300000, nelems=10, elem type=char[])
ARR 50000f1b (sz=30, trace=300000, nelems=15, elem type=char[])
ARR 50000f1c (sz=42, trace=300000, nelems=21, elem type=char[])
ARR 50000f1d (sz=20, trace=300000, nelems=10, elem type=char[])
ARR 50000f1e (sz=26, trace=300000, nelems=13, elem type=char[])
ARR 50000f1f (sz=10, trace=300000, nelems=5, elem type=char[])
ARR 50000f20 (sz=20, trace=300000, nelems=10, elem type=char[])
ARR 50000f21 (sz=20, trace=300000, nelems=10, elem type=char[])
ARR 50000f22 (sz=24, trace=300000, nelems=12, elem type=char[])
ARR 50000f23 (sz=24, trace=300000, nelems=12, elem type=char[])
ARR 50000f24 (sz=18, trace=300000, nelems=9, elem type=char[])
ARR 50000f25 (sz=30, trace=300000, nelems=15, elem type=char[])
ARR 50000f26 (sz=18, trace=300000, nelems=9, elem type=char[])
ARR 50000f27 (sz=14, trace=300000, nelems=7, elem type=char[])
ARR 50000f28 (sz=22, trace=300000, nelems=11, elem type=char[])
ARR 50000f29 (sz=12, trace=300000, nelems=6, elem type=char[])
ARR 50000f2a (sz=20, trace=300000, nelems=10, elem type=char[])
ARR 50000f2b (sz=22, trace=300000, nelems=11, elem type=char[])
ARR 50000f2c (sz=18, trace=300000, nelems=9, elem type=char[])
ARR 50000f2d (sz=30, trace=300000, nelems=15, elem type=char[])
ARR 50000f2e (sz=20, trace=300000, nelems=10, elem type=char[])
ARR 50000f2f (sz=22, trace=300000, nelems=11, elem type=char[])
ARR 50000f30 (sz=30, trace=300000, nelems=15, elem type=char[])
ARR 50000f31 (sz=20, trace=300000, nelems=10, elem type=char[])
ARR 50000f32 (sz=36, trace=300000, nelems=18, elem type=char[])
ARR 50000f33 (sz=18, trace=300000, nelems=9, elem type=char[])
ARR 50000f34 (sz=30, trace=300000, nelems=15, elem type=char[])
ARR 50000f35 (sz=20, trace=300000, nelems=10, elem type=char[])
ARR 50000f36 (sz=30, trace=300000, nelems=15, elem type=char[])
ARR 50000f37 (sz=16, trace=300000, nelems=8, elem type=char[])
ARR 50000f38 (sz=16, trace=300000, nelems=8, elem type=char[])
ARR 50000f39 (sz=30, trace=300000, nelems=15, elem type=char[])
ARR 50000f3a (sz=20, trace=300000, nelems=10, elem type=char[])
ARR 50000f3b (sz=22, trace=300000, nelems=11, elem type=char[])
ARR 50000f3c (sz=18, trace=300000, nelems=9, elem type=char[])
ARR 50000f3d (sz=30, trace=300000, nelems=15, elem type=char[])
ARR 50000f3e (sz=20, trace=300000, nelems=10, elem type=char[])
ARR 50000f3f (sz=20, trace=300000, nelems=10, elem type=char[])
ARR 50000f40 (sz=30, trace=300000, nelems=15, elem type=char[])
ARR 50000f41 (sz=22, trace=300000, nelems=11, elem type=char[])
ARR 50000f42 (sz=22, trace=300000, nelems=11, elem type=char[])
ARR 50000f43 (sz=4, trace=300000, nelems=2, elem type=char[])
ARR 50000f44 (sz=12, trace=300000, nelems=6, elem type=char[])
ARR 50000f45 (sz=12, trace=300000, nelems=6, elem type=char[])
ARR 50000f46 (sz=14, trace=300000, nelems=7, elem type=char[])
ARR 50000f47 (sz=12, trace=300000, nelems=6, elem type=char[])
ARR 50000f48 (sz=20, trace=300000, nelems=10, elem type=char[])
ARR 50000f49 (sz=20, trace=300000, nelems=10, elem type=char[])
ARR 50000f4a (sz=22, trace=300000, nelems=11, elem type=char[])
ARR 50000f4b (sz=22, trace=300000, nelems=11, elem type=char[])
ARR 50000f4c (sz=16, trace=300000, nelems=8, elem type=char[])
ARR 50000f4d (sz=16, trace=300000, nelems=8, elem type=char[])
ARR 50000f4e (sz=48, trace=300000, nelems=24, elem type=char[])
ARR 50000f4f (sz=16, trace=300000, nelems=8, elem type=char[])
ARR 50000f50 (sz=16, trace=300000, nelems=8, elem type=char[])
ARR 50000f51 (sz=2, trace=300000, nelems=1, elem type=char[])
ARR 50000f52 (sz=20, trace=300000, nelems=10, elem type=char[])
ARR 50000f53 (sz=24, trace=300000, nelems=1, elem type=java.lang.Object[]@50000100)
	[0]		50000bb1
ARR 50000f54 (sz=24, trace=300000, nelems=1, elem type=java.lang.Object[]@50000100)
	[0]		50000bc6
ARR 50000f55 (sz=24, trace=300000, nelems=2, elem type=java.lang.Object[]@50000100)
	[0]		50000bd3
	[1]		50000b51
ARR 50000f56 (sz=10, trace=300000, nelems=5, elem type=char[])
ARR 50000f57 (sz=32, trace=300000, nelems=4, elem type=java.lang.String[]@500000bf)
	[0]		50000b04
	[1]		50000b05
	[2]		50000b06
	[3]		50000b07
ARR 50000f58 (sz=6, trace=300000, nelems=3, elem type=char[])
ARR 50000f59 (sz=24, trace=300000, nelems=2, elem type=java.lang.Object[]@50000100)
	[0]		50000bdc
	[1]		50000213
OBJ 50000f5a (sz=16, trace=300000, class=java.lang.String@50000165)
	value		50000f5b
ARR 50000f5b (sz=20, trace=300000, nelems=10, elem type=char[])
OBJ 50000f5c (sz=16, trace=300000, class=java.lang.String@50000165)
	value		50000f5d
ARR 50000f5d (sz=16, trace=300000, nelems=8, elem type=char[])
ARR 50000f5e (sz=24, trace=300000, nelems=2, elem type=java.lang.Object[]@50000100)
	[0]		50000bed
	[1]		5000024d
OBJ 50000f5f (sz=16, trace=300000, class=java.lang.String@50000165)
	value		50000f60
ARR 50000f60 (sz=12, trace=300000, nelems=6, elem type=char[])
ARR 50000f61 (sz=24, trace=300000, nelems=3, elem type=java.lang.Object[]@50000100)
	[0]		50000bf6
	[2]		50000f62
ARR 50000f62 (sz=24, trace=300000, nelems=1, elem type=java.lang.Object[]@50000100)
	[0]		50000bf9
ARR 50000f63 (sz=24, trace=300000, nelems=1, elem type=java.lang.Object[]@50000100)
	[0]		50000c04
ARR 50000f64 (sz=24, trace=300000, nelems=3, elem type=java.lang.Object[]@50000100)
	[0]		50000c0d
	[2]		50000f65
ARR 50000f65 (sz=24, trace=300000, nelems=2, elem type=java.lang.Object[]@50000100)
	[0]		50000c10
	[1]		5000023b
OBJ 50000f66 (sz=16, trace=300000, class=java.lang.String@50000165)
	value		50000f67
ARR 50000f67 (sz=16, trace=300000, nelems=8, elem type=char[])
OBJ 50000f68 (sz=16, trace=300000, class=java.util.concurrent.atomic.AtomicInteger@500000aa)
OBJ 50000f69 (sz=16, trace=300000, class=java.lang.String@50000165)
	value		50000f6c
OBJ 50000f6a (sz=16, trace=300000, class=java.lang.String@50000165)
	value		50000f6b
ARR 50000f6b (sz=12, trace=300000, nelems=6, elem type=char[])
ARR 50000f6c (sz=34, trace=300000, nelems=17, elem type=char[])
OBJ 50000f6d (sz=24, trace=300000, class=java.lang.ref.ReferenceQueue@500000ca)
	lock		50000f6e
OBJ 50000f6e (sz=8, trace=300000, class=java.lang.ref.ReferenceQueue$Lock@500000c8)
ARR 50000f6f (sz=16, trace=300000, nelems=0, elem type=java.lang.Throwable[]@500000f8)
OBJ 50000f70 (sz=16, trace=300000, class=java.lang.String@50000165)
	value		50000f7c
OBJ 50000f71 (sz=16, trace=300000, class=java.lang.String@50000165)
	value		50000f7b
OBJ 50000f72 (sz=16, trace=300000, class=java.lang.String@50000165)
	value		50000f7a
OBJ 50000f73 (sz=16, trace=300000, class=java.lang.String@50000165)
	value		50000f79
OBJ 50000f74 (sz=16, trace=300000, class=java.util.Collections$UnmodifiableRandomAccessList@500000cb)
	c		50000f76
	list		50000f76
ARR 50000f75 (sz=16, trace=300000, nelems=0, elem type=java.lang.StackTraceElement[]@500000ec)
OBJ 50000f76 (sz=24, trace=300000, class=java.util.ArrayList@500000d5)
	elementData	50000f77
ARR 50000f77 (sz=16, trace=300000, nelems=0, elem type=java.lang.Object[]@50000100)
ARR 50000f78 (sz=16, trace=300000, nelems=0, elem type=java.lang.Object[]@50000100)
ARR 50000f79 (sz=66, trace=300000, nelems=33, elem type=char[])
ARR 50000f7a (sz=60, trace=300000, nelems=30, elem type=char[])
ARR 50000f7b (sz=22, trace=300000, nelems=11, elem type=char[])
ARR 50000f7c (sz=24, trace=300000, nelems=12, elem type=char[])
ARR 50000f7d (sz=26, trace=300000, nelems=13, elem type=char[])
ARR 50000f7e (sz=38, trace=300000, nelems=19, elem type=char[])
ARR 50000f7f (sz=64, trace=300000, nelems=32, elem type=char[])
ARR 50000f80 (sz=56, trace=300000, nelems=28, elem type=char[])
OBJ 50000f81 (sz=8, trace=300000, class=java.lang.Object@50000169)
OBJ 50000f82 (sz=16, trace=300000, class=java.lang.String@50000165)
	value		50000ff9
OBJ 50000f83 (sz=16, trace=300000, class=java.lang.String@50000165)
	value		50000ff8
OBJ 50000f84 (sz=16, trace=300000, class=java.lang.String@50000165)
	value		50000ff0
OBJ 50000f85 (sz=16, trace=300000, class=java.lang.String@50000165)
	value		50000fef
OBJ 50000f86 (sz=24, trace=300000, class=java.io.UnixFileSystem@50000059)
	javaHome	50000a1d
	cache		50000f88
	javaHomePrefixCache	50000f87
OBJ 50000f87 (sz=32, trace=300000, class=java.io.ExpiringCache@50000058)
	map		50000fd2
OBJ 50000f88 (sz=32, trace=300000, class=java.io.ExpiringCache@50000058)
	map		50000f89
OBJ 50000f89 (sz=56, trace=300000, class=java.io.ExpiringCache$1@50000056)
	table		50000567
	head		50000f8a
	tail		500005ff
	this$0		50000f88
OBJ 50000f8a (sz=32, trace=300000, class=java.util.LinkedHashMap$Entry@5000004c)
	key		50000fb5
	value		50000fb4
	after		50000f90
OBJ 50000f8b (sz=32, trace=300000, class=java.util.LinkedHashMap$Entry@5000004c)
	key		50000fab
	value		50000faa
	before		50000f90
	after		50000f92
OBJ 50000f8c (sz=32, trace=300000, class=java.util.LinkedHashMap$Entry@5000004c)
	key		50000fce
	value		50000fcd
	before		50000f91
	after		50000566
OBJ 50000f8d (sz=32, trace=300000, class=java.util.LinkedHashMap$Entry@5000004c)
	key		50000fba
	value		50000fb9
	before		50000f95
	after		50000f8e
OBJ 50000f8e (sz=32, trace=300000, class=java.util.LinkedHashMap$Entry@5000004c)
	key		50000fbf
	value		50000fbe
	before		50000f8d
	after		50000f93
OBJ 50000f8f (sz=32, trace=300000, class=java.util.LinkedHashMap$Entry@5000004c)
	key		50000fa1
	value		50000fa0
	before		50000f92
	after		50000f94
OBJ 50000f90 (sz=32, trace=300000, class=java.util.LinkedHashMap$Entry@5000004c)
	key		50000fb0
	value		50000faf
	before		50000f8a
	after		50000f8b
OBJ 50000f91 (sz=32, trace=300000, class=java.util.LinkedHashMap$Entry@5000004c)
	key		50000fc9
	value		50000fc8
	before		50000f93
	after		50000f8c
OBJ 50000f92 (sz=32, trace=300000, class=java.util.LinkedHashMap$Entry@5000004c)
	key		50000fa6
	value		50000fa5
	before		50000f8b
	after		50000f8f
OBJ 50000f93 (sz=32, trace=300000, class=java.util.LinkedHashMap$Entry@5000004c)
	key		50000fc4
	value		50000fc3
	before		50000f8e
	after		50000f91
OBJ 50000f94 (sz=32, trace=300000, class=java.util.LinkedHashMap$Entry@5000004c)
	key		50000f9c
	value		50000f9b
	before		50000f8f
	after		50000f95
OBJ 50000f95 (sz=32, trace=300000, class=java.util.LinkedHashMap$Entry@5000004c)
	key		50000f97
	value		50000f96
	before		50000f94
	after		50000f8d
OBJ 50000f96 (sz=24, trace=300000, class=java.io.ExpiringCache$Entry@5000004d)
	val		50000f99
OBJ 50000f97 (sz=16, trace=300000, class=java.lang.String@50000165)
	value		50000f98
ARR 50000f98 (sz=108, trace=300000, nelems=54, elem type=char[])
OBJ 50000f99 (sz=16, trace=300000, class=java.lang.String@50000165)
	value		50000f9a
ARR 50000f9a (sz=108, trace=300000, nelems=54, elem type=char[])
OBJ 50000f9b (sz=24, trace=300000, class=java.io.ExpiringCache$Entry@5000004d)
	val		50000f9e
OBJ 50000f9c (sz=16, trace=300000, class=java.lang.String@50000165)
	value		50000f9d
ARR 50000f9d (sz=108, trace=300000, nelems=54, elem type=char[])
OBJ 50000f9e (sz=16, trace=300000, class=java.lang.String@50000165)
	value		50000f9f
ARR 50000f9f (sz=108, trace=300000, nelems=54, elem type=char[])
OBJ 50000fa0 (sz=24, trace=300000, class=java.io.ExpiringCache$Entry@5000004d)
	val		50000fa3
OBJ 50000fa1 (sz=16, trace=300000, class=java.lang.String@50000165)
	value		50000fa2
ARR 50000fa2 (sz=114, trace=300000, nelems=57, elem type=char[])
OBJ 50000fa3 (sz=16, trace=300000, class=java.lang.String@50000165)
	value		50000fa4
ARR 50000fa4 (sz=114, trace=300000, nelems=57, elem type=char[])
OBJ 50000fa5 (sz=24, trace=300000, class=java.io.ExpiringCache$Entry@5000004d)
	val		50000fa8
OBJ 50000fa6 (sz=16, trace=300000, class=java.lang.String@50000165)
	value		50000fa7
ARR 50000fa7 (sz=128, trace=300000, nelems=64, elem type=char[])
OBJ 50000fa8 (sz=16, trace=300000, class=java.lang.String@50000165)
	value		50000fa9
ARR 50000fa9 (sz=128, trace=300000, nelems=64, elem type=char[])
OBJ 50000faa (sz=24, trace=300000, class=java.io.ExpiringCache$Entry@5000004d)
	val		50000fad
OBJ 50000fab (sz=16, trace=300000, class=java.lang.String@50000165)
	value		50000fac
ARR 50000fac (sz=112, trace=300000, nelems=56, elem type=char[])
OBJ 50000fad (sz=16, trace=300000, class=java.lang.String@50000165)
	value		50000fae
ARR 50000fae (sz=112, trace=300000, nelems=56, elem type=char[])
OBJ 50000faf (sz=24, trace=300000, class=java.io.ExpiringCache$Entry@5000004d)
	val		50000fb2
OBJ 50000fb0 (sz=16, trace=300000, class=java.lang.String@50000165)
	value		50000fb1
ARR 50000fb1 (sz=112, trace=300000, nelems=56, elem type=char[])
OBJ 50000fb2 (sz=16, trace=300000, class=java.lang.String@50000165)
	value		50000fb3
ARR 50000fb3 (sz=112, trace=300000, nelems=56, elem type=char[])
OBJ 50000fb4 (sz=24, trace=300000, class=java.io.ExpiringCache$Entry@5000004d)
	val		50000fb7
OBJ 50000fb5 (sz=16, trace=300000, class=java.lang.String@50000165)
	value		50000fb6
ARR 50000fb6 (sz=110, trace=300000, nelems=55, elem type=char[])
OBJ 50000fb7 (sz=16, trace=300000, class=java.lang.String@50000165)
	value		50000fb8
ARR 50000fb8 (sz=110, trace=300000, nelems=55, elem type=char[])
OBJ 50000fb9 (sz=24, trace=300000, class=java.io.ExpiringCache$Entry@5000004d)
	val		50000fbc
OBJ 50000fba (sz=16, trace=300000, class=java.lang.String@50000165)
	value		50000fbb
ARR 50000fbb (sz=116, trace=300000, nelems=58, elem type=char[])
OBJ 50000fbc (sz=16, trace=300000, class=java.lang.String@50000165)
	value		50000fbd
ARR 50000fbd (sz=116, trace=300000, nelems=58, elem type=char[])
OBJ 50000fbe (sz=24, trace=300000, class=java.io.ExpiringCache$Entry@5000004d)
	val		50000fc1
OBJ 50000fbf (sz=16, trace=300000, class=java.lang.String@50000165)
	value		50000fc0
ARR 50000fc0 (sz=118, trace=300000, nelems=59, elem type=char[])
OBJ 50000fc1 (sz=16, trace=300000, class=java.lang.String@50000165)
	value		50000fc2
ARR 50000fc2 (sz=118, trace=300000, nelems=59, elem type=char[])
OBJ 50000fc3 (sz=24, trace=300000, class=java.io.ExpiringCache$Entry@5000004d)
	val		50000fc6
OBJ 50000fc4 (sz=16, trace=300000, class=java.lang.String@50000165)
	value		50000fc5
ARR 50000fc5 (sz=124, trace=300000, nelems=62, elem type=char[])
OBJ 50000fc6 (sz=16, trace=300000, class=java.lang.String@50000165)
	value		50000fc7
ARR 50000fc7 (sz=124, trace=300000, nelems=62, elem type=char[])
OBJ 50000fc8 (sz=24, trace=300000, class=java.io.ExpiringCache$Entry@5000004d)
	val		50000fcb
OBJ 50000fc9 (sz=16, trace=300000, class=java.lang.String@50000165)
	value		50000fca
ARR 50000fca (sz=108, trace=300000, nelems=54, elem type=char[])
OBJ 50000fcb (sz=16, trace=300000, class=java.lang.String@50000165)
	value		50000fcc
ARR 50000fcc (sz=108, trace=300000, nelems=54, elem type=char[])
OBJ 50000fcd (sz=24, trace=300000, class=java.io.ExpiringCache$Entry@5000004d)
	val		50000fd0
OBJ 50000fce (sz=16, trace=300000, class=java.lang.String@50000165)
	value		50000fcf
ARR 50000fcf (sz=104, trace=300000, nelems=52, elem type=char[])
OBJ 50000fd0 (sz=16, trace=300000, class=java.lang.String@50000165)
	value		50000fd1
ARR 50000fd1 (sz=100, trace=300000, nelems=50, elem type=char[])
OBJ 50000fd2 (sz=56, trace=300000, class=java.io.ExpiringCache$1@50000056)
	table		50000fd5
	head		50000fd4
	tail		50000fd3
	this$0		50000f87
OBJ 50000fd3 (sz=32, trace=300000, class=java.util.LinkedHashMap$Entry@5000004c)
	key		50000fd7
	value		50000fd6
	before		50000fd4
OBJ 50000fd4 (sz=32, trace=300000, class=java.util.LinkedHashMap$Entry@5000004c)
	key		50000fdc
	value		50000fdb
	after		50000fd3
ARR 50000fd5 (sz=80, trace=300000, nelems=14, elem type=java.util.HashMap$Node[]@500000b9)
	[1]		50000fd4
	[13]		50000fd3
OBJ 50000fd6 (sz=24, trace=300000, class=java.io.ExpiringCache$Entry@5000004d)
	val		50000fd9
OBJ 50000fd7 (sz=16, trace=300000, class=java.lang.String@50000165)
	value		50000fd8
ARR 50000fd8 (sz=88, trace=300000, nelems=44, elem type=char[])
OBJ 50000fd9 (sz=16, trace=300000, class=java.lang.String@50000165)
	value		50000fda
ARR 50000fda (sz=88, trace=300000, nelems=44, elem type=char[])
OBJ 50000fdb (sz=24, trace=300000, class=java.io.ExpiringCache$Entry@5000004d)
	val		50000fde
OBJ 50000fdc (sz=16, trace=300000, class=java.lang.String@50000165)
	value		50000fdd
ARR 50000fdd (sz=90, trace=300000, nelems=45, elem type=char[])
OBJ 50000fde (sz=16, trace=300000, class=java.lang.String@50000165)
	value		50000fdf
ARR 50000fdf (sz=90, trace=300000, nelems=45, elem type=char[])
OBJ 50000fe0 (sz=16, trace=300000, class=java.lang.String@50000165)
	value		50000fee
OBJ 50000fe1 (sz=16, trace=300000, class=java.lang.String@50000165)
	value		50000fed
OBJ 50000fe2 (sz=16, trace=300000, class=java.lang.String@50000165)
	value		50000fe7
OBJ 50000fe3 (sz=16, trace=300000, class=java.lang.String@50000165)
	value		50000fe6
OBJ 50000fe4 (sz=16, trace=300000, class=java.lang.String@50000165)
	value		50000fe5
ARR 50000fe5 (sz=52, trace=300000, nelems=26, elem type=char[])
ARR 50000fe6 (sz=42, trace=300000, nelems=21, elem type=char[])
ARR 50000fe7 (sz=16, trace=300000, nelems=8, elem type=char[])
OBJ 50000fe8 (sz=16, trace=300000, class=java.lang.String@50000165)
	value		50000feb
OBJ 50000fe9 (sz=16, trace=300000, class=java.lang.String@50000165)
	value		50000fea
ARR 50000fea (sz=12, trace=300000, nelems=6, elem type=char[])
ARR 50000feb (sz=10, trace=300000, nelems=5, elem type=char[])
ARR 50000fec (sz=2, trace=300000, nelems=1, elem type=char[])
ARR 50000fed (sz=28, trace=300000, nelems=14, elem type=char[])
ARR 50000fee (sz=28, trace=300000, nelems=14, elem type=char[])
ARR 50000fef (sz=2, trace=300000, nelems=1, elem type=char[])
ARR 50000ff0 (sz=2, trace=300000, nelems=1, elem type=char[])
OBJ 50000ff1 (sz=16, trace=300000, class=java.lang.String@50000165)
	value		50000ff6
OBJ 50000ff2 (sz=16, trace=300000, class=java.lang.String@50000165)
	value		50000ff7
ARR 50000ff3 (sz=24, trace=300000, nelems=2, elem type=java.io.File$PathStatus[]@5000004e)
	[0]		50000ff5
	[1]		50000ff4
OBJ 50000ff4 (sz=16, trace=300000, class=java.io.File$PathStatus@50000054)
	name		50000ff2
OBJ 50000ff5 (sz=16, trace=300000, class=java.io.File$PathStatus@50000054)
	name		50000ff1
ARR 50000ff6 (sz=14, trace=300000, nelems=7, elem type=char[])
ARR 50000ff7 (sz=14, trace=300000, nelems=7, elem type=char[])
ARR 50000ff8 (sz=24, trace=300000, nelems=12, elem type=char[])
ARR 50000ff9 (sz=8, trace=300000, nelems=4, elem type=char[])
OBJ 50000ffa (sz=16, trace=300000, class=java.lang.String@50000165)
	value		5000100e
OBJ 50000ffb (sz=16, trace=300000, class=java.lang.String@50000165)
	value		50000ffe
OBJ 50000ffc (sz=16, trace=300000, class=java.lang.String@50000165)
	value		50000ffd
ARR 50000ffd (sz=38, trace=300000, nelems=19, elem type=char[])
ARR 50000ffe (sz=50, trace=300000, nelems=25, elem type=char[])
OBJ 50000fff (sz=16, trace=300000, class=java.lang.String@50000165)
	value		50001007
OBJ 50001000 (sz=16, trace=300000, class=java.lang.String@50000165)
	value		50001006
OBJ 50001001 (sz=16, trace=300000, class=java.lang.String@50000165)
	value		50001005
OBJ 50001002 (sz=16, trace=300000, class=java.lang.String@50000165)
	value		50001004
ARR 50001003 (sz=32, trace=300000, nelems=16, elem type=char[])
ARR 50001004 (sz=32, trace=300000, nelems=16, elem type=char[])
ARR 50001005 (sz=48, trace=300000, nelems=24, elem type=char[])
ARR 50001006 (sz=38, trace=300000, nelems=19, elem type=char[])
ARR 50001007 (sz=6, trace=300000, nelems=3, elem type=char[])
OBJ 50001008 (sz=16, trace=300000, class=java.lang.String@50000165)
	value		50001009
ARR 50001009 (sz=12, trace=300000, nelems=6, elem type=char[])
OBJ 5000100a (sz=16, trace=300000, class=java.lang.String@50000165)
	value		5000100c
OBJ 5000100b (sz=16, trace=300000, class=java.lang.String@50000165)
	value		5000100d
ARR 5000100c (sz=26, trace=300000, nelems=13, elem type=char[])
ARR 5000100d (sz=10, trace=300000, nelems=5, elem type=char[])
ARR 5000100e (sz=8, trace=300000, nelems=4, elem type=char[])
ARR 5000100f (sz=2, trace=300000, nelems=1, elem type=char[])
OBJ 50001010 (sz=16, trace=300000, class=java.lang.String@50000165)
	value		50001013
ARR 50001011 (sz=22, trace=300000, nelems=11, elem type=char[])
ARR 50001012 (sz=2, trace=300000, nelems=1, elem type=char[])
ARR 50001013 (sz=26, trace=300000, nelems=13, elem type=char[])
OBJ 50001014 (sz=16, trace=300000, class=java.lang.String@50000165)
	value		50001032
OBJ 50001015 (sz=16, trace=300000, class=java.lang.String@50000165)
	value		5000102f
OBJ 50001016 (sz=16, trace=300000, class=java.lang.String@50000165)
	value		50001026
OBJ 50001017 (sz=16, trace=300000, class=java.lang.String@50000165)
	value		50001025
OBJ 50001018 (sz=16, trace=300000, class=java.lang.String@50000165)
	value		50001024
OBJ 50001019 (sz=16, trace=300000, class=java.lang.String@50000165)
	value		50001023
OBJ 5000101a (sz=16, trace=300000, class=java.lang.String@50000165)
	value		50001022
OBJ 5000101b (sz=16, trace=300000, class=java.lang.String@50000165)
	value		5000101e
OBJ 5000101c (sz=16, trace=300000, class=java.lang.String@50000165)
	value		5000101d
ARR 5000101d (sz=30, trace=300000, nelems=15, elem type=char[])
ARR 5000101e (sz=18, trace=300000, nelems=9, elem type=char[])
OBJ 5000101f (sz=16, trace=300000, class=java.lang.String@50000165)
	value		50001020
ARR 50001020 (sz=6, trace=300000, nelems=3, elem type=char[])
ARR 50001021 (sz=62, trace=300000, nelems=31, elem type=char[])
ARR 50001022 (sz=98, trace=300000, nelems=49, elem type=char[])
ARR 50001023 (sz=80, trace=300000, nelems=40, elem type=char[])
ARR 50001024 (sz=76, trace=300000, nelems=38, elem type=char[])
ARR 50001025 (sz=54, trace=300000, nelems=27, elem type=char[])
ARR 50001026 (sz=24, trace=300000, nelems=12, elem type=char[])
OBJ 50001027 (sz=16, trace=300000, class=java.lang.String@50000165)
	value		5000102e
OBJ 50001028 (sz=16, trace=300000, class=java.lang.String@50000165)
	value		50001029
ARR 50001029 (sz=20, trace=300000, nelems=10, elem type=char[])
OBJ 5000102a (sz=16, trace=300000, class=java.lang.String@50000165)
	value		5000102c
OBJ 5000102b (sz=16, trace=300000, class=java.lang.String@50000165)
	value		5000102d
ARR 5000102c (sz=38, trace=300000, nelems=19, elem type=char[])
ARR 5000102d (sz=68, trace=300000, nelems=34, elem type=char[])
ARR 5000102e (sz=4, trace=300000, nelems=2, elem type=char[])
ARR 5000102f (sz=6, trace=300000, nelems=3, elem type=char[])
OBJ 50001030 (sz=16, trace=300000, class=java.lang.String@50000165)
	value		50001031
ARR 50001031 (sz=4, trace=300000, nelems=2, elem type=char[])
ARR 50001032 (sz=12, trace=300000, nelems=6, elem type=char[])
ARR 50001033 (sz=8, trace=300000, nelems=4, elem type=char[])
ARR 50001034 (sz=14, trace=300000, nelems=7, elem type=char[])
ARR 50001035 (sz=2, trace=300000, nelems=1, elem type=char[])
OBJ 50001036 (sz=16, trace=300000, class=java.lang.String@50000165)
	value		5000103f
OBJ 50001037 (sz=16, trace=300000, class=java.lang.String@50000165)
	value		5000103e
OBJ 50001038 (sz=16, trace=300000, class=java.lang.String@50000165)
	value		5000103d
ARR 50001039 (sz=512, trace=300000, nelems=256, elem type=char[])
ARR 5000103a (sz=1024, trace=300000, nelems=256, elem type=int[])
OBJ 5000103b (sz=8, trace=300000, class=java.lang.CharacterDataLatin1@50000012)
ARR 5000103c (sz=4, trace=300000, nelems=2, elem type=char[])
ARR 5000103d (sz=1024, trace=300000, nelems=512, elem type=char[])
ARR 5000103e (sz=512, trace=300000, nelems=256, elem type=char[])
ARR 5000103f (sz=8, trace=300000, nelems=4, elem type=char[])
ARR 50001040 (sz=10, trace=300000, nelems=5, elem type=char[])
ARR 50001041 (sz=16, trace=300000, nelems=8, elem type=char[])
ARR 50001042 (sz=14, trace=300000, nelems=7, elem type=char[])
ARR 50001043 (sz=4, trace=300000, nelems=2, elem type=char[])
ARR 50001044 (sz=14, trace=300000, nelems=7, elem type=char[])
ARR 50001045 (sz=24, trace=300000, nelems=12, elem type=char[])
ARR 50001046 (sz=18, trace=300000, nelems=9, elem type=char[])
OBJ 50001047 (sz=16, trace=300000, class=java.lang.String@50000165)
	value		50001052
OBJ 50001048 (sz=16, trace=300000, class=java.lang.String@50000165)
	value		50001051
OBJ 50001049 (sz=16, trace=300000, class=java.lang.String@50000165)
	value		50001050
OBJ 5000104a (sz=16, trace=300000, class=java.lang.String@50000165)
	value		5000104f
OBJ 5000104b (sz=16, trace=300000, class=java.lang.String@50000165)
	value		5000104e
OBJ 5000104c (sz=16, trace=300000, class=java.lang.String@50000165)
	value		5000104d
ARR 5000104d (sz=2, trace=300000, nelems=1, elem type=char[])
ARR 5000104e (sz=4, trace=300000, nelems=2, elem type=char[])
ARR 5000104f (sz=4, trace=300000, nelems=2, elem type=char[])
ARR 50001050 (sz=6, trace=300000, nelems=3, elem type=char[])
ARR 50001051 (sz=8, trace=300000, nelems=4, elem type=char[])
ARR 50001052 (sz=6, trace=300000, nelems=3, elem type=char[])
OBJ 50001053 (sz=16, trace=300000, class=java.lang.String@50000165)
	value		50001057
OBJ 50001054 (sz=16, trace=300000, class=java.lang.String@50000165)
	value		50001058
OBJ 50001055 (sz=16, trace=300000, class=java.lang.String@50000165)
	value		50001059
OBJ 50001056 (sz=16, trace=300000, class=java.lang.String@50000165)
	value		5000105a
ARR 50001057 (sz=28, trace=300000, nelems=14, elem type=char[])
ARR 50001058 (sz=24, trace=300000, nelems=12, elem type=char[])
ARR 50001059 (sz=20, trace=300000, nelems=10, elem type=char[])
ARR 5000105a (sz=26, trace=300000, nelems=13, elem type=char[])
ARR 5000105b (sz=18, trace=300000, nelems=9, elem type=char[])
OBJ 5000105c (sz=32, trace=300000, class=java.io.ObjectStreamField@500000f4)
	name		50000ad7
	signature	50001064
	type		50000165
OBJ 5000105d (sz=32, trace=300000, class=java.io.ObjectStreamField@500000f4)
	name		50000ad8
	signature	50001064
	type		50000165
OBJ 5000105e (sz=32, trace=300000, class=java.io.ObjectStreamField@500000f4)
	name		50000ad9
	signature	50000aa7
	type		5000079d
OBJ 5000105f (sz=32, trace=300000, class=java.io.ObjectStreamField@500000f4)
	name		50000ada
	signature	50001064
	type		50000165
OBJ 50001060 (sz=32, trace=300000, class=java.io.ObjectStreamField@500000f4)
	name		50000adb
	signature	50001064
	type		50000165
OBJ 50001061 (sz=32, trace=300000, class=java.io.ObjectStreamField@500000f4)
	name		50000adc
	signature	50001064
	type		50000165
OBJ 50001062 (sz=32, trace=300000, class=java.io.ObjectStreamField@500000f4)
	name		50000add
	signature	50000aa7
	type		5000079d
ARR 50001063 (sz=16, trace=300000, nelems=8, elem type=char[])
OBJ 50001064 (sz=16, trace=300000, class=java.lang.String@50000165)
	value		50001066
ARR 50001065 (sz=6, trace=300000, nelems=3, elem type=char[])
ARR 50001066 (sz=36, trace=300000, nelems=18, elem type=char[])
ARR 50001067 (sz=18, trace=300000, nelems=9, elem type=char[])
ARR 50001068 (sz=8, trace=300000, nelems=4, elem type=char[])
ARR 50001069 (sz=8, trace=300000, nelems=4, elem type=char[])
ARR 5000106a (sz=16, trace=300000, nelems=8, elem type=char[])
ARR 5000106b (sz=16, trace=300000, nelems=8, elem type=char[])
ARR 5000106c (sz=2, trace=300000, nelems=1, elem type=char[])
ARR 5000106d (sz=8, trace=300000, nelems=4, elem type=char[])
OBJ 5000106e (sz=16, trace=300000, class=java.util.HashSet@50000005)
	map		5000106f
OBJ 5000106f (sz=40, trace=300000, class=java.util.HashMap@500000bd)
OBJ 50001070 (sz=8, trace=300000, class=java.lang.Object@50000169)
ARR 50001071 (sz=56, trace=300000, nelems=0, elem type=java.lang.Object[]@50000100)
OBJ 50001072 (sz=8, trace=300000, class=sun.net.www.protocol.jar.Handler@50000003)
OBJ 50001073 (sz=40, trace=300000, class=java.util.HashMap@500000bd)
	table		500002d8
OBJ 50001074 (sz=24, trace=300000, class=java.util.ArrayList@500000d5)
	elementData	500002d7
OBJ 50001075 (sz=24, trace=300000, class=java.util.Stack@500000da)
	elementData	50001096
OBJ 50001076 (sz=24, trace=300000, class=java.util.ArrayList@500000d5)
	elementData	50001077
ARR 50001077 (sz=56, trace=300000, nelems=10, elem type=java.lang.Object[]@50000100)
	[0]		50001078
	[1]		50001079
	[2]		5000107a
	[3]		5000107b
	[4]		5000107c
	[5]		5000107d
	[6]		5000107e
	[7]		5000107f
	[8]		50001080
	[9]		50001081
OBJ 50001078 (sz=64, trace=300000, class=java.net.URL@50000111)
	protocol	50000adb
	host		500007b7
	file		50001094
	authority	500007b7
	path		50001094
	handler		50000ae5
OBJ 50001079 (sz=64, trace=300000, class=java.net.URL@50000111)
	protocol	50000adb
	host		500007b7
	file		50001092
	authority	500007b7
	path		50001092
	handler		50000ae5
OBJ 5000107a (sz=64, trace=300000, class=java.net.URL@50000111)
	protocol	50000adb
	host		500007b7
	file		50001090
	authority	500007b7
	path		50001090
	handler		50000ae5
OBJ 5000107b (sz=64, trace=300000, class=java.net.URL@50000111)
	protocol	50000adb
	host		500007b7
	file		5000108e
	authority	500007b7
	path		5000108e
	handler		50000ae5
OBJ 5000107c (sz=64, trace=300000, class=java.net.URL@50000111)
	protocol	50000adb
	host		500007b7
	file		5000108c
	authority	500007b7
	path		5000108c
	handler		50000ae5
OBJ 5000107d (sz=64, trace=300000, class=java.net.URL@50000111)
	protocol	50000adb
	host		500007b7
	file		5000108a
	authority	500007b7
	path		5000108a
	handler		50000ae5
OBJ 5000107e (sz=64, trace=300000, class=java.net.URL@50000111)
	protocol	50000adb
	host		500007b7
	file		50001088
	authority	500007b7
	path		50001088
	handler		50000ae5
OBJ 5000107f (sz=64, trace=300000, class=java.net.URL@50000111)
	protocol	50000adb
	host		500007b7
	file		50001086
	authority	500007b7
	path		50001086
	handler		50000ae5
OBJ 50001080 (sz=64, trace=300000, class=java.net.URL@50000111)
	protocol	50000adb
	host		500007b7
	file		50001084
	authority	500007b7
	path		50001084
	handler		50000ae5
OBJ 50001081 (sz=64, trace=300000, class=java.net.URL@50000111)
	protocol	50000adb
	host		500007b7
	file		50001082
	authority	500007b7
	path		50001082
	handler		50000ae5
OBJ 50001082 (sz=16, trace=300000, class=java.lang.String@50000165)
	value		50001083
ARR 50001083 (sz=108, trace=300000, nelems=54, elem type=char[])
OBJ 50001084 (sz=16, trace=300000, class=java.lang.String@50000165)
	value		50001085
ARR 50001085 (sz=124, trace=300000, nelems=62, elem type=char[])
OBJ 50001086 (sz=16, trace=300000, class=java.lang.String@50000165)
	value		50001087
ARR 50001087 (sz=118, trace=300000, nelems=59, elem type=char[])
OBJ 50001088 (sz=16, trace=300000, class=java.lang.String@50000165)
	value		50001089
ARR 50001089 (sz=116, trace=300000, nelems=58, elem type=char[])
OBJ 5000108a (sz=16, trace=300000, class=java.lang.String@50000165)
	value		5000108b
ARR 5000108b (sz=108, trace=300000, nelems=54, elem type=char[])
OBJ 5000108c (sz=16, trace=300000, class=java.lang.String@50000165)
	value		5000108d
ARR 5000108d (sz=108, trace=300000, nelems=54, elem type=char[])
OBJ 5000108e (sz=16, trace=300000, class=java.lang.String@50000165)
	value		5000108f
ARR 5000108f (sz=114, trace=300000, nelems=57, elem type=char[])
OBJ 50001090 (sz=16, trace=300000, class=java.lang.String@50000165)
	value		50001091
ARR 50001091 (sz=128, trace=300000, nelems=64, elem type=char[])
OBJ 50001092 (sz=16, trace=300000, class=java.lang.String@50000165)
	value		50001093
ARR 50001093 (sz=112, trace=300000, nelems=56, elem type=char[])
OBJ 50001094 (sz=16, trace=300000, class=java.lang.String@50000165)
	value		50001095
ARR 50001095 (sz=112, trace=300000, nelems=56, elem type=char[])
ARR 50001096 (sz=56, trace=300000, nelems=0, elem type=java.lang.Object[]@50000100)
OBJ 50001097 (sz=24, trace=300000, class=java.lang.ref.ReferenceQueue@500000ca)
	lock		50001099
ARR 50001098 (sz=80, trace=300000, nelems=0, elem type=java.util.WeakHashMap$Entry[]@50000037)
OBJ 50001099 (sz=8, trace=300000, class=java.lang.ref.ReferenceQueue$Lock@500000c8)
OBJ 5000109a (sz=16, trace=300000, class=java.lang.String@50000165)
	value		500010a4
OBJ 5000109b (sz=16, trace=300000, class=java.lang.String@50000165)
	value		500010a3
OBJ 5000109c (sz=16, trace=300000, class=java.lang.String@50000165)
	value		500010a2
OBJ 5000109d (sz=16, trace=300000, class=sun.misc.Launcher@5000010f)
	loader		500006d7
OBJ 5000109e (sz=8, trace=300000, class=sun.misc.Launcher$Factory@5000003b)
OBJ 5000109f (sz=16, trace=300000, class=java.lang.String@50000165)
	value		500010a1
ARR 500010a0 (sz=12, trace=300000, nelems=6, elem type=char[])
ARR 500010a1 (sz=30, trace=300000, nelems=15, elem type=char[])
ARR 500010a2 (sz=38, trace=300000, nelems=19, elem type=char[])
ARR 500010a3 (sz=42, trace=300000, nelems=21, elem type=char[])
ARR 500010a4 (sz=26, trace=300000, nelems=13, elem type=char[])
ARR 500010a5 (sz=56, trace=300000, nelems=2, elem type=java.lang.Object[]@50000100)
	[0]		50000650
	[1]		500006ba
OBJ 500010a6 (sz=64, trace=300000, class=java.net.URL@50000111)
	protocol	50000adb
	host		500007b7
	file		500010a7
	authority	500007b7
	path		500010a7
	handler		50000ae5
OBJ 500010a7 (sz=16, trace=300000, class=java.lang.String@50000165)
	value		500010a8
ARR 500010a8 (sz=106, trace=300000, nelems=53, elem type=char[])
ARR 500010a9 (sz=14, trace=300000, nelems=7, elem type=char[])
OBJ 500010aa (sz=8, trace=300000, class=java.security.ProtectionDomain$Key@50000008)
ARR 500010ab (sz=16, trace=300000, nelems=0, elem type=java.security.Principal[]@50000006)
OBJ 500010ac (sz=32, trace=300000, class=java.security.CodeSource@5000010c)
OBJ 500010ad (sz=16, trace=300000, class=java.util.HashSet@50000005)
	map		500010ae
OBJ 500010ae (sz=40, trace=300000, class=java.util.HashMap@500000bd)
	table		5000064e
ARR 500010af (sz=56, trace=300000, nelems=0, elem type=java.lang.Object[]@50000100)
OBJ 500010b0 (sz=8, trace=300000, class=sun.net.www.protocol.jar.Handler@50000003)
OBJ 500010b1 (sz=40, trace=300000, class=java.util.HashMap@500000bd)
	table		5000056a
OBJ 500010b2 (sz=24, trace=300000, class=java.util.ArrayList@500000d5)
	elementData	50000569
OBJ 500010b3 (sz=24, trace=300000, class=java.util.Stack@500000da)
	elementData	500010b6
OBJ 500010b4 (sz=24, trace=300000, class=java.util.ArrayList@500000d5)
	elementData	500010b5
ARR 500010b5 (sz=56, trace=300000, nelems=1, elem type=java.lang.Object[]@50000100)
	[0]		500010a6
ARR 500010b6 (sz=56, trace=300000, nelems=0, elem type=java.lang.Object[]@50000100)
OBJ 500010b7 (sz=24, trace=300000, class=java.lang.ref.ReferenceQueue@500000ca)
	lock		500010b9
ARR 500010b8 (sz=80, trace=300000, nelems=0, elem type=java.util.WeakHashMap$Entry[]@50000037)
OBJ 500010b9 (sz=8, trace=300000, class=java.lang.ref.ReferenceQueue$Lock@500000c8)
ARR 500010ba (sz=56, trace=300000, nelems=1, elem type=java.lang.Object[]@50000100)
	[0]		50000fb7
ARR 500010bb (sz=56, trace=300000, nelems=1, elem type=java.lang.Object[]@50000100)
	[0]		500010bc
OBJ 500010bc (sz=32, trace=300000, class=java.lang.ClassLoader$NativeLibrary@5000004b)
	fromClass	5000015e
	name		50000fb7
ARR 500010bd (sz=56, trace=300000, nelems=0, elem type=java.lang.Object[]@50000100)
OBJ 500010be (sz=16, trace=300000, class=java.lang.String@50000165)
	value		500010cb
OBJ 500010bf (sz=16, trace=300000, class=java.lang.String@50000165)
	value		500010ca
OBJ 500010c0 (sz=16, trace=300000, class=java.lang.String@50000165)
	value		500010c9
OBJ 500010c1 (sz=16, trace=300000, class=java.lang.String@50000165)
	value		500010c8
OBJ 500010c2 (sz=16, trace=300000, class=java.lang.String@50000165)
	value		500010c7
OBJ 500010c3 (sz=16, trace=300000, class=java.lang.String@50000165)
	value		500010c6
OBJ 500010c4 (sz=16, trace=300000, class=java.lang.String@50000165)
	value		500010c5
ARR 500010c5 (sz=16, trace=300000, nelems=8, elem type=char[])
ARR 500010c6 (sz=8, trace=300000, nelems=4, elem type=char[])
ARR 500010c7 (sz=24, trace=300000, nelems=12, elem type=char[])
ARR 500010c8 (sz=46, trace=300000, nelems=23, elem type=char[])
ARR 500010c9 (sz=38, trace=300000, nelems=19, elem type=char[])
ARR 500010ca (sz=54, trace=300000, nelems=27, elem type=char[])
ARR 500010cb (sz=54, trace=300000, nelems=27, elem type=char[])
OBJ 500010cc (sz=16, trace=300000, class=java.util.Collections$SetFromMap@50000036)
	m		500010ce
	s		500010cd
OBJ 500010cd (sz=16, trace=300000, class=java.util.WeakHashMap$KeySet@50000035)
	this$0		500010ce
OBJ 500010ce (sz=48, trace=300000, class=java.util.WeakHashMap@5000009e)
	keySet		500010cd
	table		500010d0
	queue		500010cf
OBJ 500010cf (sz=24, trace=300000, class=java.lang.ref.ReferenceQueue@500000ca)
	lock		500010d6
ARR 500010d0 (sz=80, trace=300000, nelems=13, elem type=java.util.WeakHashMap$Entry[]@50000037)
	[2]		500010d1
	[6]		500010d2
	[10]		500010d3
	[11]		500010d4
	[12]		500010d5
OBJ 500010d1 (sz=40, trace=300000, class=java.util.WeakHashMap$Entry@50000038)
	referent	50000112
	queue		500010cf
	value		50000a6a
OBJ 500010d2 (sz=40, trace=300000, class=java.util.WeakHashMap$Entry@50000038)
	referent	5000015f
	queue		500010cf
	value		50000a6a
OBJ 500010d3 (sz=40, trace=300000, class=java.util.WeakHashMap$Entry@50000038)
	referent	50000155
	queue		500010cf
	value		50000a6a
OBJ 500010d4 (sz=40, trace=300000, class=java.util.WeakHashMap$Entry@50000038)
	referent	5000010e
	queue		500010cf
	value		50000a6a
OBJ 500010d5 (sz=40, trace=300000, class=java.util.WeakHashMap$Entry@50000038)
	referent	5000010d
	queue		500010cf
	value		50000a6a
OBJ 500010d6 (sz=8, trace=300000, class=java.lang.ref.ReferenceQueue$Lock@500000c8)
ARR 500010d7 (sz=42, trace=300000, nelems=21, elem type=char[])
ARR 500010d8 (sz=34, trace=300000, nelems=17, elem type=char[])
OBJ 500010d9 (sz=16, trace=300000, class=java.lang.String@50000165)
	value		500010da
ARR 500010da (sz=48, trace=300000, nelems=24, elem type=char[])
ARR 500010db (sz=10, trace=300000, nelems=5, elem type=char[])
ARR 500010dc (sz=44, trace=300000, nelems=22, elem type=char[])
ARR 500010dd (sz=70, trace=300000, nelems=35, elem type=char[])
ARR 500010de (sz=74, trace=300000, nelems=37, elem type=char[])
ARR 500010df (sz=58, trace=300000, nelems=29, elem type=char[])
ARR 500010e0 (sz=4, trace=300000, nelems=2, elem type=char[])
ARR 500010e1 (sz=54, trace=300000, nelems=27, elem type=char[])
OBJ 500010e2 (sz=16, trace=300000, class=java.lang.String@50000165)
	value		500010e3
ARR 500010e3 (sz=10, trace=300000, nelems=5, elem type=char[])
OBJ 500010e4 (sz=16, trace=300000, class=java.lang.String@50000165)
	value		500010e5
ARR 500010e5 (sz=8, trace=300000, nelems=4, elem type=char[])
ARR 500010e6 (sz=22, trace=300000, nelems=11, elem type=char[])
OBJ 500010e7 (sz=16, trace=300000, class=java.lang.String@50000165)
	value		500010ea
OBJ 500010e8 (sz=16, trace=300000, class=java.lang.String@50000165)
	value		500010e9
ARR 500010e9 (sz=60, trace=300000, nelems=30, elem type=char[])
ARR 500010ea (sz=46, trace=300000, nelems=23, elem type=char[])
OBJ 500010eb (sz=16, trace=300000, class=java.lang.String@50000165)
	value		500010f0
OBJ 500010ec (sz=16, trace=300000, class=java.lang.String@50000165)
	value		500010ef
OBJ 500010ed (sz=16, trace=300000, class=java.lang.String@50000165)
	value		500010ee
ARR 500010ee (sz=28, trace=300000, nelems=14, elem type=char[])
ARR 500010ef (sz=28, trace=300000, nelems=14, elem type=char[])
ARR 500010f0 (sz=28, trace=300000, nelems=14, elem type=char[])
OBJ 500010f1 (sz=16, trace=300000, class=java.lang.String@50000165)
	value		500010f2
ARR 500010f2 (sz=40, trace=300000, nelems=20, elem type=char[])
ARR 500010f3 (sz=4, trace=300000, nelems=2, elem type=char[])
OBJ 500010f4 (sz=32, trace=300000, class=sun.util.locale.BaseLocale@50000019)
	language	500007de
	script		500007b7
	region		500007eb
	variant		500007b7
OBJ 500010f5 (sz=8, trace=300000, class=java.lang.ref.ReferenceQueue$Lock@500000c8)
OBJ 500010f6 (sz=40, trace=300000, class=sun.util.locale.LocaleObjectCache$CacheEntry@50000016)
	referent	500010fe
	queue		50000820
	key		500010f7
OBJ 500010f7 (sz=32, trace=300000, class=sun.util.locale.BaseLocale$Key@50000017)
	lang		500010fb
	scrt		500010fa
	regn		500010f9
	vart		500010f8
OBJ 500010f8 (sz=32, trace=300000, class=java.lang.ref.SoftReference@50000149)
	referent	500007b7
	queue		50000835
OBJ 500010f9 (sz=32, trace=300000, class=java.lang.ref.SoftReference@50000149)
	referent	500007e8
	queue		50000835
OBJ 500010fa (sz=32, trace=300000, class=java.lang.ref.SoftReference@50000149)
	referent	500007b7
	queue		50000835
OBJ 500010fb (sz=32, trace=300000, class=java.lang.ref.SoftReference@50000149)
	referent	500007e1
	queue		50000835
ARR 500010fc (sz=4, trace=300000, nelems=2, elem type=char[])
ARR 500010fd (sz=4, trace=300000, nelems=2, elem type=char[])
OBJ 500010fe (sz=32, trace=300000, class=sun.util.locale.BaseLocale@50000019)
	language	500007e1
	script		500007b7
	region		500007e8
	variant		500007b7
OBJ 500010ff (sz=40, trace=300000, class=sun.util.locale.LocaleObjectCache$CacheEntry@50000016)
	referent	50001106
	queue		50000820
	key		50001100
OBJ 50001100 (sz=32, trace=300000, class=sun.util.locale.BaseLocale$Key@50000017)
	lang		50001104
	scrt		50001103
	regn		50001102
	vart		50001101
OBJ 50001101 (sz=32, trace=300000, class=java.lang.ref.SoftReference@50000149)
	referent	500007b7
	queue		50000835
OBJ 50001102 (sz=32, trace=300000, class=java.lang.ref.SoftReference@50000149)
	referent	500007b7
	queue		50000835
OBJ 50001103 (sz=32, trace=300000, class=java.lang.ref.SoftReference@50000149)
	referent	500007b7
	queue		50000835
OBJ 50001104 (sz=32, trace=300000, class=java.lang.ref.SoftReference@50000149)
	referent	500007db
	queue		50000835
ARR 50001105 (sz=4, trace=300000, nelems=2, elem type=char[])
OBJ 50001106 (sz=32, trace=300000, class=sun.util.locale.BaseLocale@50000019)
	language	500007db
	script		500007b7
	region		500007b7
	variant		500007b7
OBJ 50001107 (sz=40, trace=300000, class=sun.util.locale.LocaleObjectCache$CacheEntry@50000016)
	referent	5000110e
	queue		50000820
	key		50001108
OBJ 50001108 (sz=32, trace=300000, class=sun.util.locale.BaseLocale$Key@50000017)
	lang		5000110c
	scrt		5000110b
	regn		5000110a
	vart		50001109
OBJ 50001109 (sz=32, trace=300000, class=java.lang.ref.SoftReference@50000149)
	referent	500007b7
	queue		50000835
OBJ 5000110a (sz=32, trace=300000, class=java.lang.ref.SoftReference@50000149)
	referent	500007b7
	queue		50000835
OBJ 5000110b (sz=32, trace=300000, class=java.lang.ref.SoftReference@50000149)
	referent	500007b7
	queue		50000835
OBJ 5000110c (sz=32, trace=300000, class=java.lang.ref.SoftReference@50000149)
	referent	500007e2
	queue		50000835
ARR 5000110d (sz=4, trace=300000, nelems=2, elem type=char[])
OBJ 5000110e (sz=32, trace=300000, class=sun.util.locale.BaseLocale@50000019)
	language	500007e2
	script		500007b7
	region		500007b7
	variant		500007b7
OBJ 5000110f (sz=24, trace=300000, class=java.util.concurrent.ConcurrentHashMap$Node@50000021)
	key		50001119
	val		50001118
	next		50001117
OBJ 50001110 (sz=40, trace=300000, class=sun.util.locale.LocaleObjectCache$CacheEntry@50000016)
	referent	50001116
	queue		50000820
	key		50001111
OBJ 50001111 (sz=32, trace=300000, class=sun.util.locale.BaseLocale$Key@50000017)
	lang		50001115
	scrt		50001114
	regn		50001113
	vart		50001112
OBJ 50001112 (sz=32, trace=300000, class=java.lang.ref.SoftReference@50000149)
	referent	500007b7
	queue		50000835
OBJ 50001113 (sz=32, trace=300000, class=java.lang.ref.SoftReference@50000149)
	referent	500007b7
	queue		50000835
OBJ 50001114 (sz=32, trace=300000, class=java.lang.ref.SoftReference@50000149)
	referent	500007b7
	queue		50000835
OBJ 50001115 (sz=32, trace=300000, class=java.lang.ref.SoftReference@50000149)
	referent	500007de
	queue		50000835
OBJ 50001116 (sz=32, trace=300000, class=sun.util.locale.BaseLocale@50000019)
	language	500007de
	script		500007b7
	region		500007b7
	variant		500007b7
OBJ 50001117 (sz=24, trace=300000, class=java.util.concurrent.ConcurrentHashMap$Node@50000021)
	key		50001122
	val		50001121
OBJ 50001118 (sz=40, trace=300000, class=sun.util.locale.LocaleObjectCache$CacheEntry@50000016)
	referent	50001120
	queue		50000820
	key		50001119
OBJ 50001119 (sz=32, trace=300000, class=sun.util.locale.BaseLocale$Key@50000017)
	lang		5000111d
	scrt		5000111c
	regn		5000111b
	vart		5000111a
OBJ 5000111a (sz=32, trace=300000, class=java.lang.ref.SoftReference@50000149)
	referent	500007b7
	queue		50000835
OBJ 5000111b (sz=32, trace=300000, class=java.lang.ref.SoftReference@50000149)
	referent	500007e6
	queue		50000835
OBJ 5000111c (sz=32, trace=300000, class=java.lang.ref.SoftReference@50000149)
	referent	500007b7
	queue		50000835
OBJ 5000111d (sz=32, trace=300000, class=java.lang.ref.SoftReference@50000149)
	referent	500007df
	queue		50000835
ARR 5000111e (sz=4, trace=300000, nelems=2, elem type=char[])
ARR 5000111f (sz=4, trace=300000, nelems=2, elem type=char[])
OBJ 50001120 (sz=32, trace=300000, class=sun.util.locale.BaseLocale@50000019)
	language	500007df
	script		500007b7
	region		500007e6
	variant		500007b7
OBJ 50001121 (sz=40, trace=300000, class=sun.util.locale.LocaleObjectCache$CacheEntry@50000016)
	referent	50001128
	queue		50000820
	key		50001122
OBJ 50001122 (sz=32, trace=300000, class=sun.util.locale.BaseLocale$Key@50000017)
	lang		50001126
	scrt		50001125
	regn		50001124
	vart		50001123
OBJ 50001123 (sz=32, trace=300000, class=java.lang.ref.SoftReference@50000149)
	referent	500007b7
	queue		50000835
OBJ 50001124 (sz=32, trace=300000, class=java.lang.ref.SoftReference@50000149)
	referent	500007dc
	queue		50000835
OBJ 50001125 (sz=32, trace=300000, class=java.lang.ref.SoftReference@50000149)
	referent	500007b7
	queue		50000835
OBJ 50001126 (sz=32, trace=300000, class=java.lang.ref.SoftReference@50000149)
	referent	500007db
	queue		50000835
ARR 50001127 (sz=4, trace=300000, nelems=2, elem type=char[])
OBJ 50001128 (sz=32, trace=300000, class=sun.util.locale.BaseLocale@50000019)
	language	500007db
	script		500007b7
	region		500007dc
	variant		500007b7
OBJ 50001129 (sz=24, trace=300000, class=java.util.concurrent.ConcurrentHashMap$Node@50000021)
	key		50001133
	val		50001132
OBJ 5000112a (sz=40, trace=300000, class=sun.util.locale.LocaleObjectCache$CacheEntry@50000016)
	referent	50001131
	queue		50000820
	key		5000112b
OBJ 5000112b (sz=32, trace=300000, class=sun.util.locale.BaseLocale$Key@50000017)
	lang		5000112f
	scrt		5000112e
	regn		5000112d
	vart		5000112c
OBJ 5000112c (sz=32, trace=300000, class=java.lang.ref.SoftReference@50000149)
	referent	500007b7
	queue		50000835
OBJ 5000112d (sz=32, trace=300000, class=java.lang.ref.SoftReference@50000149)
	referent	500007b7
	queue		50000835
OBJ 5000112e (sz=32, trace=300000, class=java.lang.ref.SoftReference@50000149)
	referent	500007b7
	queue		50000835
OBJ 5000112f (sz=32, trace=300000, class=java.lang.ref.SoftReference@50000149)
	referent	500007e0
	queue		50000835
ARR 50001130 (sz=4, trace=300000, nelems=2, elem type=char[])
OBJ 50001131 (sz=32, trace=300000, class=sun.util.locale.BaseLocale@50000019)
	language	500007e0
	script		500007b7
	region		500007b7
	variant		500007b7
OBJ 50001132 (sz=40, trace=300000, class=sun.util.locale.LocaleObjectCache$CacheEntry@50000016)
	referent	50000816
	queue		50000820
	key		50001133
OBJ 50001133 (sz=32, trace=300000, class=sun.util.locale.BaseLocale$Key@50000017)
	lang		50001137
	scrt		50001136
	regn		50001135
	vart		50001134
OBJ 50001134 (sz=32, trace=300000, class=java.lang.ref.SoftReference@50000149)
	referent	500007b7
	queue		50000835
OBJ 50001135 (sz=32, trace=300000, class=java.lang.ref.SoftReference@50000149)
	referent	500007e9
	queue		50000835
OBJ 50001136 (sz=32, trace=300000, class=java.lang.ref.SoftReference@50000149)
	referent	500007b7
	queue		50000835
OBJ 50001137 (sz=32, trace=300000, class=java.lang.ref.SoftReference@50000149)
	referent	500007d0
	queue		50000835
OBJ 50001138 (sz=40, trace=300000, class=sun.util.locale.LocaleObjectCache$CacheEntry@50000016)
	referent	5000113e
	queue		50000820
	key		50001139
OBJ 50001139 (sz=32, trace=300000, class=sun.util.locale.BaseLocale$Key@50000017)
	lang		5000113d
	scrt		5000113c
	regn		5000113b
	vart		5000113a
OBJ 5000113a (sz=32, trace=300000, class=java.lang.ref.SoftReference@50000149)
	referent	500007b7
	queue		50000835
OBJ 5000113b (sz=32, trace=300000, class=java.lang.ref.SoftReference@50000149)
	referent	500007b7
	queue		50000835
OBJ 5000113c (sz=32, trace=300000, class=java.lang.ref.SoftReference@50000149)
	referent	500007b7
	queue		50000835
OBJ 5000113d (sz=32, trace=300000, class=java.lang.ref.SoftReference@50000149)
	referent	500007d0
	queue		50000835
OBJ 5000113e (sz=32, trace=300000, class=sun.util.locale.BaseLocale@50000019)
	language	500007d0
	script		500007b7
	region		500007b7
	variant		500007b7
OBJ 5000113f (sz=24, trace=300000, class=java.util.concurrent.ConcurrentHashMap$Node@50000021)
	key		5000114a
	val		50001149
	next		50001148
OBJ 50001140 (sz=40, trace=300000, class=sun.util.locale.LocaleObjectCache$CacheEntry@50000016)
	referent	50001147
	queue		50000820
	key		50001141
OBJ 50001141 (sz=32, trace=300000, class=sun.util.locale.BaseLocale$Key@50000017)
	lang		50001145
	scrt		50001144
	regn		50001143
	vart		50001142
OBJ 50001142 (sz=32, trace=300000, class=java.lang.ref.SoftReference@50000149)
	referent	500007b7
	queue		50000835
OBJ 50001143 (sz=32, trace=300000, class=java.lang.ref.SoftReference@50000149)
	referent	500007e4
	queue		50000835
OBJ 50001144 (sz=32, trace=300000, class=java.lang.ref.SoftReference@50000149)
	referent	500007b7
	queue		50000835
OBJ 50001145 (sz=32, trace=300000, class=java.lang.ref.SoftReference@50000149)
	referent	500007e2
	queue		50000835
ARR 50001146 (sz=4, trace=300000, nelems=2, elem type=char[])
OBJ 50001147 (sz=32, trace=300000, class=sun.util.locale.BaseLocale@50000019)
	language	500007e2
	script		500007b7
	region		500007e4
	variant		500007b7
OBJ 50001148 (sz=24, trace=300000, class=java.util.concurrent.ConcurrentHashMap$Node@50000021)
	key		50001153
	val		50001152
	next		50001151
OBJ 50001149 (sz=40, trace=300000, class=sun.util.locale.LocaleObjectCache$CacheEntry@50000016)
	referent	50001150
	queue		50000820
	key		5000114a
OBJ 5000114a (sz=32, trace=300000, class=sun.util.locale.BaseLocale$Key@50000017)
	lang		5000114e
	scrt		5000114d
	regn		5000114c
	vart		5000114b
OBJ 5000114b (sz=32, trace=300000, class=java.lang.ref.SoftReference@50000149)
	referent	500007b7
	queue		50000835
OBJ 5000114c (sz=32, trace=300000, class=java.lang.ref.SoftReference@50000149)
	referent	500007e5
	queue		50000835
OBJ 5000114d (sz=32, trace=300000, class=java.lang.ref.SoftReference@50000149)
	referent	500007b7
	queue		50000835
OBJ 5000114e (sz=32, trace=300000, class=java.lang.ref.SoftReference@50000149)
	referent	500007de
	queue		50000835
ARR 5000114f (sz=4, trace=300000, nelems=2, elem type=char[])
OBJ 50001150 (sz=32, trace=300000, class=sun.util.locale.BaseLocale@50000019)
	language	500007de
	script		500007b7
	region		500007e5
	variant		500007b7
OBJ 50001151 (sz=24, trace=300000, class=java.util.concurrent.ConcurrentHashMap$Node@50000021)
	key		5000115b
	val		5000115a
OBJ 50001152 (sz=40, trace=300000, class=sun.util.locale.LocaleObjectCache$CacheEntry@50000016)
	referent	50001159
	queue		50000820
	key		50001153
OBJ 50001153 (sz=32, trace=300000, class=sun.util.locale.BaseLocale$Key@50000017)
	lang		50001157
	scrt		50001156
	regn		50001155
	vart		50001154
OBJ 50001154 (sz=32, trace=300000, class=java.lang.ref.SoftReference@50000149)
	referent	500007b7
	queue		50000835
OBJ 50001155 (sz=32, trace=300000, class=java.lang.ref.SoftReference@50000149)
	referent	500007ea
	queue		50000835
OBJ 50001156 (sz=32, trace=300000, class=java.lang.ref.SoftReference@50000149)
	referent	500007b7
	queue		50000835
OBJ 50001157 (sz=32, trace=300000, class=java.lang.ref.SoftReference@50000149)
	referent	500007d0
	queue		50000835
ARR 50001158 (sz=4, trace=300000, nelems=2, elem type=char[])
OBJ 50001159 (sz=32, trace=300000, class=sun.util.locale.BaseLocale@50000019)
	language	500007d0
	script		500007b7
	region		500007ea
	variant		500007b7
OBJ 5000115a (sz=40, trace=300000, class=sun.util.locale.LocaleObjectCache$CacheEntry@50000016)
	referent	50001160
	queue		50000820
	key		5000115b
OBJ 5000115b (sz=32, trace=300000, class=sun.util.locale.BaseLocale$Key@50000017)
	lang		5000115f
	scrt		5000115e
	regn		5000115d
	vart		5000115c
OBJ 5000115c (sz=32, trace=300000, class=java.lang.ref.SoftReference@50000149)
	referent	500007b7
	queue		50000835
OBJ 5000115d (sz=32, trace=300000, class=java.lang.ref.SoftReference@50000149)
	referent	500007eb
	queue		50000835
OBJ 5000115e (sz=32, trace=300000, class=java.lang.ref.SoftReference@50000149)
	referent	500007b7
	queue		50000835
OBJ 5000115f (sz=32, trace=300000, class=java.lang.ref.SoftReference@50000149)
	referent	500007d0
	queue		50000835
OBJ 50001160 (sz=32, trace=300000, class=sun.util.locale.BaseLocale@50000019)
	language	500007d0
	script		500007b7
	region		500007eb
	variant		500007b7
OBJ 50001161 (sz=40, trace=300000, class=sun.util.locale.LocaleObjectCache$CacheEntry@50000016)
	referent	50001168
	queue		50000820
	key		50001162
OBJ 50001162 (sz=32, trace=300000, class=sun.util.locale.BaseLocale$Key@50000017)
	lang		50001166
	scrt		50001165
	regn		50001164
	vart		50001163
OBJ 50001163 (sz=32, trace=300000, class=java.lang.ref.SoftReference@50000149)
	referent	500007b7
	queue		50000835
OBJ 50001164 (sz=32, trace=300000, class=java.lang.ref.SoftReference@50000149)
	referent	500007e7
	queue		50000835
OBJ 50001165 (sz=32, trace=300000, class=java.lang.ref.SoftReference@50000149)
	referent	500007b7
	queue		50000835
OBJ 50001166 (sz=32, trace=300000, class=java.lang.ref.SoftReference@50000149)
	referent	500007e0
	queue		50000835
ARR 50001167 (sz=4, trace=300000, nelems=2, elem type=char[])
OBJ 50001168 (sz=32, trace=300000, class=sun.util.locale.BaseLocale@50000019)
	language	500007e0
	script		500007b7
	region		500007e7
	variant		500007b7
OBJ 50001169 (sz=40, trace=300000, class=sun.util.locale.LocaleObjectCache$CacheEntry@50000016)
	referent	5000116f
	queue		50000820
	key		5000116a
OBJ 5000116a (sz=32, trace=300000, class=sun.util.locale.BaseLocale$Key@50000017)
	lang		5000116e
	scrt		5000116d
	regn		5000116c
	vart		5000116b
OBJ 5000116b (sz=32, trace=300000, class=java.lang.ref.SoftReference@50000149)
	referent	500007b7
	queue		50000835
OBJ 5000116c (sz=32, trace=300000, class=java.lang.ref.SoftReference@50000149)
	referent	500007b7
	queue		50000835
OBJ 5000116d (sz=32, trace=300000, class=java.lang.ref.SoftReference@50000149)
	referent	500007b7
	queue		50000835
OBJ 5000116e (sz=32, trace=300000, class=java.lang.ref.SoftReference@50000149)
	referent	500007e1
	queue		50000835
OBJ 5000116f (sz=32, trace=300000, class=sun.util.locale.BaseLocale@50000019)
	language	500007e1
	script		500007b7
	region		500007b7
	variant		500007b7
OBJ 50001170 (sz=40, trace=300000, class=sun.util.locale.LocaleObjectCache$CacheEntry@50000016)
	referent	50001176
	queue		50000820
	key		50001171
OBJ 50001171 (sz=32, trace=300000, class=sun.util.locale.BaseLocale$Key@50000017)
	lang		50001175
	scrt		50001174
	regn		50001173
	vart		50001172
OBJ 50001172 (sz=32, trace=300000, class=java.lang.ref.SoftReference@50000149)
	referent	500007b7
	queue		50000835
OBJ 50001173 (sz=32, trace=300000, class=java.lang.ref.SoftReference@50000149)
	referent	500007b7
	queue		50000835
OBJ 50001174 (sz=32, trace=300000, class=java.lang.ref.SoftReference@50000149)
	referent	500007b7
	queue		50000835
OBJ 50001175 (sz=32, trace=300000, class=java.lang.ref.SoftReference@50000149)
	referent	500007df
	queue		50000835
OBJ 50001176 (sz=32, trace=300000, class=sun.util.locale.BaseLocale@50000019)
	language	500007df
	script		500007b7
	region		500007b7
	variant		500007b7
OBJ 50001177 (sz=24, trace=300000, class=java.util.concurrent.ConcurrentHashMap$Node@50000021)
	key		50001181
	val		50001180
OBJ 50001178 (sz=40, trace=300000, class=sun.util.locale.LocaleObjectCache$CacheEntry@50000016)
	referent	5000117f
	queue		50000820
	key		50001179
OBJ 50001179 (sz=32, trace=300000, class=sun.util.locale.BaseLocale$Key@50000017)
	lang		5000117d
	scrt		5000117c
	regn		5000117b
	vart		5000117a
OBJ 5000117a (sz=32, trace=300000, class=java.lang.ref.SoftReference@50000149)
	referent	500007b7
	queue		50000835
OBJ 5000117b (sz=32, trace=300000, class=java.lang.ref.SoftReference@50000149)
	referent	500007e3
	queue		50000835
OBJ 5000117c (sz=32, trace=300000, class=java.lang.ref.SoftReference@50000149)
	referent	500007b7
	queue		50000835
OBJ 5000117d (sz=32, trace=300000, class=java.lang.ref.SoftReference@50000149)
	referent	500007e2
	queue		50000835
ARR 5000117e (sz=4, trace=300000, nelems=2, elem type=char[])
OBJ 5000117f (sz=32, trace=300000, class=sun.util.locale.BaseLocale@50000019)
	language	500007e2
	script		500007b7
	region		500007e3
	variant		500007b7
OBJ 50001180 (sz=40, trace=300000, class=sun.util.locale.LocaleObjectCache$CacheEntry@50000016)
	referent	50001186
	queue		50000820
	key		50001181
OBJ 50001181 (sz=32, trace=300000, class=sun.util.locale.BaseLocale$Key@50000017)
	lang		50001185
	scrt		50001184
	regn		50001183
	vart		50001182
OBJ 50001182 (sz=32, trace=300000, class=java.lang.ref.SoftReference@50000149)
	referent	500007b7
	queue		50000835
OBJ 50001183 (sz=32, trace=300000, class=java.lang.ref.SoftReference@50000149)
	referent	500007b7
	queue		50000835
OBJ 50001184 (sz=32, trace=300000, class=java.lang.ref.SoftReference@50000149)
	referent	500007b7
	queue		50000835
OBJ 50001185 (sz=32, trace=300000, class=java.lang.ref.SoftReference@50000149)
	referent	500007b7
	queue		50000835
OBJ 50001186 (sz=32, trace=300000, class=sun.util.locale.BaseLocale@50000019)
	language	500007b7
	script		500007b7
	region		500007b7
	variant		500007b7
ARR 50001187 (sz=4, trace=300000, nelems=2, elem type=char[])
ARR 50001188 (sz=4, trace=300000, nelems=2, elem type=char[])
ARR 50001189 (sz=4, trace=300000, nelems=2, elem type=char[])
OBJ 5000118a (sz=8, trace=300000, class=java.lang.ref.ReferenceQueue$Lock@500000c8)
OBJ 5000118b (sz=24, trace=300000, class=java.util.concurrent.ConcurrentHashMap$Node@50000021)
	key		5000118f
	val		5000118e
OBJ 5000118c (sz=40, trace=300000, class=sun.util.locale.LocaleObjectCache$CacheEntry@50000016)
	referent	500007ed
	queue		50000801
	key		5000118d
OBJ 5000118d (sz=24, trace=300000, class=java.util.Locale$LocaleKey@50000015)
	base		50001159
OBJ 5000118e (sz=40, trace=300000, class=sun.util.locale.LocaleObjectCache$CacheEntry@50000016)
	referent	500007f0
	queue		50000801
	key		5000118f
OBJ 5000118f (sz=24, trace=300000, class=java.util.Locale$LocaleKey@50000015)
	base		50001160
OBJ 50001190 (sz=40, trace=300000, class=sun.util.locale.LocaleObjectCache$CacheEntry@50000016)
	referent	500007f8
	queue		50000801
	key		50001191
OBJ 50001191 (sz=24, trace=300000, class=java.util.Locale$LocaleKey@50000015)
	base		50001150
OBJ 50001192 (sz=40, trace=300000, class=sun.util.locale.LocaleObjectCache$CacheEntry@50000016)
	referent	500007f6
	queue		50000801
	key		50001193
OBJ 50001193 (sz=24, trace=300000, class=java.util.Locale$LocaleKey@50000015)
	base		50001168
OBJ 50001194 (sz=40, trace=300000, class=sun.util.locale.LocaleObjectCache$CacheEntry@50000016)
	referent	500007ff
	queue		50000801
	key		50001195
OBJ 50001195 (sz=24, trace=300000, class=java.util.Locale$LocaleKey@50000015)
	base		5000113e
OBJ 50001196 (sz=40, trace=300000, class=sun.util.locale.LocaleObjectCache$CacheEntry@50000016)
	referent	500007f9
	queue		50000801
	key		50001197
OBJ 50001197 (sz=24, trace=300000, class=java.util.Locale$LocaleKey@50000015)
	base		5000110e
OBJ 50001198 (sz=40, trace=300000, class=sun.util.locale.LocaleObjectCache$CacheEntry@50000016)
	referent	500007fd
	queue		50000801
	key		50001199
OBJ 50001199 (sz=24, trace=300000, class=java.util.Locale$LocaleKey@50000015)
	base		50001176
OBJ 5000119a (sz=40, trace=300000, class=sun.util.locale.LocaleObjectCache$CacheEntry@50000016)
	referent	500007f7
	queue		50000801
	key		5000119b
OBJ 5000119b (sz=24, trace=300000, class=java.util.Locale$LocaleKey@50000015)
	base		50001120
OBJ 5000119c (sz=40, trace=300000, class=sun.util.locale.LocaleObjectCache$CacheEntry@50000016)
	referent	500007fa
	queue		50000801
	key		5000119d
OBJ 5000119d (sz=24, trace=300000, class=java.util.Locale$LocaleKey@50000015)
	base		5000116f
OBJ 5000119e (sz=40, trace=300000, class=sun.util.locale.LocaleObjectCache$CacheEntry@50000016)
	referent	500007fc
	queue		50000801
	key		5000119f
OBJ 5000119f (sz=24, trace=300000, class=java.util.Locale$LocaleKey@50000015)
	base		50001131
OBJ 500011a0 (sz=24, trace=300000, class=java.util.concurrent.ConcurrentHashMap$Node@50000021)
	key		500011a4
	val		500011a3
OBJ 500011a1 (sz=40, trace=300000, class=sun.util.locale.LocaleObjectCache$CacheEntry@50000016)
	referent	500007fb
	queue		50000801
	key		500011a2
OBJ 500011a2 (sz=24, trace=300000, class=java.util.Locale$LocaleKey@50000015)
	base		50001106
OBJ 500011a3 (sz=40, trace=300000, class=sun.util.locale.LocaleObjectCache$CacheEntry@50000016)
	referent	500007f2
	queue		50000801
	key		500011a4
OBJ 500011a4 (sz=24, trace=300000, class=java.util.Locale$LocaleKey@50000015)
	base		50001147
OBJ 500011a5 (sz=40, trace=300000, class=sun.util.locale.LocaleObjectCache$CacheEntry@50000016)
	referent	500007fe
	queue		50000801
	key		500011a6
OBJ 500011a6 (sz=24, trace=300000, class=java.util.Locale$LocaleKey@50000015)
	base		50001116
OBJ 500011a7 (sz=40, trace=300000, class=sun.util.locale.LocaleObjectCache$CacheEntry@50000016)
	referent	500007ef
	queue		50000801
	key		500011a8
OBJ 500011a8 (sz=24, trace=300000, class=java.util.Locale$LocaleKey@50000015)
	base		500010f4
OBJ 500011a9 (sz=40, trace=300000, class=sun.util.locale.LocaleObjectCache$CacheEntry@50000016)
	referent	500007f4
	queue		50000801
	key		500011aa
OBJ 500011aa (sz=24, trace=300000, class=java.util.Locale$LocaleKey@50000015)
	base		500010fe
OBJ 500011ab (sz=40, trace=300000, class=sun.util.locale.LocaleObjectCache$CacheEntry@50000016)
	referent	500007f5
	queue		50000801
	key		500011ac
OBJ 500011ac (sz=24, trace=300000, class=java.util.Locale$LocaleKey@50000015)
	base		50001128
OBJ 500011ad (sz=24, trace=300000, class=java.util.concurrent.ConcurrentHashMap$Node@50000021)
	key		500011b1
	val		500011b0
OBJ 500011ae (sz=40, trace=300000, class=sun.util.locale.LocaleObjectCache$CacheEntry@50000016)
	referent	500007f3
	queue		50000801
	key		500011af
OBJ 500011af (sz=24, trace=300000, class=java.util.Locale$LocaleKey@50000015)
	base		5000117f
OBJ 500011b0 (sz=40, trace=300000, class=sun.util.locale.LocaleObjectCache$CacheEntry@50000016)
	referent	500007ee
	queue		50000801
	key		500011b1
OBJ 500011b1 (sz=24, trace=300000, class=java.util.Locale$LocaleKey@50000015)
	base		50001186
OBJ 500011b2 (sz=32, trace=300000, class=java.io.ObjectStreamField@500000f4)
	name		500007d5
	signature	50001064
	type		50000165
OBJ 500011b3 (sz=32, trace=300000, class=java.io.ObjectStreamField@500000f4)
	name		500007d7
	signature	50001064
	type		50000165
OBJ 500011b4 (sz=32, trace=300000, class=java.io.ObjectStreamField@500000f4)
	name		500007d8
	signature	50001064
	type		50000165
OBJ 500011b5 (sz=32, trace=300000, class=java.io.ObjectStreamField@500000f4)
	name		500007da
	signature	50000aa7
	type		5000079d
OBJ 500011b6 (sz=32, trace=300000, class=java.io.ObjectStreamField@500000f4)
	name		500007d6
	signature	50001064
	type		50000165
OBJ 500011b7 (sz=32, trace=300000, class=java.io.ObjectStreamField@500000f4)
	name		500007d9
	signature	50001064
	type		50000165
ARR 500011b8 (sz=20, trace=300000, nelems=10, elem type=char[])
ARR 500011b9 (sz=12, trace=300000, nelems=6, elem type=char[])
ARR 500011ba (sz=16, trace=300000, nelems=8, elem type=char[])
ARR 500011bb (sz=14, trace=300000, nelems=7, elem type=char[])
ARR 500011bc (sz=14, trace=300000, nelems=7, elem type=char[])
ARR 500011bd (sz=16, trace=300000, nelems=8, elem type=char[])
ARR 500011be (sz=4, trace=300000, nelems=2, elem type=char[])
ARR 500011bf (sz=24, trace=300000, nelems=12, elem type=char[])
ARR 500011c0 (sz=24, trace=300000, nelems=12, elem type=char[])
ARR 500011c1 (sz=22, trace=300000, nelems=11, elem type=char[])
ARR 500011c2 (sz=22, trace=300000, nelems=11, elem type=char[])
ARR 500011c3 (sz=26, trace=300000, nelems=13, elem type=char[])
OBJ 500011c4 (sz=16, trace=300000, class=java.lang.ThreadLocal@500000ab)
OBJ 500011c5 (sz=16, trace=300000, class=java.lang.ThreadLocal@500000ab)
ARR 500011c6 (sz=24, trace=300000, nelems=12, elem type=char[])
OBJ 500011c7 (sz=32, trace=300000, class=java.io.FileOutputStream@50000075)
	fd		500007c5
	closeLock	500011c8
OBJ 500011c8 (sz=8, trace=300000, class=java.lang.Object@50000169)
OBJ 500011c9 (sz=16, trace=300000, class=java.lang.String@50000165)
	value		500011cd
OBJ 500011ca (sz=32, trace=300000, class=java.util.concurrent.atomic.AtomicReferenceFieldUpdater$AtomicReferenceFieldUpdaterImpl@50000071)
	cclass		50000073
	tclass		50000073
	vclass		5000016d
OBJ 500011cb (sz=16, trace=300000, class=java.lang.String@50000165)
	value		500011cc
ARR 500011cc (sz=26, trace=300000, nelems=13, elem type=char[])
ARR 500011cd (sz=6, trace=300000, nelems=3, elem type=char[])
OBJ 500011ce (sz=24, trace=300000, class=java.io.OutputStreamWriter@50000069)
	lock		500007bf
	se		500011d3
OBJ 500011cf (sz=40, trace=300000, class=java.io.BufferedWriter@5000005c)
	lock		500011ce
	out		500011ce
	cb		500011d2
	lineSeparator	500007bc
OBJ 500011d0 (sz=24, trace=300000, class=java.io.BufferedOutputStream@5000006b)
	out		500007c7
	buf		500011d1
ARR 500011d1 (sz=128, trace=300000, nelems=128, elem type=byte[])
ARR 500011d2 (sz=16384, trace=300000, nelems=8192, elem type=char[])
OBJ 500011d3 (sz=48, trace=300000, class=sun.nio.cs.StreamEncoder@50000068)
	lock		500011ce
	cs		50000b51
	encoder		500011d5
	bb		500011d4
	out		500007bf
OBJ 500011d4 (sz=48, trace=300000, class=java.nio.HeapByteBuffer@50000062)
	hb		500011d7
OBJ 500011d5 (sz=48, trace=300000, class=sun.nio.cs.UTF_8$Encoder@50000064)
	charset		50000b51
	replacement	500011d6
	malformedInputAction	500007b5
	unmappableCharacterAction	500007b5
ARR 500011d6 (sz=1, trace=300000, nelems=1, elem type=byte[])
ARR 500011d7 (sz=8192, trace=300000, nelems=8192, elem type=byte[])
ARR 500011d8 (sz=28, trace=300000, nelems=14, elem type=char[])
OBJ 500011d9 (sz=16, trace=300000, class=java.lang.String@50000165)
	value		500011da
ARR 500011da (sz=36, trace=300000, nelems=18, elem type=char[])
OBJ 500011db (sz=24, trace=300000, class=java.io.OutputStreamWriter@50000069)
	lock		500007be
	se		500011e0
OBJ 500011dc (sz=40, trace=300000, class=java.io.BufferedWriter@5000005c)
	lock		500011db
	out		500011db
	cb		500011df
	lineSeparator	500007bc
OBJ 500011dd (sz=24, trace=300000, class=java.io.BufferedOutputStream@5000006b)
	out		500011c7
	buf		500011de
ARR 500011de (sz=128, trace=300000, nelems=128, elem type=byte[])
ARR 500011df (sz=16384, trace=300000, nelems=8192, elem type=char[])
OBJ 500011e0 (sz=48, trace=300000, class=sun.nio.cs.StreamEncoder@50000068)
	lock		500011db
	cs		50000b51
	encoder		500011e2
	bb		500011e1
	out		500007be
OBJ 500011e1 (sz=48, trace=300000, class=java.nio.HeapByteBuffer@50000062)
	hb		500011e4
OBJ 500011e2 (sz=48, trace=300000, class=sun.nio.cs.UTF_8$Encoder@50000064)
	charset		50000b51
	replacement	500011e3
	malformedInputAction	500007b5
	unmappableCharacterAction	500007b5
ARR 500011e3 (sz=1, trace=300000, nelems=1, elem type=byte[])
ARR 500011e4 (sz=8192, trace=300000, nelems=8192, elem type=byte[])
OBJ 500011e5 (sz=16, trace=300000, class=java.util.Collections$SynchronizedSet@50000082)
	c		50001225
	mutex		500007bd
ARR 500011e6 (sz=392, trace=300000, nelems=92, elem type=java.util.Hashtable$Entry[]@500000b6)
	[0]		500011e7
	[2]		500011e8
	[9]		500011e9
	[11]		500011ea
	[13]		500011eb
	[16]		500011ec
	[17]		500011ed
	[18]		500011ee
	[19]		500011ef
	[21]		500011f0
	[22]		500011f1
	[24]		500011f2
	[26]		500011f3
	[27]		500011f4
	[33]		500011f5
	[38]		500011f6
	[39]		500011f7
	[40]		500011f8
	[41]		500011f9
	[44]		500011fa
	[47]		500011fb
	[49]		500011fc
	[54]		500011fd
	[57]		500011fe
	[63]		500011ff
	[65]		50001200
	[67]		50001201
	[70]		50001202
	[72]		50001203
	[74]		50001204
	[76]		50001205
	[79]		50001206
	[80]		50001207
	[81]		50001208
	[82]		50001209
	[88]		5000120a
	[91]		5000120b
OBJ 500011e7 (sz=24, trace=300000, class=java.util.Hashtable$Entry@500000b7)
	key		50000a61
	value		50000a60
OBJ 500011e8 (sz=24, trace=300000, class=java.util.Hashtable$Entry@500000b7)
	key		50000a5d
	value		50000a5c
OBJ 500011e9 (sz=24, trace=300000, class=java.util.Hashtable$Entry@500000b7)
	key		50000a59
	value		50000a58
	next		50001224
OBJ 500011ea (sz=24, trace=300000, class=java.util.Hashtable$Entry@500000b7)
	key		50000a4c
	value		50000a4b
OBJ 500011eb (sz=24, trace=300000, class=java.util.Hashtable$Entry@500000b7)
	key		50000a48
	value		50000a47
OBJ 500011ec (sz=24, trace=300000, class=java.util.Hashtable$Entry@500000b7)
	key		50000a44
	value		50000a43
OBJ 500011ed (sz=24, trace=300000, class=java.util.Hashtable$Entry@500000b7)
	key		50000a40
	value		50000a3f
OBJ 500011ee (sz=24, trace=300000, class=java.util.Hashtable$Entry@500000b7)
	key		50000a3c
	value		50000a3b
OBJ 500011ef (sz=24, trace=300000, class=java.util.Hashtable$Entry@500000b7)
	key		50000a38
	value		5000101b
OBJ 500011f0 (sz=24, trace=300000, class=java.util.Hashtable$Entry@500000b7)
	key		50000a30
	value		50001222
OBJ 500011f1 (sz=24, trace=300000, class=java.util.Hashtable$Entry@500000b7)
	key		50000a2b
	value		50000a2a
OBJ 500011f2 (sz=24, trace=300000, class=java.util.Hashtable$Entry@500000b7)
	key		50000a27
	value		50000a26
	next		50001221
OBJ 500011f3 (sz=24, trace=300000, class=java.util.Hashtable$Entry@500000b7)
	key		50000a1a
	value		50000a19
	next		5000121f
OBJ 500011f4 (sz=24, trace=300000, class=java.util.Hashtable$Entry@500000b7)
	key		50000a10
	value		50000a0f
OBJ 500011f5 (sz=24, trace=300000, class=java.util.Hashtable$Entry@500000b7)
	key		50000a0c
	value		50000a0b
	next		5000121e
OBJ 500011f6 (sz=24, trace=300000, class=java.util.Hashtable$Entry@500000b7)
	key		500009ff
	value		500009fe
	next		5000121d
OBJ 500011f7 (sz=24, trace=300000, class=java.util.Hashtable$Entry@500000b7)
	key		500009fa
	value		500009f9
OBJ 500011f8 (sz=24, trace=300000, class=java.util.Hashtable$Entry@500000b7)
	key		500009f6
	value		500009f5
OBJ 500011f9 (sz=24, trace=300000, class=java.util.Hashtable$Entry@500000b7)
	key		500009f2
	value		500009f1
OBJ 500011fa (sz=24, trace=300000, class=java.util.Hashtable$Entry@500000b7)
	key		500009ee
	value		500009ed
OBJ 500011fb (sz=24, trace=300000, class=java.util.Hashtable$Entry@500000b7)
	key		500009ea
	value		500009e9
OBJ 500011fc (sz=24, trace=300000, class=java.util.Hashtable$Entry@500000b7)
	key		500009e2
	value		500009e1
	next		5000121c
OBJ 500011fd (sz=24, trace=300000, class=java.util.Hashtable$Entry@500000b7)
	key		500009dd
	value		500009dc
OBJ 500011fe (sz=24, trace=300000, class=java.util.Hashtable$Entry@500000b7)
	key		500009d9
	value		500006d6
OBJ 500011ff (sz=24, trace=300000, class=java.util.Hashtable$Entry@500000b7)
	key		500009d6
	value		500009d5
OBJ 50001200 (sz=24, trace=300000, class=java.util.Hashtable$Entry@500000b7)
	key		500009d2
	value		500009d1
OBJ 50001201 (sz=24, trace=300000, class=java.util.Hashtable$Entry@500000b7)
	key		500009cb
	value		500009ca
	next		5000121b
OBJ 50001202 (sz=24, trace=300000, class=java.util.Hashtable$Entry@500000b7)
	key		500009c2
	value		500009c1
	next		5000121a
OBJ 50001203 (sz=24, trace=300000, class=java.util.Hashtable$Entry@500000b7)
	key		500009bd
	value		500009bc
OBJ 50001204 (sz=24, trace=300000, class=java.util.Hashtable$Entry@500000b7)
	key		50001217
	value		50001216
OBJ 50001205 (sz=24, trace=300000, class=java.util.Hashtable$Entry@500000b7)
	key		500009b5
	value		500009b4
	next		50001215
OBJ 50001206 (sz=24, trace=300000, class=java.util.Hashtable$Entry@500000b7)
	key		500009a7
	value		500009a6
	next		50001213
OBJ 50001207 (sz=24, trace=300000, class=java.util.Hashtable$Entry@500000b7)
	key		5000099e
	value		5000099d
	next		50001212
OBJ 50001208 (sz=24, trace=300000, class=java.util.Hashtable$Entry@500000b7)
	key		50000999
	value		50000998
OBJ 50001209 (sz=24, trace=300000, class=java.util.Hashtable$Entry@500000b7)
	key		50000991
	value		50000990
	next		50001211
OBJ 5000120a (sz=24, trace=300000, class=java.util.Hashtable$Entry@500000b7)
	key		50000988
	value		50000987
	next		50001210
OBJ 5000120b (sz=24, trace=300000, class=java.util.Hashtable$Entry@500000b7)
	key		5000120d
	value		5000120c
OBJ 5000120c (sz=16, trace=300000, class=java.lang.String@50000165)
	value		5000120f
OBJ 5000120d (sz=16, trace=300000, class=java.lang.String@50000165)
	value		5000120e
ARR 5000120e (sz=34, trace=300000, nelems=17, elem type=char[])
ARR 5000120f (sz=54, trace=300000, nelems=27, elem type=char[])
OBJ 50001210 (sz=24, trace=300000, class=java.util.Hashtable$Entry@500000b7)
	key		5000098c
	value		5000098b
OBJ 50001211 (sz=24, trace=300000, class=java.util.Hashtable$Entry@500000b7)
	key		50000995
	value		50000994
OBJ 50001212 (sz=24, trace=300000, class=java.util.Hashtable$Entry@500000b7)
	key		500009a2
	value		500009a1
OBJ 50001213 (sz=24, trace=300000, class=java.util.Hashtable$Entry@500000b7)
	key		500009ac
	value		500009ab
	next		50001214
OBJ 50001214 (sz=24, trace=300000, class=java.util.Hashtable$Entry@500000b7)
	key		500009b0
	value		500009af
OBJ 50001215 (sz=24, trace=300000, class=java.util.Hashtable$Entry@500000b7)
	key		500009b9
	value		500009b8
OBJ 50001216 (sz=16, trace=300000, class=java.lang.String@50000165)
	value		50001219
OBJ 50001217 (sz=16, trace=300000, class=java.lang.String@50000165)
	value		50001218
ARR 50001218 (sz=40, trace=300000, nelems=20, elem type=char[])
ARR 50001219 (sz=80, trace=300000, nelems=40, elem type=char[])
OBJ 5000121a (sz=24, trace=300000, class=java.util.Hashtable$Entry@500000b7)
	key		500009c6
	value		500009c5
OBJ 5000121b (sz=24, trace=300000, class=java.util.Hashtable$Entry@500000b7)
	key		500009ce
	value		500007bc
OBJ 5000121c (sz=24, trace=300000, class=java.util.Hashtable$Entry@500000b7)
	key		500009e6
	value		500009e5
OBJ 5000121d (sz=24, trace=300000, class=java.util.Hashtable$Entry@500000b7)
	key		50000a03
	value		50000a02
OBJ 5000121e (sz=24, trace=300000, class=java.util.Hashtable$Entry@500000b7)
	key		50000a08
	value		50000a07
OBJ 5000121f (sz=24, trace=300000, class=java.util.Hashtable$Entry@500000b7)
	key		50000a1e
	value		50000a1d
	next		50001220
OBJ 50001220 (sz=24, trace=300000, class=java.util.Hashtable$Entry@500000b7)
	key		50000a15
	value		50000a14
OBJ 50001221 (sz=24, trace=300000, class=java.util.Hashtable$Entry@500000b7)
	key		50000a23
	value		50000a22
OBJ 50001222 (sz=16, trace=300000, class=java.lang.String@50000165)
	value		50001223
ARR 50001223 (sz=20, trace=300000, nelems=10, elem type=char[])
OBJ 50001224 (sz=24, trace=300000, class=java.util.Hashtable$Entry@500000b7)
	key		50000a55
	value		50000a54
OBJ 50001225 (sz=16, trace=300000, class=java.util.Hashtable$EntrySet@50000084)
	this$0		500007bd
OBJ 50001226 (sz=16, trace=300000, class=java.lang.String@50000165)
	value		5000122e
OBJ 50001227 (sz=16, trace=300000, class=java.lang.String@50000165)
	value		5000122d
OBJ 50001228 (sz=16, trace=300000, class=java.lang.String@50000165)
	value		5000122c
OBJ 50001229 (sz=8, trace=300000, class=java.lang.Terminator$1@50000048)
OBJ 5000122a (sz=16, trace=300000, class=sun.misc.NativeSignalHandler@50000046)
OBJ 5000122b (sz=16, trace=300000, class=sun.misc.NativeSignalHandler@50000046)
ARR 5000122c (sz=8, trace=300000, nelems=4, elem type=char[])
ARR 5000122d (sz=6, trace=300000, nelems=3, elem type=char[])
ARR 5000122e (sz=6, trace=300000, nelems=3, elem type=char[])
OBJ 5000122f (sz=40, trace=300000, class=java.util.Hashtable@5000013d)
	table		50001238
OBJ 50001230 (sz=40, trace=300000, class=java.util.Hashtable@5000013d)
	table		50001231
ARR 50001231 (sz=32, trace=300000, nelems=4, elem type=java.util.Hashtable$Entry[]@500000b6)
	[1]		50001232
	[2]		50001233
	[3]		50001234
OBJ 50001232 (sz=24, trace=300000, class=java.util.Hashtable$Entry@500000b7)
	key		50001237
	value		50001229
OBJ 50001233 (sz=24, trace=300000, class=java.util.Hashtable$Entry@500000b7)
	key		50001236
	value		50001229
OBJ 50001234 (sz=24, trace=300000, class=java.util.Hashtable$Entry@500000b7)
	key		50001235
	value		50001229
OBJ 50001235 (sz=16, trace=300000, class=sun.misc.Signal@50000047)
	name		50001228
OBJ 50001236 (sz=16, trace=300000, class=sun.misc.Signal@50000047)
	name		50001227
OBJ 50001237 (sz=16, trace=300000, class=sun.misc.Signal@50000047)
	name		50001226
ARR 50001238 (sz=32, trace=300000, nelems=4, elem type=java.util.Hashtable$Entry[]@500000b6)
	[1]		50001239
	[2]		5000123a
	[3]		5000123b
OBJ 50001239 (sz=24, trace=300000, class=java.util.Hashtable$Entry@500000b7)
	key		500008d8
	value		50001237
OBJ 5000123a (sz=24, trace=300000, class=java.util.Hashtable$Entry@500000b7)
	key		500008d9
	value		50001236
OBJ 5000123b (sz=24, trace=300000, class=java.util.Hashtable$Entry@500000b7)
	key		500008e6
	value		50001235
OBJ 5000123c (sz=16, trace=300000, class=java.lang.String@50000165)
	value		5000123d
ARR 5000123d (sz=14, trace=300000, nelems=7, elem type=char[])
ARR 5000123e (sz=6, trace=300000, nelems=3, elem type=char[])
ARR 5000123f (sz=38, trace=300000, nelems=19, elem type=char[])
ARR 50001240 (sz=38, trace=300000, nelems=19, elem type=char[])
ARR 50001241 (sz=32, trace=300000, nelems=1, elem type=java.lang.ThreadGroup[]@500000ed)
	[0]		500007b2
ARR 50001242 (sz=32, trace=300000, nelems=3, elem type=java.lang.Thread[]@500000c6)
	[0]		500006d4
	[1]		500006d0
	[2]		500006cf
OBJ 50001243 (sz=8, trace=300000, class=java.lang.Object@50000169)
OBJ 50001244 (sz=40, trace=300000, class=java.security.AccessControlContext@50000156)
OBJ 50001245 (sz=16, trace=300000, class=java.lang.String@50000165)
	value		50001246
ARR 50001246 (sz=34, trace=300000, nelems=17, elem type=char[])
OBJ 50001247 (sz=8, trace=300000, class=java.lang.Object@50000169)
OBJ 50001248 (sz=40, trace=300000, class=java.security.AccessControlContext@50000156)
OBJ 50001249 (sz=16, trace=300000, class=java.lang.String@50000165)
	value		5000124a
ARR 5000124a (sz=18, trace=300000, nelems=9, elem type=char[])
OBJ 5000124b (sz=8, trace=300000, class=java.lang.Object@50000169)
OBJ 5000124c (sz=32, trace=300000, class=java.lang.ref.Finalizer@50000144)
	referent	500010bc
	queue		500006d1
	next		5000124d
	prev		50000250
OBJ 5000124d (sz=32, trace=300000, class=java.lang.ref.Finalizer@50000144)
	referent	500011c7
	queue		500006d1
	next		5000124e
	prev		5000124c
OBJ 5000124e (sz=32, trace=300000, class=java.lang.ref.Finalizer@50000144)
	referent	500007c7
	queue		500006d1
	next		5000124f
	prev		5000124d
OBJ 5000124f (sz=32, trace=300000, class=java.lang.ref.Finalizer@50000144)
	referent	500007c2
	queue		500006d1
	prev		5000124e
OBJ 50001250 (sz=8, trace=300000, class=java.lang.Object@50000169)
OBJ 50001251 (sz=40, trace=300000, class=java.security.AccessControlContext@50000156)
ARR 50001252 (sz=32, trace=300000, nelems=1, elem type=java.lang.Thread[]@500000c6)
	[0]		500006c7
OBJ 50001253 (sz=16, trace=300000, class=java.lang.String@50000165)
	value		50001254
ARR 50001254 (sz=8, trace=300000, nelems=4, elem type=char[])
OBJ 50001255 (sz=40, trace=300000, class=java.security.AccessControlContext@50000156)
OBJ 50001256 (sz=16, trace=300000, class=java.lang.String@50000165)
	value		50001257
ARR 50001257 (sz=26, trace=300000, nelems=13, elem type=char[])
OBJ 50001258 (sz=16, trace=300000, class=java.lang.String@50000165)
	value		50001259
ARR 50001259 (sz=18, trace=300000, nelems=9, elem type=char[])
OBJ 5000125a (sz=32, trace=300000, class=java.lang.OutOfMemoryError@5000014d)
OBJ 5000125b (sz=32, trace=300000, class=java.lang.OutOfMemoryError@5000014d)
OBJ 5000125c (sz=32, trace=300000, class=java.lang.OutOfMemoryError@5000014d)
OBJ 5000125d (sz=32, trace=300000, class=java.lang.OutOfMemoryError@5000014d)
OBJ 5000125e (sz=16, trace=300000, class=java.lang.String@50000165)
	value		5000125f
ARR 5000125f (sz=126, trace=300000, nelems=63, elem type=char[])
OBJ 50001260 (sz=16, trace=300000, class=java.lang.String@50000165)
	value		50001261
ARR 50001261 (sz=52, trace=300000, nelems=26, elem type=char[])
OBJ 50001262 (sz=16, trace=300000, class=java.lang.String@50000165)
	value		50001263
ARR 50001263 (sz=74, trace=300000, nelems=37, elem type=char[])
OBJ 50001264 (sz=16, trace=300000, class=java.lang.String@50000165)
	value		50001265
ARR 50001265 (sz=44, trace=300000, nelems=22, elem type=char[])
OBJ 50001266 (sz=16, trace=300000, class=java.lang.String@50000165)
	value		50001267
ARR 50001267 (sz=18, trace=300000, nelems=9, elem type=char[])
OBJ 50001268 (sz=16, trace=300000, class=java.lang.String@50000165)
	value		50001269
ARR 50001269 (sz=30, trace=300000, nelems=15, elem type=char[])
ARR 5000126a (sz=22, trace=300000, nelems=11, elem type=char[])
ARR 5000126b (sz=8, trace=300000, nelems=4, elem type=char[])
OBJ 5000126c (sz=16, trace=300000, class=java.lang.String@50000165)
	value		50001283
OBJ 5000126d (sz=16, trace=300000, class=java.lang.String@50000165)
	value		5000127e
OBJ 5000126e (sz=16, trace=300000, class=java.lang.String@50000165)
	value		5000127d
OBJ 5000126f (sz=16, trace=300000, class=java.lang.String@50000165)
	value		5000127c
OBJ 50001270 (sz=16, trace=300000, class=java.lang.String@50000165)
	value		5000127b
OBJ 50001271 (sz=16, trace=300000, class=java.lang.String@50000165)
	value		5000127a
OBJ 50001272 (sz=16, trace=300000, class=java.lang.String@50000165)
	value		50001279
OBJ 50001273 (sz=16, trace=300000, class=java.lang.String@50000165)
	value		50001278
OBJ 50001274 (sz=16, trace=300000, class=java.lang.String@50000165)
	value		50001277
OBJ 50001275 (sz=16, trace=300000, class=java.lang.String@50000165)
	value		50001276
ARR 50001276 (sz=98, trace=300000, nelems=49, elem type=char[])
ARR 50001277 (sz=82, trace=300000, nelems=41, elem type=char[])
ARR 50001278 (sz=86, trace=300000, nelems=43, elem type=char[])
ARR 50001279 (sz=102, trace=300000, nelems=51, elem type=char[])
ARR 5000127a (sz=94, trace=300000, nelems=47, elem type=char[])
ARR 5000127b (sz=100, trace=300000, nelems=50, elem type=char[])
ARR 5000127c (sz=94, trace=300000, nelems=47, elem type=char[])
ARR 5000127d (sz=92, trace=300000, nelems=46, elem type=char[])
ARR 5000127e (sz=82, trace=300000, nelems=41, elem type=char[])
OBJ 5000127f (sz=16, trace=300000, class=java.lang.String@50000165)
	value		50001280
ARR 50001280 (sz=12, trace=300000, nelems=6, elem type=char[])
OBJ 50001281 (sz=16, trace=300000, class=java.lang.String@50000165)
	value		50001282
ARR 50001282 (sz=20, trace=300000, nelems=10, elem type=char[])
ARR 50001283 (sz=8, trace=300000, nelems=4, elem type=char[])
OBJ 50001284 (sz=16, trace=300000, class=java.lang.String@50000165)
	value		50001289
OBJ 50001285 (sz=16, trace=300000, class=java.lang.String@50000165)
	value		50001288
OBJ 50001286 (sz=16, trace=300000, class=java.lang.String@50000165)
	value		50001287
ARR 50001287 (sz=14, trace=300000, nelems=7, elem type=char[])
ARR 50001288 (sz=24, trace=300000, nelems=12, elem type=char[])
ARR 50001289 (sz=26, trace=300000, nelems=13, elem type=char[])
OBJ 5000128a (sz=16, trace=300000, class=java.lang.String@50000165)
	value		5000129d
OBJ 5000128b (sz=16, trace=300000, class=java.lang.String@50000165)
	value		5000129a
OBJ 5000128c (sz=16, trace=300000, class=java.lang.String@50000165)
	value		50001293
OBJ 5000128d (sz=16, trace=300000, class=java.lang.String@50000165)
	value		50001299
OBJ 5000128e (sz=16, trace=300000, class=java.lang.String@50000165)
	value		50001298
OBJ 5000128f (sz=16, trace=300000, class=java.lang.String@50000165)
	value		50001297
OBJ 50001290 (sz=16, trace=300000, class=java.lang.String@50000165)
	value		50001296
OBJ 50001291 (sz=16, trace=300000, class=java.lang.String@50000165)
	value		50001295
OBJ 50001292 (sz=16, trace=300000, class=java.lang.String@50000165)
	value		50001294
ARR 50001293 (sz=16, trace=300000, nelems=8, elem type=char[])
ARR 50001294 (sz=20, trace=300000, nelems=10, elem type=char[])
ARR 50001295 (sz=8, trace=300000, nelems=4, elem type=char[])
ARR 50001296 (sz=24, trace=300000, nelems=12, elem type=char[])
ARR 50001297 (sz=36, trace=300000, nelems=18, elem type=char[])
ARR 50001298 (sz=32, trace=300000, nelems=16, elem type=char[])
ARR 50001299 (sz=62, trace=300000, nelems=31, elem type=char[])
ARR 5000129a (sz=32, trace=300000, nelems=16, elem type=char[])
OBJ 5000129b (sz=16, trace=300000, class=java.lang.String@50000165)
	value		5000129c
ARR 5000129c (sz=8, trace=300000, nelems=4, elem type=char[])
ARR 5000129d (sz=8, trace=300000, nelems=4, elem type=char[])
OBJ 5000129e (sz=16, trace=300000, class=java.lang.String@50000165)
	value		500012a4
OBJ 5000129f (sz=16, trace=300000, class=java.lang.String@50000165)
	value		500012a7
OBJ 500012a0 (sz=16, trace=300000, class=java.lang.String@50000165)
	value		500012a6
OBJ 500012a1 (sz=16, trace=300000, class=java.lang.String@50000165)
	value		500012a5
OBJ 500012a2 (sz=16, trace=300000, class=java.lang.String@50000165)
	value		500012a3
ARR 500012a3 (sz=48, trace=300000, nelems=24, elem type=char[])
ARR 500012a4 (sz=60, trace=300000, nelems=30, elem type=char[])
ARR 500012a5 (sz=78, trace=300000, nelems=39, elem type=char[])
ARR 500012a6 (sz=16, trace=300000, nelems=8, elem type=char[])
ARR 500012a7 (sz=12, trace=300000, nelems=6, elem type=char[])
OBJ 500012a8 (sz=8, trace=300000, class=java.lang.Object@50000169)
OBJ 500012a9 (sz=16, trace=300000, class=java.lang.String@50000165)
	value		500012aa
ARR 500012aa (sz=46, trace=300000, nelems=23, elem type=char[])
CLS 50000169 (name=java.lang.Object, trace=300000)
	constant pool entry 79	500000ef
	constant pool entry 17	50000169
CLS 50000001 (name=java.lang.SystemClassLoaderAction, trace=300000)
	super		50000169
	constant pool entry 36	5000015e
	constant pool entry 14	50000001
	constant pool entry 9	50000169
	constant pool entry 3	500010d9
CLS 50000002 (name=sun.misc.Launcher$AppClassLoader$1, trace=300000)
	super		50000169
	constant pool entry 41	5000010f
	constant pool entry 11	50000169
	constant pool entry 10	50000002
	constant pool entry 7	5000010e
CLS 50000010 (name=java.net.URLStreamHandler, trace=300000)
	super		50000169
	constant pool entry 126	50000165
	constant pool entry 117	50000111
	constant pool entry 73	50000169
	constant pool entry 72	50000010
	constant pool entry 64	5000104c
	constant pool entry 61	5000011a
	constant pool entry 43	5000104b
	constant pool entry 41	5000104a
	constant pool entry 39	50001049
	constant pool entry 36	50001048
	constant pool entry 34	50001047
	constant pool entry 30	500007b7
	constant pool entry 22	50000119
CLS 50000003 (name=sun.net.www.protocol.jar.Handler, trace=300000)
	super		50000010
	static separator	50001027
	constant pool entry 50	50000010
CLS 50000004 (name=sun.misc.URLClassPath, trace=300000)
	super		50000169
	static USER_AGENT_JAVA_VERSION	5000101c
	static JAVA_VERSION	5000101b
	constant pool entry 414	500000b8
	constant pool entry 363	500000e7
	constant pool entry 341	500001bc
	constant pool entry 290	5000003c
	constant pool entry 143	50000169
	constant pool entry 142	50000004
	constant pool entry 140	5000095e
	constant pool entry 139	5000101a
	constant pool entry 137	5000095a
	constant pool entry 136	50001019
	constant pool entry 135	50001018
	constant pool entry 134	50001017
	constant pool entry 132	50000165
	constant pool entry 129	50001016
	constant pool entry 128	50000067
	constant pool entry 92	500001c2
	constant pool entry 40	50000111
	constant pool entry 31	500001c4
	constant pool entry 21	50001015
	constant pool entry 15	500000bd
	constant pool entry 11	500000da
	constant pool entry 8	500000d5
CLS 500000dd (name=java.util.AbstractCollection, trace=300000)
	super		50000169
	constant pool entry 8	50000169
CLS 500000d2 (name=java.util.AbstractSet, trace=300000)
	super		500000dd
	constant pool entry 19	500000dd
CLS 50000005 (name=java.util.HashSet, trace=300000)
	super		500000d2
	static PRESENT	50001070
	constant pool entry 64	500000d2
	constant pool entry 62	50000169
	constant pool entry 23	50000005
	constant pool entry 2	500000bd
CLS 50000006 (name=java.security.Principal[], trace=300000)
	super		50000169
CLS 50000007 (name=java.security.Principal, trace=300000)
CLS 50000008 (name=java.security.ProtectionDomain$Key, trace=300000)
	super		50000169
	constant pool entry 3	50000169
CLS 50000009 (name=java.security.ProtectionDomain$2, trace=300000)
	super		50000169
	constant pool entry 6	50000169
CLS 5000000a (name=sun.misc.JavaSecurityProtectionDomainAccess, trace=300000)
CLS 5000000b (name=java.security.ProtectionDomain$JavaSecurityAccessImpl, trace=300000)
	super		50000169
	constant pool entry 16	50000169
	constant pool entry 15	5000000b
CLS 5000000c (name=sun.misc.JavaSecurityAccess, trace=300000)
CLS 5000000d (name=java.net.URL[], trace=300000)
	super		50000169
CLS 500000bb (name=java.util.HashMap$Node, trace=300000)
	super		50000169
	constant pool entry 18	50000169
	constant pool entry 17	500000bb
CLS 5000004c (name=java.util.LinkedHashMap$Entry, trace=300000)
	super		500000bb
	constant pool entry 3	500000bb
CLS 5000000e (name=java.util.HashMap$TreeNode, trace=300000)
	super		5000004c
CLS 5000000f (name=sun.net.www.protocol.file.Handler, trace=300000)
	super		50000010
	constant pool entry 78	5000002e
	constant pool entry 68	50000165
	constant pool entry 37	50000010
	constant pool entry 36	5000000f
	constant pool entry 33	500005d1
	constant pool entry 17	50000111
	constant pool entry 12	50000113
	constant pool entry 10	50000ae7
	constant pool entry 3	500007b7
CLS 50000011 (name=java.net.Parts, trace=300000)
	super		50000169
	constant pool entry 29	50000165
	constant pool entry 10	50000169
	constant pool entry 9	50000011
CLS 50000013 (name=java.lang.CharacterData, trace=300000)
	super		50000169
	constant pool entry 49	50000012
	constant pool entry 11	50000169
CLS 50000012 (name=java.lang.CharacterDataLatin1, trace=300000)
	super		50000013
	static sharpsMap	5000103c
	static instance	5000103b
	static A	5000103a
	static A_DATA	50001038
	static B	50001039
	constant pool entry 99	500000ef
	constant pool entry 87	50000165
	constant pool entry 82	50000161
	constant pool entry 24	50000013
	constant pool entry 21	50001038
	constant pool entry 19	50001037
	constant pool entry 14	50000012
CLS 50000014 (name=sun.util.locale.LocaleUtils, trace=300000)
	super		50000169
	constant pool entry 18	50000014
	constant pool entry 9	50000165
CLS 50000015 (name=java.util.Locale$LocaleKey, trace=300000)
	super		50000169
	constant pool entry 44	50000019
	constant pool entry 11	50000169
	constant pool entry 8	50000015
CLS 5000014a (name=java.lang.ref.Reference, trace=300000)
	super		50000169
	static lock	500006d5
	constant pool entry 113	500000c3
	constant pool entry 103	50000140
	constant pool entry 92	500000ca
	constant pool entry 33	50000169
	constant pool entry 32	5000014a
	constant pool entry 29	500000c4
	constant pool entry 25	50000142
	constant pool entry 23	50000f69
	constant pool entry 22	500000d7
	constant pool entry 17	500000d8
CLS 50000149 (name=java.lang.ref.SoftReference, trace=300000)
	super		5000014a
	constant pool entry 7	5000014a
	constant pool entry 6	50000149
CLS 50000016 (name=sun.util.locale.LocaleObjectCache$CacheEntry, trace=300000)
	super		50000149
	constant pool entry 4	50000149
	constant pool entry 3	50000016
CLS 50000017 (name=sun.util.locale.BaseLocale$Key, trace=300000)
	super		50000169
	constant pool entry 102	50000161
	constant pool entry 89	50000014
	constant pool entry 31	50000169
	constant pool entry 29	50000019
	constant pool entry 23	50000165
	constant pool entry 21	50000017
	constant pool entry 13	500007b7
	constant pool entry 11	50000149
CLS 5000002b (name=sun.util.locale.LocaleObjectCache, trace=300000)
	super		50000169
	constant pool entry 61	50000029
	constant pool entry 23	50000169
	constant pool entry 22	5000002b
	constant pool entry 12	50000016
	constant pool entry 7	50000028
	constant pool entry 4	500000ca
CLS 50000018 (name=sun.util.locale.BaseLocale$Cache, trace=300000)
	super		5000002b
	constant pool entry 55	50000161
	constant pool entry 19	5000002b
	constant pool entry 18	50000018
	constant pool entry 11	50000019
CLS 50000019 (name=sun.util.locale.BaseLocale, trace=300000)
	super		50000169
	static SEP	5000081e
	static CACHE	5000081d
	constant pool entry 97	50000165
	constant pool entry 95	50000014
	constant pool entry 42	50000169
	constant pool entry 40	50000018
	constant pool entry 24	5000081c
	constant pool entry 22	5000081b
	constant pool entry 19	5000081a
	constant pool entry 16	50000017
	constant pool entry 13	50000019
	constant pool entry 5	500007b7
CLS 5000001d (name=java.util.concurrent.ConcurrentHashMap$CollectionView, trace=300000)
	super		50000169
CLS 5000001a (name=java.util.concurrent.ConcurrentHashMap$EntrySetView, trace=300000)
	super		5000001d
CLS 5000001b (name=java.util.concurrent.ConcurrentHashMap$ValuesView, trace=300000)
	super		5000001d
CLS 5000001c (name=java.util.concurrent.ConcurrentHashMap$KeySetView, trace=300000)
	super		5000001d
CLS 5000001e (name=java.util.concurrent.ConcurrentHashMap$CounterCell[], trace=300000)
	super		50000169
CLS 5000001f (name=java.util.concurrent.ConcurrentHashMap$CounterCell, trace=300000)
	super		50000169
CLS 50000020 (name=java.util.concurrent.ConcurrentHashMap$Node[], trace=300000)
	super		50000169
CLS 50000021 (name=java.util.concurrent.ConcurrentHashMap$Node, trace=300000)
	super		50000169
	constant pool entry 20	50000169
	constant pool entry 19	50000021
CLS 50000022 (name=java.util.concurrent.ConcurrentHashMap$Segment[], trace=300000)
	super		50000169
CLS 50000023 (name=java.util.concurrent.locks.ReentrantLock[], trace=300000)
	super		50000169
CLS 50000024 (name=java.util.concurrent.locks.Lock[], trace=300000)
	super		50000169
CLS 50000026 (name=java.util.concurrent.locks.ReentrantLock, trace=300000)
	super		50000169
CLS 50000025 (name=java.util.concurrent.ConcurrentHashMap$Segment, trace=300000)
	super		50000026
CLS 50000027 (name=java.util.concurrent.locks.Lock, trace=300000)
CLS 500000cf (name=java.util.AbstractMap, trace=300000)
	super		50000169
	constant pool entry 41	50000169
CLS 50000028 (name=java.util.concurrent.ConcurrentHashMap, trace=300000)
	super		500000cf
	static serialPersistentFields	50000aa3
	static U	50000aa2
	constant pool entry 1037	500000ef
	constant pool entry 861	5000007d
	constant pool entry 660	50000118
	constant pool entry 651	50000161
	constant pool entry 648	50000169
	constant pool entry 286	500000cf
	constant pool entry 278	50000aa1
	constant pool entry 277	50000aa0
	constant pool entry 276	50000a9f
	constant pool entry 275	50000a9e
	constant pool entry 272	50000a9d
	constant pool entry 267	500000f4
	constant pool entry 156	5000001f
	constant pool entry 110	50000020
	constant pool entry 103	50000a9c
	constant pool entry 101	50000a9b
	constant pool entry 99	50000a9a
	constant pool entry 95	50000022
	constant pool entry 17	50000021
	constant pool entry 2	50000028
	constant pool entry 1	50000102
CLS 50000029 (name=java.util.concurrent.ConcurrentMap, trace=300000)
CLS 5000002a (name=java.util.Locale$Cache, trace=300000)
	super		5000002b
	constant pool entry 10	5000002b
	constant pool entry 9	5000002a
	constant pool entry 7	50000015
	constant pool entry 3	5000002c
CLS 5000002c (name=java.util.Locale, trace=300000)
	super		50000169
	static LOCALECACHE	50000800
	static ENGLISH	500007ff
	static FRENCH	500007fe
	static GERMAN	500007fd
	static ITALIAN	500007fc
	static JAPANESE	500007fb
	static KOREAN	500007fa
	static CHINESE	500007f9
	static SIMPLIFIED_CHINESE	500007f3
	static TRADITIONAL_CHINESE	500007f2
	static FRANCE	500007f8
	static GERMANY	500007f7
	static ITALY	500007f6
	static JAPAN	500007f5
	static KOREA	500007f4
	static CHINA	500007f3
	static PRC	500007f3
	static TAIWAN	500007f2
	static UK	500007f1
	static US	500007ed
	static CANADA	500007f0
	static CANADA_FRENCH	500007ef
	static ROOT	500007ee
	static defaultLocale	500007ed
	static serialPersistentFields	500007ec
	constant pool entry 915	500000ef
	constant pool entry 712	50000161
	constant pool entry 668	50000014
	constant pool entry 526	500000e7
	constant pool entry 500	50000019
	constant pool entry 270	500000f4
	constant pool entry 265	500007eb
	constant pool entry 263	500007ea
	constant pool entry 261	500007e9
	constant pool entry 256	500007e8
	constant pool entry 253	500007e7
	constant pool entry 251	500007e6
	constant pool entry 249	500007e5
	constant pool entry 247	500007e4
	constant pool entry 245	500007e3
	constant pool entry 243	500007e2
	constant pool entry 241	500007e1
	constant pool entry 238	500007e0
	constant pool entry 236	500007df
	constant pool entry 234	500007de
	constant pool entry 230	5000002a
	constant pool entry 219	500007dd
	constant pool entry 216	500007dc
	constant pool entry 213	500007db
	constant pool entry 195	500007da
	constant pool entry 194	500007d9
	constant pool entry 193	500007d8
	constant pool entry 192	500007d7
	constant pool entry 191	500007d6
	constant pool entry 189	500007d5
	constant pool entry 167	50000102
	constant pool entry 144	50000169
	constant pool entry 45	500007d4
	constant pool entry 44	500007d3
	constant pool entry 43	500007d2
	constant pool entry 38	500007d1
	constant pool entry 37	50000165
	constant pool entry 34	500007d0
	constant pool entry 33	500007cf
	constant pool entry 32	50000067
	constant pool entry 20	5000002c
	constant pool entry 16	50000015
	constant pool entry 10	500007b7
CLS 5000002d (name=java.util.BitSet, trace=300000)
	super		50000169
	static serialPersistentFields	50000af5
	constant pool entry 401	500000ef
	constant pool entry 302	50000161
	constant pool entry 97	50000169
	constant pool entry 94	500000f4
	constant pool entry 76	50000af4
	constant pool entry 71	5000016a
	constant pool entry 1	5000002d
CLS 5000002e (name=sun.net.www.ParseUtil, trace=300000)
	super		50000169
	static encodedInPath	50000af2
	static hexDigits	50000af1
	constant pool entry 520	500000ef
	constant pool entry 391	50000161
	constant pool entry 388	500000b5
	constant pool entry 312	5000054b
	constant pool entry 297	50000087
	constant pool entry 295	50000085
	constant pool entry 293	5000053a
	constant pool entry 290	50000536
	constant pool entry 288	50000063
	constant pool entry 281	50000108
	constant pool entry 271	50000113
	constant pool entry 157	50000169
	constant pool entry 156	50000af0
	constant pool entry 155	50000aef
	constant pool entry 154	50000aee
	constant pool entry 153	50000aed
	constant pool entry 150	50000aec
	constant pool entry 147	50000aeb
	constant pool entry 144	50000aea
	constant pool entry 137	50000ae9
	constant pool entry 126	5000002d
	constant pool entry 67	500007b7
	constant pool entry 66	50000adb
	constant pool entry 65	50000111
	constant pool entry 62	50000ad1
	constant pool entry 23	50000ae8
	constant pool entry 19	50000119
	constant pool entry 13	50000165
	constant pool entry 10	50000102
	constant pool entry 1	5000002e
CLS 5000002f (name=sun.misc.MetaIndex, trace=300000)
	super		50000169
	static jarMap	500001e9
	constant pool entry 124	50000161
	constant pool entry 85	5000013f
	constant pool entry 39	500000bd
	constant pool entry 5	50001028
	constant pool entry 4	50000113
	constant pool entry 3	5000002f
CLS 50000030 (name=sun.misc.Launcher$ExtClassLoader$1, trace=300000)
	super		50000169
	constant pool entry 33	5000002f
	constant pool entry 8	50000169
	constant pool entry 7	50000030
	constant pool entry 4	5000010d
CLS 50000031 (name=java.io.File[], trace=300000)
	super		50000169
CLS 50000032 (name=java.util.StringTokenizer, trace=300000)
	super		50000169
	constant pool entry 81	50000165
	constant pool entry 34	50000169
	constant pool entry 33	50000032
	constant pool entry 5	50000108
CLS 50000033 (name=java.net.URLClassLoader$7, trace=300000)
	super		50000169
	constant pool entry 19	50000112
	constant pool entry 6	50000169
CLS 50000034 (name=sun.misc.JavaNetAccess, trace=300000)
CLS 50000035 (name=java.util.WeakHashMap$KeySet, trace=300000)
	super		500000d2
	constant pool entry 13	500000d2
	constant pool entry 12	50000035
CLS 50000036 (name=java.util.Collections$SetFromMap, trace=300000)
	super		500000d2
	constant pool entry 115	50000109
	constant pool entry 103	5000013f
	constant pool entry 31	500000d2
	constant pool entry 30	50000036
CLS 50000037 (name=java.util.WeakHashMap$Entry[], trace=300000)
	super		50000169
CLS 50000148 (name=java.lang.ref.WeakReference, trace=300000)
	super		5000014a
	constant pool entry 4	5000014a
CLS 50000038 (name=java.util.WeakHashMap$Entry, trace=300000)
	super		50000148
	constant pool entry 21	50000148
	constant pool entry 20	50000038
CLS 50000039 (name=java.lang.ClassLoader$ParallelLoaders, trace=300000)
	super		50000169
	static loaderTypes	500010cc
	constant pool entry 39	500000d4
	constant pool entry 35	500000d3
	constant pool entry 33	50000161
	constant pool entry 10	50000039
	constant pool entry 9	5000015f
	constant pool entry 6	5000009e
CLS 5000003a (name=sun.security.util.Debug, trace=300000)
	super		50000169
	static hexDigits	50001003
	constant pool entry 243	500000e7
	constant pool entry 108	50001002
	constant pool entry 102	50001001
	constant pool entry 101	50000165
	constant pool entry 98	50001000
	constant pool entry 97	50000067
	constant pool entry 47	5000003a
CLS 5000003b (name=sun.misc.Launcher$Factory, trace=300000)
	super		50000169
	static PREFIX	50000ad4
	constant pool entry 47	50000161
	constant pool entry 20	50000169
	constant pool entry 19	5000003b
	constant pool entry 18	50000ad4
	constant pool entry 12	50000010
	constant pool entry 8	50000ad6
	constant pool entry 7	50000ad5
	constant pool entry 3	50000119
CLS 5000003c (name=java.net.URLStreamHandlerFactory, trace=300000)
CLS 5000003d (name=java.lang.Compiler$1, trace=300000)
	super		50000169
	constant pool entry 45	5000015e
	constant pool entry 24	50000169
	constant pool entry 23	5000003d
	constant pool entry 21	50001286
	constant pool entry 18	50001285
	constant pool entry 11	50000119
	constant pool entry 2	50001284
CLS 5000003e (name=java.lang.Compiler, trace=300000)
	super		50000169
	constant pool entry 34	500000e7
	constant pool entry 7	5000003e
	constant pool entry 4	5000003d
CLS 5000015d (name=java.lang.Throwable, trace=300000)
	super		50000169
	static UNASSIGNED_STACK	50000f75
	static SUPPRESSED_SENTINEL	50000f74
	static NULL_CAUSE_MESSAGE	50000f73
	static SELF_SUPPRESSION_MESSAGE	50000f72
	static CAUSE_CAPTION	50000f71
	static SUPPRESSED_CAPTION	50000f70
	static EMPTY_THROWABLE_ARRAY	50000f6f
	constant pool entry 341	500000ef
	constant pool entry 219	500000d4
	constant pool entry 208	50000161
	constant pool entry 95	50000169
	constant pool entry 75	500000d5
	constant pool entry 67	5000010b
	constant pool entry 42	5000015d
CLS 5000015a (name=java.lang.Exception, trace=300000)
	super		5000015d
	constant pool entry 7	5000015d
CLS 50000159 (name=java.lang.RuntimeException, trace=300000)
	super		5000015a
CLS 5000003f (name=java.lang.IllegalArgumentException, trace=300000)
	super		50000159
CLS 50000040 (name=java.lang.System$2, trace=300000)
	super		50000169
	constant pool entry 21	50000169
CLS 50000041 (name=sun.misc.JavaLangAccess, trace=300000)
CLS 50000042 (name=sun.misc.OSEnvironment, trace=300000)
	super		50000169
CLS 50000043 (name=java.lang.Integer[], trace=300000)
	super		50000169
CLS 50000044 (name=java.lang.Number[], trace=300000)
	super		50000169
CLS 50000045 (name=java.lang.Integer$IntegerCache, trace=300000)
	super		50000169
	static cache	50000856
	constant pool entry 74	500000ef
	constant pool entry 44	500000b8
	constant pool entry 40	50000161
	constant pool entry 9	50000045
	constant pool entry 5	50000855
	constant pool entry 2	50000102
CLS 50000046 (name=sun.misc.NativeSignalHandler, trace=300000)
	super		50000169
	constant pool entry 6	50000169
	constant pool entry 5	50000046
CLS 50000047 (name=sun.misc.Signal, trace=300000)
	super		50000169
	static handlers	50001230
	static signals	5000122f
	constant pool entry 111	50000102
	constant pool entry 44	50000169
	constant pool entry 42	5000013d
	constant pool entry 29	50000049
	constant pool entry 15	50000046
	constant pool entry 3	50000047
CLS 50000048 (name=java.lang.Terminator$1, trace=300000)
	super		50000169
	constant pool entry 5	50000169
CLS 50000049 (name=sun.misc.SignalHandler, trace=300000)
	static SIG_DFL	5000122b
	static SIG_IGN	5000122a
	constant pool entry 5	50000049
	constant pool entry 1	50000046
CLS 5000004a (name=java.lang.Terminator, trace=300000)
	super		50000169
	static handler	50001229
	constant pool entry 12	5000004a
	constant pool entry 11	50001228
	constant pool entry 10	50001227
	constant pool entry 6	50001226
	constant pool entry 5	50000047
	constant pool entry 3	50000048
CLS 5000004b (name=java.lang.ClassLoader$NativeLibrary, trace=300000)
	super		50000169
	constant pool entry 72	500000da
	constant pool entry 60	5000015f
	constant pool entry 18	50000169
	constant pool entry 17	5000004b
CLS 5000004d (name=java.io.ExpiringCache$Entry, trace=300000)
	super		50000169
	constant pool entry 5	50000169
	constant pool entry 4	5000004d
CLS 5000004e (name=java.io.File$PathStatus[], trace=300000)
	super		50000169
CLS 5000004f (name=java.lang.Enum[], trace=300000)
	super		50000169
CLS 50000050 (name=java.lang.ClassLoader$3, trace=300000)
	super		50000169
	constant pool entry 29	50000109
	constant pool entry 27	50000113
	constant pool entry 6	50000169
	constant pool entry 5	50000050
CLS 50000051 (name=java.lang.StringCoding$StringEncoder, trace=300000)
	super		50000169
	constant pool entry 152	500000ef
	constant pool entry 84	5000008f
	constant pool entry 77	50000161
	constant pool entry 72	50000065
	constant pool entry 70	50000085
	constant pool entry 68	500000b3
	constant pool entry 33	50000169
	constant pool entry 32	50000051
	constant pool entry 18	50000066
CLS 50000052 (name=java.nio.file.Path, trace=300000)
CLS 50000053 (name=java.nio.file.Watchable, trace=300000)
CLS 50000055 (name=java.lang.Enum, trace=300000)
	super		50000169
	constant pool entry 31	50000169
	constant pool entry 12	50000055
CLS 50000054 (name=java.io.File$PathStatus, trace=300000)
	super		50000055
	static INVALID	50000ff5
	static CHECKED	50000ff4
	static $VALUES	50000ff3
	constant pool entry 49	500000ef
	constant pool entry 12	50000055
	constant pool entry 10	50000ff2
	constant pool entry 7	50000ff1
	constant pool entry 4	50000054
CLS 500000bd (name=java.util.HashMap, trace=300000)
	super		500000cf
	constant pool entry 496	500000ef
	constant pool entry 317	50000106
	constant pool entry 297	50000169
	constant pool entry 113	5000013f
	constant pool entry 112	500000cf
	constant pool entry 61	500000b9
	constant pool entry 60	500000bb
	constant pool entry 50	5000000e
	constant pool entry 10	500000bd
CLS 50000057 (name=java.util.LinkedHashMap, trace=300000)
	super		500000bd
	constant pool entry 86	500000bb
	constant pool entry 46	500000bd
	constant pool entry 45	50000057
	constant pool entry 6	5000004c
CLS 50000056 (name=java.io.ExpiringCache$1, trace=300000)
	super		50000057
	constant pool entry 26	50000058
	constant pool entry 6	50000057
	constant pool entry 5	50000056
CLS 50000058 (name=java.io.ExpiringCache, trace=300000)
	super		50000169
	constant pool entry 86	5000013f
	constant pool entry 80	5000015e
	constant pool entry 32	50000169
	constant pool entry 31	50000058
	constant pool entry 18	5000004d
	constant pool entry 8	50000056
CLS 5000005a (name=java.io.FileSystem, trace=300000)
	super		50000169
	constant pool entry 89	5000015e
	constant pool entry 11	50000169
	constant pool entry 10	5000005a
	constant pool entry 9	50000fe4
	constant pool entry 7	50000fe3
CLS 50000059 (name=java.io.UnixFileSystem, trace=300000)
	super		5000005a
	constant pool entry 176	5000015e
	constant pool entry 148	500000e7
	constant pool entry 66	50000059
	constant pool entry 55	5000005a
	constant pool entry 48	50000113
	constant pool entry 37	50000fe2
	constant pool entry 28	50000119
	constant pool entry 26	500007b7
	constant pool entry 18	5000011a
	constant pool entry 17	50000ad1
	constant pool entry 15	50000b1f
	constant pool entry 13	50000fe1
	constant pool entry 10	50000165
	constant pool entry 7	50000fe0
	constant pool entry 6	50000067
	constant pool entry 2	50000058
CLS 5000005b (name=java.io.DefaultFileSystem, trace=300000)
	super		50000169
	constant pool entry 2	50000059
CLS 5000006a (name=java.io.Writer, trace=300000)
	super		50000169
	constant pool entry 19	50000169
	constant pool entry 6	5000006a
CLS 5000005c (name=java.io.BufferedWriter, trace=300000)
	super		5000006a
	constant pool entry 123	500000ef
	constant pool entry 84	500000e7
	constant pool entry 35	5000006a
	constant pool entry 34	5000005c
	constant pool entry 15	50000165
	constant pool entry 12	500007b8
	constant pool entry 11	50000067
CLS 5000005d (name=java.nio.Bits$1, trace=300000)
	super		50000169
	constant pool entry 8	50000169
CLS 5000005e (name=sun.misc.JavaNioAccess, trace=300000)
CLS 50000107 (name=java.lang.Number, trace=300000)
	super		50000169
	constant pool entry 4	50000169
CLS 5000005f (name=java.util.concurrent.atomic.AtomicLong, trace=300000)
	super		50000107
	static unsafe	50000aa2
	constant pool entry 102	50000161
	constant pool entry 85	50000118
	constant pool entry 26	50000107
	constant pool entry 20	50000aa1
	constant pool entry 19	5000005f
CLS 50000060 (name=java.nio.ByteOrder, trace=300000)
	super		50000169
	static BIG_ENDIAN	50000b10
	static LITTLE_ENDIAN	50000b0f
	constant pool entry 30	50000061
	constant pool entry 10	50000169
	constant pool entry 8	50000b0e
	constant pool entry 5	50000b0d
	constant pool entry 4	50000060
CLS 50000061 (name=java.nio.Bits, trace=300000)
	super		50000169
	static unsafe	50000aa2
	static byteOrder	50000b0f
	static reservedMemory	50000b17
	static totalCapacity	50000b16
	static count	50000b15
	constant pool entry 506	50000060
	constant pool entry 501	50000161
	constant pool entry 477	500000c3
	constant pool entry 472	500000b8
	constant pool entry 460	500000e7
	constant pool entry 446	50000118
	constant pool entry 167	5000005d
	constant pool entry 165	5000005f
	constant pool entry 135	50000061
	constant pool entry 117	50000b14
	constant pool entry 116	50000165
	constant pool entry 113	50000b13
	constant pool entry 112	50000067
CLS 5000010a (name=java.nio.Buffer, trace=300000)
	super		50000169
	constant pool entry 30	50000169
	constant pool entry 29	5000010a
CLS 50000063 (name=java.nio.ByteBuffer, trace=300000)
	super		5000010a
	constant pool entry 175	50000060
	constant pool entry 173	50000061
	constant pool entry 58	5000010a
	constant pool entry 50	50000063
	constant pool entry 13	50000062
CLS 50000062 (name=java.nio.HeapByteBuffer, trace=300000)
	super		50000063
	constant pool entry 261	500000ef
	constant pool entry 72	50000063
	constant pool entry 2	50000062
CLS 50000065 (name=java.nio.charset.CharsetEncoder, trace=300000)
	super		50000169
	static stateNames	50000f57
	constant pool entry 369	500000ef
	constant pool entry 298	50000161
	constant pool entry 219	50000099
	constant pool entry 211	500000b3
	constant pool entry 198	50000085
	constant pool entry 110	50000169
	constant pool entry 109	50000b07
	constant pool entry 108	50000b06
	constant pool entry 107	50000b05
	constant pool entry 106	50000b04
	constant pool entry 105	50000165
	constant pool entry 13	50000b02
	constant pool entry 5	50000065
CLS 50000064 (name=sun.nio.cs.UTF_8$Encoder, trace=300000)
	super		50000065
	constant pool entry 96	500000b5
	constant pool entry 41	50000065
	constant pool entry 40	50000064
CLS 50000066 (name=sun.nio.cs.ArrayEncoder, trace=300000)
CLS 50000067 (name=sun.security.action.GetPropertyAction, trace=300000)
	super		50000169
	constant pool entry 35	5000015e
	constant pool entry 11	50000169
	constant pool entry 6	50000067
CLS 50000068 (name=sun.nio.cs.StreamEncoder, trace=300000)
	super		5000006a
	constant pool entry 228	50000161
	constant pool entry 191	50000063
	constant pool entry 180	50000065
	constant pool entry 178	50000085
	constant pool entry 153	500000b3
	constant pool entry 78	5000006a
	constant pool entry 8	50000068
CLS 50000069 (name=java.io.OutputStreamWriter, trace=300000)
	super		5000006a
	constant pool entry 58	50000068
	constant pool entry 23	5000006a
	constant pool entry 22	50000069
CLS 50000076 (name=java.io.OutputStream, trace=300000)
	super		50000169
	constant pool entry 9	50000169
CLS 5000006d (name=java.io.FilterOutputStream, trace=300000)
	super		50000076
	constant pool entry 14	50000076
	constant pool entry 13	5000006d
CLS 5000006b (name=java.io.BufferedOutputStream, trace=300000)
	super		5000006d
	constant pool entry 62	500000ef
	constant pool entry 14	5000006d
	constant pool entry 13	5000006b
CLS 5000006c (name=java.io.PrintStream, trace=300000)
	super		5000006d
	constant pool entry 87	5000006d
	constant pool entry 40	5000006c
	constant pool entry 24	50000076
	constant pool entry 23	500011d9
	constant pool entry 17	5000005c
	constant pool entry 14	50000069
CLS 5000006e (name=sun.reflect.misc.ReflectUtil, trace=300000)
	super		50000169
	static PROXY_PACKAGE	500011cb
	constant pool entry 125	500000be
	constant pool entry 7	5000009c
CLS 5000006f (name=java.util.concurrent.atomic.AtomicReferenceFieldUpdater$AtomicReferenceFieldUpdaterImpl$1, trace=300000)
	super		50000169
	constant pool entry 39	50000161
	constant pool entry 8	50000169
	constant pool entry 7	5000006f
CLS 50000070 (name=java.security.PrivilegedExceptionAction, trace=300000)
CLS 50000072 (name=java.util.concurrent.atomic.AtomicReferenceFieldUpdater, trace=300000)
	super		50000169
	constant pool entry 50	500000be
	constant pool entry 10	50000169
	constant pool entry 1	50000071
CLS 50000071 (name=java.util.concurrent.atomic.AtomicReferenceFieldUpdater$AtomicReferenceFieldUpdaterImpl, trace=300000)
	super		50000072
	static U	50000aa2
	constant pool entry 168	50000165
	constant pool entry 165	50000081
	constant pool entry 159	50000118
	constant pool entry 149	5000009c
	constant pool entry 134	50000161
	constant pool entry 132	5000006e
	constant pool entry 128	500000e7
	constant pool entry 63	50000072
	constant pool entry 62	50000071
	constant pool entry 5	50000139
	constant pool entry 2	5000006f
CLS 50000115 (name=java.io.InputStream, trace=300000)
	super		50000169
	constant pool entry 15	50000169
CLS 50000074 (name=java.io.FilterInputStream, trace=300000)
	super		50000115
	constant pool entry 13	50000115
	constant pool entry 12	50000074
CLS 50000073 (name=java.io.BufferedInputStream, trace=300000)
	super		50000074
	static bufUpdater	500011ca
	constant pool entry 137	500000ef
	constant pool entry 106	50000072
	constant pool entry 41	50000074
	constant pool entry 39	500011c9
	constant pool entry 38	5000016d
	constant pool entry 37	50000073
CLS 50000075 (name=java.io.FileOutputStream, trace=300000)
	super		50000076
	constant pool entry 106	5000015e
	constant pool entry 44	50000076
	constant pool entry 43	50000075
	constant pool entry 19	5000007a
	constant pool entry 6	50000169
CLS 50000077 (name=java.io.Flushable, trace=300000)
CLS 50000078 (name=java.io.FileDescriptor$1, trace=300000)
	super		50000169
	constant pool entry 7	50000169
CLS 50000079 (name=sun.misc.JavaIOFileDescriptorAccess, trace=300000)
CLS 5000007a (name=java.io.FileDescriptor, trace=300000)
	super		50000169
	static in	500007c4
	static out	500007c6
	static err	500007c5
	constant pool entry 94	500000c3
	constant pool entry 27	50000169
	constant pool entry 24	50000078
	constant pool entry 18	5000007a
	constant pool entry 12	50000116
CLS 5000007b (name=java.io.FileInputStream, trace=300000)
	super		50000115
	constant pool entry 103	5000015e
	constant pool entry 41	50000115
	constant pool entry 40	5000007b
	constant pool entry 31	50000599
	constant pool entry 20	5000007a
	constant pool entry 7	50000169
	constant pool entry 2	50000113
CLS 5000007c (name=sun.misc.Version, trace=300000)
	super		50000169
	static launcher_name	5000123c
	static java_version	5000101b
	static java_runtime_name	5000120c
	static java_profile_name	500007b7
	static java_runtime_version	50001216
	constant pool entry 137	5000015e
	constant pool entry 9	5000120c
	constant pool entry 8	5000120d
	constant pool entry 7	50001216
	constant pool entry 6	50001217
	constant pool entry 4	5000101b
	constant pool entry 3	5000007c
	constant pool entry 2	50001016
CLS 5000007d (name=java.lang.Runtime, trace=300000)
	super		50000169
	static currentRuntime	50000a6d
	constant pool entry 162	5000015f
	constant pool entry 119	5000015e
	constant pool entry 55	50000169
	constant pool entry 53	5000007d
	constant pool entry 38	50000113
	constant pool entry 25	50000165
CLS 5000007e (name=java.util.Hashtable$Enumerator, trace=300000)
	super		50000169
	constant pool entry 36	500000b7
	constant pool entry 32	50000169
	constant pool entry 31	5000007e
	constant pool entry 1	5000013d
CLS 5000007f (name=java.util.Iterator, trace=300000)
CLS 50000080 (name=java.util.Enumeration, trace=300000)
CLS 50000081 (name=java.util.Objects, trace=300000)
	super		50000169
	constant pool entry 18	50000169
CLS 50000083 (name=java.util.Collections$SynchronizedCollection, trace=300000)
	super		50000169
	constant pool entry 104	50000081
	constant pool entry 27	50000169
	constant pool entry 26	50000083
	constant pool entry 3	500000e0
CLS 50000082 (name=java.util.Collections$SynchronizedSet, trace=300000)
	super		50000083
	constant pool entry 8	50000083
CLS 50000084 (name=java.util.Hashtable$EntrySet, trace=300000)
	super		500000d2
	constant pool entry 22	500000d2
	constant pool entry 21	50000084
	constant pool entry 1	5000013d
CLS 50000085 (name=java.nio.charset.CodingErrorAction, trace=300000)
	super		50000169
	static IGNORE	50000b4b
	static REPLACE	500007b5
	static REPORT	50000b4a
	constant pool entry 11	50000169
	constant pool entry 9	50000b49
	constant pool entry 7	50000b48
	constant pool entry 4	50000b47
	constant pool entry 3	50000085
CLS 50000087 (name=java.nio.charset.CharsetDecoder, trace=300000)
	super		50000169
	static stateNames	50000b08
	constant pool entry 284	500000ef
	constant pool entry 234	50000161
	constant pool entry 199	50000063
	constant pool entry 196	5000054b
	constant pool entry 173	500000b3
	constant pool entry 161	50000085
	constant pool entry 83	50000169
	constant pool entry 82	50000b07
	constant pool entry 81	50000b06
	constant pool entry 80	50000b05
	constant pool entry 79	50000b04
	constant pool entry 78	50000165
	constant pool entry 19	50000b03
	constant pool entry 12	50000b02
	constant pool entry 5	50000087
CLS 50000086 (name=sun.nio.cs.UTF_8$Decoder, trace=300000)
	super		50000087
	constant pool entry 162	50000161
	constant pool entry 130	500000b5
	constant pool entry 128	50000536
	constant pool entry 112	5000054b
	constant pool entry 109	50000063
	constant pool entry 58	50000087
	constant pool entry 57	50000086
	constant pool entry 55	50000096
CLS 50000088 (name=sun.nio.cs.ArrayDecoder, trace=300000)
CLS 50000089 (name=java.lang.StringCoding$StringDecoder, trace=300000)
	super		50000169
	constant pool entry 152	500000ef
	constant pool entry 84	5000008f
	constant pool entry 77	50000161
	constant pool entry 72	50000087
	constant pool entry 70	50000085
	constant pool entry 68	500000b3
	constant pool entry 33	50000169
	constant pool entry 32	50000089
	constant pool entry 18	50000088
CLS 5000008a (name=java.lang.ThreadLocal$ThreadLocalMap$Entry[], trace=300000)
	super		50000169
CLS 5000008b (name=java.lang.ref.WeakReference[], trace=300000)
	super		50000169
CLS 5000008c (name=java.lang.ref.Reference[], trace=300000)
	super		50000169
CLS 5000008d (name=java.lang.ThreadLocal$ThreadLocalMap$Entry, trace=300000)
	super		50000148
	constant pool entry 4	50000148
	constant pool entry 3	5000008d
CLS 5000008e (name=java.lang.ThreadLocal$ThreadLocalMap, trace=300000)
	super		50000169
	constant pool entry 128	500000ef
	constant pool entry 28	50000169
	constant pool entry 15	500000ab
	constant pool entry 9	5000008d
	constant pool entry 8	5000008e
CLS 5000008f (name=java.lang.StringCoding, trace=300000)
	super		50000169
	static decoder	500011c5
	static encoder	500011c4
	constant pool entry 183	50000165
	constant pool entry 164	500000b3
	constant pool entry 161	50000099
	constant pool entry 88	5000008f
	constant pool entry 86	500000ab
	constant pool entry 67	50000051
	constant pool entry 28	50000089
	constant pool entry 6	50000149
CLS 50000134 (name=sun.reflect.MagicAccessorImpl, trace=300000)
	super		50000169
	constant pool entry 3	50000169
CLS 50000130 (name=sun.reflect.ConstructorAccessorImpl, trace=300000)
	super		50000134
	constant pool entry 3	50000134
CLS 50000090 (name=sun.reflect.DelegatingConstructorAccessorImpl, trace=300000)
	super		50000130
	constant pool entry 6	50000130
	constant pool entry 5	50000090
CLS 50000091 (name=sun.reflect.NativeConstructorAccessorImpl, trace=300000)
	super		50000130
	constant pool entry 48	500000d9
	constant pool entry 17	50000091
	constant pool entry 13	50000130
CLS 50000092 (name=sun.reflect.ReflectionFactory$1, trace=300000)
	super		50000169
	constant pool entry 38	5000015e
	constant pool entry 35	500000d9
	constant pool entry 18	50000169
	constant pool entry 17	50000092
	constant pool entry 8	500010e8
	constant pool entry 3	500010e7
CLS 50000093 (name=java.lang.Class$1, trace=300000)
	super		50000169
	constant pool entry 30	50000135
	constant pool entry 7	50000169
	constant pool entry 6	50000093
CLS 50000094 (name=java.lang.reflect.Constructor[], trace=300000)
	super		50000169
CLS 50000095 (name=java.lang.reflect.Executable[], trace=300000)
	super		50000169
CLS 500000b3 (name=java.nio.charset.Charset, trace=300000)
	super		50000169
	static bugLevel	500007b7
	static standardProvider	50000b53
	static cache1	50000547
	static cache2	5000024e
	static gate	50000b52
	static defaultCharset	50000b51
	constant pool entry 325	500000ef
	constant pool entry 215	500000b2
	constant pool entry 194	500000e7
	constant pool entry 188	500000b8
	constant pool entry 86	500000ab
	constant pool entry 84	500000b0
	constant pool entry 52	50000b50
	constant pool entry 29	500000b3
	constant pool entry 21	50000169
	constant pool entry 14	50000b02
	constant pool entry 11	50000165
	constant pool entry 8	500007b7
	constant pool entry 7	50000b4f
	constant pool entry 6	50000067
CLS 50000097 (name=sun.nio.cs.Unicode, trace=300000)
	super		500000b3
	constant pool entry 57	500000b3
CLS 50000096 (name=sun.nio.cs.UTF_8, trace=300000)
	super		50000097
	constant pool entry 42	5000010a
	constant pool entry 35	500000b0
	constant pool entry 13	50000097
	constant pool entry 12	50000096
	constant pool entry 8	50000064
	constant pool entry 6	50000086
	constant pool entry 2	50000ae8
CLS 50000098 (name=sun.nio.cs.HistoricallyNamedCharset, trace=300000)
CLS 50000099 (name=java.util.Arrays, trace=300000)
	super		50000169
	constant pool entry 811	500000ef
	constant pool entry 543	500000b5
	constant pool entry 502	5000015e
	constant pool entry 483	50000161
	constant pool entry 99	50000169
	constant pool entry 54	50000100
	constant pool entry 22	50000099
CLS 5000009a (name=java.lang.reflect.ReflectAccess, trace=300000)
	super		50000169
	constant pool entry 21	50000169
	constant pool entry 6	50000135
	constant pool entry 4	50000136
	constant pool entry 2	50000139
CLS 5000009b (name=sun.reflect.LangReflectAccess, trace=300000)
CLS 5000009c (name=java.lang.reflect.Modifier, trace=300000)
	super		50000169
	constant pool entry 135	500000e7
	constant pool entry 27	5000009a
	constant pool entry 26	500000d9
	constant pool entry 23	500000e4
CLS 5000009e (name=java.util.WeakHashMap, trace=300000)
	super		500000cf
	static NULL_KEY	50000f81
	constant pool entry 331	500000ef
	constant pool entry 214	50000106
	constant pool entry 80	500000cf
	constant pool entry 78	50000169
	constant pool entry 64	50000035
	constant pool entry 15	5000009e
	constant pool entry 4	500000ca
	constant pool entry 2	50000037
	constant pool entry 1	50000038
CLS 5000009d (name=java.lang.ClassValue$ClassValueMap, trace=300000)
	super		5000009e
CLS 5000009f (name=sun.reflect.annotation.AnnotationType, trace=300000)
	super		50000169
CLS 500000a0 (name=java.lang.Class$AnnotationData, trace=300000)
	super		50000169
CLS 500000a3 (name=sun.reflect.generics.repository.AbstractRepository, trace=300000)
	super		50000169
CLS 500000a2 (name=sun.reflect.generics.repository.GenericDeclRepository, trace=300000)
	super		500000a3
CLS 500000a1 (name=sun.reflect.generics.repository.ClassRepository, trace=300000)
	super		500000a2
CLS 500000a4 (name=java.lang.reflect.Field[], trace=300000)
	super		50000169
CLS 500000a5 (name=java.lang.reflect.Member[], trace=300000)
	super		50000169
CLS 500000a6 (name=java.lang.reflect.AccessibleObject[], trace=300000)
	super		50000169
CLS 500000a7 (name=java.lang.Class$Atomic, trace=300000)
	super		50000169
	static unsafe	50000aa2
	constant pool entry 68	50000118
	constant pool entry 24	500000a7
	constant pool entry 23	500010ed
	constant pool entry 22	500010ec
	constant pool entry 20	500010eb
	constant pool entry 18	50000161
CLS 500000a8 (name=java.lang.Class$ReflectionData, trace=300000)
	super		50000169
	constant pool entry 4	50000169
	constant pool entry 3	500000a8
CLS 500000a9 (name=java.lang.Class$3, trace=300000)
	super		50000169
	constant pool entry 30	5000015e
	constant pool entry 27	50000161
	constant pool entry 11	50000169
	constant pool entry 10	500000a9
	constant pool entry 3	500010f1
CLS 500000aa (name=java.util.concurrent.atomic.AtomicInteger, trace=300000)
	super		50000107
	static unsafe	50000aa2
	constant pool entry 93	50000161
	constant pool entry 78	50000118
	constant pool entry 22	50000107
	constant pool entry 16	50000aa1
	constant pool entry 15	500000aa
CLS 500000ab (name=java.lang.ThreadLocal, trace=300000)
	super		50000169
	static nextHashCode	50000f68
	constant pool entry 88	5000008d
	constant pool entry 84	50000142
	constant pool entry 27	50000169
	constant pool entry 25	500000aa
	constant pool entry 20	5000008e
	constant pool entry 3	500000ab
CLS 500000af (name=sun.util.PreHashedMap, trace=300000)
	super		500000cf
	constant pool entry 94	500000ef
	constant pool entry 23	500000cf
	constant pool entry 22	500000af
	constant pool entry 20	50000165
	constant pool entry 10	50000100
	constant pool entry 7	50000169
CLS 500000ac (name=sun.nio.cs.StandardCharsets$Cache, trace=300000)
	super		500000af
	constant pool entry 118	500000ef
	constant pool entry 44	500000af
	constant pool entry 43	50000b71
	constant pool entry 42	50000b75
	constant pool entry 41	50000b79
	constant pool entry 40	50000b7d
	constant pool entry 39	50000b81
	constant pool entry 38	50000b85
	constant pool entry 37	50000b8f
	constant pool entry 36	50000b8c
	constant pool entry 35	50000b89
	constant pool entry 34	50000b9d
	constant pool entry 33	50000b9a
	constant pool entry 32	50000b97
	constant pool entry 31	50000ba8
	constant pool entry 30	50000ba5
	constant pool entry 29	50000bb1
	constant pool entry 28	50000bae
	constant pool entry 27	50000bb7
	constant pool entry 26	50000bbb
	constant pool entry 25	50000bbf
	constant pool entry 24	50000bc6
	constant pool entry 23	50000bc3
	constant pool entry 22	50000bcc
	constant pool entry 21	50000bd3
	constant pool entry 20	50000bd0
	constant pool entry 19	50000bdc
	constant pool entry 18	50000bd9
	constant pool entry 17	50000be2
	constant pool entry 16	50000be6
	constant pool entry 15	50000bed
	constant pool entry 14	50000bea
	constant pool entry 13	50000bf9
	constant pool entry 12	50000bf6
	constant pool entry 11	50000bf3
	constant pool entry 10	50000c04
	constant pool entry 9	50000c01
	constant pool entry 8	50000c10
	constant pool entry 7	50000c0d
	constant pool entry 6	50000c0a
	constant pool entry 5	50000c18
	constant pool entry 4	50000169
	constant pool entry 2	500000ac
CLS 500000ad (name=sun.nio.cs.StandardCharsets$Classes, trace=300000)
	super		500000af
	constant pool entry 196	500000ef
	constant pool entry 83	500000af
	constant pool entry 82	50000b72
	constant pool entry 81	50000b71
	constant pool entry 80	50000b76
	constant pool entry 79	50000b75
	constant pool entry 78	50000b7a
	constant pool entry 77	50000b79
	constant pool entry 76	50000b7e
	constant pool entry 75	50000b7d
	constant pool entry 74	50000b82
	constant pool entry 73	50000b81
	constant pool entry 72	50000b86
	constant pool entry 71	50000b85
	constant pool entry 70	50000b90
	constant pool entry 69	50000b8f
	constant pool entry 68	50000b8d
	constant pool entry 67	50000b8c
	constant pool entry 66	50000b8a
	constant pool entry 65	50000b89
	constant pool entry 64	50000b9e
	constant pool entry 63	50000b9d
	constant pool entry 62	50000b9b
	constant pool entry 61	50000b9a
	constant pool entry 60	50000b98
	constant pool entry 59	50000b97
	constant pool entry 58	50000ba9
	constant pool entry 57	50000ba8
	constant pool entry 56	50000ba6
	constant pool entry 55	50000ba5
	constant pool entry 54	50000bb2
	constant pool entry 53	50000bb1
	constant pool entry 52	50000baf
	constant pool entry 51	50000bae
	constant pool entry 50	50000bb8
	constant pool entry 49	50000bb7
	constant pool entry 48	50000bbc
	constant pool entry 47	50000bbb
	constant pool entry 46	50000bc0
	constant pool entry 45	50000bbf
	constant pool entry 44	50000bc7
	constant pool entry 43	50000bc6
	constant pool entry 42	50000bc4
	constant pool entry 41	50000bc3
	constant pool entry 40	50000bcd
	constant pool entry 39	50000bcc
	constant pool entry 38	50000bd4
	constant pool entry 37	50000bd3
	constant pool entry 36	50000bd1
	constant pool entry 35	50000bd0
	constant pool entry 34	50000bdd
	constant pool entry 33	50000bdc
	constant pool entry 32	50000bda
	constant pool entry 31	50000bd9
	constant pool entry 30	50000be3
	constant pool entry 29	50000be2
	constant pool entry 28	50000be7
	constant pool entry 27	50000be6
	constant pool entry 26	50000bee
	constant pool entry 25	50000bed
	constant pool entry 24	50000beb
	constant pool entry 23	50000bea
	constant pool entry 22	50000bfa
	constant pool entry 21	50000bf9
	constant pool entry 20	50000bf7
	constant pool entry 19	50000bf6
	constant pool entry 18	50000bf4
	constant pool entry 17	50000bf3
	constant pool entry 16	50000c05
	constant pool entry 15	50000c04
	constant pool entry 14	50000c02
	constant pool entry 13	50000c01
	constant pool entry 12	50000c11
	constant pool entry 11	50000c10
	constant pool entry 10	50000c0e
	constant pool entry 9	50000c0d
	constant pool entry 8	50000c0b
	constant pool entry 7	50000c0a
	constant pool entry 6	50000c19
	constant pool entry 5	50000c18
	constant pool entry 4	50000169
	constant pool entry 2	500000ad
CLS 500000ae (name=sun.nio.cs.StandardCharsets$Aliases, trace=300000)
	super		500000af
	constant pool entry 522	500000ef
	constant pool entry 246	500000af
	constant pool entry 245	50000cde
	constant pool entry 244	50000ce0
	constant pool entry 243	50000ce2
	constant pool entry 242	50000ce4
	constant pool entry 241	50000ce6
	constant pool entry 240	50000ce8
	constant pool entry 239	50000cea
	constant pool entry 238	50000cec
	constant pool entry 237	50000cee
	constant pool entry 236	50000cf0
	constant pool entry 235	50000cf2
	constant pool entry 234	50000cf4
	constant pool entry 233	50000cf6
	constant pool entry 232	50000cf8
	constant pool entry 231	50000cfa
	constant pool entry 230	50000cfc
	constant pool entry 229	50000cfe
	constant pool entry 228	50000d00
	constant pool entry 227	50000d02
	constant pool entry 226	50000d06
	constant pool entry 225	50000d04
	constant pool entry 224	50000d09
	constant pool entry 223	50000d0b
	constant pool entry 222	50000d0d
	constant pool entry 221	50000d11
	constant pool entry 220	50000d0f
	constant pool entry 219	50000d14
	constant pool entry 218	50000d16
	constant pool entry 217	50000d18
	constant pool entry 216	50000d1a
	constant pool entry 215	50000d1c
	constant pool entry 214	50000d1e
	constant pool entry 213	50000d20
	constant pool entry 212	50000d22
	constant pool entry 211	50000d24
	constant pool entry 210	50000d26
	constant pool entry 209	50000d28
	constant pool entry 208	50000d2a
	constant pool entry 207	50000d2c
	constant pool entry 206	50000d2e
	constant pool entry 205	50000d30
	constant pool entry 204	50000d32
	constant pool entry 203	50000d34
	constant pool entry 202	50000d36
	constant pool entry 201	50000d38
	constant pool entry 200	50000d3a
	constant pool entry 199	50000d3c
	constant pool entry 198	50000d3e
	constant pool entry 197	50000d40
	constant pool entry 196	50000d42
	constant pool entry 195	50000d44
	constant pool entry 194	50000d46
	constant pool entry 193	50000d4a
	constant pool entry 192	50000d48
	constant pool entry 191	50000d4d
	constant pool entry 190	50000b81
	constant pool entry 189	50000d51
	constant pool entry 188	50000d4f
	constant pool entry 187	50000be6
	constant pool entry 186	50000d56
	constant pool entry 185	50000d54
	constant pool entry 184	50000bea
	constant pool entry 183	50000d59
	constant pool entry 182	50000bf3
	constant pool entry 181	50000d5b
	constant pool entry 180	50000bf6
	constant pool entry 179	50000d5d
	constant pool entry 178	50000d5f
	constant pool entry 177	50000c04
	constant pool entry 176	50000d61
	constant pool entry 175	50000d63
	constant pool entry 174	50000d65
	constant pool entry 173	50000d67
	constant pool entry 172	50000d69
	constant pool entry 171	50000c0d
	constant pool entry 170	50000d6b
	constant pool entry 169	50000d6d
	constant pool entry 168	50000d6f
	constant pool entry 167	50000d71
	constant pool entry 166	50000b71
	constant pool entry 165	50000d73
	constant pool entry 164	50000d75
	constant pool entry 163	50000d77
	constant pool entry 162	50000d79
	constant pool entry 161	50000d7b
	constant pool entry 160	50000d7d
	constant pool entry 159	50000d7f
	constant pool entry 158	50000d81
	constant pool entry 157	50000d83
	constant pool entry 156	50000d85
	constant pool entry 155	50000d87
	constant pool entry 154	50000d89
	constant pool entry 153	50000d8b
	constant pool entry 152	50000d8d
	constant pool entry 151	50000d8f
	constant pool entry 150	50000d91
	constant pool entry 149	50000d93
	constant pool entry 148	50000d95
	constant pool entry 147	50000b7d
	constant pool entry 146	50000d97
	constant pool entry 145	50000d99
	constant pool entry 144	50000d9b
	constant pool entry 143	50000d9d
	constant pool entry 142	50000d9f
	constant pool entry 141	50000da1
	constant pool entry 140	50000da3
	constant pool entry 139	50000da5
	constant pool entry 138	50000da7
	constant pool entry 137	50000da9
	constant pool entry 136	50000dab
	constant pool entry 135	50000dad
	constant pool entry 134	50000daf
	constant pool entry 133	50000db1
	constant pool entry 132	50000db3
	constant pool entry 131	50000db5
	constant pool entry 130	50000db7
	constant pool entry 129	50000db9
	constant pool entry 128	50000dbb
	constant pool entry 127	50000dbd
	constant pool entry 126	50000dbf
	constant pool entry 125	50000dc1
	constant pool entry 124	50000dc3
	constant pool entry 123	50000bb1
	constant pool entry 122	50000dc5
	constant pool entry 121	50000dc7
	constant pool entry 120	50000dc9
	constant pool entry 119	50000dcd
	constant pool entry 118	50000dcb
	constant pool entry 117	50000dd2
	constant pool entry 116	50000dd0
	constant pool entry 115	50000dd5
	constant pool entry 114	50000dd7
	constant pool entry 113	50000ddb
	constant pool entry 112	50000dd9
	constant pool entry 111	50000dde
	constant pool entry 110	50000de4
	constant pool entry 109	50000de2
	constant pool entry 108	50000de0
	constant pool entry 107	50000de8
	constant pool entry 106	50000dea
	constant pool entry 105	50000dee
	constant pool entry 104	50000dec
	constant pool entry 103	50000df1
	constant pool entry 102	50000df5
	constant pool entry 101	50000df3
	constant pool entry 100	50000df8
	constant pool entry 99	50000ba5
	constant pool entry 98	50000dfa
	constant pool entry 97	50000dfc
	constant pool entry 96	50000dfe
	constant pool entry 95	50000e00
	constant pool entry 94	50000e02
	constant pool entry 93	50000e04
	constant pool entry 92	50000e06
	constant pool entry 91	50000e08
	constant pool entry 90	50000e0a
	constant pool entry 89	50000e0c
	constant pool entry 88	50000e0e
	constant pool entry 87	50000bc3
	constant pool entry 86	50000e10
	constant pool entry 85	50000e12
	constant pool entry 84	50000bed
	constant pool entry 83	50000e14
	constant pool entry 82	50000e16
	constant pool entry 81	50000bf9
	constant pool entry 80	50000e18
	constant pool entry 79	50000c0a
	constant pool entry 78	50000e1a
	constant pool entry 77	50000c18
	constant pool entry 76	50000e1c
	constant pool entry 75	50000e1e
	constant pool entry 74	50000bbb
	constant pool entry 73	50000e22
	constant pool entry 72	50000b89
	constant pool entry 71	50000e20
	constant pool entry 70	50000e27
	constant pool entry 69	50000b8c
	constant pool entry 68	50000e25
	constant pool entry 67	50000b97
	constant pool entry 66	50000e2a
	constant pool entry 65	50000bae
	constant pool entry 64	50000e2c
	constant pool entry 63	50000e30
	constant pool entry 62	50000bb7
	constant pool entry 61	50000e2e
	constant pool entry 60	50000e33
	constant pool entry 59	50000c01
	constant pool entry 58	50000e37
	constant pool entry 57	50000b9a
	constant pool entry 56	50000e35
	constant pool entry 55	50000be2
	constant pool entry 54	50000e3a
	constant pool entry 53	50000b8f
	constant pool entry 52	50000e3c
	constant pool entry 51	50000e3e
	constant pool entry 50	50000e40
	constant pool entry 49	50000e42
	constant pool entry 48	50000e44
	constant pool entry 47	50000e46
	constant pool entry 46	50000b75
	constant pool entry 45	50000e48
	constant pool entry 44	50000b79
	constant pool entry 43	50000e4a
	constant pool entry 42	50000e4c
	constant pool entry 41	50000c10
	constant pool entry 40	50000e4e
	constant pool entry 39	50000bd3
	constant pool entry 38	50000e50
	constant pool entry 37	50000e52
	constant pool entry 36	50000e54
	constant pool entry 35	50000e56
	constant pool entry 34	50000e58
	constant pool entry 33	50000e5c
	constant pool entry 32	50000e5a
	constant pool entry 31	50000e5f
	constant pool entry 30	50000e61
	constant pool entry 29	50000e65
	constant pool entry 28	50000e63
	constant pool entry 27	50000e68
	constant pool entry 26	50000e6a
	constant pool entry 25	50000bcc
	constant pool entry 24	50000e6c
	constant pool entry 23	50000e6e
	constant pool entry 22	50000e70
	constant pool entry 21	50000bc6
	constant pool entry 20	50000e72
	constant pool entry 19	50000ba8
	constant pool entry 18	50000e74
	constant pool entry 17	50000b85
	constant pool entry 16	50000e76
	constant pool entry 15	50000e78
	constant pool entry 14	50000bbf
	constant pool entry 13	50000e7a
	constant pool entry 12	50000bd0
	constant pool entry 11	50000e7c
	constant pool entry 10	50000bd9
	constant pool entry 9	50000e7e
	constant pool entry 8	50000bdc
	constant pool entry 7	50000e80
	constant pool entry 6	50000b9d
	constant pool entry 5	50000e82
	constant pool entry 4	50000169
	constant pool entry 2	500000ae
CLS 500000b2 (name=java.nio.charset.spi.CharsetProvider, trace=300000)
	super		50000169
	constant pool entry 25	5000015e
	constant pool entry 8	50000169
CLS 500000b1 (name=sun.nio.cs.FastCharsetProvider, trace=300000)
	super		500000b2
	constant pool entry 142	500000ef
	constant pool entry 99	50000161
	constant pool entry 97	50000169
	constant pool entry 80	5000013f
	constant pool entry 35	500000b2
	constant pool entry 34	500000b1
	constant pool entry 23	50000ad5
	constant pool entry 20	50000119
	constant pool entry 17	500001ff
	constant pool entry 15	50000ba9
	constant pool entry 14	500000b3
	constant pool entry 8	50000165
CLS 500000b0 (name=sun.nio.cs.StandardCharsets, trace=300000)
	super		500000b1
	static aliases_US_ASCII	50000ea2
	static aliases_UTF_8	50000f14
	static aliases_CESU_8	50000f13
	static aliases_UTF_16	50000f12
	static aliases_UTF_16BE	50000f11
	static aliases_UTF_16LE	50000f10
	static aliases_UTF_16LE_BOM	50000f0f
	static aliases_UTF_32	50000f0e
	static aliases_UTF_32LE	50000f0d
	static aliases_UTF_32BE	50000f0c
	static aliases_UTF_32LE_BOM	50000f0b
	static aliases_UTF_32BE_BOM	50000f0a
	static aliases_ISO_8859_1	50000f09
	static aliases_ISO_8859_2	50000f08
	static aliases_ISO_8859_4	50000f07
	static aliases_ISO_8859_5	50000f06
	static aliases_ISO_8859_7	50000f05
	static aliases_ISO_8859_9	50000f04
	static aliases_ISO_8859_13	50000f03
	static aliases_ISO_8859_15	50000f02
	static aliases_KOI8_R	50000f01
	static aliases_KOI8_U	50000f00
	static aliases_MS1250	50000eff
	static aliases_MS1251	50000efe
	static aliases_MS1252	50000efd
	static aliases_MS1253	50000efc
	static aliases_MS1254	50000efb
	static aliases_MS1257	50000efa
	static aliases_IBM437	50000ef9
	static aliases_IBM737	50000ef8
	static aliases_IBM775	50000ef7
	static aliases_IBM850	50000ef6
	static aliases_IBM852	50000ef5
	static aliases_IBM855	50000ef4
	static aliases_IBM857	50000ef3
	static aliases_IBM858	50000ef2
	static aliases_IBM862	50000ef1
	static aliases_IBM866	50000ef0
	static aliases_IBM874	50000eef
	constant pool entry 577	500000ef
	constant pool entry 261	500000b1
	constant pool entry 260	500000b0
	constant pool entry 258	50000e10
	constant pool entry 257	50000d71
	constant pool entry 256	50000d75
	constant pool entry 255	50000daf
	constant pool entry 253	50000eee
	constant pool entry 252	50000e1a
	constant pool entry 251	50000d77
	constant pool entry 250	50000c0a
	constant pool entry 249	50000db9
	constant pool entry 247	50000d18
	constant pool entry 246	50000eed
	constant pool entry 245	50000e1c
	constant pool entry 244	50000d79
	constant pool entry 243	50000c18
	constant pool entry 242	50000dbb
	constant pool entry 240	50000eec
	constant pool entry 239	50000e20
	constant pool entry 238	50000d42
	constant pool entry 237	50000d1a
	constant pool entry 236	50000dcb
	constant pool entry 234	50000eeb
	constant pool entry 233	50000e25
	constant pool entry 232	50000d87
	constant pool entry 231	50000b8c
	constant pool entry 230	50000dd0
	constant pool entry 228	50000d00
	constant pool entry 227	50000e2a
	constant pool entry 226	50000b97
	constant pool entry 225	50000d89
	constant pool entry 224	50000dd5
	constant pool entry 222	50000eea
	constant pool entry 221	50000e2c
	constant pool entry 220	50000d8b
	constant pool entry 219	50000bae
	constant pool entry 218	50000dd9
	constant pool entry 216	50000ce2
	constant pool entry 215	50000e2e
	constant pool entry 214	50000bb7
	constant pool entry 213	50000d8d
	constant pool entry 212	50000de0
	constant pool entry 210	50000dc5
	constant pool entry 209	50000d44
	constant pool entry 208	50000bb1
	constant pool entry 207	50000d95
	constant pool entry 205	50000e22
	constant pool entry 204	50000d85
	constant pool entry 203	50000d91
	constant pool entry 202	50000dcd
	constant pool entry 200	50000cfe
	constant pool entry 199	50000e35
	constant pool entry 198	50000da9
	constant pool entry 197	50000d36
	constant pool entry 196	50000b9a
	constant pool entry 195	50000d81
	constant pool entry 193	50000ce8
	constant pool entry 192	50000d56
	constant pool entry 190	50000cea
	constant pool entry 189	50000d59
	constant pool entry 187	50000cee
	constant pool entry 186	50000d5b
	constant pool entry 184	50000cf0
	constant pool entry 183	50000d5d
	constant pool entry 181	50000e37
	constant pool entry 180	50000cf2
	constant pool entry 179	50000d5f
	constant pool entry 177	50000cf4
	constant pool entry 176	50000d61
	constant pool entry 174	50000e48
	constant pool entry 172	50000d24
	constant pool entry 171	50000dc7
	constant pool entry 170	50000e4a
	constant pool entry 168	50000ee9
	constant pool entry 167	50000ee8
	constant pool entry 166	50000ee7
	constant pool entry 165	50000ee6
	constant pool entry 164	50000ee5
	constant pool entry 163	50000ee4
	constant pool entry 162	50000e68
	constant pool entry 161	50000e3e
	constant pool entry 160	50000ee3
	constant pool entry 159	50000ee2
	constant pool entry 158	50000ee1
	constant pool entry 157	50000ee0
	constant pool entry 156	50000edf
	constant pool entry 155	50000d3c
	constant pool entry 154	50000ede
	constant pool entry 152	50000edd
	constant pool entry 151	50000dfa
	constant pool entry 150	50000d40
	constant pool entry 149	50000d4d
	constant pool entry 147	50000edc
	constant pool entry 146	50000e40
	constant pool entry 145	50000e6a
	constant pool entry 144	50000dc1
	constant pool entry 143	50000dec
	constant pool entry 142	50000dd7
	constant pool entry 141	50000d9f
	constant pool entry 140	50000edb
	constant pool entry 139	50000eda
	constant pool entry 138	50000ed9
	constant pool entry 137	50000d7b
	constant pool entry 136	50000e56
	constant pool entry 135	50000e02
	constant pool entry 133	50000d1e
	constant pool entry 132	50000e33
	constant pool entry 131	50000e5a
	constant pool entry 130	50000db3
	constant pool entry 129	50000dbd
	constant pool entry 128	50000d0d
	constant pool entry 127	50000ed8
	constant pool entry 126	50000df3
	constant pool entry 125	50000d2c
	constant pool entry 124	50000ed7
	constant pool entry 123	50000ed6
	constant pool entry 122	50000ed5
	constant pool entry 121	50000ed4
	constant pool entry 120	50000d93
	constant pool entry 119	50000e58
	constant pool entry 118	50000e04
	constant pool entry 116	50000ed3
	constant pool entry 115	50000e6c
	constant pool entry 114	50000e42
	constant pool entry 113	50000dea
	constant pool entry 112	50000dfc
	constant pool entry 111	50000dde
	constant pool entry 110	50000ed2
	constant pool entry 109	50000ed1
	constant pool entry 108	50000ed0
	constant pool entry 107	50000d7d
	constant pool entry 106	50000e5c
	constant pool entry 105	50000e06
	constant pool entry 103	50000ecf
	constant pool entry 102	50000e6e
	constant pool entry 101	50000e44
	constant pool entry 100	50000dee
	constant pool entry 99	50000dfe
	constant pool entry 98	50000ddb
	constant pool entry 97	50000da1
	constant pool entry 96	50000ece
	constant pool entry 95	50000ecd
	constant pool entry 94	50000d9d
	constant pool entry 93	50000e5f
	constant pool entry 92	50000d22
	constant pool entry 91	50000e08
	constant pool entry 89	50000ecc
	constant pool entry 88	50000e70
	constant pool entry 87	50000e46
	constant pool entry 86	50000df1
	constant pool entry 85	50000e00
	constant pool entry 84	50000de4
	constant pool entry 83	50000da3
	constant pool entry 82	50000ecb
	constant pool entry 81	50000eca
	constant pool entry 80	50000ec9
	constant pool entry 79	50000dab
	constant pool entry 78	50000e61
	constant pool entry 77	50000e0a
	constant pool entry 75	50000ec8
	constant pool entry 74	50000e65
	constant pool entry 73	50000bdd
	constant pool entry 72	50000ec7
	constant pool entry 71	50000ec6
	constant pool entry 70	50000ec5
	constant pool entry 69	50000e52
	constant pool entry 68	50000ec4
	constant pool entry 67	50000e30
	constant pool entry 66	50000ec3
	constant pool entry 65	50000de8
	constant pool entry 64	50000da5
	constant pool entry 63	50000ec2
	constant pool entry 62	50000dad
	constant pool entry 60	50000ec1
	constant pool entry 59	50000b7e
	constant pool entry 57	50000ec0
	constant pool entry 56	50000b90
	constant pool entry 54	50000ebf
	constant pool entry 53	50000bfa
	constant pool entry 51	50000ebe
	constant pool entry 50	50000b72
	constant pool entry 48	50000ebd
	constant pool entry 47	50000c0e
	constant pool entry 45	50000ebc
	constant pool entry 43	50000ebb
	constant pool entry 42	50000eba
	constant pool entry 41	50000c11
	constant pool entry 39	50000eb9
	constant pool entry 38	50000eb8
	constant pool entry 37	50000eb7
	constant pool entry 36	50000be3
	constant pool entry 34	50000eb6
	constant pool entry 33	50000d2e
	constant pool entry 32	50000d7f
	constant pool entry 31	50000bee
	constant pool entry 29	50000eb5
	constant pool entry 28	50000eb4
	constant pool entry 26	50000e50
	constant pool entry 25	50000eb3
	constant pool entry 23	50000d2a
	constant pool entry 22	50000eab
	constant pool entry 21	50000cf6
	constant pool entry 20	50000df5
	constant pool entry 19	50000d6d
	constant pool entry 18	50000eaa
	constant pool entry 17	50000d3a
	constant pool entry 16	50000ea9
	constant pool entry 15	50000d3e
	constant pool entry 14	50000ea8
	constant pool entry 13	50000ea7
	constant pool entry 12	50000ea6
	constant pool entry 11	50000ea5
	constant pool entry 10	50000e27
	constant pool entry 9	50000165
	constant pool entry 6	500000ac
	constant pool entry 4	500000ad
	constant pool entry 2	500000ae
	constant pool entry 1	50000b54
CLS 50000142 (name=java.lang.Thread, trace=300000)
	super		50000169
	static EMPTY_STACK_TRACE	500007cb
	static SUBCLASS_IMPLEMENTATION_PERMISSION	500007ca
	constant pool entry 551	500000ef
	constant pool entry 370	500000e7
	constant pool entry 356	50000140
	constant pool entry 352	5000015e
	constant pool entry 142	500007c9
	constant pool entry 141	5000010b
	constant pool entry 106	500000e8
	constant pool entry 82	50000142
	constant pool entry 49	50000169
CLS 500000b4 (name=java.lang.ref.Finalizer$FinalizerThread, trace=300000)
	super		50000142
	constant pool entry 37	500000ca
	constant pool entry 34	500000c3
	constant pool entry 30	500000b8
	constant pool entry 13	50000142
	constant pool entry 12	500000b4
	constant pool entry 10	50000144
	constant pool entry 1	50001249
CLS 500000b5 (name=java.lang.Math, trace=300000)
	super		50000169
	constant pool entry 268	50000161
	constant pool entry 99	50000106
	constant pool entry 64	50000105
	constant pool entry 10	500000b5
CLS 500000b6 (name=java.util.Hashtable$Entry[], trace=300000)
	super		50000169
CLS 500000b7 (name=java.util.Hashtable$Entry, trace=300000)
	super		50000169
	constant pool entry 22	50000169
	constant pool entry 6	500000b7
CLS 500000b8 (name=sun.misc.VM, trace=300000)
	super		50000169
	static lock	50000960
	static savedProps	5000095f
	constant pool entry 180	50000042
	constant pool entry 165	5000007d
	constant pool entry 51	5000013c
	constant pool entry 48	50000169
	constant pool entry 38	5000095e
	constant pool entry 37	5000095d
	constant pool entry 36	5000095c
	constant pool entry 35	50000855
	constant pool entry 32	5000095b
	constant pool entry 31	5000095a
	constant pool entry 30	50000959
	constant pool entry 23	50000958
	constant pool entry 22	50000165
	constant pool entry 20	50000957
	constant pool entry 4	500000b8
CLS 500000b9 (name=java.util.HashMap$Node[], trace=300000)
	super		50000169
CLS 500000ba (name=java.util.Map$Entry[], trace=300000)
	super		50000169
CLS 500000bc (name=java.util.Map$Entry, trace=300000)
CLS 500000be (name=sun.reflect.Reflection, trace=300000)
	super		50000169
	static fieldFilterMap	50000ab4
	static methodFilterMap	50000ab3
	constant pool entry 237	500000ef
	constant pool entry 161	5000013f
	constant pool entry 131	5000009c
	constant pool entry 65	50000ab2
	constant pool entry 64	50000161
	constant pool entry 63	50000ab1
	constant pool entry 62	5000015e
	constant pool entry 61	50000ab0
	constant pool entry 60	50000aaf
	constant pool entry 59	50000165
	constant pool entry 58	500000be
	constant pool entry 46	50000655
	constant pool entry 45	500000a4
	constant pool entry 40	500000bd
CLS 500000bf (name=java.lang.String[], trace=300000)
	super		50000169
CLS 500000c0 (name=java.lang.CharSequence[], trace=300000)
	super		50000169
CLS 5000015c (name=java.lang.Error, trace=300000)
	super		5000015d
	constant pool entry 7	5000015d
CLS 50000152 (name=java.lang.LinkageError, trace=300000)
	super		5000015c
	constant pool entry 5	5000015c
CLS 500000c2 (name=java.lang.IncompatibleClassChangeError, trace=300000)
	super		50000152
	constant pool entry 4	50000152
CLS 500000c1 (name=java.lang.NoSuchMethodError, trace=300000)
	super		500000c2
	constant pool entry 4	500000c2
CLS 500000c3 (name=sun.misc.SharedSecrets, trace=300000)
	super		50000169
	static unsafe	50000aa2
	static javaUtilJarAccess	500001f6
	static javaLangAccess	500006d3
	static javaLangRefAccess	50000b1d
	static javaNetAccess	50000b1c
	static javaNioAccess	50000b1b
	static javaIOFileDescriptorAccess	50000b1a
	static javaSecurityProtectionDomainAccess	50000b19
	static javaSecurityAccess	50000b18
	static javaUtilZipFileAccess	500001ca
	constant pool entry 127	50000118
	constant pool entry 28	500000c3
	constant pool entry 24	500001c7
CLS 500000c4 (name=java.lang.ref.Reference$1, trace=300000)
	super		50000169
	constant pool entry 4	50000169
CLS 500000c5 (name=sun.misc.JavaLangRefAccess, trace=300000)
CLS 500000c6 (name=java.lang.Thread[], trace=300000)
	super		50000169
CLS 500000c7 (name=java.lang.Runnable[], trace=300000)
	super		50000169
CLS 500000c8 (name=java.lang.ref.ReferenceQueue$Lock, trace=300000)
	super		50000169
	constant pool entry 4	50000169
	constant pool entry 3	500000c8
CLS 500000ca (name=java.lang.ref.ReferenceQueue, trace=300000)
	super		50000169
	static NULL	50000835
	static ENQUEUED	50000838
	constant pool entry 100	50000161
	constant pool entry 30	50000169
	constant pool entry 28	500000c9
	constant pool entry 26	500000ca
	constant pool entry 2	500000c8
CLS 500000c9 (name=java.lang.ref.ReferenceQueue$Null, trace=300000)
	super		500000ca
	constant pool entry 4	500000ca
	constant pool entry 3	500000c9
CLS 500000cd (name=java.util.Collections$UnmodifiableCollection, trace=300000)
	super		50000169
	constant pool entry 21	50000169
	constant pool entry 20	500000cd
CLS 500000cc (name=java.util.Collections$UnmodifiableList, trace=300000)
	super		500000cd
	constant pool entry 19	500000cd
	constant pool entry 13	500000cc
CLS 500000cb (name=java.util.Collections$UnmodifiableRandomAccessList, trace=300000)
	super		500000cc
	constant pool entry 6	500000cc
CLS 500000ce (name=java.util.Collections$EmptyMap, trace=300000)
	super		500000cf
	constant pool entry 11	500000cf
	constant pool entry 10	500000ce
CLS 500000dc (name=java.util.AbstractList, trace=300000)
	super		500000dd
	constant pool entry 46	500000dd
	constant pool entry 45	500000dc
CLS 500000d0 (name=java.util.Collections$EmptyList, trace=300000)
	super		500000dc
	constant pool entry 21	500000dc
	constant pool entry 20	500000d0
CLS 500000d1 (name=java.util.Collections$EmptySet, trace=300000)
	super		500000d2
	constant pool entry 10	500000d2
	constant pool entry 9	500000d1
CLS 500000d3 (name=java.util.Set, trace=300000)
CLS 500000d4 (name=java.util.Collections, trace=300000)
	super		50000169
	static EMPTY_SET	50000a67
	static EMPTY_LIST	50000a66
	static EMPTY_MAP	50000a65
	constant pool entry 159	500000ce
	constant pool entry 157	500000d0
	constant pool entry 155	500000d1
	constant pool entry 151	50000036
	constant pool entry 66	50000082
	constant pool entry 53	500000cb
	constant pool entry 5	500000d4
	constant pool entry 3	500000de
CLS 500000d5 (name=java.util.ArrayList, trace=300000)
	super		500000dc
	static EMPTY_ELEMENTDATA	50000f77
	static DEFAULTCAPACITY_EMPTY_ELEMENTDATA	50000f78
	constant pool entry 368	500000ef
	constant pool entry 243	500000b5
	constant pool entry 237	50000099
	constant pool entry 84	500000dc
	constant pool entry 22	500000d5
	constant pool entry 4	50000169
CLS 500000d6 (name=java.lang.InterruptedException, trace=300000)
	super		5000015a
CLS 500000d7 (name=java.lang.ref.Reference$ReferenceHandler, trace=300000)
	super		50000142
	constant pool entry 43	5000014a
	constant pool entry 32	50000161
	constant pool entry 16	50000142
	constant pool entry 15	500000d7
	constant pool entry 14	50000145
	constant pool entry 12	500000d6
CLS 500000d8 (name=java.lang.ref.Reference$Lock, trace=300000)
	super		50000169
	constant pool entry 4	50000169
	constant pool entry 3	500000d8
CLS 500000d9 (name=sun.reflect.ReflectionFactory, trace=300000)
	super		50000169
	static reflectionFactoryAccessPerm	5000083e
	static soleInstance	5000083a
	static langReflectAccess	5000083d
	constant pool entry 356	500000e7
	constant pool entry 284	5000009b
	constant pool entry 274	500000be
	constant pool entry 267	50000135
	constant pool entry 241	5000015e
	constant pool entry 129	500000d9
	constant pool entry 127	5000083c
	constant pool entry 126	500000e8
	constant pool entry 120	50000092
	constant pool entry 97	50000169
	constant pool entry 64	5000009c
	constant pool entry 44	50000090
	constant pool entry 42	50000091
	constant pool entry 34	50000130
	constant pool entry 32	50000161
CLS 500000db (name=java.util.Vector, trace=300000)
	super		500000dc
	constant pool entry 366	500000ef
	constant pool entry 252	5000015e
	constant pool entry 90	500000dc
	constant pool entry 26	500000db
	constant pool entry 11	50000169
CLS 500000da (name=java.util.Stack, trace=300000)
	super		500000db
	constant pool entry 11	500000db
	constant pool entry 10	500000da
CLS 500000de (name=java.util.RandomAccess, trace=300000)
CLS 500000df (name=java.util.List, trace=300000)
CLS 500000e0 (name=java.util.Collection, trace=300000)
CLS 500000e1 (name=java.lang.Iterable, trace=300000)
CLS 500000e2 (name=java.security.cert.Certificate[], trace=300000)
	super		50000169
CLS 500000e3 (name=java.security.cert.Certificate, trace=300000)
	super		50000169
CLS 500000e4 (name=sun.reflect.ReflectionFactory$GetReflectionFactoryAction, trace=300000)
	super		50000169
	constant pool entry 19	500000d9
	constant pool entry 5	50000169
	constant pool entry 4	500000e4
CLS 500000e5 (name=java.security.PrivilegedAction, trace=300000)
CLS 500000ea (name=java.security.Permission, trace=300000)
	super		50000169
	constant pool entry 17	50000169
	constant pool entry 16	500000ea
CLS 500000e9 (name=java.security.BasicPermission, trace=300000)
	super		500000ea
	constant pool entry 83	50000169
	constant pool entry 70	50000165
	constant pool entry 28	500000ea
	constant pool entry 27	50000842
	constant pool entry 24	50000619
	constant pool entry 20	500000e9
	constant pool entry 15	50000841
	constant pool entry 13	50000840
CLS 500000e6 (name=java.lang.reflect.ReflectPermission, trace=300000)
	super		500000e9
	constant pool entry 4	500000e9
CLS 500000e7 (name=java.security.AccessController, trace=300000)
	super		50000169
	constant pool entry 48	500000e7
	constant pool entry 22	50000156
CLS 500000e8 (name=java.lang.RuntimePermission, trace=300000)
	super		500000e9
	constant pool entry 4	500000e9
CLS 500000eb (name=java.security.Guard, trace=300000)
CLS 500000ec (name=java.lang.StackTraceElement[], trace=300000)
	super		50000169
CLS 500000ed (name=java.lang.ThreadGroup[], trace=300000)
	super		50000169
CLS 500000ee (name=java.lang.Thread$UncaughtExceptionHandler[], trace=300000)
	super		50000169
CLS 500000ef (name=com.sun.demo.jvmti.hprof.Tracker, trace=300000)
	super		50000169
	constant pool entry 42	50000142
	constant pool entry 13	500000ef
	constant pool entry 4	500007b6
CLS 500000f0 (name=java.lang.String$CaseInsensitiveComparator, trace=300000)
	super		50000169
	constant pool entry 12	50000169
	constant pool entry 11	500000f0
CLS 500000f1 (name=java.util.Comparator, trace=300000)
CLS 500000f2 (name=java.io.ObjectStreamField[], trace=300000)
	super		50000169
CLS 500000f3 (name=java.lang.Comparable[], trace=300000)
	super		50000169
CLS 500000f4 (name=java.io.ObjectStreamField, trace=300000)
	super		50000169
	constant pool entry 136	50000161
	constant pool entry 128	50000105
	constant pool entry 127	50000106
	constant pool entry 126	50000101
	constant pool entry 125	50000102
	constant pool entry 124	50000103
	constant pool entry 123	50000108
	constant pool entry 122	50000104
	constant pool entry 120	50000109
	constant pool entry 115	50000165
	constant pool entry 37	50000119
	constant pool entry 35	500000f4
	constant pool entry 22	50000169
CLS 500000f5 (name=java.lang.OutOfMemoryError[], trace=300000)
	super		50000169
CLS 500000f6 (name=java.lang.VirtualMachineError[], trace=300000)
	super		50000169
CLS 500000f7 (name=java.lang.Error[], trace=300000)
	super		50000169
CLS 500000f8 (name=java.lang.Throwable[], trace=300000)
	super		50000169
CLS 500000f9 (name=java.lang.ArithmeticException, trace=300000)
	super		50000159
CLS 500000fa (name=java.lang.NullPointerException, trace=300000)
	super		50000159
CLS 500000fb (name=java.lang.Class[], trace=300000)
	super		50000169
CLS 500000fc (name=java.io.Serializable[], trace=300000)
	super		50000169
CLS 500000fd (name=java.lang.reflect.GenericDeclaration[], trace=300000)
	super		50000169
CLS 500000fe (name=java.lang.reflect.AnnotatedElement[], trace=300000)
	super		50000169
CLS 500000ff (name=java.lang.reflect.Type[], trace=300000)
	super		50000169
CLS 50000100 (name=java.lang.Object[], trace=300000)
	super		50000169
CLS 50000101 (name=java.lang.Long, trace=300000)
	super		50000107
	static TYPE	5000079c
	constant pool entry 311	50000161
	constant pool entry 113	5000084d
	constant pool entry 1	50000101
CLS 50000102 (name=java.lang.Integer, trace=300000)
	super		50000107
	static TYPE	5000079d
	static digits	50000853
	static DigitTens	50000852
	static DigitOnes	50000851
	static sizeTable	50000850
	constant pool entry 315	500000ef
	constant pool entry 276	50000161
	constant pool entry 256	5000015e
	constant pool entry 94	50000107
	constant pool entry 85	5000084f
	constant pool entry 51	50000045
	constant pool entry 6	50000165
	constant pool entry 3	50000108
	constant pool entry 1	50000102
CLS 50000103 (name=java.lang.Short, trace=300000)
	super		50000107
	static TYPE	5000079e
	constant pool entry 141	50000161
	constant pool entry 34	500010e2
	constant pool entry 1	50000103
CLS 50000104 (name=java.lang.Byte, trace=300000)
	super		50000107
	static TYPE	5000079f
	constant pool entry 133	50000161
	constant pool entry 30	500010e4
	constant pool entry 1	50000104
CLS 50000105 (name=java.lang.Double, trace=300000)
	super		50000107
	static TYPE	500007a0
	constant pool entry 201	50000161
	constant pool entry 61	50000849
	constant pool entry 1	50000105
CLS 50000106 (name=java.lang.Float, trace=300000)
	super		50000107
	static TYPE	500007a1
	constant pool entry 154	50000161
	constant pool entry 34	5000084b
	constant pool entry 1	50000106
CLS 50000108 (name=java.lang.Character, trace=300000)
	super		50000169
	static TYPE	500007a2
	constant pool entry 420	50000161
	constant pool entry 372	50000013
	constant pool entry 103	50001036
	constant pool entry 1	50000108
CLS 50000109 (name=java.lang.Boolean, trace=300000)
	super		50000169
	static TRUE	50000a6a
	static FALSE	50000a69
	static TYPE	500007a3
	constant pool entry 97	50000161
	constant pool entry 90	5000015e
	constant pool entry 82	50000165
	constant pool entry 21	50000169
	constant pool entry 18	50000a68
	constant pool entry 11	50000109
	constant pool entry 5	5000095a
CLS 5000010b (name=java.lang.StackTraceElement, trace=300000)
	super		50000169
CLS 5000010c (name=java.security.CodeSource, trace=300000)
	super		50000169
	constant pool entry 181	50000111
	constant pool entry 108	50000169
	constant pool entry 11	5000010c
CLS 5000015f (name=java.lang.ClassLoader, trace=300000)
	super		50000169
	static nocerts	50000a76
	static scl	500006d7
	static loadedLibraryNames	50000a75
	static systemNativeLibraries	50000a74
	static nativeLibraryContext	50000a73
	static usr_paths	50000a72
	static sys_paths	50000a71
	constant pool entry 866	500000ef
	constant pool entry 602	5000010f
	constant pool entry 590	500000be
	constant pool entry 563	500000b8
	constant pool entry 545	50000111
	constant pool entry 527	500000d3
	constant pool entry 525	500000e7
	constant pool entry 516	50000161
	constant pool entry 504	50000260
	constant pool entry 488	500000d4
	constant pool entry 464	5000015e
	constant pool entry 253	50000039
	constant pool entry 249	500000da
	constant pool entry 248	500000e3
	constant pool entry 219	5000004b
	constant pool entry 212	50000050
	constant pool entry 195	50000113
	constant pool entry 194	50000a70
	constant pool entry 191	50000a6f
	constant pool entry 187	50000165
	constant pool entry 152	50000001
	constant pool entry 130	5000015f
	constant pool entry 106	500007b7
	constant pool entry 78	50000a6e
	constant pool entry 46	50000153
	constant pool entry 34	50000169
	constant pool entry 30	50000005
	constant pool entry 26	50000028
	constant pool entry 16	500000bd
	constant pool entry 12	500000e2
	constant pool entry 11	5000010c
	constant pool entry 10	50000157
	constant pool entry 8	500000db
CLS 50000155 (name=java.security.SecureClassLoader, trace=300000)
	super		5000015f
	constant pool entry 96	5000003a
	constant pool entry 74	5000015e
	constant pool entry 36	5000015f
	constant pool entry 35	50000155
	constant pool entry 32	50000fff
	constant pool entry 16	50000157
	constant pool entry 13	5000059d
	constant pool entry 2	500000bd
CLS 50000112 (name=java.net.URLClassLoader, trace=300000)
	super		50000155
	constant pool entry 389	5000015f
	constant pool entry 387	500000c3
	constant pool entry 379	5000059c
	constant pool entry 358	50000113
	constant pool entry 356	500000ea
	constant pool entry 321	50000260
	constant pool entry 312	5000058b
	constant pool entry 310	50000165
	constant pool entry 253	500005cf
	constant pool entry 246	500000e7
	constant pool entry 242	5000015e
	constant pool entry 146	50000155
	constant pool entry 142	50000033
	constant pool entry 139	50000112
	constant pool entry 119	50000ffa
	constant pool entry 117	50000aeb
	constant pool entry 113	500005e6
	constant pool entry 105	50000111
	constant pool entry 80	5000010c
	constant pool entry 55	50000119
	constant pool entry 49	50000153
	constant pool entry 46	50000161
	constant pool entry 43	500001b8
	constant pool entry 11	50000004
	constant pool entry 5	5000009e
CLS 5000010d (name=sun.misc.Launcher$ExtClassLoader, trace=300000)
	super		50000112
	constant pool entry 224	500000ef
	constant pool entry 155	5000015f
	constant pool entry 127	50000165
	constant pool entry 114	5000015e
	constant pool entry 111	50000004
	constant pool entry 109	50000034
	constant pool entry 107	500000c3
	constant pool entry 98	5000010f
	constant pool entry 96	500000e7
	constant pool entry 58	50000112
	constant pool entry 34	50000111
	constant pool entry 28	50001028
	constant pool entry 25	500000db
	constant pool entry 22	50000113
	constant pool entry 18	50000032
	constant pool entry 16	5000109a
	constant pool entry 5	5000010d
	constant pool entry 2	50000030
CLS 5000010e (name=sun.misc.Launcher$AppClassLoader, trace=300000)
	super		50000112
	constant pool entry 139	50000161
	constant pool entry 119	5000059c
	constant pool entry 104	50000165
	constant pool entry 102	50000004
	constant pool entry 99	50000034
	constant pool entry 97	500000c3
	constant pool entry 92	500000e7
	constant pool entry 86	5000015e
	constant pool entry 51	50000112
	constant pool entry 50	5000010e
	constant pool entry 47	5000010f
	constant pool entry 27	50000840
	constant pool entry 26	500000e8
	constant pool entry 8	5000015f
	constant pool entry 5	50000002
	constant pool entry 1	5000109f
CLS 5000010f (name=sun.misc.Launcher, trace=300000)
	super		50000169
	static factory	5000109e
	static launcher	5000109d
	static bootClassPath	50000a3f
	constant pool entry 229	500000ef
	constant pool entry 167	5000002e
	constant pool entry 137	50000165
	constant pool entry 134	5000015e
	constant pool entry 130	50000142
	constant pool entry 66	5000010d
	constant pool entry 64	5000010e
	constant pool entry 58	50000169
	constant pool entry 57	5000109c
	constant pool entry 55	5000010f
	constant pool entry 53	5000003b
	constant pool entry 42	50000113
	constant pool entry 38	50000111
	constant pool entry 17	5000109b
CLS 50000110 (name=java.util.jar.Manifest, trace=300000)
	super		50000169
CLS 50000111 (name=java.net.URL, trace=300000)
	super		50000169
	static BUILTIN_HANDLERS_PREFIX	50000ad4
	static protocolPathProp	50000ad2
	static handlers	50000ae0
	static streamHandlerLock	50000adf
	static serialPersistentFields	50000ade
	constant pool entry 567	500000ef
	constant pool entry 450	50000102
	constant pool entry 412	50000161
	constant pool entry 401	500000e7
	constant pool entry 295	5000015e
	constant pool entry 164	500000f4
	constant pool entry 163	50000169
	constant pool entry 161	5000013d
	constant pool entry 137	50000add
	constant pool entry 136	50000adc
	constant pool entry 135	50000adb
	constant pool entry 134	50000ada
	constant pool entry 132	50000ad9
	constant pool entry 131	50000ad8
	constant pool entry 127	50000ad7
	constant pool entry 118	50000ad6
	constant pool entry 117	50000ad5
	constant pool entry 112	50000032
	constant pool entry 111	50000ad4
	constant pool entry 110	50000ad3
	constant pool entry 109	50000165
	constant pool entry 106	500007b7
	constant pool entry 105	50000ad2
	constant pool entry 104	50000067
	constant pool entry 102	50000010
	constant pool entry 63	50000111
	constant pool entry 47	50000ad1
	constant pool entry 42	50000ad0
	constant pool entry 25	50000011
	constant pool entry 13	50000119
CLS 50000113 (name=java.io.File, trace=300000)
	super		50000169
	static fs	50000f86
	static separator	50000f85
	static pathSeparator	50000f84
	static UNSAFE	50000aa2
	constant pool entry 462	5000005b
	constant pool entry 460	50000161
	constant pool entry 451	50000118
	constant pool entry 381	5000015e
	constant pool entry 171	50000054
	constant pool entry 165	50000169
	constant pool entry 163	50000f83
	constant pool entry 141	50000f82
	constant pool entry 97	50000165
	constant pool entry 80	5000005a
	constant pool entry 59	50000119
	constant pool entry 46	50000113
	constant pool entry 11	500007b7
CLS 50000114 (name=java.io.ByteArrayInputStream, trace=300000)
	super		50000115
CLS 50000116 (name=java.io.Closeable, trace=300000)
CLS 50000117 (name=java.lang.AutoCloseable, trace=300000)
CLS 50000118 (name=sun.misc.Unsafe, trace=300000)
	super		50000169
	static theUnsafe	50000aa2
	constant pool entry 391	500000ef
	constant pool entry 292	500000b8
	constant pool entry 290	50000161
	constant pool entry 288	500000be
	constant pool entry 80	50000169
	constant pool entry 66	50000100
	constant pool entry 64	5000016e
	constant pool entry 62	5000016f
	constant pool entry 60	5000016a
	constant pool entry 58	5000016b
	constant pool entry 56	50000170
	constant pool entry 54	5000016c
	constant pool entry 52	5000016d
	constant pool entry 49	50000171
	constant pool entry 46	50000aae
	constant pool entry 45	50000165
	constant pool entry 44	50000118
CLS 5000011b (name=java.lang.AbstractStringBuilder, trace=300000)
	super		50000169
	constant pool entry 319	500000ef
	constant pool entry 193	50000099
	constant pool entry 94	50000169
	constant pool entry 35	50000165
	constant pool entry 8	5000011b
CLS 50000119 (name=java.lang.StringBuilder, trace=300000)
	super		5000011b
	constant pool entry 96	5000011b
	constant pool entry 95	50000119
	constant pool entry 41	50000165
CLS 5000011a (name=java.lang.StringBuffer, trace=300000)
	super		5000011b
	static serialPersistentFields	500001cd
	constant pool entry 372	500000ef
	constant pool entry 333	50000109
	constant pool entry 331	50000102
	constant pool entry 281	50000099
	constant pool entry 106	5000011b
	constant pool entry 105	5000011a
	constant pool entry 100	500000f4
	constant pool entry 69	50000170
	constant pool entry 64	50000fe9
	constant pool entry 62	50000fe8
	constant pool entry 60	50000aa1
	constant pool entry 57	50000165
CLS 5000011c (name=java.lang.Appendable, trace=300000)
CLS 50000120 (name=java.lang.invoke.CallSite, trace=300000)
	super		50000169
CLS 5000011d (name=java.lang.invoke.VolatileCallSite, trace=300000)
	super		50000120
CLS 5000011e (name=java.lang.invoke.MutableCallSite, trace=300000)
	super		50000120
CLS 5000011f (name=java.lang.invoke.ConstantCallSite, trace=300000)
	super		50000120
CLS 50000121 (name=java.lang.BootstrapMethodError, trace=300000)
	super		50000152
CLS 50000122 (name=java.lang.invoke.MethodType, trace=300000)
	super		50000169
CLS 50000123 (name=java.lang.invoke.LambdaForm, trace=300000)
	super		50000169
CLS 50000124 (name=java.lang.invoke.MethodHandleNatives, trace=300000)
	super		50000169
	constant pool entry 355	5000017b
	constant pool entry 124	50000124
	constant pool entry 43	50000161
CLS 50000125 (name=java.lang.invoke.MemberName, trace=300000)
	super		50000169
	static CONSTRUCTOR_NAME	5000127f
	constant pool entry 37	50000161
	constant pool entry 2	50000125
CLS 50000127 (name=java.lang.invoke.MethodHandle, trace=300000)
	super		50000169
	constant pool entry 325	50000118
	constant pool entry 264	500001a0
	constant pool entry 249	5000017b
	constant pool entry 105	5000126c
	constant pool entry 102	50000127
	constant pool entry 34	50000161
CLS 50000126 (name=java.lang.invoke.DirectMethodHandle, trace=300000)
	super		50000127
CLS 50000128 (name=sun.reflect.CallerSensitive, trace=300000)
CLS 50000129 (name=java.lang.annotation.Annotation, trace=300000)
CLS 5000012c (name=sun.reflect.FieldAccessorImpl, trace=300000)
	super		50000134
CLS 5000012b (name=sun.reflect.UnsafeFieldAccessorImpl, trace=300000)
	super		5000012c
CLS 5000012a (name=sun.reflect.UnsafeStaticFieldAccessorImpl, trace=300000)
	super		5000012b
CLS 5000012d (name=sun.reflect.FieldAccessor, trace=300000)
CLS 5000012e (name=sun.reflect.ConstantPool, trace=300000)
	super		50000169
CLS 5000012f (name=sun.reflect.DelegatingClassLoader, trace=300000)
	super		5000015f
CLS 50000131 (name=sun.reflect.ConstructorAccessor, trace=300000)
CLS 50000132 (name=sun.reflect.MethodAccessorImpl, trace=300000)
	super		50000134
CLS 50000133 (name=sun.reflect.MethodAccessor, trace=300000)
CLS 5000013b (name=java.lang.reflect.AccessibleObject, trace=300000)
	super		50000169
	static ACCESS_PERMISSION	50000ac5
	static reflectionFactory	5000083a
	constant pool entry 120	500000e7
	constant pool entry 86	5000015e
	constant pool entry 35	50000169
	constant pool entry 34	5000013b
	constant pool entry 32	500000d9
	constant pool entry 29	500000e4
	constant pool entry 27	50000ac4
	constant pool entry 26	500000e6
	constant pool entry 7	50000161
	constant pool entry 5	50000135
CLS 50000137 (name=java.lang.reflect.Executable, trace=300000)
	super		5000013b
	constant pool entry 102	5000013b
CLS 50000135 (name=java.lang.reflect.Constructor, trace=300000)
	super		50000137
	constant pool entry 243	500000d9
	constant pool entry 237	50000131
	constant pool entry 213	500000fb
	constant pool entry 207	50000161
	constant pool entry 75	50000137
	constant pool entry 30	500000fb
	constant pool entry 20	50000135
CLS 50000136 (name=java.lang.reflect.Method, trace=300000)
	super		50000137
	constant pool entry 229	500000fb
	constant pool entry 85	50000137
	constant pool entry 33	500000fb
	constant pool entry 23	50000136
CLS 50000138 (name=java.lang.reflect.Parameter, trace=300000)
	super		50000169
CLS 50000139 (name=java.lang.reflect.Field, trace=300000)
	super		5000013b
	constant pool entry 86	5000013b
	constant pool entry 20	50000139
CLS 5000013a (name=java.lang.reflect.Member, trace=300000)
CLS 5000013e (name=java.util.Dictionary, trace=300000)
	super		50000169
	constant pool entry 3	50000169
CLS 5000013d (name=java.util.Hashtable, trace=300000)
	super		5000013e
	constant pool entry 432	500000ef
	constant pool entry 321	500000d4
	constant pool entry 303	5000007f
	constant pool entry 301	500000d3
	constant pool entry 290	50000169
	constant pool entry 280	500000b5
	constant pool entry 273	50000106
	constant pool entry 108	5000013e
	constant pool entry 79	5000013f
	constant pool entry 74	50000084
	constant pool entry 68	5000007e
	constant pool entry 48	500000bc
	constant pool entry 20	5000013d
	constant pool entry 19	500000b7
CLS 5000013c (name=java.util.Properties, trace=300000)
	super		5000013d
	static hexDigit	50000a64
	constant pool entry 274	500000ef
	constant pool entry 75	5000013c
	constant pool entry 64	5000013d
	constant pool entry 17	50000165
CLS 5000013f (name=java.util.Map, trace=300000)
CLS 50000140 (name=java.lang.ThreadGroup, trace=300000)
	super		50000169
	constant pool entry 276	500000ef
	constant pool entry 185	5000015e
	constant pool entry 75	50000169
	constant pool entry 45	50000140
	constant pool entry 5	50000142
	constant pool entry 3	50000f6a
CLS 50000141 (name=java.lang.Thread$UncaughtExceptionHandler, trace=300000)
CLS 50000143 (name=java.lang.Runnable, trace=300000)
CLS 50000147 (name=java.lang.ref.FinalReference, trace=300000)
	super		5000014a
	constant pool entry 3	5000014a
CLS 50000144 (name=java.lang.ref.Finalizer, trace=300000)
	super		50000147
	static queue	500006d1
	static unfinalized	500006ab
	static lock	5000124b
	constant pool entry 120	50000140
	constant pool entry 40	50000147
	constant pool entry 36	50000142
	constant pool entry 34	500000b4
	constant pool entry 29	50000169
	constant pool entry 27	500000ca
	constant pool entry 9	50000144
CLS 50000146 (name=java.lang.ref.PhantomReference, trace=300000)
	super		5000014a
CLS 50000145 (name=sun.misc.Cleaner, trace=300000)
	super		50000146
	static dummyQueue	50000f6d
	constant pool entry 16	500000ca
	constant pool entry 7	50000145
CLS 5000014b (name=java.lang.IllegalMonitorStateException, trace=300000)
	super		50000159
CLS 5000014e (name=java.lang.VirtualMachineError, trace=300000)
	super		5000015c
CLS 5000014c (name=java.lang.StackOverflowError, trace=300000)
	super		5000014e
CLS 5000014d (name=java.lang.OutOfMemoryError, trace=300000)
	super		5000014e
CLS 5000014f (name=java.lang.ArrayStoreException, trace=300000)
	super		50000159
CLS 50000150 (name=java.lang.ClassCastException, trace=300000)
	super		50000159
CLS 50000151 (name=java.lang.NoClassDefFoundError, trace=300000)
	super		50000152
CLS 50000154 (name=java.lang.ReflectiveOperationException, trace=300000)
	super		5000015a
	constant pool entry 6	5000015a
CLS 50000153 (name=java.lang.ClassNotFoundException, trace=300000)
	super		50000154
	constant pool entry 6	50000154
CLS 50000156 (name=java.security.AccessControlContext, trace=300000)
	super		50000169
	constant pool entry 207	500000e7
	constant pool entry 89	50000169
	constant pool entry 80	50000156
CLS 50000157 (name=java.security.ProtectionDomain, trace=300000)
	super		50000169
	constant pool entry 294	500000ef
	constant pool entry 224	5000003a
	constant pool entry 221	500000c3
	constant pool entry 80	50000169
	constant pool entry 79	50000157
	constant pool entry 76	50000009
	constant pool entry 74	50001008
	constant pool entry 71	5000000b
	constant pool entry 54	5000059c
	constant pool entry 13	50000007
	constant pool entry 10	5000059d
	constant pool entry 4	50000008
CLS 50000158 (name=java.lang.SecurityManager, trace=300000)
	super		50000169
CLS 5000015b (name=java.lang.ThreadDeath, trace=300000)
	super		5000015c
CLS 5000015e (name=java.lang.System, trace=300000)
	super		50000169
	static in	500007c0
	static out	500007bf
	static err	500007be
	static props	500007bd
	static lineSeparator	500007bc
	constant pool entry 300	50000140
	constant pool entry 297	50000142
	constant pool entry 294	5000004a
	constant pool entry 281	5000007a
	constant pool entry 278	5000007c
	constant pool entry 275	500000b8
	constant pool entry 265	500000be
	constant pool entry 259	5000007d
	constant pool entry 204	500000c3
	constant pool entry 99	50000040
	constant pool entry 90	500007bb
	constant pool entry 89	500007ba
	constant pool entry 87	500007b9
	constant pool entry 85	50000073
	constant pool entry 81	50000075
	constant pool entry 78	5000007b
	constant pool entry 76	500007b8
	constant pool entry 70	5000006b
	constant pool entry 69	5000006c
	constant pool entry 48	500007b7
	constant pool entry 43	50000165
	constant pool entry 31	5000013c
	constant pool entry 7	5000015e
CLS 50000160 (name=java.lang.Cloneable, trace=300000)
CLS 50000161 (name=java.lang.Class, trace=300000)
	super		50000169
	static serialPersistentFields	5000083b
	static reflectionFactory	5000083a
	constant pool entry 1225	500000ef
	constant pool entry 774	50000165
	constant pool entry 729	500000e7
	constant pool entry 711	5000015e
	constant pool entry 708	5000015f
	constant pool entry 706	500000be
	constant pool entry 341	500000a7
	constant pool entry 331	500000f4
	constant pool entry 267	500000a9
	constant pool entry 266	500000d9
	constant pool entry 264	500000e4
	constant pool entry 251	50000136
	constant pool entry 224	50000653
	constant pool entry 216	50000135
	constant pool entry 211	50000139
	constant pool entry 187	50000149
	constant pool entry 183	500000a8
	constant pool entry 48	50000093
	constant pool entry 43	50000161
CLS 50000162 (name=java.lang.reflect.Type, trace=300000)
CLS 50000163 (name=java.lang.reflect.GenericDeclaration, trace=300000)
CLS 50000164 (name=java.lang.reflect.AnnotatedElement, trace=300000)
CLS 50000165 (name=java.lang.String, trace=300000)
	super		50000169
	static serialPersistentFields	500007ce
	static CASE_INSENSITIVE_ORDER	500007cd
	constant pool entry 549	500000ef
	constant pool entry 412	5000002c
	constant pool entry 354	500000b5
	constant pool entry 339	5000015e
	constant pool entry 323	5000008f
	constant pool entry 307	50000099
	constant pool entry 147	50000169
	constant pool entry 145	500000f0
	constant pool entry 143	500000f4
	constant pool entry 61	50000108
	constant pool entry 43	50000165
CLS 50000166 (name=java.lang.CharSequence, trace=300000)
CLS 50000167 (name=java.lang.Comparable, trace=300000)
CLS 50000168 (name=java.io.Serializable, trace=300000)
CLS 5000016a (name=long[], trace=300000)
	super		50000169
CLS 5000016b (name=int[], trace=300000)
	super		50000169
CLS 5000016c (name=short[], trace=300000)
	super		50000169
CLS 5000016d (name=byte[], trace=300000)
	super		50000169
CLS 5000016e (name=double[], trace=300000)
	super		50000169
CLS 5000016f (name=float[], trace=300000)
	super		50000169
CLS 50000170 (name=char[], trace=300000)
	super		50000169
CLS 50000171 (name=boolean[], trace=300000)
	super		50000169
CLS 5000017b (name=java.lang.invoke.MethodHandleImpl, trace=300003)
	super		50000169
	static PRODUCE_BLOCK_INLINING_FORM	50000189
	static PRODUCE_REINVOKER_FORM	5000018b
	static FAKE_METHOD_HANDLE_INVOKE	5000018d
	static NO_ARGS_ARRAY	5000018e
	static FILL_ARRAY_TO_RIGHT	5000018f
	static TYPED_COLLECTORS	50000197
	constant pool entry 985	500000ef
	constant pool entry 710	500000e7
	constant pool entry 453	5000019e
	constant pool entry 257	50000191
	constant pool entry 255	5000018a
	constant pool entry 253	50000188
	constant pool entry 250	5000017e
	constant pool entry 213	50000102
	constant pool entry 44	50000127
	constant pool entry 41	50000161
	constant pool entry 30	50000169
	constant pool entry 1	5000017b
CLS 5000017e (name=java.lang.invoke.MethodHandleImpl$1, trace=300006)
	super		50000169
	constant pool entry 38	50000102
	constant pool entry 33	50000161
	constant pool entry 13	50000169
	constant pool entry 12	5000017e
	constant pool entry 8	50001281
	constant pool entry 5	5000017b
	constant pool entry 3	50000119
CLS 50000187 (name=java.util.function.Function, trace=300014)
CLS 50000188 (name=java.lang.invoke.MethodHandleImpl$2, trace=300014)
	super		50000169
	constant pool entry 11	50000169
CLS 5000018a (name=java.lang.invoke.MethodHandleImpl$3, trace=300016)
	super		50000169
	constant pool entry 9	50000169
CLS 5000018c (name=java.lang.invoke.MethodHandle[], trace=300018)
	super		50000169
CLS 50000190 (name=java.lang.ClassValue, trace=300021)
	super		50000169
	static EMPTY_CACHE	50000194
	static nextHashCode	50000195
	static CRITICAL_SECTION	50000196
	constant pool entry 178	500000ef
	constant pool entry 42	50000169
	constant pool entry 40	500000aa
	constant pool entry 38	50000192
	constant pool entry 11	5000019a
	constant pool entry 8	50000198
	constant pool entry 3	50000190
CLS 50000191 (name=java.lang.invoke.MethodHandleImpl$4, trace=300021)
	super		50000190
	constant pool entry 5	50000190
CLS 50000192 (name=java.lang.ClassValue$Entry, trace=300022)
	super		50000148
	static DEAD_ENTRY	5000019c
	constant pool entry 77	50000161
	constant pool entry 19	50000148
	constant pool entry 16	50000190
	constant pool entry 14	50000192
CLS 50000193 (name=java.lang.ClassValue$Entry[], trace=300023)
	super		50000169
CLS 50000198 (name=java.lang.ClassValue$Identity, trace=300027)
	super		50000169
	constant pool entry 3	50000169
CLS 5000019a (name=java.lang.ClassValue$Version, trace=300029)
	super		50000169
	constant pool entry 8	50000169
	constant pool entry 7	5000019a
	constant pool entry 2	50000192
CLS 5000019e (name=java.lang.invoke.MemberName$Factory, trace=300033)
	super		50000169
	static INSTANCE	5000019f
	constant pool entry 163	50000161
	constant pool entry 61	50000169
	constant pool entry 57	5000019e
	constant pool entry 1	50000125
CLS 500001a0 (name=java.lang.invoke.MethodHandleStatics, trace=300035)
	super		50000169
	static UNSAFE	50000aa2
	constant pool entry 200	500000ef
	constant pool entry 151	500000e7
	constant pool entry 145	50000118
	constant pool entry 56	500001a0
	constant pool entry 47	50000102
	constant pool entry 45	50000109
	constant pool entry 42	500001a2
	constant pool entry 41	50000169
CLS 500001a2 (name=java.lang.invoke.MethodHandleStatics$1, trace=300037)
	super		50000169
	constant pool entry 53	5000015e
	constant pool entry 47	50000102
	constant pool entry 40	50000109
	constant pool entry 20	50000169
	constant pool entry 19	500001a2
	constant pool entry 17	50001275
	constant pool entry 14	5000095a
	constant pool entry 13	50001274
	constant pool entry 12	50001273
	constant pool entry 11	50001272
	constant pool entry 9	50001271
	constant pool entry 8	50001270
	constant pool entry 7	5000126f
	constant pool entry 6	5000126e
	constant pool entry 3	5000126d
CLS 500001aa (name=sun.launcher.LauncherHelper, trace=300000)
	super		50000055
	static INSTANCE	500001ab
	static MAIN_CLASS	50001292
	static outBuf	500001ae
	static INDENT	50001291
	static VM_SETTINGS	50001290
	static PROP_SETTINGS	5000128f
	static LOCALE_SETTINGS	5000128e
	static diagprop	5000095d
	static defaultBundleName	5000128d
	static ostream	500007be
	static scloader	500006d7
	static appClass	50000650
	static encprop	5000128b
	static encoding	500006d6
	static $VALUES	500001ad
	constant pool entry 721	500000ef
	constant pool entry 564	500000b8
	constant pool entry 534	500000b3
	constant pool entry 529	500006c0
	constant pool entry 523	5000009c
	constant pool entry 521	50000136
	constant pool entry 498	5000015f
	constant pool entry 385	5000015e
	constant pool entry 216	50000055
	constant pool entry 213	5000095d
	constant pool entry 210	5000128c
	constant pool entry 176	5000128b
	constant pool entry 162	500000bf
	constant pool entry 161	50000161
	constant pool entry 160	5000128a
	constant pool entry 67	50000169
	constant pool entry 53	50000165
	constant pool entry 25	50000119
	constant pool entry 6	500001aa
	constant pool entry 1	50000651
CLS 500001ac (name=sun.launcher.LauncherHelper[], trace=300043)
	super		50000169
CLS 500001b8 (name=java.net.URLClassLoader$1, trace=300052)
	super		50000169
	constant pool entry 51	50000004
	constant pool entry 46	50000165
	constant pool entry 41	50000112
	constant pool entry 15	50000169
	constant pool entry 14	500001b8
	constant pool entry 5	50001014
CLS 500001bc (name=sun.net.util.URLUtil, trace=300056)
	super		50000169
	constant pool entry 56	50000165
	constant pool entry 26	50000111
	constant pool entry 7	5000101f
	constant pool entry 2	50000119
CLS 500001c2 (name=sun.misc.URLClassPath$3, trace=300061)
	super		50000169
	constant pool entry 54	50000165
	constant pool entry 51	50000111
	constant pool entry 46	50000004
	constant pool entry 21	50000169
	constant pool entry 20	500001c2
	constant pool entry 14	500001c5
	constant pool entry 10	5000052f
	constant pool entry 7	50000adb
	constant pool entry 5	50000ad1
CLS 500001c4 (name=sun.misc.URLClassPath$Loader, trace=300063)
	super		50000169
	constant pool entry 29	50000169
	constant pool entry 28	500001c4
CLS 500001c5 (name=sun.misc.URLClassPath$JarLoader, trace=300063)
	super		500001c4
	static zipAccess	500001ca
	constant pool entry 346	50000286
	constant pool entry 336	500001f4
	constant pool entry 334	500000c3
	constant pool entry 264	5000015e
	constant pool entry 259	500000e7
	constant pool entry 250	5000002f
	constant pool entry 246	5000002e
	constant pool entry 121	500001c4
	constant pool entry 95	500001c5
	constant pool entry 90	50000165
	constant pool entry 53	500001f3
	constant pool entry 47	500001ec
	constant pool entry 34	500001ea
	constant pool entry 31	50000adb
	constant pool entry 26	50000113
	constant pool entry 16	50001027
	constant pool entry 13	50000119
	constant pool entry 12	500007b7
	constant pool entry 11	50001015
	constant pool entry 10	50000111
CLS 500001c6 (name=java.util.zip.ZipConstants, trace=300064)
CLS 500001c7 (name=java.util.zip.ZipFile, trace=300064)
	super		50000169
	constant pool entry 434	500000c3
	constant pool entry 425	500000b8
	constant pool entry 373	50000256
	constant pool entry 366	5000013f
	constant pool entry 346	50000260
	constant pool entry 339	5000025a
	constant pool entry 332	5000015e
	constant pool entry 317	500001fb
	constant pool entry 146	50000169
	constant pool entry 143	500001c9
	constant pool entry 141	50000b3a
	constant pool entry 136	5000095c
	constant pool entry 89	500002c6
	constant pool entry 83	500002cd
	constant pool entry 70	500002c3
	constant pool entry 28	50000257
	constant pool entry 26	5000009e
	constant pool entry 21	500001c7
	constant pool entry 19	50000113
	constant pool entry 1	500002b7
CLS 500001c8 (name=sun.misc.JavaUtilZipFileAccess, trace=300065)
CLS 500001c9 (name=java.util.zip.ZipFile$1, trace=300065)
	super		50000169
	constant pool entry 4	50000169
CLS 500001ea (name=sun.misc.URLClassPath$JarLoader$1, trace=300088)
	super		50000169
	constant pool entry 77	5000027e
	constant pool entry 59	50000004
	constant pool entry 34	500001c5
	constant pool entry 31	50000169
	constant pool entry 30	500001ea
CLS 500001ec (name=sun.misc.FileURLMapper, trace=300090)
	super		50000169
	constant pool entry 44	5000002e
	constant pool entry 39	50000165
	constant pool entry 36	50000111
	constant pool entry 16	50000169
	constant pool entry 15	500001ec
	constant pool entry 12	50000113
	constant pool entry 5	500007b7
CLS 500001f3 (name=java.util.jar.JarFile, trace=300097)
	super		500001c7
	static MANIFEST_NAME	50000b1e
	static CLASSPATH_CHARS	500001f7
	static CLASSPATH_LASTOCC	500001f8
	static CLASSPATH_OPTOSFT	500001f9
	static javaHome	50000a1d
	static jarNames	50000288
	constant pool entry 464	500000ef
	constant pool entry 383	500000c3
	constant pool entry 338	500000e7
	constant pool entry 327	500000b5
	constant pool entry 315	50000115
	constant pool entry 313	500002d4
	constant pool entry 311	500002b7
	constant pool entry 135	500001f5
	constant pool entry 107	50000b2a
	constant pool entry 106	50000b29
	constant pool entry 105	50000b28
	constant pool entry 104	50000b27
	constant pool entry 103	50000b26
	constant pool entry 102	50000b25
	constant pool entry 101	50000b24
	constant pool entry 100	50000b23
	constant pool entry 99	50000b22
	constant pool entry 98	50000b21
	constant pool entry 96	50000b20
	constant pool entry 93	50000119
	constant pool entry 90	50000165
	constant pool entry 87	50000b1f
	constant pool entry 86	50000067
	constant pool entry 46	50000b1e
	constant pool entry 45	500001f3
	constant pool entry 28	500002be
	constant pool entry 26	500002bd
	constant pool entry 6	500001c7
	constant pool entry 4	50000113
CLS 500001f4 (name=sun.misc.JavaUtilJarAccess, trace=300098)
CLS 500001f5 (name=java.util.jar.JavaUtilJarAccessImpl, trace=300098)
	super		50000169
	constant pool entry 39	500001f3
	constant pool entry 10	50000169
CLS 500001fb (name=java.nio.charset.StandardCharsets, trace=300104)
	super		50000169
	static US_ASCII	50000200
	static ISO_8859_1	50000213
	static UTF_8	50000b51
	static UTF_16BE	50000229
	static UTF_16LE	5000023b
	static UTF_16	5000024d
	constant pool entry 39	500000b3
	constant pool entry 18	500001fb
	constant pool entry 16	50000f5f
	constant pool entry 14	50000f66
	constant pool entry 12	50000f5c
	constant pool entry 10	50000ae8
	constant pool entry 8	50000f5a
	constant pool entry 5	50000ea3
CLS 500001ff (name=sun.nio.cs.US_ASCII, trace=300108)
	super		500000b3
	constant pool entry 31	500000b0
	constant pool entry 10	500000b3
	constant pool entry 1	50000ea3
CLS 5000020b (name=sun.nio.cs.ISO_8859_1, trace=300116)
	super		500000b3
	constant pool entry 33	500000b0
	constant pool entry 11	500000b3
	constant pool entry 1	50000f5a
CLS 50000221 (name=sun.nio.cs.UTF_16BE, trace=300116)
	super		50000097
	constant pool entry 27	500000b0
	constant pool entry 10	50000097
	constant pool entry 1	50000f5c
CLS 50000233 (name=sun.nio.cs.UTF_16LE, trace=300116)
	super		50000097
	constant pool entry 27	500000b0
	constant pool entry 10	50000097
	constant pool entry 1	50000f66
CLS 50000245 (name=sun.nio.cs.UTF_16, trace=300116)
	super		50000097
	constant pool entry 26	500000b0
	constant pool entry 9	50000097
	constant pool entry 1	50000f5f
CLS 50000255 (name=java.util.Queue, trace=300133)
CLS 50000256 (name=java.util.Deque, trace=300133)
CLS 50000257 (name=java.util.ArrayDeque, trace=300133)
	super		500000dd
	constant pool entry 270	500000ef
	constant pool entry 205	50000161
	constant pool entry 62	500000dd
	constant pool entry 4	50000169
	constant pool entry 2	50000257
CLS 5000025a (name=java.util.zip.ZipCoder, trace=300136)
	super		50000169
	constant pool entry 202	500000ef
	constant pool entry 140	50000085
	constant pool entry 135	500000b3
	constant pool entry 130	500001fb
	constant pool entry 122	50000099
	constant pool entry 116	50000065
	constant pool entry 92	50000087
	constant pool entry 50	50000169
	constant pool entry 34	5000025a
	constant pool entry 25	50000066
	constant pool entry 7	50000088
	constant pool entry 4	50000165
CLS 50000260 (name=sun.misc.PerfCounter, trace=300140)
	super		50000169
	static perf	50000264
	constant pool entry 116	500000e7
	constant pool entry 100	5000015e
	constant pool entry 95	5000026c
	constant pool entry 90	50000063
	constant pool entry 88	50000060
	constant pool entry 37	50000265
	constant pool entry 33	50000169
	constant pool entry 32	50000263
	constant pool entry 29	50000261
	constant pool entry 4	50000260
CLS 50000261 (name=sun.misc.Perf$GetPerfAction, trace=300141)
	super		50000169
	constant pool entry 19	50000263
	constant pool entry 5	50000169
	constant pool entry 4	50000261
CLS 50000263 (name=sun.misc.Perf, trace=300143)
	super		50000169
	static instance	50000264
	constant pool entry 86	5000015e
	constant pool entry 31	50000169
	constant pool entry 11	50000263
CLS 50000265 (name=sun.misc.PerfCounter$CoreCounters, trace=300145)
	super		50000169
	static pdt	50000266
	static lc	5000026f
	static lct	50000272
	static rcbt	50000275
	static zfc	50000278
	static zfot	5000027b
	constant pool entry 33	50000260
	constant pool entry 15	50000265
	constant pool entry 13	50000b40
	constant pool entry 11	50000b3f
	constant pool entry 9	50000b3e
	constant pool entry 7	50000b3d
	constant pool entry 5	50000b3c
	constant pool entry 2	50000b3b
CLS 50000267 (name=sun.nio.ch.DirectBuffer, trace=300147)
CLS 50000268 (name=java.nio.MappedByteBuffer, trace=300147)
	super		50000063
	constant pool entry 20	50000063
	constant pool entry 19	50000268
CLS 50000269 (name=java.nio.DirectByteBuffer, trace=300147)
	super		50000268
	static unsafe	50000aa2
	constant pool entry 415	50000161
	constant pool entry 300	50000118
	constant pool entry 167	50000268
	constant pool entry 164	5000016d
	constant pool entry 130	5000026d
	constant pool entry 34	50000061
	constant pool entry 24	50000269
CLS 5000026c (name=java.nio.LongBuffer, trace=300150)
	super		5000010a
	constant pool entry 51	5000010a
	constant pool entry 44	5000026c
CLS 5000026d (name=java.nio.DirectLongBufferU, trace=300150)
	super		5000026c
	static unsafe	50000aa2
	constant pool entry 154	50000161
	constant pool entry 125	50000118
	constant pool entry 62	50000267
	constant pool entry 61	5000026c
	constant pool entry 57	5000016a
	constant pool entry 21	50000061
	constant pool entry 10	5000026d
CLS 5000027e (name=sun.misc.JarIndex, trace=300157)
	super		50000169
	static INDEX_NAME	5000102a
	constant pool entry 231	500000e7
	constant pool entry 85	5000102b
	constant pool entry 84	50000067
	constant pool entry 83	5000095a
	constant pool entry 61	50000165
	constant pool entry 39	500001f3
	constant pool entry 12	5000102a
	constant pool entry 11	5000027e
CLS 50000286 (name=sun.misc.ExtensionDependency, trace=300165)
	super		50000169
	constant pool entry 1	50000286
CLS 500002b7 (name=java.util.zip.ZipEntry, trace=300208)
	super		50000169
	constant pool entry 149	50000081
	constant pool entry 64	50000169
	constant pool entry 26	500002b7
	constant pool entry 19	50000b2d
CLS 500002bd (name=java.util.jar.JarEntry, trace=300214)
	super		500002b7
	constant pool entry 12	500002b7
CLS 500002be (name=java.util.jar.JarFile$JarFileEntry, trace=300214)
	super		500002bd
	constant pool entry 20	500002bd
	constant pool entry 19	500002be
CLS 500002c3 (name=java.util.zip.ZipFile$ZipFileInputStream, trace=300219)
	super		50000115
	constant pool entry 74	5000013f
	constant pool entry 60	500001c7
	constant pool entry 23	50000115
	constant pool entry 22	500002c3
CLS 500002c6 (name=java.util.zip.Inflater, trace=300221)
	super		50000169
	static defaultBuf	500002c7
	constant pool entry 156	500000ef
	constant pool entry 141	50000161
	constant pool entry 42	50000169
	constant pool entry 39	500002c6
	constant pool entry 4	500002ca
CLS 500002ca (name=java.util.zip.ZStreamRef, trace=300224)
	super		50000169
	constant pool entry 4	50000169
	constant pool entry 3	500002ca
CLS 500002cc (name=java.util.zip.InflaterInputStream, trace=300226)
	super		50000074
	constant pool entry 164	500000ef
	constant pool entry 134	50000115
	constant pool entry 52	50000074
	constant pool entry 51	500002cc
	constant pool entry 18	500002c6
CLS 500002cd (name=java.util.zip.ZipFile$ZipFileInflaterInputStream, trace=300226)
	super		500002cc
	constant pool entry 76	50000115
	constant pool entry 67	5000013f
	constant pool entry 65	500001c7
	constant pool entry 28	500002cc
	constant pool entry 27	500002cd
	constant pool entry 9	500002c6
CLS 500002d4 (name=sun.misc.IOUtils, trace=300232)
	super		50000169
	constant pool entry 71	500000ef
	constant pool entry 40	50000115
	constant pool entry 38	50000099
	constant pool entry 36	500000b5
CLS 5000052f (name=sun.misc.URLClassPath$FileLoader, trace=300241)
	super		500001c4
	constant pool entry 69	5000002e
	constant pool entry 61	50000165
	constant pool entry 34	500001c4
	constant pool entry 33	5000052f
	constant pool entry 30	5000058c
	constant pool entry 25	50001030
	constant pool entry 20	50000ad5
	constant pool entry 18	50000111
	constant pool entry 12	50000113
	constant pool entry 2	50000adb
CLS 50000535 (name=java.lang.Readable, trace=300247)
CLS 50000536 (name=java.nio.CharBuffer, trace=300247)
	super		5000010a
	constant pool entry 53	5000010a
	constant pool entry 42	50000536
	constant pool entry 7	50000537
CLS 50000537 (name=java.nio.HeapCharBuffer, trace=300248)
	super		50000536
	constant pool entry 141	500000ef
	constant pool entry 40	50000536
	constant pool entry 32	50000165
	constant pool entry 2	50000537
CLS 5000053a (name=sun.nio.cs.ThreadLocalCoders, trace=300251)
	super		50000169
	static decoderCache	5000053d
	static encoderCache	50000540
	constant pool entry 15	5000053b
	constant pool entry 12	5000053f
	constant pool entry 10	5000053a
	constant pool entry 9	5000053c
	constant pool entry 4	50000087
CLS 5000053b (name=sun.nio.cs.ThreadLocalCoders$Cache, trace=300252)
	super		50000169
	constant pool entry 57	500000ef
	constant pool entry 13	5000053b
	constant pool entry 8	50000169
	constant pool entry 7	50000100
	constant pool entry 2	500000ab
CLS 5000053c (name=sun.nio.cs.ThreadLocalCoders$1, trace=300252)
	super		5000053b
	constant pool entry 47	50000161
	constant pool entry 17	5000053b
	constant pool entry 16	5000053c
	constant pool entry 14	5000053a
	constant pool entry 7	500000b3
	constant pool entry 3	50000087
	constant pool entry 2	50000165
CLS 5000053f (name=sun.nio.cs.ThreadLocalCoders$2, trace=300255)
	super		5000053b
	constant pool entry 47	50000161
	constant pool entry 17	5000053b
	constant pool entry 16	5000053f
	constant pool entry 14	5000053a
CLS 5000054b (name=java.nio.charset.CoderResult, trace=300262)
	super		50000169
	static names	5000054c
	static UNDERFLOW	5000054d
	static OVERFLOW	5000054e
	static malformedCache	50000551
	static unmappableCache	50000553
	constant pool entry 141	500000ef
	constant pool entry 120	50000161
	constant pool entry 43	50000169
	constant pool entry 41	50000552
	constant pool entry 39	50000550
	constant pool entry 36	50000afd
	constant pool entry 35	50000afc
	constant pool entry 34	50000afb
	constant pool entry 33	50000afa
	constant pool entry 32	50000165
	constant pool entry 14	5000054b
CLS 5000054f (name=java.nio.charset.CoderResult$Cache, trace=300266)
	super		50000169
	constant pool entry 20	50000169
	constant pool entry 19	5000054f
CLS 50000550 (name=java.nio.charset.CoderResult$1, trace=300266)
	super		5000054f
	constant pool entry 5	5000054f
CLS 50000552 (name=java.nio.charset.CoderResult$2, trace=300268)
	super		5000054f
	constant pool entry 5	5000054f
CLS 5000058b (name=sun.misc.Resource, trace=300307)
	super		50000169
	constant pool entry 106	500000ef
	constant pool entry 73	50000115
	constant pool entry 71	50000099
	constant pool entry 69	500000b5
	constant pool entry 64	50000142
	constant pool entry 23	50000169
	constant pool entry 22	5000058b
	constant pool entry 20	50000594
CLS 5000058c (name=sun.misc.URLClassPath$FileLoader$1, trace=300307)
	super		5000058b
	constant pool entry 50	50000113
	constant pool entry 19	5000052f
	constant pool entry 11	5000058b
	constant pool entry 10	5000058c
	constant pool entry 7	5000007b
CLS 50000594 (name=sun.nio.ByteBuffered, trace=300313)
CLS 50000599 (name=java.io.FileInputStream$1, trace=300317)
	super		50000169
	constant pool entry 20	5000007b
	constant pool entry 5	50000169
	constant pool entry 4	50000599
CLS 5000059c (name=java.security.PermissionCollection, trace=300320)
	super		50000169
	constant pool entry 19	50000169
	constant pool entry 18	5000059c
CLS 5000059d (name=java.security.Permissions, trace=300320)
	super		5000059c
	static serialPersistentFields	5000059e
	constant pool entry 226	500000ef
	constant pool entry 137	500000ea
	constant pool entry 132	50000169
	constant pool entry 127	5000013f
	constant pool entry 53	5000059d
	constant pool entry 50	500000f4
	constant pool entry 42	5000100b
	constant pool entry 40	5000100a
	constant pool entry 35	5000013d
	constant pool entry 22	5000059c
	constant pool entry 14	50000617
	constant pool entry 13	50000616
	constant pool entry 3	500000bd
CLS 500005cf (name=java.net.URLConnection, trace=300338)
	super		50000169
	static handlers	500005d2
	static contentClassPrefix	50000ffc
	static contentPathProp	50000ffb
	constant pool entry 153	50000169
	constant pool entry 151	5000013d
	constant pool entry 110	500005cf
CLS 500005d0 (name=sun.net.www.URLConnection, trace=300338)
	super		500005cf
	static proxiedHosts	500005d4
	constant pool entry 53	500005cf
	constant pool entry 52	500005d0
	constant pool entry 50	500000bd
	constant pool entry 3	500005d6
CLS 500005d1 (name=sun.net.www.protocol.file.FileURLConnection, trace=300338)
	super		500005d0
	static CONTENT_LENGTH	50001053
	static CONTENT_TYPE	50001054
	static TEXT_PLAIN	50001055
	static LAST_MODIFIED	50001056
	constant pool entry 242	5000002e
	constant pool entry 240	50000111
	constant pool entry 162	50000113
	constant pool entry 96	500005d0
	constant pool entry 95	500005d1
	constant pool entry 94	50001056
	constant pool entry 93	50001055
	constant pool entry 92	50001054
	constant pool entry 91	50001053
	constant pool entry 88	50000ffa
	constant pool entry 87	500005e6
CLS 500005d6 (name=sun.net.www.MessageHeader, trace=300343)
	super		50000169
	constant pool entry 261	500000ef
	constant pool entry 66	50000169
	constant pool entry 65	500005d6
	constant pool entry 40	50000165
CLS 500005e6 (name=java.io.FilePermission, trace=300352)
	super		500000ea
	constant pool entry 144	50000113
	constant pool entry 139	500000e7
	constant pool entry 51	500000ea
	constant pool entry 46	50000602
	constant pool entry 32	50000ffa
	constant pool entry 19	50000165
	constant pool entry 16	500005e8
	constant pool entry 11	50001010
	constant pool entry 1	500005e6
CLS 500005e8 (name=java.io.FilePermission$1, trace=300354)
	super		50000169
	constant pool entry 45	50000165
	constant pool entry 39	500005e6
	constant pool entry 19	50000169
	constant pool entry 18	500005e8
	constant pool entry 13	50000113
	constant pool entry 4	50000844
CLS 50000602 (name=java.io.FilePermissionCollection, trace=300366)
	super		5000059c
	static serialPersistentFields	50000603
	constant pool entry 168	500000ef
	constant pool entry 96	500000df
	constant pool entry 40	5000059c
	constant pool entry 39	50000602
	constant pool entry 36	500000f4
	constant pool entry 28	50000846
	constant pool entry 24	500000db
	constant pool entry 5	500005e6
	constant pool entry 2	500000d5
CLS 50000616 (name=java.security.AllPermission, trace=300372)
	super		500000ea
CLS 50000617 (name=java.security.UnresolvedPermission, trace=300373)
	super		500000ea
CLS 50000619 (name=java.security.BasicPermissionCollection, trace=300375)
	super		5000059c
	static serialPersistentFields	5000061a
	constant pool entry 235	500000ef
	constant pool entry 167	50000109
	constant pool entry 133	50000165
	constant pool entry 130	5000013f
	constant pool entry 127	50000169
	constant pool entry 59	5000059c
	constant pool entry 58	50000619
	constant pool entry 54	500000f4
	constant pool entry 50	50000161
	constant pool entry 43	50000847
	constant pool entry 41	50000846
	constant pool entry 39	50000845
	constant pool entry 34	5000013d
	constant pool entry 23	50000844
	constant pool entry 7	500000e9
	constant pool entry 2	500000bd
CLS 50000650 (name=Demo, trace=300390)
	super		50000169
	loader		500006d7
	domain		5000063f
	constant pool entry 10	50000169
	constant pool entry 7	5000015a
	constant pool entry 4	500006ba
	constant pool entry 2	50000650
CLS 50000651 (name=sun.launcher.LauncherHelper$FXHelper, trace=300391)
	super		50000169
	static JAVAFX_APPLICATION_MARKER	500012a2
	static JAVAFX_APPLICATION_CLASS_NAME	5000129e
	static JAVAFX_LAUNCHER_CLASS_NAME	500012a1
	static JAVAFX_LAUNCH_MODE_CLASS	500012a0
	static JAVAFX_LAUNCH_MODE_JAR	5000129f
	constant pool entry 40	5000129e
	constant pool entry 12	50000165
	constant pool entry 11	50000161
	constant pool entry 6	50000651
CLS 50000653 (name=java.lang.Class$MethodArray, trace=300393)
	super		50000169
	constant pool entry 131	500000ef
	constant pool entry 31	50000169
	constant pool entry 30	50000653
	constant pool entry 6	50000136
CLS 50000655 (name=java.lang.reflect.Method[], trace=300395)
	super		50000169
CLS 500006ba (name=Calculate, trace=300390)
	super		50000169
	loader		500006d7
	domain		5000063f
	constant pool entry 5	50000169
	constant pool entry 4	500006ba
CLS 500006c0 (name=java.lang.Void, trace=300398)
	super		50000169
	static TYPE	500007a4
	constant pool entry 20	50000161
	constant pool entry 5	500006c0
	constant pool entry 2	5000129b
CLS 500006c9 (name=java.lang.Shutdown, trace=300000)
	super		50000169
	static hooks	500006ca
	static lock	500006cc
	static haltLock	500006cd
	constant pool entry 118	500000ef
	constant pool entry 30	500006cb
	constant pool entry 29	50000143
	constant pool entry 18	500006c9
CLS 500006cb (name=java.lang.Shutdown$Lock, trace=300404)
	super		50000169
	constant pool entry 4	50000169
	constant pool entry 3	500006cb
HEAP DUMP END
SITES BEGIN (ordered by live bytes) Tue Mar 27 22:49:19 2018
          percent          live          alloc'ed  stack class
 rank   self  accum     bytes objs     bytes  objs trace name
    1 18.22% 18.22%     69432  794     69432   794 300000 char[]
    2  6.63% 24.85%     25256    8     25256     8 300000 byte[]
    3  6.18% 31.03%     23560  501     23560   501 300000 java.lang.Object[]
    4  3.37% 34.40%     12840  784     12840   784 300000 java.lang.String
    5  2.41% 36.80%      9176   61      9176    61 300010 char[]
    6  1.16% 37.96%      4408  257      4408   257 300000 java.lang.Integer
    7  0.83% 38.79%      3168    6      3168     6 300229 byte[]
    8  0.78% 39.57%      2976  112      2976   112 300000 java.util.Hashtable$Entry
    9  0.74% 40.31%      2816   38      2816    38 300094 byte[]
   10  0.72% 41.03%      2744   77      2744    77 300000 java.lang.ref.SoftReference
   11  0.60% 41.63%      2288   12      2288    12 300093 byte[]
   12  0.60% 42.23%      2272   36      2272    36 300163 byte[]
   13  0.59% 42.82%      2256    6      2256     6 300001 java.lang.Thread
   14  0.50% 43.32%      1912   48      1912    48 300000 java.lang.String[]
   15  0.49% 43.81%      1872   10      1872    10 300138 byte[]
   16  0.49% 44.30%      1872   10      1872    10 300139 byte[]
   17  0.48% 44.79%      1832   39      1832    39 300000 sun.util.locale.LocaleObjectCache$CacheEntry
   18  0.48% 45.26%      1816    5      1816     5 300000 java.lang.Thread
   19  0.45% 45.71%      1696   36      1696    36 300162 char[]
   20  0.44% 46.14%      1664   12      1664    12 300078 char[]
   21  0.44% 46.58%      1664   12      1664    12 300079 char[]
   22  0.43% 47.01%      1640    6      1640     6 300230 byte[]
   23  0.43% 47.44%      1640    6      1640     6 300234 byte[]
   24  0.41% 47.85%      1576   11      1576    11 300060 char[]
   25  0.38% 48.23%      1440   10      1440    10 300082 char[]
   26  0.37% 48.61%      1424    4      1424     4 300000 int[]
   27  0.35% 48.96%      1352    2      1352     2 300000 java.lang.Integer[]
   28  0.32% 49.28%      1224   39      1224    39 300000 java.util.concurrent.ConcurrentHashMap$Node
   29  0.32% 49.60%      1216    6      1216     6 300000 java.util.Hashtable$Entry[]
   30  0.30% 49.90%      1128    2      1128     2 300316 byte[]
   31  0.29% 50.19%      1104   10      1104    10 300000 java.lang.Class
   32  0.28% 50.47%      1072   36      1072    36 300164 byte[]
   33  0.27% 50.74%      1040    1      1040     1 300020 java.lang.invoke.MethodHandle[]
   34  0.27% 51.01%      1016   12      1016    12 300000 java.net.URL
   35  0.25% 51.26%       960   30       960    30 300128 java.lang.ref.Finalizer
   36  0.24% 51.50%       920   20       920    20 300000 sun.util.locale.BaseLocale$Key
   37  0.24% 51.74%       920   20       920    20 300000 sun.util.locale.BaseLocale
   38  0.22% 51.97%       856   18       856    18 300000 java.io.ObjectStreamField
   39  0.21% 52.18%       800   10       800    10 300132 java.util.WeakHashMap$Entry[]
   40  0.21% 52.39%       800   10       800    10 300135 java.lang.Object[]
   41  0.20% 52.59%       768   20       768    20 300000 java.util.Locale$LocaleKey
   42  0.20% 52.79%       768   20       768    20 300000 java.util.Locale
   43  0.20% 52.99%       760   15       760    15 300000 java.util.LinkedHashMap$Entry
   44  0.19% 53.18%       712   11       712    11 300000 java.util.HashMap
   45  0.18% 53.36%       696    7       696     7 300000 java.util.concurrent.ConcurrentHashMap
   46  0.18% 53.54%       696    2       696     2 300000 java.lang.ref.Finalizer$FinalizerThread
   47  0.18% 53.72%       688    2       688     2 300000 java.lang.ref.Reference$ReferenceHandler
   48  0.18% 53.90%       672    4       672     4 300304 char[]
   49  0.17% 54.07%       648   15       648    15 300000 java.io.ExpiringCache$Entry
   50  0.17% 54.24%       640   10       640    10 300083 java.net.URL
   51  0.17% 54.40%       632   11       632    11 300000 java.lang.OutOfMemoryError
   52  0.16% 54.56%       600    3       600     3 300000 java.util.concurrent.ConcurrentHashMap$Node[]
   53  0.15% 54.71%       560   10       560    10 300127 java.util.jar.JarFile
   54  0.14% 54.85%       552    4       552     4 300000 java.util.WeakHashMap$Entry[]
   55  0.14% 55.00%       552    4       552     4 300000 java.util.HashMap$Node[]
   56  0.14% 55.14%       552    7       552     7 300000 java.security.AccessControlContext
   57  0.14% 55.28%       536    4       536     4 300293 char[]
   58  0.14% 55.42%       528   11       528    11 300058 char[]
   59  0.14% 55.56%       528    1       528     1 300101 int[]
   60  0.14% 55.70%       528    6       528     6 300215 java.util.jar.JarFile$JarFileEntry
   61  0.13% 55.83%       512    6       512     6 300000 java.util.WeakHashMap$Entry
   62  0.13% 55.96%       480    8       480     8 300000 java.lang.ref.ReferenceQueue
   63  0.13% 56.08%       480   10       480    10 300068 char[]
   64  0.13% 56.21%       480   10       480    10 300085 sun.misc.URLClassPath$JarLoader
   65  0.13% 56.34%       480   12       480    12 300096 char[]
   66  0.13% 56.46%       480   10       480    10 300129 java.util.WeakHashMap
   67  0.13% 56.59%       480   10       480    10 300160 sun.nio.cs.UTF_8$Encoder
   68  0.12% 56.71%       464    7       464     7 300000 java.io.ObjectStreamField[]
   69  0.12% 56.83%       456    4       456     4 300000 java.util.WeakHashMap
   70  0.12% 56.95%       456    7       456     7 300000 java.util.Vector
   71  0.12% 57.06%       440    5       440     5 300000 java.lang.ref.Finalizer
   72  0.11% 57.18%       432    6       432     6 300000 java.util.ArrayList
   73  0.11% 57.29%       432    4       432     4 300000 java.util.Hashtable
   74  0.11% 57.40%       432    9       432     9 300072 char[]
   75  0.11% 57.52%       432    6       432     6 300209 java.util.zip.ZipEntry
   76  0.11% 57.63%       432    6       432     6 300217 byte[]
   77  0.11% 57.74%       424   15       424    15 300000 java.lang.Object
   78  0.11% 57.85%       424    3       424     3 300000 java.io.ExpiringCache$1
   79  0.11% 57.96%       416    2       416     2 300312 byte[]
   80  0.11% 58.07%       416    2       416     2 300314 byte[]
   81  0.11% 58.18%       408    3       408     3 300000 sun.misc.URLClassPath
   82  0.11% 58.29%       408    3       408     3 300000 java.nio.HeapByteBuffer
   83  0.11% 58.39%       408    3       408     3 300000 sun.nio.cs.UTF_8$Encoder
   84  0.11% 58.50%       408    3       408     3 300000 sun.nio.cs.StreamEncoder
   85  0.11% 58.61%       408    5       408     5 300000 java.util.HashMap$Node
   86  0.11% 58.71%       408    3       408     3 300000 java.util.Properties
   87  0.11% 58.82%       408    3       408     3 300000 java.lang.ThreadGroup
   88  0.10% 58.93%       400    2       400     2 300000 sun.misc.Launcher$AppClassLoader
   89  0.10% 59.03%       392    3       392     3 300000 java.io.BufferedWriter
   90  0.10% 59.13%       392    2       392     2 300000 sun.misc.Launcher$ExtClassLoader
   91  0.10% 59.23%       384    4       384     4 300000 java.io.FileDescriptor
   92  0.10% 59.33%       384   10       384    10 300000 java.lang.ref.ReferenceQueue$Lock
   93  0.10% 59.43%       384    4       384     4 300000 java.util.Stack
   94  0.10% 59.53%       376    3       376     3 300000 java.io.ExpiringCache
   95  0.10% 59.63%       376    3       376     3 300000 java.io.PrintStream
   96  0.10% 59.73%       376    3       376     3 300000 java.io.FileOutputStream
   97  0.10% 59.83%       376    3       376     3 300000 java.lang.Thread[]
   98  0.10% 59.93%       376    3       376     3 300000 java.security.CodeSource
   99  0.10% 60.03%       376    3       376     3 300000 java.lang.VirtualMachineError
  100  0.10% 60.12%       376    3       376     3 300000 java.security.ProtectionDomain
  101  0.09% 60.22%       360    4       360     4 300000 sun.misc.Signal
  102  0.09% 60.31%       360    4       360     4 300000 java.util.concurrent.atomic.AtomicLong
  103  0.09% 60.41%       360    3       360     3 300000 java.io.OutputStreamWriter
  104  0.09% 60.50%       360    3       360     3 300000 java.io.BufferedOutputStream
  105  0.09% 60.60%       360    4       360     4 300000 java.util.Collections$SynchronizedSet
  106  0.09% 60.69%       360    4       360     4 300000 java.nio.charset.CodingErrorAction
  107  0.09% 60.79%       360    4       360     4 300000 java.lang.ThreadLocal
  108  0.09% 60.88%       360    3       360     3 300000 java.lang.ref.ReferenceQueue$Null
  109  0.09% 60.97%       360    3       360     3 300000 java.lang.RuntimePermission
  110  0.09% 61.07%       360    2       360     2 300000 long[]
  111  0.09% 61.16%       360    9       360     9 300074 char[]
  112  0.09% 61.26%       360    3       360     3 300273 char[]
  113  0.09% 61.35%       360    3       360     3 300276 char[]
  114  0.09% 61.44%       352    2       352     2 300000 sun.nio.cs.StandardCharsets$Cache
  115  0.09% 61.54%       352    2       352     2 300000 sun.nio.cs.StandardCharsets$Classes
  116  0.09% 61.63%       352    2       352     2 300000 sun.nio.cs.StandardCharsets$Aliases
  117  0.09% 61.72%       344    3       344     3 300000 java.util.HashSet
  118  0.09% 61.81%       344    3       344     3 300000 java.security.Principal[]
  119  0.09% 61.90%       344    3       344     3 300000 sun.misc.NativeSignalHandler
  120  0.09% 61.99%       344    2       344     2 300000 java.lang.ClassLoader$NativeLibrary
  121  0.09% 62.08%       344    3       344     3 300000 java.io.File$PathStatus
  122  0.09% 62.17%       344    3       344     3 300000 java.nio.ByteOrder
  123  0.09% 62.26%       344    2       344     2 300000 java.util.concurrent.atomic.AtomicReferenceFieldUpdater$AtomicReferenceFieldUpdaterImpl
  124  0.09% 62.35%       344    2       344     2 300000 java.io.BufferedInputStream
  125  0.09% 62.44%       344    2       344     2 300000 java.io.FileInputStream
  126  0.09% 62.53%       344    3       344     3 300000 java.lang.StackTraceElement[]
  127  0.09% 62.62%       344    2       344     2 300000 java.lang.ThreadGroup[]
  128  0.09% 62.71%       344    2       344     2 300000 java.lang.OutOfMemoryError[]
  129  0.09% 62.80%       344    2       344     2 300000 java.lang.ArithmeticException
  130  0.09% 62.89%       344    2       344     2 300000 java.lang.NullPointerException
  131  0.09% 62.98%       344    3       344     3 300000 java.lang.Boolean
  132  0.09% 63.07%       336    2       336     2 300000 java.util.BitSet
  133  0.09% 63.16%       336    2       336     2 300000 java.io.File$PathStatus[]
  134  0.09% 63.25%       336    2       336     2 300000 java.io.UnixFileSystem
  135  0.09% 63.34%       336    2       336     2 300000 sun.nio.cs.UTF_8
  136  0.09% 63.42%       336    2       336     2 300000 sun.nio.cs.StandardCharsets
  137  0.09% 63.51%       336    2       336     2 300000 java.lang.reflect.ReflectPermission
  138  0.09% 63.60%       336    2       336     2 300018 java.lang.invoke.MethodHandle[]
  139  0.09% 63.69%       336    6       336     6 300149 java.nio.DirectByteBuffer
  140  0.09% 63.78%       336    6       336     6 300211 char[]
  141  0.09% 63.86%       336    6       336     6 300213 char[]
  142  0.09% 63.95%       336    6       336     6 300216 char[]
  143  0.09% 64.04%       336   14       336    14 300237 java.util.HashMap$Node
  144  0.09% 64.13%       336    3       336     3 300278 char[]
  145  0.09% 64.22%       336    3       336     3 300279 char[]
  146  0.09% 64.31%       336    2       336     2 300283 byte[]
  147  0.09% 64.39%       336    2       336     2 300395 java.lang.reflect.Method[]
  148  0.09% 64.48%       328    3       328     3 300000 sun.net.www.protocol.jar.Handler
  149  0.09% 64.57%       328    3       328     3 300000 java.security.ProtectionDomain$Key
  150  0.09% 64.65%       328    2       328     2 300000 sun.util.locale.BaseLocale$Cache
  151  0.09% 64.74%       328    2       328     2 300000 java.util.Locale$Cache
  152  0.09% 64.82%       328    2       328     2 300000 java.util.WeakHashMap$KeySet
  153  0.09% 64.91%       328    2       328     2 300000 java.util.Collections$SetFromMap
  154  0.09% 65.00%       328    2       328     2 300000 java.util.Hashtable$EntrySet
  155  0.09% 65.08%       328    2       328     2 300000 java.util.concurrent.atomic.AtomicInteger
  156  0.09% 65.17%       328    2       328     2 300000 java.util.Collections$UnmodifiableRandomAccessList
  157  0.09% 65.25%       328    2       328     2 300000 java.util.Collections$EmptyMap
  158  0.09% 65.34%       328    2       328     2 300000 java.util.Collections$EmptyList
  159  0.09% 65.43%       328    2       328     2 300000 java.security.cert.Certificate[]
  160  0.09% 65.51%       328    2       328     2 300000 java.lang.Throwable[]
  161  0.09% 65.60%       328    2       328     2 300000 java.lang.Class[]
  162  0.09% 65.68%       328    2       328     2 300000 sun.misc.Launcher
  163  0.09% 65.77%       328    2       328     2 300023 java.lang.ClassValue$Entry[]
  164  0.09% 65.86%       328    2       328     2 300043 sun.launcher.LauncherHelper[]
  165  0.08% 65.94%       320    2       320     2 300000 java.security.ProtectionDomain$2
  166  0.08% 66.03%       320    2       320     2 300000 java.security.ProtectionDomain$JavaSecurityAccessImpl
  167  0.08% 66.11%       320    2       320     2 300000 sun.net.www.protocol.file.Handler
  168  0.08% 66.19%       320    2       320     2 300000 java.lang.CharacterDataLatin1
  169  0.08% 66.28%       320    2       320     2 300000 java.net.URLClassLoader$7
  170  0.08% 66.36%       320    2       320     2 300000 sun.misc.Launcher$Factory
  171  0.08% 66.44%       320    2       320     2 300000 java.lang.System$2
  172  0.08% 66.53%       320    2       320     2 300000 java.lang.Terminator$1
  173  0.08% 66.61%       320    2       320     2 300000 java.nio.Bits$1
  174  0.08% 66.70%       320    2       320     2 300000 java.io.FileDescriptor$1
  175  0.08% 66.78%       320    2       320     2 300000 java.lang.Runtime
  176  0.08% 66.86%       320    2       320     2 300000 java.lang.reflect.ReflectAccess
  177  0.08% 66.95%       320    2       320     2 300000 java.lang.ref.Reference$1
  178  0.08% 67.03%       320    2       320     2 300000 java.util.Collections$EmptySet
  179  0.08% 67.12%       320    2       320     2 300000 java.lang.ref.Reference$Lock
  180  0.08% 67.20%       320    2       320     2 300000 sun.reflect.ReflectionFactory
  181  0.08% 67.28%       320    2       320     2 300000 java.lang.String$CaseInsensitiveComparator
  182  0.08% 67.37%       320    2       320     2 300000 sun.misc.Unsafe
  183  0.08% 67.45%       320   10       320    10 300137 java.util.zip.ZipCoder
  184  0.08% 67.53%       312    1       312     1 300000 java.lang.SystemClassLoaderAction
  185  0.08% 67.62%       312    1       312     1 300000 sun.misc.Launcher$AppClassLoader$1
  186  0.08% 67.70%       312    1       312     1 300000 java.security.Principal
  187  0.08% 67.78%       312    1       312     1 300000 sun.misc.JavaSecurityProtectionDomainAccess
  188  0.08% 67.86%       312    1       312     1 300000 sun.misc.JavaSecurityAccess
  189  0.08% 67.94%       312    1       312     1 300000 java.net.URL[]
  190  0.08% 68.03%       312    1       312     1 300000 java.util.HashMap$TreeNode
  191  0.08% 68.11%       312    1       312     1 300000 java.net.URLStreamHandler
  192  0.08% 68.19%       312    1       312     1 300000 java.net.Parts
  193  0.08% 68.27%       312    1       312     1 300000 java.lang.CharacterData
  194  0.08% 68.35%       312    1       312     1 300000 sun.util.locale.LocaleUtils
  195  0.08% 68.43%       312    1       312     1 300000 java.util.concurrent.ConcurrentHashMap$EntrySetView
  196  0.08% 68.52%       312    1       312     1 300000 java.util.concurrent.ConcurrentHashMap$ValuesView
  197  0.08% 68.60%       312    1       312     1 300000 java.util.concurrent.ConcurrentHashMap$KeySetView
  198  0.08% 68.68%       312    1       312     1 300000 java.util.concurrent.ConcurrentHashMap$CollectionView
  199  0.08% 68.76%       312    1       312     1 300000 java.util.concurrent.ConcurrentHashMap$CounterCell[]
  200  0.08% 68.84%       312    1       312     1 300000 java.util.concurrent.ConcurrentHashMap$CounterCell
  201  0.08% 68.93%       312    1       312     1 300000 java.util.concurrent.ConcurrentHashMap$Segment[]
  202  0.08% 69.01%       312    1       312     1 300000 java.util.concurrent.locks.ReentrantLock[]
  203  0.08% 69.09%       312    1       312     1 300000 java.util.concurrent.locks.Lock[]
  204  0.08% 69.17%       312    1       312     1 300000 java.util.concurrent.ConcurrentHashMap$Segment
  205  0.08% 69.25%       312    1       312     1 300000 java.util.concurrent.locks.ReentrantLock
  206  0.08% 69.34%       312    1       312     1 300000 java.util.concurrent.locks.Lock
  207  0.08% 69.42%       312    1       312     1 300000 java.util.concurrent.ConcurrentMap
  208  0.08% 69.50%       312    1       312     1 300000 sun.util.locale.LocaleObjectCache
  209  0.08% 69.58%       312    1       312     1 300000 sun.net.www.ParseUtil
  210  0.08% 69.66%       312    1       312     1 300000 sun.misc.MetaIndex
  211  0.08% 69.74%       312    1       312     1 300000 sun.misc.Launcher$ExtClassLoader$1
  212  0.08% 69.83%       312    1       312     1 300000 java.io.File[]
  213  0.08% 69.91%       312    1       312     1 300000 java.util.StringTokenizer
  214  0.08% 69.99%       312    1       312     1 300000 sun.misc.JavaNetAccess
  215  0.08% 70.07%       312    1       312     1 300000 java.lang.ClassLoader$ParallelLoaders
  216  0.08% 70.15%       312    1       312     1 300000 sun.security.util.Debug
  217  0.08% 70.24%       312    1       312     1 300000 java.net.URLStreamHandlerFactory
  218  0.08% 70.32%       312    1       312     1 300000 java.lang.Compiler$1
  219  0.08% 70.40%       312    1       312     1 300000 java.lang.Compiler
  220  0.08% 70.48%       312    1       312     1 300000 java.lang.IllegalArgumentException
  221  0.08% 70.56%       312    1       312     1 300000 sun.misc.JavaLangAccess
  222  0.08% 70.65%       312    1       312     1 300000 sun.misc.OSEnvironment
  223  0.08% 70.73%       312    1       312     1 300000 java.lang.Number[]
  224  0.08% 70.81%       312    1       312     1 300000 java.lang.Integer$IntegerCache
  225  0.08% 70.89%       312    1       312     1 300000 sun.misc.SignalHandler
  226  0.08% 70.97%       312    1       312     1 300000 java.lang.Terminator
  227  0.08% 71.05%       312    1       312     1 300000 java.lang.Enum[]
  228  0.08% 71.14%       312    1       312     1 300000 java.lang.ClassLoader$3
  229  0.08% 71.22%       312    1       312     1 300000 java.lang.StringCoding$StringEncoder
  230  0.08% 71.30%       312    1       312     1 300000 java.nio.file.Path
  231  0.08% 71.38%       312    1       312     1 300000 java.nio.file.Watchable
  232  0.08% 71.46%       312    1       312     1 300000 java.lang.Enum
  233  0.08% 71.55%       312    1       312     1 300000 java.util.LinkedHashMap
  234  0.08% 71.63%       312    1       312     1 300000 java.io.FileSystem
  235  0.08% 71.71%       312    1       312     1 300000 java.io.DefaultFileSystem
  236  0.08% 71.79%       312    1       312     1 300000 sun.misc.JavaNioAccess
  237  0.08% 71.87%       312    1       312     1 300000 java.nio.Bits
  238  0.08% 71.96%       312    1       312     1 300000 java.nio.ByteBuffer
  239  0.08% 72.04%       312    1       312     1 300000 java.nio.charset.CharsetEncoder
  240  0.08% 72.12%       312    1       312     1 300000 sun.nio.cs.ArrayEncoder
  241  0.08% 72.20%       312    1       312     1 300000 sun.security.action.GetPropertyAction
  242  0.08% 72.28%       312    1       312     1 300000 java.io.Writer
  243  0.08% 72.36%       312    1       312     1 300000 java.io.FilterOutputStream
  244  0.08% 72.45%       312    1       312     1 300000 sun.reflect.misc.ReflectUtil
  245  0.08% 72.53%       312    1       312     1 300000 java.util.concurrent.atomic.AtomicReferenceFieldUpdater$AtomicReferenceFieldUpdaterImpl$1
  246  0.08% 72.61%       312    1       312     1 300000 java.security.PrivilegedExceptionAction
  247  0.08% 72.69%       312    1       312     1 300000 java.util.concurrent.atomic.AtomicReferenceFieldUpdater
  248  0.08% 72.77%       312    1       312     1 300000 java.io.FilterInputStream
  249  0.08% 72.86%       312    1       312     1 300000 java.io.OutputStream
  250  0.08% 72.94%       312    1       312     1 300000 java.io.Flushable
  251  0.08% 73.02%       312    1       312     1 300000 sun.misc.JavaIOFileDescriptorAccess
  252  0.08% 73.10%       312    1       312     1 300000 sun.misc.Version
  253  0.08% 73.18%       312    1       312     1 300000 java.util.Hashtable$Enumerator
  254  0.08% 73.27%       312    1       312     1 300000 java.util.Iterator
  255  0.08% 73.35%       312    1       312     1 300000 java.util.Enumeration
  256  0.08% 73.43%       312    1       312     1 300000 java.util.Objects
  257  0.08% 73.51%       312    1       312     1 300000 java.util.Collections$SynchronizedCollection
  258  0.08% 73.59%       312    1       312     1 300000 sun.nio.cs.UTF_8$Decoder
  259  0.08% 73.67%       312    1       312     1 300000 java.nio.charset.CharsetDecoder
  260  0.08% 73.76%       312    1       312     1 300000 sun.nio.cs.ArrayDecoder
  261  0.08% 73.84%       312    1       312     1 300000 java.lang.StringCoding$StringDecoder
  262  0.08% 73.92%       312    1       312     1 300000 java.lang.ThreadLocal$ThreadLocalMap$Entry[]
  263  0.08% 74.00%       312    1       312     1 300000 java.lang.ref.WeakReference[]
  264  0.08% 74.08%       312    1       312     1 300000 java.lang.ref.Reference[]
  265  0.08% 74.17%       312    1       312     1 300000 java.lang.ThreadLocal$ThreadLocalMap$Entry
  266  0.08% 74.25%       312    1       312     1 300000 java.lang.ThreadLocal$ThreadLocalMap
  267  0.08% 74.33%       312    1       312     1 300000 java.lang.StringCoding
  268  0.08% 74.41%       312    1       312     1 300000 sun.reflect.DelegatingConstructorAccessorImpl
  269  0.08% 74.49%       312    1       312     1 300000 sun.reflect.NativeConstructorAccessorImpl
  270  0.08% 74.57%       312    1       312     1 300000 sun.reflect.ReflectionFactory$1
  271  0.08% 74.66%       312    1       312     1 300000 java.lang.Class$1
  272  0.08% 74.74%       312    1       312     1 300000 java.lang.reflect.Constructor[]
  273  0.08% 74.82%       312    1       312     1 300000 java.lang.reflect.Executable[]
  274  0.08% 74.90%       312    1       312     1 300000 sun.nio.cs.Unicode
  275  0.08% 74.98%       312    1       312     1 300000 sun.nio.cs.HistoricallyNamedCharset
  276  0.08% 75.07%       312    1       312     1 300000 java.util.Arrays
  277  0.08% 75.15%       312    1       312     1 300000 sun.reflect.LangReflectAccess
  278  0.08% 75.23%       312    1       312     1 300000 java.lang.reflect.Modifier
  279  0.08% 75.31%       312    1       312     1 300000 java.lang.ClassValue$ClassValueMap
  280  0.08% 75.39%       312    1       312     1 300000 sun.reflect.annotation.AnnotationType
  281  0.08% 75.48%       312    1       312     1 300000 java.lang.Class$AnnotationData
  282  0.08% 75.56%       312    1       312     1 300000 sun.reflect.generics.repository.ClassRepository
  283  0.08% 75.64%       312    1       312     1 300000 sun.reflect.generics.repository.GenericDeclRepository
  284  0.08% 75.72%       312    1       312     1 300000 sun.reflect.generics.repository.AbstractRepository
  285  0.08% 75.80%       312    1       312     1 300000 java.lang.reflect.Field[]
  286  0.08% 75.88%       312    1       312     1 300000 java.lang.reflect.Member[]
  287  0.08% 75.97%       312    1       312     1 300000 java.lang.reflect.AccessibleObject[]
  288  0.08% 76.05%       312    1       312     1 300000 java.lang.Class$Atomic
  289  0.08% 76.13%       312    1       312     1 300000 java.lang.Class$ReflectionData
  290  0.08% 76.21%       312    1       312     1 300000 java.lang.Class$3
  291  0.08% 76.29%       312    1       312     1 300000 sun.util.PreHashedMap
  292  0.08% 76.38%       312    1       312     1 300000 sun.nio.cs.FastCharsetProvider
  293  0.08% 76.46%       312    1       312     1 300000 java.nio.charset.spi.CharsetProvider
  294  0.08% 76.54%       312    1       312     1 300000 java.nio.charset.Charset
  295  0.08% 76.62%       312    1       312     1 300000 java.lang.Math
  296  0.08% 76.70%       312    1       312     1 300000 sun.misc.VM
  297  0.08% 76.79%       312    1       312     1 300000 java.util.Map$Entry[]
  298  0.08% 76.87%       312    1       312     1 300000 java.util.Map$Entry
  299  0.08% 76.95%       312    1       312     1 300000 sun.reflect.Reflection
  300  0.08% 77.03%       312    1       312     1 300000 java.lang.CharSequence[]
  301  0.08% 77.11%       312    1       312     1 300000 java.lang.NoSuchMethodError
  302  0.08% 77.19%       312    1       312     1 300000 java.lang.IncompatibleClassChangeError
  303  0.08% 77.28%       312    1       312     1 300000 sun.misc.SharedSecrets
  304  0.08% 77.36%       312    1       312     1 300000 sun.misc.JavaLangRefAccess
  305  0.08% 77.44%       312    1       312     1 300000 java.lang.Runnable[]
  306  0.08% 77.52%       312    1       312     1 300000 java.util.Collections$UnmodifiableList
  307  0.08% 77.60%       312    1       312     1 300000 java.util.Collections$UnmodifiableCollection
  308  0.08% 77.69%       312    1       312     1 300000 java.util.AbstractMap
  309  0.08% 77.77%       312    1       312     1 300000 java.util.AbstractSet
  310  0.08% 77.85%       312    1       312     1 300000 java.util.Set
  311  0.08% 77.93%       312    1       312     1 300000 java.util.Collections
  312  0.08% 78.01%       312    1       312     1 300000 java.lang.InterruptedException
  313  0.08% 78.10%       312    1       312     1 300000 java.util.AbstractList
  314  0.08% 78.18%       312    1       312     1 300000 java.util.AbstractCollection
  315  0.08% 78.26%       312    1       312     1 300000 java.util.RandomAccess
  316  0.08% 78.34%       312    1       312     1 300000 java.util.List
  317  0.08% 78.42%       312    1       312     1 300000 java.util.Collection
  318  0.08% 78.50%       312    1       312     1 300000 java.lang.Iterable
  319  0.08% 78.59%       312    1       312     1 300000 java.security.cert.Certificate
  320  0.08% 78.67%       312    1       312     1 300000 sun.reflect.ReflectionFactory$GetReflectionFactoryAction
  321  0.08% 78.75%       312    1       312     1 300000 java.security.PrivilegedAction
  322  0.08% 78.83%       312    1       312     1 300000 java.security.AccessController
  323  0.08% 78.91%       312    1       312     1 300000 java.security.BasicPermission
  324  0.08% 79.00%       312    1       312     1 300000 java.security.Permission
  325  0.08% 79.08%       312    1       312     1 300000 java.security.Guard
  326  0.08% 79.16%       312    1       312     1 300000 java.lang.Thread$UncaughtExceptionHandler[]
  327  0.08% 79.24%       312    1       312     1 300000 com.sun.demo.jvmti.hprof.Tracker
  328  0.08% 79.32%       312    1       312     1 300000 java.util.Comparator
  329  0.08% 79.41%       312    1       312     1 300000 java.lang.Comparable[]
  330  0.08% 79.49%       312    1       312     1 300000 java.lang.VirtualMachineError[]
  331  0.08% 79.57%       312    1       312     1 300000 java.lang.Error[]
  332  0.08% 79.65%       312    1       312     1 300000 java.io.Serializable[]
  333  0.08% 79.73%       312    1       312     1 300000 java.lang.reflect.GenericDeclaration[]
  334  0.08% 79.81%       312    1       312     1 300000 java.lang.reflect.AnnotatedElement[]
  335  0.08% 79.90%       312    1       312     1 300000 java.lang.reflect.Type[]
  336  0.08% 79.98%       312    1       312     1 300000 java.lang.Long
  337  0.08% 80.06%       312    1       312     1 300000 java.lang.Short
  338  0.08% 80.14%       312    1       312     1 300000 java.lang.Byte
  339  0.08% 80.22%       312    1       312     1 300000 java.lang.Double
  340  0.08% 80.31%       312    1       312     1 300000 java.lang.Float
  341  0.08% 80.39%       312    1       312     1 300000 java.lang.Number
  342  0.08% 80.47%       312    1       312     1 300000 java.lang.Character
  343  0.08% 80.55%       312    1       312     1 300000 java.nio.Buffer
  344  0.08% 80.63%       312    1       312     1 300000 java.lang.StackTraceElement
  345  0.08% 80.71%       312    1       312     1 300000 java.util.jar.Manifest
  346  0.08% 80.80%       312    1       312     1 300000 java.net.URLClassLoader
  347  0.08% 80.88%       312    1       312     1 300000 java.io.File
  348  0.08% 80.96%       312    1       312     1 300000 java.io.ByteArrayInputStream
  349  0.08% 81.04%       312    1       312     1 300000 java.io.InputStream
  350  0.08% 81.12%       312    1       312     1 300000 java.io.Closeable
  351  0.08% 81.21%       312    1       312     1 300000 java.lang.AutoCloseable
  352  0.08% 81.29%       312    1       312     1 300000 java.lang.StringBuilder
  353  0.08% 81.37%       312    1       312     1 300000 java.lang.StringBuffer
  354  0.08% 81.45%       312    1       312     1 300000 java.lang.AbstractStringBuilder
  355  0.08% 81.53%       312    1       312     1 300000 java.lang.Appendable
  356  0.08% 81.62%       312    1       312     1 300000 java.lang.invoke.VolatileCallSite
  357  0.08% 81.70%       312    1       312     1 300000 java.lang.invoke.MutableCallSite
  358  0.08% 81.78%       312    1       312     1 300000 java.lang.invoke.ConstantCallSite
  359  0.08% 81.86%       312    1       312     1 300000 java.lang.invoke.CallSite
  360  0.08% 81.94%       312    1       312     1 300000 java.lang.BootstrapMethodError
  361  0.08% 82.02%       312    1       312     1 300000 java.lang.invoke.MethodType
  362  0.08% 82.11%       312    1       312     1 300000 java.lang.invoke.LambdaForm
  363  0.08% 82.19%       312    1       312     1 300000 java.lang.invoke.MethodHandleNatives
  364  0.08% 82.27%       312    1       312     1 300000 java.lang.invoke.MemberName
  365  0.08% 82.35%       312    1       312     1 300000 java.lang.invoke.DirectMethodHandle
  366  0.08% 82.43%       312    1       312     1 300000 java.lang.invoke.MethodHandle
  367  0.08% 82.52%       312    1       312     1 300000 sun.reflect.CallerSensitive
  368  0.08% 82.60%       312    1       312     1 300000 java.lang.annotation.Annotation
  369  0.08% 82.68%       312    1       312     1 300000 sun.reflect.UnsafeStaticFieldAccessorImpl
  370  0.08% 82.76%       312    1       312     1 300000 sun.reflect.UnsafeFieldAccessorImpl
  371  0.08% 82.84%       312    1       312     1 300000 sun.reflect.FieldAccessorImpl
  372  0.08% 82.93%       312    1       312     1 300000 sun.reflect.FieldAccessor
  373  0.08% 83.01%       312    1       312     1 300000 sun.reflect.ConstantPool
  374  0.08% 83.09%       312    1       312     1 300000 sun.reflect.DelegatingClassLoader
  375  0.08% 83.17%       312    1       312     1 300000 sun.reflect.ConstructorAccessorImpl
  376  0.08% 83.25%       312    1       312     1 300000 sun.reflect.ConstructorAccessor
  377  0.08% 83.33%       312    1       312     1 300000 sun.reflect.MethodAccessorImpl
  378  0.08% 83.42%       312    1       312     1 300000 sun.reflect.MethodAccessor
  379  0.08% 83.50%       312    1       312     1 300000 sun.reflect.MagicAccessorImpl
  380  0.08% 83.58%       312    1       312     1 300000 java.lang.reflect.Constructor
  381  0.08% 83.66%       312    1       312     1 300000 java.lang.reflect.Method
  382  0.08% 83.74%       312    1       312     1 300000 java.lang.reflect.Executable
  383  0.08% 83.83%       312    1       312     1 300000 java.lang.reflect.Parameter
  384  0.08% 83.91%       312    1       312     1 300000 java.lang.reflect.Field
  385  0.08% 83.99%       312    1       312     1 300000 java.lang.reflect.Member
  386  0.08% 84.07%       312    1       312     1 300000 java.lang.reflect.AccessibleObject
  387  0.08% 84.15%       312    1       312     1 300000 java.util.Dictionary
  388  0.08% 84.24%       312    1       312     1 300000 java.util.Map
  389  0.08% 84.32%       312    1       312     1 300000 java.lang.Thread$UncaughtExceptionHandler
  390  0.08% 84.40%       312    1       312     1 300000 java.lang.Runnable
  391  0.08% 84.48%       312    1       312     1 300000 sun.misc.Cleaner
  392  0.08% 84.56%       312    1       312     1 300000 java.lang.ref.PhantomReference
  393  0.08% 84.64%       312    1       312     1 300000 java.lang.ref.FinalReference
  394  0.08% 84.73%       312    1       312     1 300000 java.lang.ref.WeakReference
  395  0.08% 84.81%       312    1       312     1 300000 java.lang.ref.Reference
  396  0.08% 84.89%       312    1       312     1 300000 java.lang.IllegalMonitorStateException
  397  0.08% 84.97%       312    1       312     1 300000 java.lang.StackOverflowError
  398  0.08% 85.05%       312    1       312     1 300000 java.lang.ArrayStoreException
  399  0.08% 85.14%       312    1       312     1 300000 java.lang.ClassCastException
  400  0.08% 85.22%       312    1       312     1 300000 java.lang.NoClassDefFoundError
  401  0.08% 85.30%       312    1       312     1 300000 java.lang.LinkageError
  402  0.08% 85.38%       312    1       312     1 300000 java.lang.ClassNotFoundException
  403  0.08% 85.46%       312    1       312     1 300000 java.lang.ReflectiveOperationException
  404  0.08% 85.55%       312    1       312     1 300000 java.security.SecureClassLoader
  405  0.08% 85.63%       312    1       312     1 300000 java.lang.SecurityManager
  406  0.08% 85.71%       312    1       312     1 300000 java.lang.RuntimeException
  407  0.08% 85.79%       312    1       312     1 300000 java.lang.Exception
  408  0.08% 85.87%       312    1       312     1 300000 java.lang.ThreadDeath
  409  0.08% 85.95%       312    1       312     1 300000 java.lang.Error
  410  0.08% 86.04%       312    1       312     1 300000 java.lang.Throwable
  411  0.08% 86.12%       312    1       312     1 300000 java.lang.System
  412  0.08% 86.20%       312    1       312     1 300000 java.lang.ClassLoader
  413  0.08% 86.28%       312    1       312     1 300000 java.lang.Cloneable
  414  0.08% 86.36%       312    1       312     1 300000 java.lang.reflect.Type
  415  0.08% 86.45%       312    1       312     1 300000 java.lang.reflect.GenericDeclaration
  416  0.08% 86.53%       312    1       312     1 300000 java.lang.reflect.AnnotatedElement
  417  0.08% 86.61%       312    1       312     1 300000 java.lang.CharSequence
  418  0.08% 86.69%       312    1       312     1 300000 java.lang.Comparable
  419  0.08% 86.77%       312    1       312     1 300000 java.io.Serializable
  420  0.08% 86.86%       312    1       312     1 300000 short[]
  421  0.08% 86.94%       312    1       312     1 300000 double[]
  422  0.08% 87.02%       312    1       312     1 300000 float[]
  423  0.08% 87.10%       312    1       312     1 300000 boolean[]
  424  0.08% 87.18%       312    1       312     1 300003 java.lang.invoke.MethodHandleImpl
  425  0.08% 87.26%       312    1       312     1 300006 java.lang.invoke.MethodHandleImpl$1
  426  0.08% 87.35%       312    1       312     1 300014 java.util.function.Function
  427  0.08% 87.43%       312    1       312     1 300014 java.lang.invoke.MethodHandleImpl$2
  428  0.08% 87.51%       312    1       312     1 300016 java.lang.invoke.MethodHandleImpl$3
  429  0.08% 87.59%       312    1       312     1 300021 java.lang.ClassValue
  430  0.08% 87.67%       312    1       312     1 300021 java.lang.invoke.MethodHandleImpl$4
  431  0.08% 87.76%       312    1       312     1 300022 java.lang.ClassValue$Entry
  432  0.08% 87.84%       312    1       312     1 300027 java.lang.ClassValue$Identity
  433  0.08% 87.92%       312    1       312     1 300029 java.lang.ClassValue$Version
  434  0.08% 88.00%       312    1       312     1 300033 java.lang.invoke.MemberName$Factory
  435  0.08% 88.08%       312    1       312     1 300035 java.lang.invoke.MethodHandleStatics
  436  0.08% 88.16%       312    1       312     1 300037 java.lang.invoke.MethodHandleStatics$1
  437  0.08% 88.25%       312    1       312     1 300000 sun.launcher.LauncherHelper
  438  0.08% 88.33%       312    1       312     1 300052 java.net.URLClassLoader$1
  439  0.08% 88.41%       312    1       312     1 300056 sun.net.util.URLUtil
  440  0.08% 88.49%       312    1       312     1 300061 sun.misc.URLClassPath$3
  441  0.08% 88.57%       312    1       312     1 300063 sun.misc.URLClassPath$Loader
  442  0.08% 88.66%       312    1       312     1 300063 sun.misc.URLClassPath$JarLoader
  443  0.08% 88.74%       312    1       312     1 300064 java.util.zip.ZipConstants
  444  0.08% 88.82%       312    1       312     1 300064 java.util.zip.ZipFile
  445  0.08% 88.90%       312    1       312     1 300065 sun.misc.JavaUtilZipFileAccess
  446  0.08% 88.98%       312    1       312     1 300065 java.util.zip.ZipFile$1
  447  0.08% 89.07%       312    1       312     1 300088 sun.misc.URLClassPath$JarLoader$1
  448  0.08% 89.15%       312    1       312     1 300090 sun.misc.FileURLMapper
  449  0.08% 89.23%       312    1       312     1 300097 java.util.jar.JarFile
  450  0.08% 89.31%       312    1       312     1 300098 sun.misc.JavaUtilJarAccess
  451  0.08% 89.39%       312    1       312     1 300098 java.util.jar.JavaUtilJarAccessImpl
  452  0.08% 89.47%       312    1       312     1 300104 java.nio.charset.StandardCharsets
  453  0.08% 89.56%       312    1       312     1 300108 sun.nio.cs.US_ASCII
  454  0.08% 89.64%       312    1       312     1 300116 sun.nio.cs.ISO_8859_1
  455  0.08% 89.72%       312    1       312     1 300116 sun.nio.cs.UTF_16BE
  456  0.08% 89.80%       312    1       312     1 300116 sun.nio.cs.UTF_16LE
  457  0.08% 89.88%       312    1       312     1 300116 sun.nio.cs.UTF_16
  458  0.08% 89.97%       312    1       312     1 300133 java.util.Queue
  459  0.08% 90.05%       312    1       312     1 300133 java.util.Deque
  460  0.08% 90.13%       312    1       312     1 300133 java.util.ArrayDeque
  461  0.08% 90.21%       312    1       312     1 300136 java.util.zip.ZipCoder
  462  0.08% 90.29%       312    1       312     1 300140 sun.misc.PerfCounter
  463  0.08% 90.38%       312    1       312     1 300141 sun.misc.Perf$GetPerfAction
  464  0.08% 90.46%       312    1       312     1 300143 sun.misc.Perf
  465  0.08% 90.54%       312    1       312     1 300145 sun.misc.PerfCounter$CoreCounters
  466  0.08% 90.62%       312    1       312     1 300147 sun.nio.ch.DirectBuffer
  467  0.08% 90.70%       312    1       312     1 300147 java.nio.MappedByteBuffer
  468  0.08% 90.78%       312    1       312     1 300147 java.nio.DirectByteBuffer
  469  0.08% 90.87%       312    1       312     1 300150 java.nio.LongBuffer
  470  0.08% 90.95%       312    1       312     1 300150 java.nio.DirectLongBufferU
  471  0.08% 91.03%       312    1       312     1 300157 sun.misc.JarIndex
  472  0.08% 91.11%       312    1       312     1 300165 sun.misc.ExtensionDependency
  473  0.08% 91.19%       312    1       312     1 300208 java.util.zip.ZipEntry
  474  0.08% 91.28%       312    1       312     1 300214 java.util.jar.JarEntry
  475  0.08% 91.36%       312    1       312     1 300214 java.util.jar.JarFile$JarFileEntry
  476  0.08% 91.44%       312    1       312     1 300219 java.util.zip.ZipFile$ZipFileInputStream
  477  0.08% 91.52%       312    1       312     1 300221 java.util.zip.Inflater
  478  0.08% 91.60%       312    1       312     1 300224 java.util.zip.ZStreamRef
  479  0.08% 91.69%       312    1       312     1 300226 java.util.zip.InflaterInputStream
  480  0.08% 91.77%       312    1       312     1 300226 java.util.zip.ZipFile$ZipFileInflaterInputStream
  481  0.08% 91.85%       312    1       312     1 300232 sun.misc.IOUtils
  482  0.08% 91.93%       312    1       312     1 300241 sun.misc.URLClassPath$FileLoader
  483  0.08% 92.01%       312    1       312     1 300247 java.lang.Readable
  484  0.08% 92.09%       312    1       312     1 300247 java.nio.CharBuffer
  485  0.08% 92.18%       312    1       312     1 300248 java.nio.HeapCharBuffer
  486  0.08% 92.26%       312    1       312     1 300251 sun.nio.cs.ThreadLocalCoders
  487  0.08% 92.34%       312    1       312     1 300252 sun.nio.cs.ThreadLocalCoders$Cache
  488  0.08% 92.42%       312    1       312     1 300252 sun.nio.cs.ThreadLocalCoders$1
  489  0.08% 92.50%       312    1       312     1 300255 sun.nio.cs.ThreadLocalCoders$2
  490  0.08% 92.59%       312    1       312     1 300262 java.nio.charset.CoderResult
  491  0.08% 92.67%       312    1       312     1 300266 java.nio.charset.CoderResult$Cache
  492  0.08% 92.75%       312    1       312     1 300266 java.nio.charset.CoderResult$1
  493  0.08% 92.83%       312    1       312     1 300268 java.nio.charset.CoderResult$2
  494  0.08% 92.91%       312    1       312     1 300307 sun.misc.Resource
  495  0.08% 93.00%       312    1       312     1 300307 sun.misc.URLClassPath$FileLoader$1
  496  0.08% 93.08%       312    1       312     1 300313 sun.nio.ByteBuffered
  497  0.08% 93.16%       312    1       312     1 300317 java.io.FileInputStream$1
  498  0.08% 93.24%       312    1       312     1 300320 java.security.PermissionCollection
  499  0.08% 93.32%       312    1       312     1 300320 java.security.Permissions
  500  0.08% 93.40%       312    1       312     1 300338 java.net.URLConnection
  501  0.08% 93.49%       312    1       312     1 300338 sun.net.www.URLConnection
  502  0.08% 93.57%       312    1       312     1 300338 sun.net.www.protocol.file.FileURLConnection
  503  0.08% 93.65%       312    1       312     1 300343 sun.net.www.MessageHeader
  504  0.08% 93.73%       312    1       312     1 300352 java.io.FilePermission
  505  0.08% 93.81%       312    1       312     1 300354 java.io.FilePermission$1
  506  0.08% 93.90%       312    1       312     1 300366 java.io.FilePermissionCollection
  507  0.08% 93.98%       312    1       312     1 300372 java.security.AllPermission
  508  0.08% 94.06%       312    1       312     1 300373 java.security.UnresolvedPermission
  509  0.08% 94.14%       312    1       312     1 300375 java.security.BasicPermissionCollection
  510  0.08% 94.22%       312    1       312     1 300390 Demo
  511  0.08% 94.30%       312    1       312     1 300391 sun.launcher.LauncherHelper$FXHelper
  512  0.08% 94.39%       312    1       312     1 300393 java.lang.Class$MethodArray
  513  0.08% 94.47%       312    1       312     1 300390 Calculate
  514  0.08% 94.55%       312    1       312     1 300398 java.lang.Void
  515  0.08% 94.63%       312    1       312     1 300000 java.lang.Shutdown
  516  0.08% 94.71%       312    1       312     1 300404 java.lang.Shutdown$Lock
  517  0.08% 94.79%       296    5       296     5 300328 char[]
  518  0.08% 94.87%       288    4       288     4 300047 char[]
  519  0.08% 94.94%       288   12       288    12 300050 java.util.concurrent.ConcurrentHashMap$Node
  520  0.08% 95.02%       288   12       288    12 300077 java.lang.StringBuffer
  521  0.08% 95.09%       288    4       288     4 300119 java.lang.reflect.Constructor
  522  0.08% 95.17%       288    6       288     6 300151 java.nio.DirectLongBufferU
  523  0.08% 95.25%       288    6       288     6 300220 java.util.zip.ZipFile$ZipFileInputStream
  524  0.08% 95.32%       288    6       288     6 300223 java.util.zip.Inflater
  525  0.08% 95.40%       288    6       288     6 300227 java.util.zip.ZipFile$ZipFileInflaterInputStream
  526  0.08% 95.47%       288    5       288     5 300325 char[]
  527  0.07% 95.55%       280    7       280     7 300210 sun.nio.cs.UTF_8$Decoder
  528  0.07% 95.62%       280    2       280     2 300306 char[]
  529  0.06% 95.68%       240   10       240    10 300084 java.net.Parts
  530  0.06% 95.74%       240   10       240    10 300086 java.io.File
  531  0.06% 95.81%       240   10       240    10 300092 java.io.File
  532  0.06% 95.87%       240   10       240    10 300103 java.io.File
  533  0.06% 95.93%       240   10       240    10 300130 java.lang.ref.ReferenceQueue
  534  0.06% 96.00%       240   10       240    10 300134 java.util.ArrayDeque
  535  0.06% 96.06%       240    6       240     6 300231 java.util.WeakHashMap$Entry
  536  0.06% 96.12%       240    2       240     2 300295 char[]
  537  0.06% 96.19%       240    5       240     5 300324 char[]
  538  0.06% 96.24%       216    4       216     4 300115 char[]
  539  0.05% 96.29%       200    7       200     7 300105 char[]
  540  0.05% 96.35%       200    7       200     7 300107 char[]
  541  0.05% 96.40%       192    6       192     6 300040 java.lang.ref.SoftReference
  542  0.05% 96.45%       192   12       192    12 300080 java.lang.String
  543  0.05% 96.50%       192   12       192    12 300095 java.lang.String
  544  0.05% 96.55%       192    4       192     4 300113 char[]
  545  0.05% 96.60%       192    4       192     4 300118 java.lang.Class$ReflectionData
  546  0.05% 96.65%       192    6       192     6 300218 byte[]
  547  0.05% 96.70%       192    4       192     4 300291 char[]
  548  0.05% 96.75%       192    2       192     2 300296 char[]
  549  0.05% 96.80%       176   11       176    11 300057 java.lang.StringBuilder
  550  0.05% 96.84%       176   11       176    11 300059 java.lang.String
  551  0.05% 96.89%       176   11       176    11 300062 sun.misc.URLClassPath$3
  552  0.04% 96.93%       168    7       168     7 300111 java.lang.Object[]
  553  0.04% 96.98%       168    3       168     3 300235 java.lang.Object[]
  554  0.04% 97.02%       160    2       160     2 300049 java.util.concurrent.ConcurrentHashMap$Node[]
  555  0.04% 97.06%       160    4       160     4 300054 char[]
  556  0.04% 97.10%       160   10       160    10 300067 java.lang.StringBuilder
  557  0.04% 97.15%       160   10       160    10 300081 java.lang.String
  558  0.04% 97.19%       160   10       160    10 300089 sun.misc.URLClassPath$JarLoader$1
  559  0.04% 97.23%       160   10       160    10 300091 sun.misc.FileURLMapper
  560  0.04% 97.27%       160   10       160    10 300159 byte[]
  561  0.04% 97.31%       160   10       160    10 300161 byte[]
  562  0.04% 97.36%       160    2       160     2 300236 java.util.HashMap$Node[]
  563  0.04% 97.39%       144    9       144     9 300071 java.lang.StringBuilder
  564  0.04% 97.43%       144    9       144     9 300073 java.lang.String
  565  0.04% 97.47%       144    3       144     3 300246 java.nio.HeapByteBuffer
  566  0.04% 97.51%       144    3       144     3 300250 java.nio.HeapCharBuffer
  567  0.04% 97.54%       144    1       144     1 300287 java.util.HashMap$Node[]
  568  0.03% 97.58%       128    2       128     2 300289 java.net.URL
  569  0.03% 97.61%       128    2       128     2 300300 java.net.URL
  570  0.03% 97.64%       120    1       120     1 300244 char[]
  571  0.03% 97.67%       120    1       120     1 300249 char[]
  572  0.03% 97.71%       120    1       120     1 300333 char[]
  573  0.03% 97.74%       120    1       120     1 300335 char[]
  574  0.03% 97.77%       120    1       120     1 300348 char[]
  575  0.03% 97.80%       120    1       120     1 300350 char[]
  576  0.03% 97.83%       120    1       120     1 300360 char[]
  577  0.03% 97.86%       120    1       120     1 300365 char[]
  578  0.03% 97.89%       112    7       112     7 300106 java.lang.String
  579  0.03% 97.92%       104    1       104     1 300012 char[]
  580  0.03% 97.95%       104    1       104     1 300282 char[]
  581  0.03% 97.97%        96    4        96     4 300121 sun.reflect.NativeConstructorAccessorImpl
  582  0.03% 98.00%        96    6        96     6 300212 java.lang.String
  583  0.03% 98.02%        96    6        96     6 300225 java.util.zip.ZStreamRef
  584  0.03% 98.05%        96    6        96     6 300228 byte[]
  585  0.03% 98.07%        96    6        96     6 300233 byte[]
  586  0.03% 98.10%        96    2        96     2 300303 char[]
  587  0.03% 98.12%        96    1        96     1 300342 sun.net.www.protocol.file.FileURLConnection
  588  0.02% 98.15%        88    1        88     1 300397 java.lang.reflect.Method
  589  0.02% 98.17%        80   10        80    10 300131 java.lang.ref.ReferenceQueue$Lock
  590  0.02% 98.19%        80    1        80     1 300199 char[]
  591  0.02% 98.21%        80    2        80     2 300297 char[]
  592  0.02% 98.23%        80    2        80     2 300299 char[]
  593  0.02% 98.25%        80    5        80     5 300323 java.lang.StringBuilder
  594  0.02% 98.27%        80    5        80     5 300326 java.lang.String
  595  0.02% 98.29%        80    5        80     5 300327 java.lang.String
  596  0.02% 98.31%        80    1        80     1 300371 java.util.HashMap$Node[]
  597  0.02% 98.34%        80    1        80     1 300382 java.util.HashMap$Node[]
  598  0.02% 98.36%        80    1        80     1 300386 java.util.HashMap$Node[]
  599  0.02% 98.38%        80    1        80     1 300387 java.util.concurrent.ConcurrentHashMap$Node[]
  600  0.02% 98.40%        80    1        80     1 300389 java.util.HashMap$Node[]
  601  0.02% 98.42%        72    1        72     1 300245 byte[]
  602  0.02% 98.44%        72    3        72     3 300275 java.lang.StringBuffer
  603  0.02% 98.46%        72    1        72     1 300334 byte[]
  604  0.02% 98.47%        72    1        72     1 300349 byte[]
  605  0.02% 98.49%        64    1        64     1 300041 java.lang.reflect.Field
  606  0.02% 98.51%        64    4        64     4 300055 java.lang.String
  607  0.02% 98.52%        64    4        64     4 300112 java.lang.StringBuilder
  608  0.02% 98.54%        64    4        64     4 300114 java.lang.String
  609  0.02% 98.56%        64    4        64     4 300117 java.lang.Class[]
  610  0.02% 98.57%        64    4        64     4 300120 java.lang.Class$1
  611  0.02% 98.59%        64    4        64     4 300122 sun.reflect.DelegatingConstructorAccessorImpl
  612  0.02% 98.61%        64    1        64     1 300203 char[]
  613  0.02% 98.63%        64    2        64     2 300239 java.lang.ClassNotFoundException
  614  0.02% 98.64%        64    4        64     4 300290 java.lang.StringBuilder
  615  0.02% 98.66%        64    4        64     4 300292 java.lang.String
  616  0.02% 98.68%        64    2        64     2 300308 sun.misc.URLClassPath$FileLoader$1
  617  0.02% 98.69%        64    2        64     2 300309 java.io.FileInputStream
  618  0.02% 98.71%        64    2        64     2 300319 java.security.CodeSource
  619  0.01% 98.72%        56    1        56     1 300102 int[]
  620  0.01% 98.74%        56    1        56     1 300167 java.lang.String[]
  621  0.01% 98.75%        56    1        56     1 300207 char[]
  622  0.01% 98.77%        56    1        56     1 300340 java.util.Hashtable$Entry[]
  623  0.01% 98.78%        56    1        56     1 300403 java.lang.Runnable[]
  624  0.01% 98.80%        48    6        48     6 300002 java.lang.Object
  625  0.01% 98.81%        48    1        48     1 300009 char[]
  626  0.01% 98.82%        48    1        48     1 300036 java.lang.Object[]
  627  0.01% 98.83%        48    1        48     1 300039 java.lang.Class$ReflectionData
  628  0.01% 98.85%        48    1        48     1 300045 char[]
  629  0.01% 98.86%        48    6        48     6 300048 java.lang.Object
  630  0.01% 98.87%        48    6        48     6 300051 java.lang.Object
  631  0.01% 98.88%        48    1        48     1 300169 char[]
  632  0.01% 98.90%        48    1        48     1 300173 char[]
  633  0.01% 98.91%        48    1        48     1 300177 char[]
  634  0.01% 98.92%        48    1        48     1 300181 char[]
  635  0.01% 98.93%        48    1        48     1 300185 char[]
  636  0.01% 98.95%        48    1        48     1 300189 char[]
  637  0.01% 98.96%        48    1        48     1 300193 char[]
  638  0.01% 98.97%        48    1        48     1 300195 char[]
  639  0.01% 98.98%        48    1        48     1 300197 char[]
  640  0.01% 99.00%        48    1        48     1 300201 char[]
  641  0.01% 99.01%        48    1        48     1 300205 char[]
  642  0.01% 99.02%        48    2        48     2 300238 java.util.HashMap$Node
  643  0.01% 99.03%        48    3        48     3 300260 java.lang.String
  644  0.01% 99.05%        48    3        48     3 300261 char[]
  645  0.01% 99.06%        48    3        48     3 300270 java.lang.String
  646  0.01% 99.07%        48    3        48     3 300271 char[]
  647  0.01% 99.08%        48    3        48     3 300277 java.lang.String
  648  0.01% 99.10%        48    3        48     3 300280 java.lang.String
  649  0.01% 99.11%        48    2        48     2 300285 java.io.ExpiringCache$Entry
  650  0.01% 99.12%        48    2        48     2 300301 java.io.File
  651  0.01% 99.14%        48    2        48     2 300311 java.io.FileDescriptor
  652  0.01% 99.15%        48    2        48     2 300356 java.io.File
  653  0.01% 99.16%        48    1        48     1 300358 char[]
  654  0.01% 99.17%        48    1        48     1 300396 java.lang.Class$ReflectionData
  655  0.01% 99.18%        40    1        40     1 300087 java.util.HashMap
  656  0.01% 99.19%        40    1        40     1 300183 char[]
  657  0.01% 99.20%        40    1        40     1 300331 java.util.HashMap
  658  0.01% 99.21%        40    1        40     1 300339 java.util.Hashtable
  659  0.01% 99.23%        40    1        40     1 300341 java.util.HashMap
  660  0.01% 99.24%        40    1        40     1 300381 java.util.HashMap
SITES END
